Command line invocation:
    /Applications/Xcode-beta.app/Contents/Developer/usr/bin/xcodebuild -project Epilogue.xcodeproj -scheme Epilogue -sdk iphonesimulator -derivedDataPath ../build -onlyUsePackageVersionsFromResolvedFile build-for-testing

Build settings from command line:
    SDKROOT = iphonesimulator26.0

Resolve Package Graph

Fetching from https://github.com/jathu/UIImageColors (cached)

Fetching from https://github.com/argmaxinc/WhisperKit (cached)

Fetching from https://github.com/apple/swift-argument-parser.git (cached)

Fetching from https://github.com/apple/swift-collections.git (cached)

Fetching from https://github.com/johnmai-dev/Jinja (cached)

Fetching from https://github.com/huggingface/swift-transformers.git (cached)

Creating working copy of package ‘Jinja’

Creating working copy of package ‘swift-transformers’

Creating working copy of package ‘swift-argument-parser’

Creating working copy of package ‘swift-collections’

Creating working copy of package ‘UIImageColors’

Creating working copy of package ‘WhisperKit’

Checking out main (3f13167) of package ‘WhisperKit’

Checking out 1.2.1 of package ‘swift-collections’

Checking out 2.2.0 of package ‘UIImageColors’

Checking out 0.1.15 of package ‘swift-transformers’

Checking out 1.2.1 of package ‘Jinja’

Checking out 1.6.1 of package ‘swift-argument-parser’


Resolved source packages:
  swift-argument-parser: https://github.com/apple/swift-argument-parser.git @ 1.6.1
  swift-collections: https://github.com/apple/swift-collections.git @ 1.2.1
  Jinja: https://github.com/johnmai-dev/Jinja @ 1.2.1
  whisperkit: https://github.com/argmaxinc/WhisperKit @ main (3f13167)
  swift-transformers: https://github.com/huggingface/swift-transformers.git @ 0.1.15
  UIImageColors: https://github.com/jathu/UIImageColors @ 2.2.0

--- xcodebuild: WARNING: Using the first of multiple matching destinations:
{ platform:iOS Simulator, id:dvtdevice-DVTiOSDeviceSimulatorPlaceholder-iphonesimulator:placeholder, name:Any iOS Simulator Device }
{ platform:iOS Simulator, arch:arm64, id:E0258077-69A0-40C7-9A16-BB459C5632E8, OS:26.0, name:iPad (A16) }
{ platform:iOS Simulator, arch:arm64, id:19E2F638-5556-40C7-9986-58EE0E74425F, OS:26.0, name:iPad Air 11-inch (M3) }
{ platform:iOS Simulator, arch:arm64, id:34A0411E-EE80-4745-9BC9-8778F69A39B6, OS:26.0, name:iPad Air 13-inch (M3) }
{ platform:iOS Simulator, arch:arm64, id:574D58DA-4C42-4278-9707-BBD37746A09F, OS:26.0, name:iPad Pro 11-inch (M4) }
{ platform:iOS Simulator, arch:arm64, id:34C6FC0E-3106-46AE-849D-83DBA66FBDA6, OS:26.0, name:iPad Pro 13-inch (M4) }
{ platform:iOS Simulator, arch:arm64, id:1C7F876E-AB21-41FF-970A-E7E35EE6BF18, OS:26.0, name:iPad mini (A17 Pro) }
{ platform:iOS Simulator, arch:arm64, id:7CAFBA30-D915-4D15-ABD2-063578417A83, OS:26.0, name:iPhone 16 }
{ platform:iOS Simulator, arch:arm64, id:45E0101B-2C5D-4583-999B-D7DDC8131C89, OS:26.0, name:iPhone 16 Plus }
{ platform:iOS Simulator, arch:arm64, id:400807DF-1BCE-4A44-9E8D-27C4D9146126, OS:26.0, name:iPhone 16 Pro }
{ platform:iOS Simulator, arch:arm64, id:4A5550A8-FD2B-44CE-B88C-83DEF521223B, OS:26.0, name:iPhone 16 Pro Max }
{ platform:iOS Simulator, arch:arm64, id:AE2B5555-E71C-4D4C-9B2A-A77E99B6BAD2, OS:26.0, name:iPhone 16e }
{ platform:macOS, arch:undefined_arch, variant:Designed for [iPad,iPhone], id:00006030-000E50A03A84001C, name:My Mac, error:Xcode doesn’t support My Mac’s macOS 15.6 (24G5054d).  }
{ platform:iOS, id:dvtdevice-DVTiPhonePlaceholder-iphoneos:placeholder, name:Any iOS Device }
ComputePackagePrebuildTargetDependencyGraph

Prepare packages

CreateBuildRequest

SendProjectDescription

CreateBuildOperation

ComputeTargetDependencyGraph
note: Building targets in dependency order
note: Target dependency graph (23 targets)
    Target 'EpilogueTests' in project 'Epilogue'
        ➜ Explicit dependency on target 'Epilogue' in project 'Epilogue'
    Target 'EpilogueUITests' in project 'Epilogue'
        ➜ Explicit dependency on target 'Epilogue' in project 'Epilogue'
    Target 'Epilogue' in project 'Epilogue'
        ➜ Explicit dependency on target 'whisperkit-cli' in project 'whisperkit'
        ➜ Explicit dependency on target 'UIImageColors' in project 'UIImageColors'
        ➜ Explicit dependency on target 'WhisperKit' in project 'whisperkit'
    Target 'WhisperKit' in project 'whisperkit'
        ➜ Explicit dependency on target 'WhisperKit' in project 'whisperkit'
        ➜ Explicit dependency on target 'Transformers' in project 'swift-transformers'
    Target 'UIImageColors' in project 'UIImageColors'
        ➜ Explicit dependency on target 'UIImageColors' in project 'UIImageColors'
    Target 'UIImageColors' in project 'UIImageColors' (no dependencies)
    Target 'whisperkit-cli' in project 'whisperkit'
        ➜ Explicit dependency on target 'WhisperKit' in project 'whisperkit'
        ➜ Explicit dependency on target 'Transformers' in project 'swift-transformers'
        ➜ Explicit dependency on target 'ArgumentParser' in project 'swift-argument-parser'
    Target 'ArgumentParser' in project 'swift-argument-parser'
        ➜ Explicit dependency on target 'ArgumentParser' in project 'swift-argument-parser'
        ➜ Explicit dependency on target 'ArgumentParserToolInfo' in project 'swift-argument-parser'
    Target 'ArgumentParser' in project 'swift-argument-parser'
        ➜ Explicit dependency on target 'ArgumentParserToolInfo' in project 'swift-argument-parser'
    Target 'ArgumentParserToolInfo' in project 'swift-argument-parser' (no dependencies)
    Target 'WhisperKit' in project 'whisperkit'
        ➜ Explicit dependency on target 'Transformers' in project 'swift-transformers'
    Target 'Transformers' in project 'swift-transformers'
        ➜ Explicit dependency on target 'Tokenizers' in project 'swift-transformers'
        ➜ Explicit dependency on target 'Generation' in project 'swift-transformers'
        ➜ Explicit dependency on target 'Models' in project 'swift-transformers'
        ➜ Explicit dependency on target 'Hub' in project 'swift-transformers'
        ➜ Explicit dependency on target 'TensorUtils' in project 'swift-transformers'
        ➜ Explicit dependency on target 'Jinja' in project 'Jinja'
    Target 'Models' in project 'swift-transformers'
        ➜ Explicit dependency on target 'Hub' in project 'swift-transformers'
        ➜ Explicit dependency on target 'Tokenizers' in project 'swift-transformers'
        ➜ Explicit dependency on target 'TensorUtils' in project 'swift-transformers'
        ➜ Explicit dependency on target 'Generation' in project 'swift-transformers'
        ➜ Explicit dependency on target 'Jinja' in project 'Jinja'
    Target 'Generation' in project 'swift-transformers'
        ➜ Explicit dependency on target 'Hub' in project 'swift-transformers'
        ➜ Explicit dependency on target 'Tokenizers' in project 'swift-transformers'
        ➜ Explicit dependency on target 'TensorUtils' in project 'swift-transformers'
        ➜ Explicit dependency on target 'Jinja' in project 'Jinja'
    Target 'TensorUtils' in project 'swift-transformers' (no dependencies)
    Target 'Tokenizers' in project 'swift-transformers'
        ➜ Explicit dependency on target 'Hub' in project 'swift-transformers'
        ➜ Explicit dependency on target 'Jinja' in project 'Jinja'
    Target 'Jinja' in project 'Jinja'
        ➜ Explicit dependency on target 'Jinja' in project 'Jinja'
        ➜ Explicit dependency on target 'OrderedCollections' in project 'swift-collections'
    Target 'Jinja' in project 'Jinja'
        ➜ Explicit dependency on target 'OrderedCollections' in project 'swift-collections'
    Target 'OrderedCollections' in project 'swift-collections'
        ➜ Explicit dependency on target 'OrderedCollections' in project 'swift-collections'
        ➜ Explicit dependency on target 'InternalCollectionsUtilities' in project 'swift-collections'
    Target 'OrderedCollections' in project 'swift-collections'
        ➜ Explicit dependency on target 'InternalCollectionsUtilities' in project 'swift-collections'
    Target 'InternalCollectionsUtilities' in project 'swift-collections' (no dependencies)
    Target 'Hub' in project 'swift-transformers'
        ➜ Explicit dependency on target 'swift-transformers_Hub' in project 'swift-transformers'
    Target 'swift-transformers_Hub' in project 'swift-transformers' (no dependencies)

GatherProvisioningInputs

CreateBuildDescription

ExecuteExternalTool /Applications/Xcode-beta.app/Contents/Developer/Toolchains/XcodeDefault.xctoolchain/usr/bin/swiftc --version

ExecuteExternalTool /Applications/Xcode-beta.app/Contents/Developer/Toolchains/XcodeDefault.xctoolchain/usr/bin/clang -v -E -dM -isysroot /Applications/Xcode-beta.app/Contents/Developer/Platforms/iPhoneSimulator.platform/Developer/SDKs/iPhoneSimulator26.0.sdk -x c -c /dev/null

ExecuteExternalTool /Applications/Xcode-beta.app/Contents/Developer/Toolchains/XcodeDefault.xctoolchain/usr/bin/ld -version_details

ExecuteExternalTool /Applications/Xcode-beta.app/Contents/Developer/usr/bin/actool --print-asset-tag-combinations --output-format xml1 /Users/kris/Epilogue/Epilogue/Epilogue/Assets.xcassets

ExecuteExternalTool /Applications/Xcode-beta.app/Contents/Developer/usr/bin/actool --version --output-format xml1

ReadFileContents /Applications/Xcode-beta.app/Contents/Developer/Toolchains/XcodeDefault.xctoolchain/usr/share/docc/features.json

Build description signature: 5ffa2fa0c1fe4dd1165328ff161489ed
Build description path: /Users/kris/Epilogue/build/Build/Intermediates.noindex/XCBuildData/5ffa2fa0c1fe4dd1165328ff161489ed.xcbuilddata
ClangStatCache /Applications/Xcode-beta.app/Contents/Developer/Toolchains/XcodeDefault.xctoolchain/usr/bin/clang-stat-cache /Applications/Xcode-beta.app/Contents/Developer/Platforms/iPhoneSimulator.platform/Developer/SDKs/iPhoneSimulator26.0.sdk /Users/kris/Epilogue/build/SDKStatCaches.noindex/iphonesimulator26.0-23A5297f-3885c01c3e6b6a337905948deab2002efc862078e33f881139a9d2f83bd1a9d0.sdkstatcache
    cd /Users/kris/Epilogue/Epilogue/Epilogue.xcodeproj
    /Applications/Xcode-beta.app/Contents/Developer/Toolchains/XcodeDefault.xctoolchain/usr/bin/clang-stat-cache /Applications/Xcode-beta.app/Contents/Developer/Platforms/iPhoneSimulator.platform/Developer/SDKs/iPhoneSimulator26.0.sdk -o /Users/kris/Epilogue/build/SDKStatCaches.noindex/iphonesimulator26.0-23A5297f-3885c01c3e6b6a337905948deab2002efc862078e33f881139a9d2f83bd1a9d0.sdkstatcache

CreateBuildDirectory /Users/kris/Epilogue/build/Build/Products
    cd /Users/kris/Epilogue/Epilogue/Epilogue.xcodeproj
    builtin-create-build-directory /Users/kris/Epilogue/build/Build/Products

CreateBuildDirectory /Users/kris/Epilogue/build/Build/Intermediates.noindex
    cd /Users/kris/Epilogue/Epilogue/Epilogue.xcodeproj
    builtin-create-build-directory /Users/kris/Epilogue/build/Build/Intermediates.noindex

CreateBuildDirectory /Users/kris/Epilogue/build/Build/Products/Debug-iphonesimulator
    cd /Users/kris/Epilogue/Epilogue/Epilogue.xcodeproj
    builtin-create-build-directory /Users/kris/Epilogue/build/Build/Products/Debug-iphonesimulator

CreateBuildDirectory /Users/kris/Epilogue/build/Build/Intermediates.noindex/EagerLinkingTBDs/Debug-iphonesimulator
    cd /Users/kris/Epilogue/Epilogue/Epilogue.xcodeproj
    builtin-create-build-directory /Users/kris/Epilogue/build/Build/Intermediates.noindex/EagerLinkingTBDs/Debug-iphonesimulator

WriteAuxiliaryFile /Users/kris/Epilogue/build/Build/Intermediates.noindex/Epilogue.build/Debug-iphonesimulator/Epilogue-3b24a753582e4251dda95b228d36f769-VFS-iphonesimulator/all-product-headers.yaml
    cd /Users/kris/Epilogue/Epilogue/Epilogue.xcodeproj
    write-file /Users/kris/Epilogue/build/Build/Intermediates.noindex/Epilogue.build/Debug-iphonesimulator/Epilogue-3b24a753582e4251dda95b228d36f769-VFS-iphonesimulator/all-product-headers.yaml

CreateBuildDirectory /Users/kris/Epilogue/build/Build/Products/Debug-iphonesimulator/PackageFrameworks
    cd /Users/kris/Epilogue/Epilogue/Epilogue.xcodeproj
    builtin-create-build-directory /Users/kris/Epilogue/build/Build/Products/Debug-iphonesimulator/PackageFrameworks

WriteAuxiliaryFile /Users/kris/Epilogue/build/Build/Intermediates.noindex/swift-transformers.build/Debug-iphonesimulator/Hub.build/Objects-normal/x86_64/Hub_const_extract_protocols.json (in target 'Hub' from project 'swift-transformers')
    cd /Users/kris/Epilogue/build/SourcePackages/checkouts/swift-transformers
    write-file /Users/kris/Epilogue/build/Build/Intermediates.noindex/swift-transformers.build/Debug-iphonesimulator/Hub.build/Objects-normal/x86_64/Hub_const_extract_protocols.json

WriteAuxiliaryFile /Users/kris/Epilogue/build/Build/Intermediates.noindex/swift-transformers.build/Debug-iphonesimulator/Hub.build/Objects-normal/x86_64/Hub.LinkFileList (in target 'Hub' from project 'swift-transformers')
    cd /Users/kris/Epilogue/build/SourcePackages/checkouts/swift-transformers
    write-file /Users/kris/Epilogue/build/Build/Intermediates.noindex/swift-transformers.build/Debug-iphonesimulator/Hub.build/Objects-normal/x86_64/Hub.LinkFileList

WriteAuxiliaryFile /Users/kris/Epilogue/build/Build/Intermediates.noindex/swift-transformers.build/Debug-iphonesimulator/Hub.build/Objects-normal/x86_64/Hub.SwiftConstValuesFileList (in target 'Hub' from project 'swift-transformers')
    cd /Users/kris/Epilogue/build/SourcePackages/checkouts/swift-transformers
    write-file /Users/kris/Epilogue/build/Build/Intermediates.noindex/swift-transformers.build/Debug-iphonesimulator/Hub.build/Objects-normal/x86_64/Hub.SwiftConstValuesFileList

WriteAuxiliaryFile /Users/kris/Epilogue/build/Build/Intermediates.noindex/swift-transformers.build/Debug-iphonesimulator/Hub.build/Objects-normal/x86_64/Hub-OutputFileMap.json (in target 'Hub' from project 'swift-transformers')
    cd /Users/kris/Epilogue/build/SourcePackages/checkouts/swift-transformers
    write-file /Users/kris/Epilogue/build/Build/Intermediates.noindex/swift-transformers.build/Debug-iphonesimulator/Hub.build/Objects-normal/x86_64/Hub-OutputFileMap.json

WriteAuxiliaryFile /Users/kris/Epilogue/build/Build/Intermediates.noindex/swift-transformers.build/Debug-iphonesimulator/Hub.build/Objects-normal/arm64/Hub_const_extract_protocols.json (in target 'Hub' from project 'swift-transformers')
    cd /Users/kris/Epilogue/build/SourcePackages/checkouts/swift-transformers
    write-file /Users/kris/Epilogue/build/Build/Intermediates.noindex/swift-transformers.build/Debug-iphonesimulator/Hub.build/Objects-normal/arm64/Hub_const_extract_protocols.json

WriteAuxiliaryFile /Users/kris/Epilogue/build/Build/Intermediates.noindex/swift-transformers.build/Debug-iphonesimulator/Hub.build/Objects-normal/arm64/Hub-OutputFileMap.json (in target 'Hub' from project 'swift-transformers')
    cd /Users/kris/Epilogue/build/SourcePackages/checkouts/swift-transformers
    write-file /Users/kris/Epilogue/build/Build/Intermediates.noindex/swift-transformers.build/Debug-iphonesimulator/Hub.build/Objects-normal/arm64/Hub-OutputFileMap.json

WriteAuxiliaryFile /Users/kris/Epilogue/build/Build/Intermediates.noindex/swift-transformers.build/Debug-iphonesimulator/Hub.build/Objects-normal/arm64/Hub.SwiftFileList (in target 'Hub' from project 'swift-transformers')
    cd /Users/kris/Epilogue/build/SourcePackages/checkouts/swift-transformers
    write-file /Users/kris/Epilogue/build/Build/Intermediates.noindex/swift-transformers.build/Debug-iphonesimulator/Hub.build/Objects-normal/arm64/Hub.SwiftFileList

WriteAuxiliaryFile /Users/kris/Epilogue/build/Build/Intermediates.noindex/swift-transformers.build/Debug-iphonesimulator/Hub.build/Objects-normal/arm64/Hub.LinkFileList (in target 'Hub' from project 'swift-transformers')
    cd /Users/kris/Epilogue/build/SourcePackages/checkouts/swift-transformers
    write-file /Users/kris/Epilogue/build/Build/Intermediates.noindex/swift-transformers.build/Debug-iphonesimulator/Hub.build/Objects-normal/arm64/Hub.LinkFileList

WriteAuxiliaryFile /Users/kris/Epilogue/build/Build/Intermediates.noindex/swift-transformers.build/Debug-iphonesimulator/Hub.build/Objects-normal/arm64/Hub.SwiftConstValuesFileList (in target 'Hub' from project 'swift-transformers')
    cd /Users/kris/Epilogue/build/SourcePackages/checkouts/swift-transformers
    write-file /Users/kris/Epilogue/build/Build/Intermediates.noindex/swift-transformers.build/Debug-iphonesimulator/Hub.build/Objects-normal/arm64/Hub.SwiftConstValuesFileList

WriteAuxiliaryFile /Users/kris/Epilogue/build/Build/Intermediates.noindex/swift-transformers.build/Debug-iphonesimulator/Hub.build/Hub.modulemap (in target 'Hub' from project 'swift-transformers')
    cd /Users/kris/Epilogue/build/SourcePackages/checkouts/swift-transformers
    write-file /Users/kris/Epilogue/build/Build/Intermediates.noindex/swift-transformers.build/Debug-iphonesimulator/Hub.build/Hub.modulemap

WriteAuxiliaryFile /Users/kris/Epilogue/build/Build/Intermediates.noindex/swift-transformers.build/Debug-iphonesimulator/Hub.build/Objects-normal/x86_64/Hub.SwiftFileList (in target 'Hub' from project 'swift-transformers')
    cd /Users/kris/Epilogue/build/SourcePackages/checkouts/swift-transformers
    write-file /Users/kris/Epilogue/build/Build/Intermediates.noindex/swift-transformers.build/Debug-iphonesimulator/Hub.build/Objects-normal/x86_64/Hub.SwiftFileList

WriteAuxiliaryFile /Users/kris/Epilogue/build/Build/Intermediates.noindex/whisperkit.build/Debug-iphonesimulator/whisperkit-cli.build/whisperkit-cli.DependencyMetadataFileList (in target 'whisperkit-cli' from project 'whisperkit')
    cd /Users/kris/Epilogue/build/SourcePackages/checkouts/WhisperKit
    write-file /Users/kris/Epilogue/build/Build/Intermediates.noindex/whisperkit.build/Debug-iphonesimulator/whisperkit-cli.build/whisperkit-cli.DependencyMetadataFileList

WriteAuxiliaryFile /Users/kris/Epilogue/build/Build/Intermediates.noindex/whisperkit.build/Debug-iphonesimulator/whisperkit-cli.build/whisperkit-cli.DependencyStaticMetadataFileList (in target 'whisperkit-cli' from project 'whisperkit')
    cd /Users/kris/Epilogue/build/SourcePackages/checkouts/WhisperKit
    write-file /Users/kris/Epilogue/build/Build/Intermediates.noindex/whisperkit.build/Debug-iphonesimulator/whisperkit-cli.build/whisperkit-cli.DependencyStaticMetadataFileList

WriteAuxiliaryFile /Users/kris/Epilogue/build/Build/Intermediates.noindex/whisperkit.build/Debug-iphonesimulator/whisperkit-cli.build/Objects-normal/x86_64/whisperkit-cli-OutputFileMap.json (in target 'whisperkit-cli' from project 'whisperkit')
    cd /Users/kris/Epilogue/build/SourcePackages/checkouts/WhisperKit
    write-file /Users/kris/Epilogue/build/Build/Intermediates.noindex/whisperkit.build/Debug-iphonesimulator/whisperkit-cli.build/Objects-normal/x86_64/whisperkit-cli-OutputFileMap.json

WriteAuxiliaryFile /Users/kris/Epilogue/build/Build/Intermediates.noindex/whisperkit.build/Debug-iphonesimulator/whisperkit-cli.build/Objects-normal/x86_64/whisperkit-cli.LinkFileList (in target 'whisperkit-cli' from project 'whisperkit')
    cd /Users/kris/Epilogue/build/SourcePackages/checkouts/WhisperKit
    write-file /Users/kris/Epilogue/build/Build/Intermediates.noindex/whisperkit.build/Debug-iphonesimulator/whisperkit-cli.build/Objects-normal/x86_64/whisperkit-cli.LinkFileList

WriteAuxiliaryFile /Users/kris/Epilogue/build/Build/Intermediates.noindex/whisperkit.build/Debug-iphonesimulator/whisperkit-cli.build/Objects-normal/x86_64/whisperkit-cli_const_extract_protocols.json (in target 'whisperkit-cli' from project 'whisperkit')
    cd /Users/kris/Epilogue/build/SourcePackages/checkouts/WhisperKit
    write-file /Users/kris/Epilogue/build/Build/Intermediates.noindex/whisperkit.build/Debug-iphonesimulator/whisperkit-cli.build/Objects-normal/x86_64/whisperkit-cli_const_extract_protocols.json

WriteAuxiliaryFile /Users/kris/Epilogue/build/Build/Intermediates.noindex/whisperkit.build/Debug-iphonesimulator/whisperkit-cli.build/Objects-normal/x86_64/whisperkit-cli.SwiftFileList (in target 'whisperkit-cli' from project 'whisperkit')
    cd /Users/kris/Epilogue/build/SourcePackages/checkouts/WhisperKit
    write-file /Users/kris/Epilogue/build/Build/Intermediates.noindex/whisperkit.build/Debug-iphonesimulator/whisperkit-cli.build/Objects-normal/x86_64/whisperkit-cli.SwiftFileList

WriteAuxiliaryFile /Users/kris/Epilogue/build/Build/Intermediates.noindex/whisperkit.build/Debug-iphonesimulator/whisperkit-cli.build/Objects-normal/arm64/whisperkit-cli.SwiftFileList (in target 'whisperkit-cli' from project 'whisperkit')
    cd /Users/kris/Epilogue/build/SourcePackages/checkouts/WhisperKit
    write-file /Users/kris/Epilogue/build/Build/Intermediates.noindex/whisperkit.build/Debug-iphonesimulator/whisperkit-cli.build/Objects-normal/arm64/whisperkit-cli.SwiftFileList

WriteAuxiliaryFile /Users/kris/Epilogue/build/Build/Intermediates.noindex/whisperkit.build/Debug-iphonesimulator/whisperkit-cli.build/Objects-normal/arm64/whisperkit-cli_const_extract_protocols.json (in target 'whisperkit-cli' from project 'whisperkit')
    cd /Users/kris/Epilogue/build/SourcePackages/checkouts/WhisperKit
    write-file /Users/kris/Epilogue/build/Build/Intermediates.noindex/whisperkit.build/Debug-iphonesimulator/whisperkit-cli.build/Objects-normal/arm64/whisperkit-cli_const_extract_protocols.json

WriteAuxiliaryFile /Users/kris/Epilogue/build/Build/Intermediates.noindex/whisperkit.build/Debug-iphonesimulator/whisperkit-cli.build/Objects-normal/arm64/whisperkit-cli.LinkFileList (in target 'whisperkit-cli' from project 'whisperkit')
    cd /Users/kris/Epilogue/build/SourcePackages/checkouts/WhisperKit
    write-file /Users/kris/Epilogue/build/Build/Intermediates.noindex/whisperkit.build/Debug-iphonesimulator/whisperkit-cli.build/Objects-normal/arm64/whisperkit-cli.LinkFileList

WriteAuxiliaryFile /Users/kris/Epilogue/build/Build/Intermediates.noindex/whisperkit.build/Debug-iphonesimulator/whisperkit-cli.build/Objects-normal/arm64/whisperkit-cli-OutputFileMap.json (in target 'whisperkit-cli' from project 'whisperkit')
    cd /Users/kris/Epilogue/build/SourcePackages/checkouts/WhisperKit
    write-file /Users/kris/Epilogue/build/Build/Intermediates.noindex/whisperkit.build/Debug-iphonesimulator/whisperkit-cli.build/Objects-normal/arm64/whisperkit-cli-OutputFileMap.json

WriteAuxiliaryFile /Users/kris/Epilogue/build/Build/Intermediates.noindex/whisperkit.build/Debug-iphonesimulator/whisperkit-cli.build/DerivedSources/Entitlements-Simulated.plist (in target 'whisperkit-cli' from project 'whisperkit')
    cd /Users/kris/Epilogue/build/SourcePackages/checkouts/WhisperKit
    write-file /Users/kris/Epilogue/build/Build/Intermediates.noindex/whisperkit.build/Debug-iphonesimulator/whisperkit-cli.build/DerivedSources/Entitlements-Simulated.plist

WriteAuxiliaryFile /Users/kris/Epilogue/build/Build/Intermediates.noindex/swift-transformers.build/Debug-iphonesimulator/swift-transformers_Hub.build/swift-transformers_Hub.DependencyStaticMetadataFileList (in target 'swift-transformers_Hub' from project 'swift-transformers')
    cd /Users/kris/Epilogue/build/SourcePackages/checkouts/swift-transformers
    write-file /Users/kris/Epilogue/build/Build/Intermediates.noindex/swift-transformers.build/Debug-iphonesimulator/swift-transformers_Hub.build/swift-transformers_Hub.DependencyStaticMetadataFileList

WriteAuxiliaryFile /Users/kris/Epilogue/build/Build/Intermediates.noindex/swift-transformers.build/Debug-iphonesimulator/swift-transformers_Hub.build/swift-transformers_Hub.DependencyMetadataFileList (in target 'swift-transformers_Hub' from project 'swift-transformers')
    cd /Users/kris/Epilogue/build/SourcePackages/checkouts/swift-transformers
    write-file /Users/kris/Epilogue/build/Build/Intermediates.noindex/swift-transformers.build/Debug-iphonesimulator/swift-transformers_Hub.build/swift-transformers_Hub.DependencyMetadataFileList

WriteAuxiliaryFile /Users/kris/Epilogue/build/Build/Intermediates.noindex/swift-transformers.build/Debug-iphonesimulator/swift-transformers_Hub.build/empty-swift-transformers_Hub.plist (in target 'swift-transformers_Hub' from project 'swift-transformers')
    cd /Users/kris/Epilogue/build/SourcePackages/checkouts/swift-transformers
    write-file /Users/kris/Epilogue/build/Build/Intermediates.noindex/swift-transformers.build/Debug-iphonesimulator/swift-transformers_Hub.build/empty-swift-transformers_Hub.plist

WriteAuxiliaryFile /Users/kris/Epilogue/build/Build/Intermediates.noindex/whisperkit.build/Debug-iphonesimulator/WhisperKit.build/empty-WhisperKit.plist (in target 'WhisperKit' from project 'whisperkit')
    cd /Users/kris/Epilogue/build/SourcePackages/checkouts/WhisperKit
    write-file /Users/kris/Epilogue/build/Build/Intermediates.noindex/whisperkit.build/Debug-iphonesimulator/WhisperKit.build/empty-WhisperKit.plist

WriteAuxiliaryFile /Users/kris/Epilogue/build/Build/Intermediates.noindex/whisperkit.build/Debug-iphonesimulator/WhisperKit.build/WhisperKit.DependencyStaticMetadataFileList (in target 'WhisperKit' from project 'whisperkit')
    cd /Users/kris/Epilogue/build/SourcePackages/checkouts/WhisperKit
    write-file /Users/kris/Epilogue/build/Build/Intermediates.noindex/whisperkit.build/Debug-iphonesimulator/WhisperKit.build/WhisperKit.DependencyStaticMetadataFileList

WriteAuxiliaryFile /Users/kris/Epilogue/build/Build/Intermediates.noindex/whisperkit.build/Debug-iphonesimulator/WhisperKit.build/WhisperKit.modulemap (in target 'WhisperKit' from project 'whisperkit')
    cd /Users/kris/Epilogue/build/SourcePackages/checkouts/WhisperKit
    write-file /Users/kris/Epilogue/build/Build/Intermediates.noindex/whisperkit.build/Debug-iphonesimulator/WhisperKit.build/WhisperKit.modulemap

WriteAuxiliaryFile /Users/kris/Epilogue/build/Build/Intermediates.noindex/whisperkit.build/Debug-iphonesimulator/WhisperKit.build/WhisperKit.DependencyMetadataFileList (in target 'WhisperKit' from project 'whisperkit')
    cd /Users/kris/Epilogue/build/SourcePackages/checkouts/WhisperKit
    write-file /Users/kris/Epilogue/build/Build/Intermediates.noindex/whisperkit.build/Debug-iphonesimulator/WhisperKit.build/WhisperKit.DependencyMetadataFileList

WriteAuxiliaryFile /Users/kris/Epilogue/build/Build/Intermediates.noindex/whisperkit.build/Debug-iphonesimulator/WhisperKit.build/Objects-normal/x86_64/WhisperKit.SwiftConstValuesFileList (in target 'WhisperKit' from project 'whisperkit')
    cd /Users/kris/Epilogue/build/SourcePackages/checkouts/WhisperKit
    write-file /Users/kris/Epilogue/build/Build/Intermediates.noindex/whisperkit.build/Debug-iphonesimulator/WhisperKit.build/Objects-normal/x86_64/WhisperKit.SwiftConstValuesFileList

WriteAuxiliaryFile /Users/kris/Epilogue/build/Build/Intermediates.noindex/whisperkit.build/Debug-iphonesimulator/WhisperKit.build/Objects-normal/x86_64/WhisperKit.SwiftFileList (in target 'WhisperKit' from project 'whisperkit')
    cd /Users/kris/Epilogue/build/SourcePackages/checkouts/WhisperKit
    write-file /Users/kris/Epilogue/build/Build/Intermediates.noindex/whisperkit.build/Debug-iphonesimulator/WhisperKit.build/Objects-normal/x86_64/WhisperKit.SwiftFileList

WriteAuxiliaryFile /Users/kris/Epilogue/build/Build/Intermediates.noindex/whisperkit.build/Debug-iphonesimulator/WhisperKit.build/Objects-normal/x86_64/WhisperKit_const_extract_protocols.json (in target 'WhisperKit' from project 'whisperkit')
    cd /Users/kris/Epilogue/build/SourcePackages/checkouts/WhisperKit
    write-file /Users/kris/Epilogue/build/Build/Intermediates.noindex/whisperkit.build/Debug-iphonesimulator/WhisperKit.build/Objects-normal/x86_64/WhisperKit_const_extract_protocols.json

WriteAuxiliaryFile /Users/kris/Epilogue/build/Build/Intermediates.noindex/whisperkit.build/Debug-iphonesimulator/WhisperKit.build/Objects-normal/x86_64/WhisperKit.LinkFileList (in target 'WhisperKit' from project 'whisperkit')
    cd /Users/kris/Epilogue/build/SourcePackages/checkouts/WhisperKit
    write-file /Users/kris/Epilogue/build/Build/Intermediates.noindex/whisperkit.build/Debug-iphonesimulator/WhisperKit.build/Objects-normal/x86_64/WhisperKit.LinkFileList

WriteAuxiliaryFile /Users/kris/Epilogue/build/Build/Intermediates.noindex/whisperkit.build/Debug-iphonesimulator/WhisperKit.build/Objects-normal/x86_64/WhisperKit-OutputFileMap.json (in target 'WhisperKit' from project 'whisperkit')
    cd /Users/kris/Epilogue/build/SourcePackages/checkouts/WhisperKit
    write-file /Users/kris/Epilogue/build/Build/Intermediates.noindex/whisperkit.build/Debug-iphonesimulator/WhisperKit.build/Objects-normal/x86_64/WhisperKit-OutputFileMap.json

WriteAuxiliaryFile /Users/kris/Epilogue/build/Build/Intermediates.noindex/whisperkit.build/Debug-iphonesimulator/WhisperKit.build/Objects-normal/arm64/WhisperKit_const_extract_protocols.json (in target 'WhisperKit' from project 'whisperkit')
    cd /Users/kris/Epilogue/build/SourcePackages/checkouts/WhisperKit
    write-file /Users/kris/Epilogue/build/Build/Intermediates.noindex/whisperkit.build/Debug-iphonesimulator/WhisperKit.build/Objects-normal/arm64/WhisperKit_const_extract_protocols.json

WriteAuxiliaryFile /Users/kris/Epilogue/build/Build/Intermediates.noindex/whisperkit.build/Debug-iphonesimulator/WhisperKit.build/Objects-normal/arm64/WhisperKit.SwiftFileList (in target 'WhisperKit' from project 'whisperkit')
    cd /Users/kris/Epilogue/build/SourcePackages/checkouts/WhisperKit
    write-file /Users/kris/Epilogue/build/Build/Intermediates.noindex/whisperkit.build/Debug-iphonesimulator/WhisperKit.build/Objects-normal/arm64/WhisperKit.SwiftFileList

WriteAuxiliaryFile /Users/kris/Epilogue/build/Build/Intermediates.noindex/whisperkit.build/Debug-iphonesimulator/WhisperKit.build/Objects-normal/arm64/WhisperKit.SwiftConstValuesFileList (in target 'WhisperKit' from project 'whisperkit')
    cd /Users/kris/Epilogue/build/SourcePackages/checkouts/WhisperKit
    write-file /Users/kris/Epilogue/build/Build/Intermediates.noindex/whisperkit.build/Debug-iphonesimulator/WhisperKit.build/Objects-normal/arm64/WhisperKit.SwiftConstValuesFileList

WriteAuxiliaryFile /Users/kris/Epilogue/build/Build/Intermediates.noindex/whisperkit.build/Debug-iphonesimulator/WhisperKit.build/Objects-normal/arm64/WhisperKit.LinkFileList (in target 'WhisperKit' from project 'whisperkit')
    cd /Users/kris/Epilogue/build/SourcePackages/checkouts/WhisperKit
    write-file /Users/kris/Epilogue/build/Build/Intermediates.noindex/whisperkit.build/Debug-iphonesimulator/WhisperKit.build/Objects-normal/arm64/WhisperKit.LinkFileList

WriteAuxiliaryFile /Users/kris/Epilogue/build/Build/Intermediates.noindex/whisperkit.build/Debug-iphonesimulator/WhisperKit.build/Objects-normal/arm64/WhisperKit-OutputFileMap.json (in target 'WhisperKit' from project 'whisperkit')
    cd /Users/kris/Epilogue/build/SourcePackages/checkouts/WhisperKit
    write-file /Users/kris/Epilogue/build/Build/Intermediates.noindex/whisperkit.build/Debug-iphonesimulator/WhisperKit.build/Objects-normal/arm64/WhisperKit-OutputFileMap.json

WriteAuxiliaryFile /Users/kris/Epilogue/build/Build/Intermediates.noindex/UIImageColors.build/Debug-iphonesimulator/UIImageColors.build/UIImageColors.modulemap (in target 'UIImageColors' from project 'UIImageColors')
    cd /Users/kris/Epilogue/build/SourcePackages/checkouts/UIImageColors
    write-file /Users/kris/Epilogue/build/Build/Intermediates.noindex/UIImageColors.build/Debug-iphonesimulator/UIImageColors.build/UIImageColors.modulemap

Copy /Users/kris/Epilogue/build/Build/Intermediates.noindex/GeneratedModuleMaps-iphonesimulator/WhisperKit.modulemap /Users/kris/Epilogue/build/Build/Intermediates.noindex/whisperkit.build/Debug-iphonesimulator/WhisperKit.build/WhisperKit.modulemap (in target 'WhisperKit' from project 'whisperkit')
    cd /Users/kris/Epilogue/build/SourcePackages/checkouts/WhisperKit
    builtin-copy -exclude .DS_Store -exclude CVS -exclude .svn -exclude .git -exclude .hg -resolve-src-symlinks /Users/kris/Epilogue/build/Build/Intermediates.noindex/whisperkit.build/Debug-iphonesimulator/WhisperKit.build/WhisperKit.modulemap /Users/kris/Epilogue/build/Build/Intermediates.noindex/GeneratedModuleMaps-iphonesimulator

WriteAuxiliaryFile /Users/kris/Epilogue/build/Build/Intermediates.noindex/UIImageColors.build/Debug-iphonesimulator/UIImageColors.build/UIImageColors.DependencyStaticMetadataFileList (in target 'UIImageColors' from project 'UIImageColors')
    cd /Users/kris/Epilogue/build/SourcePackages/checkouts/UIImageColors
    write-file /Users/kris/Epilogue/build/Build/Intermediates.noindex/UIImageColors.build/Debug-iphonesimulator/UIImageColors.build/UIImageColors.DependencyStaticMetadataFileList

WriteAuxiliaryFile /Users/kris/Epilogue/build/Build/Intermediates.noindex/UIImageColors.build/Debug-iphonesimulator/UIImageColors.build/UIImageColors.DependencyMetadataFileList (in target 'UIImageColors' from project 'UIImageColors')
    cd /Users/kris/Epilogue/build/SourcePackages/checkouts/UIImageColors
    write-file /Users/kris/Epilogue/build/Build/Intermediates.noindex/UIImageColors.build/Debug-iphonesimulator/UIImageColors.build/UIImageColors.DependencyMetadataFileList

WriteAuxiliaryFile /Users/kris/Epilogue/build/Build/Intermediates.noindex/UIImageColors.build/Debug-iphonesimulator/UIImageColors.build/Objects-normal/x86_64/UIImageColors_const_extract_protocols.json (in target 'UIImageColors' from project 'UIImageColors')
    cd /Users/kris/Epilogue/build/SourcePackages/checkouts/UIImageColors
    write-file /Users/kris/Epilogue/build/Build/Intermediates.noindex/UIImageColors.build/Debug-iphonesimulator/UIImageColors.build/Objects-normal/x86_64/UIImageColors_const_extract_protocols.json

WriteAuxiliaryFile /Users/kris/Epilogue/build/Build/Intermediates.noindex/UIImageColors.build/Debug-iphonesimulator/UIImageColors.build/Objects-normal/x86_64/UIImageColors.SwiftFileList (in target 'UIImageColors' from project 'UIImageColors')
    cd /Users/kris/Epilogue/build/SourcePackages/checkouts/UIImageColors
    write-file /Users/kris/Epilogue/build/Build/Intermediates.noindex/UIImageColors.build/Debug-iphonesimulator/UIImageColors.build/Objects-normal/x86_64/UIImageColors.SwiftFileList

WriteAuxiliaryFile /Users/kris/Epilogue/build/Build/Intermediates.noindex/UIImageColors.build/Debug-iphonesimulator/UIImageColors.build/Objects-normal/x86_64/UIImageColors.SwiftConstValuesFileList (in target 'UIImageColors' from project 'UIImageColors')
    cd /Users/kris/Epilogue/build/SourcePackages/checkouts/UIImageColors
    write-file /Users/kris/Epilogue/build/Build/Intermediates.noindex/UIImageColors.build/Debug-iphonesimulator/UIImageColors.build/Objects-normal/x86_64/UIImageColors.SwiftConstValuesFileList

WriteAuxiliaryFile /Users/kris/Epilogue/build/Build/Intermediates.noindex/UIImageColors.build/Debug-iphonesimulator/UIImageColors.build/Objects-normal/x86_64/UIImageColors.LinkFileList (in target 'UIImageColors' from project 'UIImageColors')
    cd /Users/kris/Epilogue/build/SourcePackages/checkouts/UIImageColors
    write-file /Users/kris/Epilogue/build/Build/Intermediates.noindex/UIImageColors.build/Debug-iphonesimulator/UIImageColors.build/Objects-normal/x86_64/UIImageColors.LinkFileList

WriteAuxiliaryFile /Users/kris/Epilogue/build/Build/Intermediates.noindex/UIImageColors.build/Debug-iphonesimulator/UIImageColors.build/Objects-normal/x86_64/UIImageColors-OutputFileMap.json (in target 'UIImageColors' from project 'UIImageColors')
    cd /Users/kris/Epilogue/build/SourcePackages/checkouts/UIImageColors
    write-file /Users/kris/Epilogue/build/Build/Intermediates.noindex/UIImageColors.build/Debug-iphonesimulator/UIImageColors.build/Objects-normal/x86_64/UIImageColors-OutputFileMap.json

WriteAuxiliaryFile /Users/kris/Epilogue/build/Build/Intermediates.noindex/UIImageColors.build/Debug-iphonesimulator/UIImageColors.build/Objects-normal/arm64/UIImageColors.SwiftFileList (in target 'UIImageColors' from project 'UIImageColors')
    cd /Users/kris/Epilogue/build/SourcePackages/checkouts/UIImageColors
    write-file /Users/kris/Epilogue/build/Build/Intermediates.noindex/UIImageColors.build/Debug-iphonesimulator/UIImageColors.build/Objects-normal/arm64/UIImageColors.SwiftFileList

WriteAuxiliaryFile /Users/kris/Epilogue/build/Build/Intermediates.noindex/UIImageColors.build/Debug-iphonesimulator/UIImageColors.build/Objects-normal/arm64/UIImageColors_const_extract_protocols.json (in target 'UIImageColors' from project 'UIImageColors')
    cd /Users/kris/Epilogue/build/SourcePackages/checkouts/UIImageColors
    write-file /Users/kris/Epilogue/build/Build/Intermediates.noindex/UIImageColors.build/Debug-iphonesimulator/UIImageColors.build/Objects-normal/arm64/UIImageColors_const_extract_protocols.json

WriteAuxiliaryFile /Users/kris/Epilogue/build/Build/Intermediates.noindex/UIImageColors.build/Debug-iphonesimulator/UIImageColors.build/Objects-normal/arm64/UIImageColors.SwiftConstValuesFileList (in target 'UIImageColors' from project 'UIImageColors')
    cd /Users/kris/Epilogue/build/SourcePackages/checkouts/UIImageColors
    write-file /Users/kris/Epilogue/build/Build/Intermediates.noindex/UIImageColors.build/Debug-iphonesimulator/UIImageColors.build/Objects-normal/arm64/UIImageColors.SwiftConstValuesFileList

WriteAuxiliaryFile /Users/kris/Epilogue/build/Build/Intermediates.noindex/UIImageColors.build/Debug-iphonesimulator/UIImageColors.build/Objects-normal/arm64/UIImageColors.LinkFileList (in target 'UIImageColors' from project 'UIImageColors')
    cd /Users/kris/Epilogue/build/SourcePackages/checkouts/UIImageColors
    write-file /Users/kris/Epilogue/build/Build/Intermediates.noindex/UIImageColors.build/Debug-iphonesimulator/UIImageColors.build/Objects-normal/arm64/UIImageColors.LinkFileList

WriteAuxiliaryFile /Users/kris/Epilogue/build/Build/Intermediates.noindex/UIImageColors.build/Debug-iphonesimulator/UIImageColors.build/Objects-normal/arm64/UIImageColors-OutputFileMap.json (in target 'UIImageColors' from project 'UIImageColors')
    cd /Users/kris/Epilogue/build/SourcePackages/checkouts/UIImageColors
    write-file /Users/kris/Epilogue/build/Build/Intermediates.noindex/UIImageColors.build/Debug-iphonesimulator/UIImageColors.build/Objects-normal/arm64/UIImageColors-OutputFileMap.json

Copy /Users/kris/Epilogue/build/Build/Intermediates.noindex/GeneratedModuleMaps-iphonesimulator/UIImageColors.modulemap /Users/kris/Epilogue/build/Build/Intermediates.noindex/UIImageColors.build/Debug-iphonesimulator/UIImageColors.build/UIImageColors.modulemap (in target 'UIImageColors' from project 'UIImageColors')
    cd /Users/kris/Epilogue/build/SourcePackages/checkouts/UIImageColors
    builtin-copy -exclude .DS_Store -exclude CVS -exclude .svn -exclude .git -exclude .hg -resolve-src-symlinks /Users/kris/Epilogue/build/Build/Intermediates.noindex/UIImageColors.build/Debug-iphonesimulator/UIImageColors.build/UIImageColors.modulemap /Users/kris/Epilogue/build/Build/Intermediates.noindex/GeneratedModuleMaps-iphonesimulator

WriteAuxiliaryFile /Users/kris/Epilogue/build/Build/Intermediates.noindex/swift-transformers.build/Debug-iphonesimulator/Transformers\ product.build/empty-Transformers_79FFCAD726DD9D12_PackageProduct.plist (in target 'Transformers' from project 'swift-transformers')
    cd /Users/kris/Epilogue/build/SourcePackages/checkouts/swift-transformers
    write-file /Users/kris/Epilogue/build/Build/Intermediates.noindex/swift-transformers.build/Debug-iphonesimulator/Transformers\ product.build/empty-Transformers_79FFCAD726DD9D12_PackageProduct.plist

WriteAuxiliaryFile /Users/kris/Epilogue/build/Build/Intermediates.noindex/swift-transformers.build/Debug-iphonesimulator/Transformers\ product.build/Transformers_79FFCAD726DD9D12_PackageProduct.DependencyStaticMetadataFileList (in target 'Transformers' from project 'swift-transformers')
    cd /Users/kris/Epilogue/build/SourcePackages/checkouts/swift-transformers
    write-file /Users/kris/Epilogue/build/Build/Intermediates.noindex/swift-transformers.build/Debug-iphonesimulator/Transformers\ product.build/Transformers_79FFCAD726DD9D12_PackageProduct.DependencyStaticMetadataFileList

WriteAuxiliaryFile /Users/kris/Epilogue/build/Build/Intermediates.noindex/swift-transformers.build/Debug-iphonesimulator/Transformers\ product.build/Transformers_79FFCAD726DD9D12_PackageProduct.DependencyMetadataFileList (in target 'Transformers' from project 'swift-transformers')
    cd /Users/kris/Epilogue/build/SourcePackages/checkouts/swift-transformers
    write-file /Users/kris/Epilogue/build/Build/Intermediates.noindex/swift-transformers.build/Debug-iphonesimulator/Transformers\ product.build/Transformers_79FFCAD726DD9D12_PackageProduct.DependencyMetadataFileList

WriteAuxiliaryFile /Users/kris/Epilogue/build/Build/Intermediates.noindex/swift-transformers.build/Debug-iphonesimulator/Tokenizers.build/Tokenizers.modulemap (in target 'Tokenizers' from project 'swift-transformers')
    cd /Users/kris/Epilogue/build/SourcePackages/checkouts/swift-transformers
    write-file /Users/kris/Epilogue/build/Build/Intermediates.noindex/swift-transformers.build/Debug-iphonesimulator/Tokenizers.build/Tokenizers.modulemap

WriteAuxiliaryFile /Users/kris/Epilogue/build/Build/Intermediates.noindex/swift-transformers.build/Debug-iphonesimulator/Tokenizers.build/Tokenizers.DependencyStaticMetadataFileList (in target 'Tokenizers' from project 'swift-transformers')
    cd /Users/kris/Epilogue/build/SourcePackages/checkouts/swift-transformers
    write-file /Users/kris/Epilogue/build/Build/Intermediates.noindex/swift-transformers.build/Debug-iphonesimulator/Tokenizers.build/Tokenizers.DependencyStaticMetadataFileList

WriteAuxiliaryFile /Users/kris/Epilogue/build/Build/Intermediates.noindex/swift-transformers.build/Debug-iphonesimulator/Tokenizers.build/Tokenizers.DependencyMetadataFileList (in target 'Tokenizers' from project 'swift-transformers')
    cd /Users/kris/Epilogue/build/SourcePackages/checkouts/swift-transformers
    write-file /Users/kris/Epilogue/build/Build/Intermediates.noindex/swift-transformers.build/Debug-iphonesimulator/Tokenizers.build/Tokenizers.DependencyMetadataFileList

WriteAuxiliaryFile /Users/kris/Epilogue/build/Build/Intermediates.noindex/swift-transformers.build/Debug-iphonesimulator/Transformers\ product.build/Objects-normal/x86_64/Transformers_79FFCAD726DD9D12_PackageProduct.LinkFileList (in target 'Transformers' from project 'swift-transformers')
    cd /Users/kris/Epilogue/build/SourcePackages/checkouts/swift-transformers
    write-file /Users/kris/Epilogue/build/Build/Intermediates.noindex/swift-transformers.build/Debug-iphonesimulator/Transformers\ product.build/Objects-normal/x86_64/Transformers_79FFCAD726DD9D12_PackageProduct.LinkFileList

WriteAuxiliaryFile /Users/kris/Epilogue/build/Build/Intermediates.noindex/swift-transformers.build/Debug-iphonesimulator/Transformers\ product.build/Objects-normal/arm64/Transformers_79FFCAD726DD9D12_PackageProduct.LinkFileList (in target 'Transformers' from project 'swift-transformers')
    cd /Users/kris/Epilogue/build/SourcePackages/checkouts/swift-transformers
    write-file /Users/kris/Epilogue/build/Build/Intermediates.noindex/swift-transformers.build/Debug-iphonesimulator/Transformers\ product.build/Objects-normal/arm64/Transformers_79FFCAD726DD9D12_PackageProduct.LinkFileList

WriteAuxiliaryFile /Users/kris/Epilogue/build/Build/Intermediates.noindex/swift-transformers.build/Debug-iphonesimulator/Tokenizers.build/Objects-normal/x86_64/Tokenizers_const_extract_protocols.json (in target 'Tokenizers' from project 'swift-transformers')
    cd /Users/kris/Epilogue/build/SourcePackages/checkouts/swift-transformers
    write-file /Users/kris/Epilogue/build/Build/Intermediates.noindex/swift-transformers.build/Debug-iphonesimulator/Tokenizers.build/Objects-normal/x86_64/Tokenizers_const_extract_protocols.json

WriteAuxiliaryFile /Users/kris/Epilogue/build/Build/Intermediates.noindex/swift-transformers.build/Debug-iphonesimulator/Tokenizers.build/Objects-normal/x86_64/Tokenizers.SwiftFileList (in target 'Tokenizers' from project 'swift-transformers')
    cd /Users/kris/Epilogue/build/SourcePackages/checkouts/swift-transformers
    write-file /Users/kris/Epilogue/build/Build/Intermediates.noindex/swift-transformers.build/Debug-iphonesimulator/Tokenizers.build/Objects-normal/x86_64/Tokenizers.SwiftFileList

WriteAuxiliaryFile /Users/kris/Epilogue/build/Build/Intermediates.noindex/swift-transformers.build/Debug-iphonesimulator/Tokenizers.build/Objects-normal/x86_64/Tokenizers.SwiftConstValuesFileList (in target 'Tokenizers' from project 'swift-transformers')
    cd /Users/kris/Epilogue/build/SourcePackages/checkouts/swift-transformers
    write-file /Users/kris/Epilogue/build/Build/Intermediates.noindex/swift-transformers.build/Debug-iphonesimulator/Tokenizers.build/Objects-normal/x86_64/Tokenizers.SwiftConstValuesFileList

WriteAuxiliaryFile /Users/kris/Epilogue/build/Build/Intermediates.noindex/swift-transformers.build/Debug-iphonesimulator/Tokenizers.build/Objects-normal/x86_64/Tokenizers.LinkFileList (in target 'Tokenizers' from project 'swift-transformers')
    cd /Users/kris/Epilogue/build/SourcePackages/checkouts/swift-transformers
    write-file /Users/kris/Epilogue/build/Build/Intermediates.noindex/swift-transformers.build/Debug-iphonesimulator/Tokenizers.build/Objects-normal/x86_64/Tokenizers.LinkFileList

WriteAuxiliaryFile /Users/kris/Epilogue/build/Build/Intermediates.noindex/swift-transformers.build/Debug-iphonesimulator/Tokenizers.build/Objects-normal/x86_64/Tokenizers-OutputFileMap.json (in target 'Tokenizers' from project 'swift-transformers')
    cd /Users/kris/Epilogue/build/SourcePackages/checkouts/swift-transformers
    write-file /Users/kris/Epilogue/build/Build/Intermediates.noindex/swift-transformers.build/Debug-iphonesimulator/Tokenizers.build/Objects-normal/x86_64/Tokenizers-OutputFileMap.json

WriteAuxiliaryFile /Users/kris/Epilogue/build/Build/Intermediates.noindex/swift-transformers.build/Debug-iphonesimulator/Tokenizers.build/Objects-normal/arm64/Tokenizers.SwiftFileList (in target 'Tokenizers' from project 'swift-transformers')
    cd /Users/kris/Epilogue/build/SourcePackages/checkouts/swift-transformers
    write-file /Users/kris/Epilogue/build/Build/Intermediates.noindex/swift-transformers.build/Debug-iphonesimulator/Tokenizers.build/Objects-normal/arm64/Tokenizers.SwiftFileList

WriteAuxiliaryFile /Users/kris/Epilogue/build/Build/Intermediates.noindex/swift-transformers.build/Debug-iphonesimulator/Tokenizers.build/Objects-normal/arm64/Tokenizers_const_extract_protocols.json (in target 'Tokenizers' from project 'swift-transformers')
    cd /Users/kris/Epilogue/build/SourcePackages/checkouts/swift-transformers
    write-file /Users/kris/Epilogue/build/Build/Intermediates.noindex/swift-transformers.build/Debug-iphonesimulator/Tokenizers.build/Objects-normal/arm64/Tokenizers_const_extract_protocols.json

WriteAuxiliaryFile /Users/kris/Epilogue/build/Build/Intermediates.noindex/swift-transformers.build/Debug-iphonesimulator/Tokenizers.build/Objects-normal/arm64/Tokenizers.SwiftConstValuesFileList (in target 'Tokenizers' from project 'swift-transformers')
    cd /Users/kris/Epilogue/build/SourcePackages/checkouts/swift-transformers
    write-file /Users/kris/Epilogue/build/Build/Intermediates.noindex/swift-transformers.build/Debug-iphonesimulator/Tokenizers.build/Objects-normal/arm64/Tokenizers.SwiftConstValuesFileList

WriteAuxiliaryFile /Users/kris/Epilogue/build/Build/Intermediates.noindex/swift-transformers.build/Debug-iphonesimulator/Tokenizers.build/Objects-normal/arm64/Tokenizers.LinkFileList (in target 'Tokenizers' from project 'swift-transformers')
    cd /Users/kris/Epilogue/build/SourcePackages/checkouts/swift-transformers
    write-file /Users/kris/Epilogue/build/Build/Intermediates.noindex/swift-transformers.build/Debug-iphonesimulator/Tokenizers.build/Objects-normal/arm64/Tokenizers.LinkFileList

WriteAuxiliaryFile /Users/kris/Epilogue/build/Build/Intermediates.noindex/swift-transformers.build/Debug-iphonesimulator/Tokenizers.build/Objects-normal/arm64/Tokenizers-OutputFileMap.json (in target 'Tokenizers' from project 'swift-transformers')
    cd /Users/kris/Epilogue/build/SourcePackages/checkouts/swift-transformers
    write-file /Users/kris/Epilogue/build/Build/Intermediates.noindex/swift-transformers.build/Debug-iphonesimulator/Tokenizers.build/Objects-normal/arm64/Tokenizers-OutputFileMap.json

Copy /Users/kris/Epilogue/build/Build/Intermediates.noindex/GeneratedModuleMaps-iphonesimulator/Tokenizers.modulemap /Users/kris/Epilogue/build/Build/Intermediates.noindex/swift-transformers.build/Debug-iphonesimulator/Tokenizers.build/Tokenizers.modulemap (in target 'Tokenizers' from project 'swift-transformers')
    cd /Users/kris/Epilogue/build/SourcePackages/checkouts/swift-transformers
    builtin-copy -exclude .DS_Store -exclude CVS -exclude .svn -exclude .git -exclude .hg -resolve-src-symlinks /Users/kris/Epilogue/build/Build/Intermediates.noindex/swift-transformers.build/Debug-iphonesimulator/Tokenizers.build/Tokenizers.modulemap /Users/kris/Epilogue/build/Build/Intermediates.noindex/GeneratedModuleMaps-iphonesimulator

WriteAuxiliaryFile /Users/kris/Epilogue/build/Build/Intermediates.noindex/swift-transformers.build/Debug-iphonesimulator/TensorUtils.build/TensorUtils.modulemap (in target 'TensorUtils' from project 'swift-transformers')
    cd /Users/kris/Epilogue/build/SourcePackages/checkouts/swift-transformers
    write-file /Users/kris/Epilogue/build/Build/Intermediates.noindex/swift-transformers.build/Debug-iphonesimulator/TensorUtils.build/TensorUtils.modulemap

WriteAuxiliaryFile /Users/kris/Epilogue/build/Build/Intermediates.noindex/swift-transformers.build/Debug-iphonesimulator/TensorUtils.build/TensorUtils.DependencyStaticMetadataFileList (in target 'TensorUtils' from project 'swift-transformers')
    cd /Users/kris/Epilogue/build/SourcePackages/checkouts/swift-transformers
    write-file /Users/kris/Epilogue/build/Build/Intermediates.noindex/swift-transformers.build/Debug-iphonesimulator/TensorUtils.build/TensorUtils.DependencyStaticMetadataFileList

WriteAuxiliaryFile /Users/kris/Epilogue/build/Build/Intermediates.noindex/swift-transformers.build/Debug-iphonesimulator/TensorUtils.build/TensorUtils.DependencyMetadataFileList (in target 'TensorUtils' from project 'swift-transformers')
    cd /Users/kris/Epilogue/build/SourcePackages/checkouts/swift-transformers
    write-file /Users/kris/Epilogue/build/Build/Intermediates.noindex/swift-transformers.build/Debug-iphonesimulator/TensorUtils.build/TensorUtils.DependencyMetadataFileList

WriteAuxiliaryFile /Users/kris/Epilogue/build/Build/Intermediates.noindex/swift-transformers.build/Debug-iphonesimulator/TensorUtils.build/Objects-normal/x86_64/TensorUtils_const_extract_protocols.json (in target 'TensorUtils' from project 'swift-transformers')
    cd /Users/kris/Epilogue/build/SourcePackages/checkouts/swift-transformers
    write-file /Users/kris/Epilogue/build/Build/Intermediates.noindex/swift-transformers.build/Debug-iphonesimulator/TensorUtils.build/Objects-normal/x86_64/TensorUtils_const_extract_protocols.json

WriteAuxiliaryFile /Users/kris/Epilogue/build/Build/Intermediates.noindex/swift-transformers.build/Debug-iphonesimulator/TensorUtils.build/Objects-normal/x86_64/TensorUtils.SwiftFileList (in target 'TensorUtils' from project 'swift-transformers')
    cd /Users/kris/Epilogue/build/SourcePackages/checkouts/swift-transformers
    write-file /Users/kris/Epilogue/build/Build/Intermediates.noindex/swift-transformers.build/Debug-iphonesimulator/TensorUtils.build/Objects-normal/x86_64/TensorUtils.SwiftFileList

WriteAuxiliaryFile /Users/kris/Epilogue/build/Build/Intermediates.noindex/swift-transformers.build/Debug-iphonesimulator/TensorUtils.build/Objects-normal/x86_64/TensorUtils.SwiftConstValuesFileList (in target 'TensorUtils' from project 'swift-transformers')
    cd /Users/kris/Epilogue/build/SourcePackages/checkouts/swift-transformers
    write-file /Users/kris/Epilogue/build/Build/Intermediates.noindex/swift-transformers.build/Debug-iphonesimulator/TensorUtils.build/Objects-normal/x86_64/TensorUtils.SwiftConstValuesFileList

WriteAuxiliaryFile /Users/kris/Epilogue/build/Build/Intermediates.noindex/swift-transformers.build/Debug-iphonesimulator/TensorUtils.build/Objects-normal/x86_64/TensorUtils.LinkFileList (in target 'TensorUtils' from project 'swift-transformers')
    cd /Users/kris/Epilogue/build/SourcePackages/checkouts/swift-transformers
    write-file /Users/kris/Epilogue/build/Build/Intermediates.noindex/swift-transformers.build/Debug-iphonesimulator/TensorUtils.build/Objects-normal/x86_64/TensorUtils.LinkFileList

WriteAuxiliaryFile /Users/kris/Epilogue/build/Build/Intermediates.noindex/swift-transformers.build/Debug-iphonesimulator/TensorUtils.build/Objects-normal/x86_64/TensorUtils-OutputFileMap.json (in target 'TensorUtils' from project 'swift-transformers')
    cd /Users/kris/Epilogue/build/SourcePackages/checkouts/swift-transformers
    write-file /Users/kris/Epilogue/build/Build/Intermediates.noindex/swift-transformers.build/Debug-iphonesimulator/TensorUtils.build/Objects-normal/x86_64/TensorUtils-OutputFileMap.json

WriteAuxiliaryFile /Users/kris/Epilogue/build/Build/Intermediates.noindex/swift-transformers.build/Debug-iphonesimulator/TensorUtils.build/Objects-normal/arm64/TensorUtils.SwiftFileList (in target 'TensorUtils' from project 'swift-transformers')
    cd /Users/kris/Epilogue/build/SourcePackages/checkouts/swift-transformers
    write-file /Users/kris/Epilogue/build/Build/Intermediates.noindex/swift-transformers.build/Debug-iphonesimulator/TensorUtils.build/Objects-normal/arm64/TensorUtils.SwiftFileList

WriteAuxiliaryFile /Users/kris/Epilogue/build/Build/Intermediates.noindex/swift-transformers.build/Debug-iphonesimulator/TensorUtils.build/Objects-normal/arm64/TensorUtils_const_extract_protocols.json (in target 'TensorUtils' from project 'swift-transformers')
    cd /Users/kris/Epilogue/build/SourcePackages/checkouts/swift-transformers
    write-file /Users/kris/Epilogue/build/Build/Intermediates.noindex/swift-transformers.build/Debug-iphonesimulator/TensorUtils.build/Objects-normal/arm64/TensorUtils_const_extract_protocols.json

WriteAuxiliaryFile /Users/kris/Epilogue/build/Build/Intermediates.noindex/swift-transformers.build/Debug-iphonesimulator/TensorUtils.build/Objects-normal/arm64/TensorUtils.SwiftConstValuesFileList (in target 'TensorUtils' from project 'swift-transformers')
    cd /Users/kris/Epilogue/build/SourcePackages/checkouts/swift-transformers
    write-file /Users/kris/Epilogue/build/Build/Intermediates.noindex/swift-transformers.build/Debug-iphonesimulator/TensorUtils.build/Objects-normal/arm64/TensorUtils.SwiftConstValuesFileList

WriteAuxiliaryFile /Users/kris/Epilogue/build/Build/Intermediates.noindex/swift-transformers.build/Debug-iphonesimulator/TensorUtils.build/Objects-normal/arm64/TensorUtils.LinkFileList (in target 'TensorUtils' from project 'swift-transformers')
    cd /Users/kris/Epilogue/build/SourcePackages/checkouts/swift-transformers
    write-file /Users/kris/Epilogue/build/Build/Intermediates.noindex/swift-transformers.build/Debug-iphonesimulator/TensorUtils.build/Objects-normal/arm64/TensorUtils.LinkFileList

WriteAuxiliaryFile /Users/kris/Epilogue/build/Build/Intermediates.noindex/swift-transformers.build/Debug-iphonesimulator/TensorUtils.build/Objects-normal/arm64/TensorUtils-OutputFileMap.json (in target 'TensorUtils' from project 'swift-transformers')
    cd /Users/kris/Epilogue/build/SourcePackages/checkouts/swift-transformers
    write-file /Users/kris/Epilogue/build/Build/Intermediates.noindex/swift-transformers.build/Debug-iphonesimulator/TensorUtils.build/Objects-normal/arm64/TensorUtils-OutputFileMap.json

Copy /Users/kris/Epilogue/build/Build/Intermediates.noindex/GeneratedModuleMaps-iphonesimulator/TensorUtils.modulemap /Users/kris/Epilogue/build/Build/Intermediates.noindex/swift-transformers.build/Debug-iphonesimulator/TensorUtils.build/TensorUtils.modulemap (in target 'TensorUtils' from project 'swift-transformers')
    cd /Users/kris/Epilogue/build/SourcePackages/checkouts/swift-transformers
    builtin-copy -exclude .DS_Store -exclude CVS -exclude .svn -exclude .git -exclude .hg -resolve-src-symlinks /Users/kris/Epilogue/build/Build/Intermediates.noindex/swift-transformers.build/Debug-iphonesimulator/TensorUtils.build/TensorUtils.modulemap /Users/kris/Epilogue/build/Build/Intermediates.noindex/GeneratedModuleMaps-iphonesimulator

WriteAuxiliaryFile /Users/kris/Epilogue/build/Build/Intermediates.noindex/swift-collections.build/Debug-iphonesimulator/OrderedCollections.build/OrderedCollections.DependencyStaticMetadataFileList (in target 'OrderedCollections' from project 'swift-collections')
    cd /Users/kris/Epilogue/build/SourcePackages/checkouts/swift-collections
    write-file /Users/kris/Epilogue/build/Build/Intermediates.noindex/swift-collections.build/Debug-iphonesimulator/OrderedCollections.build/OrderedCollections.DependencyStaticMetadataFileList

WriteAuxiliaryFile /Users/kris/Epilogue/build/Build/Intermediates.noindex/swift-collections.build/Debug-iphonesimulator/OrderedCollections.build/OrderedCollections.modulemap (in target 'OrderedCollections' from project 'swift-collections')
    cd /Users/kris/Epilogue/build/SourcePackages/checkouts/swift-collections
    write-file /Users/kris/Epilogue/build/Build/Intermediates.noindex/swift-collections.build/Debug-iphonesimulator/OrderedCollections.build/OrderedCollections.modulemap

WriteAuxiliaryFile /Users/kris/Epilogue/build/Build/Intermediates.noindex/swift-collections.build/Debug-iphonesimulator/OrderedCollections.build/OrderedCollections.DependencyMetadataFileList (in target 'OrderedCollections' from project 'swift-collections')
    cd /Users/kris/Epilogue/build/SourcePackages/checkouts/swift-collections
    write-file /Users/kris/Epilogue/build/Build/Intermediates.noindex/swift-collections.build/Debug-iphonesimulator/OrderedCollections.build/OrderedCollections.DependencyMetadataFileList

WriteAuxiliaryFile /Users/kris/Epilogue/build/Build/Intermediates.noindex/swift-collections.build/Debug-iphonesimulator/OrderedCollections.build/Objects-normal/x86_64/OrderedCollections_const_extract_protocols.json (in target 'OrderedCollections' from project 'swift-collections')
    cd /Users/kris/Epilogue/build/SourcePackages/checkouts/swift-collections
    write-file /Users/kris/Epilogue/build/Build/Intermediates.noindex/swift-collections.build/Debug-iphonesimulator/OrderedCollections.build/Objects-normal/x86_64/OrderedCollections_const_extract_protocols.json

WriteAuxiliaryFile /Users/kris/Epilogue/build/Build/Intermediates.noindex/swift-collections.build/Debug-iphonesimulator/OrderedCollections.build/Objects-normal/x86_64/OrderedCollections.SwiftFileList (in target 'OrderedCollections' from project 'swift-collections')
    cd /Users/kris/Epilogue/build/SourcePackages/checkouts/swift-collections
    write-file /Users/kris/Epilogue/build/Build/Intermediates.noindex/swift-collections.build/Debug-iphonesimulator/OrderedCollections.build/Objects-normal/x86_64/OrderedCollections.SwiftFileList

WriteAuxiliaryFile /Users/kris/Epilogue/build/Build/Intermediates.noindex/swift-collections.build/Debug-iphonesimulator/OrderedCollections.build/Objects-normal/x86_64/OrderedCollections.SwiftConstValuesFileList (in target 'OrderedCollections' from project 'swift-collections')
    cd /Users/kris/Epilogue/build/SourcePackages/checkouts/swift-collections
    write-file /Users/kris/Epilogue/build/Build/Intermediates.noindex/swift-collections.build/Debug-iphonesimulator/OrderedCollections.build/Objects-normal/x86_64/OrderedCollections.SwiftConstValuesFileList

WriteAuxiliaryFile /Users/kris/Epilogue/build/Build/Intermediates.noindex/swift-collections.build/Debug-iphonesimulator/OrderedCollections.build/Objects-normal/x86_64/OrderedCollections.LinkFileList (in target 'OrderedCollections' from project 'swift-collections')
    cd /Users/kris/Epilogue/build/SourcePackages/checkouts/swift-collections
    write-file /Users/kris/Epilogue/build/Build/Intermediates.noindex/swift-collections.build/Debug-iphonesimulator/OrderedCollections.build/Objects-normal/x86_64/OrderedCollections.LinkFileList

WriteAuxiliaryFile /Users/kris/Epilogue/build/Build/Intermediates.noindex/swift-collections.build/Debug-iphonesimulator/OrderedCollections.build/Objects-normal/x86_64/OrderedCollections-OutputFileMap.json (in target 'OrderedCollections' from project 'swift-collections')
    cd /Users/kris/Epilogue/build/SourcePackages/checkouts/swift-collections
    write-file /Users/kris/Epilogue/build/Build/Intermediates.noindex/swift-collections.build/Debug-iphonesimulator/OrderedCollections.build/Objects-normal/x86_64/OrderedCollections-OutputFileMap.json

WriteAuxiliaryFile /Users/kris/Epilogue/build/Build/Intermediates.noindex/swift-collections.build/Debug-iphonesimulator/OrderedCollections.build/Objects-normal/arm64/OrderedCollections_const_extract_protocols.json (in target 'OrderedCollections' from project 'swift-collections')
    cd /Users/kris/Epilogue/build/SourcePackages/checkouts/swift-collections
    write-file /Users/kris/Epilogue/build/Build/Intermediates.noindex/swift-collections.build/Debug-iphonesimulator/OrderedCollections.build/Objects-normal/arm64/OrderedCollections_const_extract_protocols.json

WriteAuxiliaryFile /Users/kris/Epilogue/build/Build/Intermediates.noindex/swift-collections.build/Debug-iphonesimulator/OrderedCollections.build/Objects-normal/arm64/OrderedCollections.SwiftFileList (in target 'OrderedCollections' from project 'swift-collections')
    cd /Users/kris/Epilogue/build/SourcePackages/checkouts/swift-collections
    write-file /Users/kris/Epilogue/build/Build/Intermediates.noindex/swift-collections.build/Debug-iphonesimulator/OrderedCollections.build/Objects-normal/arm64/OrderedCollections.SwiftFileList

WriteAuxiliaryFile /Users/kris/Epilogue/build/Build/Intermediates.noindex/swift-collections.build/Debug-iphonesimulator/OrderedCollections.build/Objects-normal/arm64/OrderedCollections.LinkFileList (in target 'OrderedCollections' from project 'swift-collections')
    cd /Users/kris/Epilogue/build/SourcePackages/checkouts/swift-collections
    write-file /Users/kris/Epilogue/build/Build/Intermediates.noindex/swift-collections.build/Debug-iphonesimulator/OrderedCollections.build/Objects-normal/arm64/OrderedCollections.LinkFileList

WriteAuxiliaryFile /Users/kris/Epilogue/build/Build/Intermediates.noindex/swift-collections.build/Debug-iphonesimulator/OrderedCollections.build/Objects-normal/arm64/OrderedCollections.SwiftConstValuesFileList (in target 'OrderedCollections' from project 'swift-collections')
    cd /Users/kris/Epilogue/build/SourcePackages/checkouts/swift-collections
    write-file /Users/kris/Epilogue/build/Build/Intermediates.noindex/swift-collections.build/Debug-iphonesimulator/OrderedCollections.build/Objects-normal/arm64/OrderedCollections.SwiftConstValuesFileList

WriteAuxiliaryFile /Users/kris/Epilogue/build/Build/Intermediates.noindex/swift-collections.build/Debug-iphonesimulator/OrderedCollections.build/Objects-normal/arm64/OrderedCollections-OutputFileMap.json (in target 'OrderedCollections' from project 'swift-collections')
    cd /Users/kris/Epilogue/build/SourcePackages/checkouts/swift-collections
    write-file /Users/kris/Epilogue/build/Build/Intermediates.noindex/swift-collections.build/Debug-iphonesimulator/OrderedCollections.build/Objects-normal/arm64/OrderedCollections-OutputFileMap.json

WriteAuxiliaryFile /Users/kris/Epilogue/build/Build/Intermediates.noindex/swift-collections.build/Debug-iphonesimulator/OrderedCollections\ product.build/empty-OrderedCollections_1222128174265B56_PackageProduct.plist (in target 'OrderedCollections' from project 'swift-collections')
    cd /Users/kris/Epilogue/build/SourcePackages/checkouts/swift-collections
    write-file /Users/kris/Epilogue/build/Build/Intermediates.noindex/swift-collections.build/Debug-iphonesimulator/OrderedCollections\ product.build/empty-OrderedCollections_1222128174265B56_PackageProduct.plist

Copy /Users/kris/Epilogue/build/Build/Intermediates.noindex/GeneratedModuleMaps-iphonesimulator/OrderedCollections.modulemap /Users/kris/Epilogue/build/Build/Intermediates.noindex/swift-collections.build/Debug-iphonesimulator/OrderedCollections.build/OrderedCollections.modulemap (in target 'OrderedCollections' from project 'swift-collections')
    cd /Users/kris/Epilogue/build/SourcePackages/checkouts/swift-collections
    builtin-copy -exclude .DS_Store -exclude CVS -exclude .svn -exclude .git -exclude .hg -resolve-src-symlinks /Users/kris/Epilogue/build/Build/Intermediates.noindex/swift-collections.build/Debug-iphonesimulator/OrderedCollections.build/OrderedCollections.modulemap /Users/kris/Epilogue/build/Build/Intermediates.noindex/GeneratedModuleMaps-iphonesimulator

WriteAuxiliaryFile /Users/kris/Epilogue/build/Build/Intermediates.noindex/swift-collections.build/Debug-iphonesimulator/OrderedCollections\ product.build/OrderedCollections_1222128174265B56_PackageProduct.DependencyStaticMetadataFileList (in target 'OrderedCollections' from project 'swift-collections')
    cd /Users/kris/Epilogue/build/SourcePackages/checkouts/swift-collections
    write-file /Users/kris/Epilogue/build/Build/Intermediates.noindex/swift-collections.build/Debug-iphonesimulator/OrderedCollections\ product.build/OrderedCollections_1222128174265B56_PackageProduct.DependencyStaticMetadataFileList

WriteAuxiliaryFile /Users/kris/Epilogue/build/Build/Intermediates.noindex/swift-collections.build/Debug-iphonesimulator/OrderedCollections\ product.build/OrderedCollections_1222128174265B56_PackageProduct.DependencyMetadataFileList (in target 'OrderedCollections' from project 'swift-collections')
    cd /Users/kris/Epilogue/build/SourcePackages/checkouts/swift-collections
    write-file /Users/kris/Epilogue/build/Build/Intermediates.noindex/swift-collections.build/Debug-iphonesimulator/OrderedCollections\ product.build/OrderedCollections_1222128174265B56_PackageProduct.DependencyMetadataFileList

WriteAuxiliaryFile /Users/kris/Epilogue/build/Build/Intermediates.noindex/swift-collections.build/Debug-iphonesimulator/OrderedCollections\ product.build/Objects-normal/x86_64/OrderedCollections_1222128174265B56_PackageProduct.LinkFileList (in target 'OrderedCollections' from project 'swift-collections')
    cd /Users/kris/Epilogue/build/SourcePackages/checkouts/swift-collections
    write-file /Users/kris/Epilogue/build/Build/Intermediates.noindex/swift-collections.build/Debug-iphonesimulator/OrderedCollections\ product.build/Objects-normal/x86_64/OrderedCollections_1222128174265B56_PackageProduct.LinkFileList

WriteAuxiliaryFile /Users/kris/Epilogue/build/Build/Intermediates.noindex/swift-collections.build/Debug-iphonesimulator/OrderedCollections\ product.build/Objects-normal/arm64/OrderedCollections_1222128174265B56_PackageProduct.LinkFileList (in target 'OrderedCollections' from project 'swift-collections')
    cd /Users/kris/Epilogue/build/SourcePackages/checkouts/swift-collections
    write-file /Users/kris/Epilogue/build/Build/Intermediates.noindex/swift-collections.build/Debug-iphonesimulator/OrderedCollections\ product.build/Objects-normal/arm64/OrderedCollections_1222128174265B56_PackageProduct.LinkFileList

WriteAuxiliaryFile /Users/kris/Epilogue/build/Build/Intermediates.noindex/swift-transformers.build/Debug-iphonesimulator/Models.build/Objects-normal/x86_64/Models_const_extract_protocols.json (in target 'Models' from project 'swift-transformers')
    cd /Users/kris/Epilogue/build/SourcePackages/checkouts/swift-transformers
    write-file /Users/kris/Epilogue/build/Build/Intermediates.noindex/swift-transformers.build/Debug-iphonesimulator/Models.build/Objects-normal/x86_64/Models_const_extract_protocols.json

WriteAuxiliaryFile /Users/kris/Epilogue/build/Build/Intermediates.noindex/swift-transformers.build/Debug-iphonesimulator/Models.build/Objects-normal/x86_64/Models.SwiftConstValuesFileList (in target 'Models' from project 'swift-transformers')
    cd /Users/kris/Epilogue/build/SourcePackages/checkouts/swift-transformers
    write-file /Users/kris/Epilogue/build/Build/Intermediates.noindex/swift-transformers.build/Debug-iphonesimulator/Models.build/Objects-normal/x86_64/Models.SwiftConstValuesFileList

WriteAuxiliaryFile /Users/kris/Epilogue/build/Build/Intermediates.noindex/swift-transformers.build/Debug-iphonesimulator/Models.build/Objects-normal/x86_64/Models.SwiftFileList (in target 'Models' from project 'swift-transformers')
    cd /Users/kris/Epilogue/build/SourcePackages/checkouts/swift-transformers
    write-file /Users/kris/Epilogue/build/Build/Intermediates.noindex/swift-transformers.build/Debug-iphonesimulator/Models.build/Objects-normal/x86_64/Models.SwiftFileList

WriteAuxiliaryFile /Users/kris/Epilogue/build/Build/Intermediates.noindex/swift-transformers.build/Debug-iphonesimulator/Models.build/Objects-normal/x86_64/Models.LinkFileList (in target 'Models' from project 'swift-transformers')
    cd /Users/kris/Epilogue/build/SourcePackages/checkouts/swift-transformers
    write-file /Users/kris/Epilogue/build/Build/Intermediates.noindex/swift-transformers.build/Debug-iphonesimulator/Models.build/Objects-normal/x86_64/Models.LinkFileList

WriteAuxiliaryFile /Users/kris/Epilogue/build/Build/Intermediates.noindex/swift-transformers.build/Debug-iphonesimulator/Models.build/Objects-normal/x86_64/Models-OutputFileMap.json (in target 'Models' from project 'swift-transformers')
    cd /Users/kris/Epilogue/build/SourcePackages/checkouts/swift-transformers
    write-file /Users/kris/Epilogue/build/Build/Intermediates.noindex/swift-transformers.build/Debug-iphonesimulator/Models.build/Objects-normal/x86_64/Models-OutputFileMap.json

WriteAuxiliaryFile /Users/kris/Epilogue/build/Build/Intermediates.noindex/swift-transformers.build/Debug-iphonesimulator/Models.build/Objects-normal/arm64/Models_const_extract_protocols.json (in target 'Models' from project 'swift-transformers')
    cd /Users/kris/Epilogue/build/SourcePackages/checkouts/swift-transformers
    write-file /Users/kris/Epilogue/build/Build/Intermediates.noindex/swift-transformers.build/Debug-iphonesimulator/Models.build/Objects-normal/arm64/Models_const_extract_protocols.json

WriteAuxiliaryFile /Users/kris/Epilogue/build/Build/Intermediates.noindex/swift-transformers.build/Debug-iphonesimulator/Models.build/Objects-normal/arm64/Models.SwiftFileList (in target 'Models' from project 'swift-transformers')
    cd /Users/kris/Epilogue/build/SourcePackages/checkouts/swift-transformers
    write-file /Users/kris/Epilogue/build/Build/Intermediates.noindex/swift-transformers.build/Debug-iphonesimulator/Models.build/Objects-normal/arm64/Models.SwiftFileList

WriteAuxiliaryFile /Users/kris/Epilogue/build/Build/Intermediates.noindex/swift-transformers.build/Debug-iphonesimulator/Models.build/Objects-normal/arm64/Models.SwiftConstValuesFileList (in target 'Models' from project 'swift-transformers')
    cd /Users/kris/Epilogue/build/SourcePackages/checkouts/swift-transformers
    write-file /Users/kris/Epilogue/build/Build/Intermediates.noindex/swift-transformers.build/Debug-iphonesimulator/Models.build/Objects-normal/arm64/Models.SwiftConstValuesFileList

WriteAuxiliaryFile /Users/kris/Epilogue/build/Build/Intermediates.noindex/swift-transformers.build/Debug-iphonesimulator/Models.build/Objects-normal/arm64/Models.LinkFileList (in target 'Models' from project 'swift-transformers')
    cd /Users/kris/Epilogue/build/SourcePackages/checkouts/swift-transformers
    write-file /Users/kris/Epilogue/build/Build/Intermediates.noindex/swift-transformers.build/Debug-iphonesimulator/Models.build/Objects-normal/arm64/Models.LinkFileList

WriteAuxiliaryFile /Users/kris/Epilogue/build/Build/Intermediates.noindex/swift-transformers.build/Debug-iphonesimulator/Models.build/Objects-normal/arm64/Models-OutputFileMap.json (in target 'Models' from project 'swift-transformers')
    cd /Users/kris/Epilogue/build/SourcePackages/checkouts/swift-transformers
    write-file /Users/kris/Epilogue/build/Build/Intermediates.noindex/swift-transformers.build/Debug-iphonesimulator/Models.build/Objects-normal/arm64/Models-OutputFileMap.json

WriteAuxiliaryFile /Users/kris/Epilogue/build/Build/Intermediates.noindex/swift-transformers.build/Debug-iphonesimulator/Models.build/Models.modulemap (in target 'Models' from project 'swift-transformers')
    cd /Users/kris/Epilogue/build/SourcePackages/checkouts/swift-transformers
    write-file /Users/kris/Epilogue/build/Build/Intermediates.noindex/swift-transformers.build/Debug-iphonesimulator/Models.build/Models.modulemap

WriteAuxiliaryFile /Users/kris/Epilogue/build/Build/Intermediates.noindex/swift-transformers.build/Debug-iphonesimulator/Models.build/Models.DependencyStaticMetadataFileList (in target 'Models' from project 'swift-transformers')
    cd /Users/kris/Epilogue/build/SourcePackages/checkouts/swift-transformers
    write-file /Users/kris/Epilogue/build/Build/Intermediates.noindex/swift-transformers.build/Debug-iphonesimulator/Models.build/Models.DependencyStaticMetadataFileList

WriteAuxiliaryFile /Users/kris/Epilogue/build/Build/Intermediates.noindex/swift-transformers.build/Debug-iphonesimulator/Models.build/Models.DependencyMetadataFileList (in target 'Models' from project 'swift-transformers')
    cd /Users/kris/Epilogue/build/SourcePackages/checkouts/swift-transformers
    write-file /Users/kris/Epilogue/build/Build/Intermediates.noindex/swift-transformers.build/Debug-iphonesimulator/Models.build/Models.DependencyMetadataFileList

WriteAuxiliaryFile /Users/kris/Epilogue/build/Build/Intermediates.noindex/Jinja.build/Debug-iphonesimulator/Jinja.build/Objects-normal/x86_64/Jinja.SwiftFileList (in target 'Jinja' from project 'Jinja')
    cd /Users/kris/Epilogue/build/SourcePackages/checkouts/Jinja
    write-file /Users/kris/Epilogue/build/Build/Intermediates.noindex/Jinja.build/Debug-iphonesimulator/Jinja.build/Objects-normal/x86_64/Jinja.SwiftFileList

WriteAuxiliaryFile /Users/kris/Epilogue/build/Build/Intermediates.noindex/Jinja.build/Debug-iphonesimulator/Jinja.build/Objects-normal/x86_64/Jinja_const_extract_protocols.json (in target 'Jinja' from project 'Jinja')
    cd /Users/kris/Epilogue/build/SourcePackages/checkouts/Jinja
    write-file /Users/kris/Epilogue/build/Build/Intermediates.noindex/Jinja.build/Debug-iphonesimulator/Jinja.build/Objects-normal/x86_64/Jinja_const_extract_protocols.json

WriteAuxiliaryFile /Users/kris/Epilogue/build/Build/Intermediates.noindex/Jinja.build/Debug-iphonesimulator/Jinja.build/Objects-normal/x86_64/Jinja.SwiftConstValuesFileList (in target 'Jinja' from project 'Jinja')
    cd /Users/kris/Epilogue/build/SourcePackages/checkouts/Jinja
    write-file /Users/kris/Epilogue/build/Build/Intermediates.noindex/Jinja.build/Debug-iphonesimulator/Jinja.build/Objects-normal/x86_64/Jinja.SwiftConstValuesFileList

WriteAuxiliaryFile /Users/kris/Epilogue/build/Build/Intermediates.noindex/Jinja.build/Debug-iphonesimulator/Jinja.build/Objects-normal/x86_64/Jinja.LinkFileList (in target 'Jinja' from project 'Jinja')
    cd /Users/kris/Epilogue/build/SourcePackages/checkouts/Jinja
    write-file /Users/kris/Epilogue/build/Build/Intermediates.noindex/Jinja.build/Debug-iphonesimulator/Jinja.build/Objects-normal/x86_64/Jinja.LinkFileList

WriteAuxiliaryFile /Users/kris/Epilogue/build/Build/Intermediates.noindex/Jinja.build/Debug-iphonesimulator/Jinja.build/Objects-normal/x86_64/Jinja-OutputFileMap.json (in target 'Jinja' from project 'Jinja')
    cd /Users/kris/Epilogue/build/SourcePackages/checkouts/Jinja
    write-file /Users/kris/Epilogue/build/Build/Intermediates.noindex/Jinja.build/Debug-iphonesimulator/Jinja.build/Objects-normal/x86_64/Jinja-OutputFileMap.json

WriteAuxiliaryFile /Users/kris/Epilogue/build/Build/Intermediates.noindex/Jinja.build/Debug-iphonesimulator/Jinja.build/Objects-normal/arm64/Jinja_const_extract_protocols.json (in target 'Jinja' from project 'Jinja')
    cd /Users/kris/Epilogue/build/SourcePackages/checkouts/Jinja
    write-file /Users/kris/Epilogue/build/Build/Intermediates.noindex/Jinja.build/Debug-iphonesimulator/Jinja.build/Objects-normal/arm64/Jinja_const_extract_protocols.json

WriteAuxiliaryFile /Users/kris/Epilogue/build/Build/Intermediates.noindex/Jinja.build/Debug-iphonesimulator/Jinja.build/Objects-normal/arm64/Jinja.SwiftFileList (in target 'Jinja' from project 'Jinja')
    cd /Users/kris/Epilogue/build/SourcePackages/checkouts/Jinja
    write-file /Users/kris/Epilogue/build/Build/Intermediates.noindex/Jinja.build/Debug-iphonesimulator/Jinja.build/Objects-normal/arm64/Jinja.SwiftFileList

WriteAuxiliaryFile /Users/kris/Epilogue/build/Build/Intermediates.noindex/Jinja.build/Debug-iphonesimulator/Jinja.build/Objects-normal/arm64/Jinja.SwiftConstValuesFileList (in target 'Jinja' from project 'Jinja')
    cd /Users/kris/Epilogue/build/SourcePackages/checkouts/Jinja
    write-file /Users/kris/Epilogue/build/Build/Intermediates.noindex/Jinja.build/Debug-iphonesimulator/Jinja.build/Objects-normal/arm64/Jinja.SwiftConstValuesFileList

WriteAuxiliaryFile /Users/kris/Epilogue/build/Build/Intermediates.noindex/Jinja.build/Debug-iphonesimulator/Jinja.build/Objects-normal/arm64/Jinja.LinkFileList (in target 'Jinja' from project 'Jinja')
    cd /Users/kris/Epilogue/build/SourcePackages/checkouts/Jinja
    write-file /Users/kris/Epilogue/build/Build/Intermediates.noindex/Jinja.build/Debug-iphonesimulator/Jinja.build/Objects-normal/arm64/Jinja.LinkFileList

Copy /Users/kris/Epilogue/build/Build/Intermediates.noindex/GeneratedModuleMaps-iphonesimulator/Models.modulemap /Users/kris/Epilogue/build/Build/Intermediates.noindex/swift-transformers.build/Debug-iphonesimulator/Models.build/Models.modulemap (in target 'Models' from project 'swift-transformers')
    cd /Users/kris/Epilogue/build/SourcePackages/checkouts/swift-transformers
    builtin-copy -exclude .DS_Store -exclude CVS -exclude .svn -exclude .git -exclude .hg -resolve-src-symlinks /Users/kris/Epilogue/build/Build/Intermediates.noindex/swift-transformers.build/Debug-iphonesimulator/Models.build/Models.modulemap /Users/kris/Epilogue/build/Build/Intermediates.noindex/GeneratedModuleMaps-iphonesimulator

WriteAuxiliaryFile /Users/kris/Epilogue/build/Build/Intermediates.noindex/Jinja.build/Debug-iphonesimulator/Jinja.build/Objects-normal/arm64/Jinja-OutputFileMap.json (in target 'Jinja' from project 'Jinja')
    cd /Users/kris/Epilogue/build/SourcePackages/checkouts/Jinja
    write-file /Users/kris/Epilogue/build/Build/Intermediates.noindex/Jinja.build/Debug-iphonesimulator/Jinja.build/Objects-normal/arm64/Jinja-OutputFileMap.json

WriteAuxiliaryFile /Users/kris/Epilogue/build/Build/Intermediates.noindex/Jinja.build/Debug-iphonesimulator/Jinja.build/Jinja.modulemap (in target 'Jinja' from project 'Jinja')
    cd /Users/kris/Epilogue/build/SourcePackages/checkouts/Jinja
    write-file /Users/kris/Epilogue/build/Build/Intermediates.noindex/Jinja.build/Debug-iphonesimulator/Jinja.build/Jinja.modulemap

WriteAuxiliaryFile /Users/kris/Epilogue/build/Build/Intermediates.noindex/Jinja.build/Debug-iphonesimulator/Jinja.build/Jinja.DependencyStaticMetadataFileList (in target 'Jinja' from project 'Jinja')
    cd /Users/kris/Epilogue/build/SourcePackages/checkouts/Jinja
    write-file /Users/kris/Epilogue/build/Build/Intermediates.noindex/Jinja.build/Debug-iphonesimulator/Jinja.build/Jinja.DependencyStaticMetadataFileList

WriteAuxiliaryFile /Users/kris/Epilogue/build/Build/Intermediates.noindex/Jinja.build/Debug-iphonesimulator/Jinja.build/Jinja.DependencyMetadataFileList (in target 'Jinja' from project 'Jinja')
    cd /Users/kris/Epilogue/build/SourcePackages/checkouts/Jinja
    write-file /Users/kris/Epilogue/build/Build/Intermediates.noindex/Jinja.build/Debug-iphonesimulator/Jinja.build/Jinja.DependencyMetadataFileList

WriteAuxiliaryFile /Users/kris/Epilogue/build/Build/Intermediates.noindex/Jinja.build/Debug-iphonesimulator/Jinja\ product.build/empty-Jinja_C5899F34211_PackageProduct.plist (in target 'Jinja' from project 'Jinja')
    cd /Users/kris/Epilogue/build/SourcePackages/checkouts/Jinja
    write-file /Users/kris/Epilogue/build/Build/Intermediates.noindex/Jinja.build/Debug-iphonesimulator/Jinja\ product.build/empty-Jinja_C5899F34211_PackageProduct.plist

WriteAuxiliaryFile /Users/kris/Epilogue/build/Build/Intermediates.noindex/Jinja.build/Debug-iphonesimulator/Jinja\ product.build/Objects-normal/x86_64/Jinja_C5899F34211_PackageProduct.LinkFileList (in target 'Jinja' from project 'Jinja')
    cd /Users/kris/Epilogue/build/SourcePackages/checkouts/Jinja
    write-file /Users/kris/Epilogue/build/Build/Intermediates.noindex/Jinja.build/Debug-iphonesimulator/Jinja\ product.build/Objects-normal/x86_64/Jinja_C5899F34211_PackageProduct.LinkFileList

WriteAuxiliaryFile /Users/kris/Epilogue/build/Build/Intermediates.noindex/Jinja.build/Debug-iphonesimulator/Jinja\ product.build/Objects-normal/arm64/Jinja_C5899F34211_PackageProduct.LinkFileList (in target 'Jinja' from project 'Jinja')
    cd /Users/kris/Epilogue/build/SourcePackages/checkouts/Jinja
    write-file /Users/kris/Epilogue/build/Build/Intermediates.noindex/Jinja.build/Debug-iphonesimulator/Jinja\ product.build/Objects-normal/arm64/Jinja_C5899F34211_PackageProduct.LinkFileList

WriteAuxiliaryFile /Users/kris/Epilogue/build/Build/Intermediates.noindex/Jinja.build/Debug-iphonesimulator/Jinja\ product.build/Jinja_C5899F34211_PackageProduct.DependencyStaticMetadataFileList (in target 'Jinja' from project 'Jinja')
    cd /Users/kris/Epilogue/build/SourcePackages/checkouts/Jinja
    write-file /Users/kris/Epilogue/build/Build/Intermediates.noindex/Jinja.build/Debug-iphonesimulator/Jinja\ product.build/Jinja_C5899F34211_PackageProduct.DependencyStaticMetadataFileList

WriteAuxiliaryFile /Users/kris/Epilogue/build/Build/Intermediates.noindex/Jinja.build/Debug-iphonesimulator/Jinja\ product.build/Jinja_C5899F34211_PackageProduct.DependencyMetadataFileList (in target 'Jinja' from project 'Jinja')
    cd /Users/kris/Epilogue/build/SourcePackages/checkouts/Jinja
    write-file /Users/kris/Epilogue/build/Build/Intermediates.noindex/Jinja.build/Debug-iphonesimulator/Jinja\ product.build/Jinja_C5899F34211_PackageProduct.DependencyMetadataFileList

WriteAuxiliaryFile /Users/kris/Epilogue/build/Build/Intermediates.noindex/swift-collections.build/Debug-iphonesimulator/InternalCollectionsUtilities.build/Objects-normal/x86_64/InternalCollectionsUtilities_const_extract_protocols.json (in target 'InternalCollectionsUtilities' from project 'swift-collections')
    cd /Users/kris/Epilogue/build/SourcePackages/checkouts/swift-collections
    write-file /Users/kris/Epilogue/build/Build/Intermediates.noindex/swift-collections.build/Debug-iphonesimulator/InternalCollectionsUtilities.build/Objects-normal/x86_64/InternalCollectionsUtilities_const_extract_protocols.json

WriteAuxiliaryFile /Users/kris/Epilogue/build/Build/Intermediates.noindex/swift-collections.build/Debug-iphonesimulator/InternalCollectionsUtilities.build/Objects-normal/x86_64/InternalCollectionsUtilities.SwiftFileList (in target 'InternalCollectionsUtilities' from project 'swift-collections')
    cd /Users/kris/Epilogue/build/SourcePackages/checkouts/swift-collections
    write-file /Users/kris/Epilogue/build/Build/Intermediates.noindex/swift-collections.build/Debug-iphonesimulator/InternalCollectionsUtilities.build/Objects-normal/x86_64/InternalCollectionsUtilities.SwiftFileList

WriteAuxiliaryFile /Users/kris/Epilogue/build/Build/Intermediates.noindex/swift-collections.build/Debug-iphonesimulator/InternalCollectionsUtilities.build/Objects-normal/x86_64/InternalCollectionsUtilities.SwiftConstValuesFileList (in target 'InternalCollectionsUtilities' from project 'swift-collections')
    cd /Users/kris/Epilogue/build/SourcePackages/checkouts/swift-collections
    write-file /Users/kris/Epilogue/build/Build/Intermediates.noindex/swift-collections.build/Debug-iphonesimulator/InternalCollectionsUtilities.build/Objects-normal/x86_64/InternalCollectionsUtilities.SwiftConstValuesFileList

WriteAuxiliaryFile /Users/kris/Epilogue/build/Build/Intermediates.noindex/swift-collections.build/Debug-iphonesimulator/InternalCollectionsUtilities.build/Objects-normal/x86_64/InternalCollectionsUtilities.LinkFileList (in target 'InternalCollectionsUtilities' from project 'swift-collections')
    cd /Users/kris/Epilogue/build/SourcePackages/checkouts/swift-collections
    write-file /Users/kris/Epilogue/build/Build/Intermediates.noindex/swift-collections.build/Debug-iphonesimulator/InternalCollectionsUtilities.build/Objects-normal/x86_64/InternalCollectionsUtilities.LinkFileList

WriteAuxiliaryFile /Users/kris/Epilogue/build/Build/Intermediates.noindex/swift-collections.build/Debug-iphonesimulator/InternalCollectionsUtilities.build/Objects-normal/x86_64/InternalCollectionsUtilities-OutputFileMap.json (in target 'InternalCollectionsUtilities' from project 'swift-collections')
    cd /Users/kris/Epilogue/build/SourcePackages/checkouts/swift-collections
    write-file /Users/kris/Epilogue/build/Build/Intermediates.noindex/swift-collections.build/Debug-iphonesimulator/InternalCollectionsUtilities.build/Objects-normal/x86_64/InternalCollectionsUtilities-OutputFileMap.json

Copy /Users/kris/Epilogue/build/Build/Intermediates.noindex/GeneratedModuleMaps-iphonesimulator/Jinja.modulemap /Users/kris/Epilogue/build/Build/Intermediates.noindex/Jinja.build/Debug-iphonesimulator/Jinja.build/Jinja.modulemap (in target 'Jinja' from project 'Jinja')
    cd /Users/kris/Epilogue/build/SourcePackages/checkouts/Jinja
    builtin-copy -exclude .DS_Store -exclude CVS -exclude .svn -exclude .git -exclude .hg -resolve-src-symlinks /Users/kris/Epilogue/build/Build/Intermediates.noindex/Jinja.build/Debug-iphonesimulator/Jinja.build/Jinja.modulemap /Users/kris/Epilogue/build/Build/Intermediates.noindex/GeneratedModuleMaps-iphonesimulator

WriteAuxiliaryFile /Users/kris/Epilogue/build/Build/Intermediates.noindex/swift-collections.build/Debug-iphonesimulator/InternalCollectionsUtilities.build/Objects-normal/arm64/InternalCollectionsUtilities_const_extract_protocols.json (in target 'InternalCollectionsUtilities' from project 'swift-collections')
    cd /Users/kris/Epilogue/build/SourcePackages/checkouts/swift-collections
    write-file /Users/kris/Epilogue/build/Build/Intermediates.noindex/swift-collections.build/Debug-iphonesimulator/InternalCollectionsUtilities.build/Objects-normal/arm64/InternalCollectionsUtilities_const_extract_protocols.json

WriteAuxiliaryFile /Users/kris/Epilogue/build/Build/Intermediates.noindex/swift-collections.build/Debug-iphonesimulator/InternalCollectionsUtilities.build/Objects-normal/arm64/InternalCollectionsUtilities.SwiftFileList (in target 'InternalCollectionsUtilities' from project 'swift-collections')
    cd /Users/kris/Epilogue/build/SourcePackages/checkouts/swift-collections
    write-file /Users/kris/Epilogue/build/Build/Intermediates.noindex/swift-collections.build/Debug-iphonesimulator/InternalCollectionsUtilities.build/Objects-normal/arm64/InternalCollectionsUtilities.SwiftFileList

WriteAuxiliaryFile /Users/kris/Epilogue/build/Build/Intermediates.noindex/swift-collections.build/Debug-iphonesimulator/InternalCollectionsUtilities.build/Objects-normal/arm64/InternalCollectionsUtilities.SwiftConstValuesFileList (in target 'InternalCollectionsUtilities' from project 'swift-collections')
    cd /Users/kris/Epilogue/build/SourcePackages/checkouts/swift-collections
    write-file /Users/kris/Epilogue/build/Build/Intermediates.noindex/swift-collections.build/Debug-iphonesimulator/InternalCollectionsUtilities.build/Objects-normal/arm64/InternalCollectionsUtilities.SwiftConstValuesFileList

WriteAuxiliaryFile /Users/kris/Epilogue/build/Build/Intermediates.noindex/swift-collections.build/Debug-iphonesimulator/InternalCollectionsUtilities.build/Objects-normal/arm64/InternalCollectionsUtilities.LinkFileList (in target 'InternalCollectionsUtilities' from project 'swift-collections')
    cd /Users/kris/Epilogue/build/SourcePackages/checkouts/swift-collections
    write-file /Users/kris/Epilogue/build/Build/Intermediates.noindex/swift-collections.build/Debug-iphonesimulator/InternalCollectionsUtilities.build/Objects-normal/arm64/InternalCollectionsUtilities.LinkFileList

WriteAuxiliaryFile /Users/kris/Epilogue/build/Build/Intermediates.noindex/swift-collections.build/Debug-iphonesimulator/InternalCollectionsUtilities.build/Objects-normal/arm64/InternalCollectionsUtilities-OutputFileMap.json (in target 'InternalCollectionsUtilities' from project 'swift-collections')
    cd /Users/kris/Epilogue/build/SourcePackages/checkouts/swift-collections
    write-file /Users/kris/Epilogue/build/Build/Intermediates.noindex/swift-collections.build/Debug-iphonesimulator/InternalCollectionsUtilities.build/Objects-normal/arm64/InternalCollectionsUtilities-OutputFileMap.json

WriteAuxiliaryFile /Users/kris/Epilogue/build/Build/Intermediates.noindex/swift-collections.build/Debug-iphonesimulator/InternalCollectionsUtilities.build/InternalCollectionsUtilities.modulemap (in target 'InternalCollectionsUtilities' from project 'swift-collections')
    cd /Users/kris/Epilogue/build/SourcePackages/checkouts/swift-collections
    write-file /Users/kris/Epilogue/build/Build/Intermediates.noindex/swift-collections.build/Debug-iphonesimulator/InternalCollectionsUtilities.build/InternalCollectionsUtilities.modulemap

WriteAuxiliaryFile /Users/kris/Epilogue/build/Build/Intermediates.noindex/swift-collections.build/Debug-iphonesimulator/InternalCollectionsUtilities.build/InternalCollectionsUtilities.DependencyStaticMetadataFileList (in target 'InternalCollectionsUtilities' from project 'swift-collections')
    cd /Users/kris/Epilogue/build/SourcePackages/checkouts/swift-collections
    write-file /Users/kris/Epilogue/build/Build/Intermediates.noindex/swift-collections.build/Debug-iphonesimulator/InternalCollectionsUtilities.build/InternalCollectionsUtilities.DependencyStaticMetadataFileList

WriteAuxiliaryFile /Users/kris/Epilogue/build/Build/Intermediates.noindex/swift-collections.build/Debug-iphonesimulator/InternalCollectionsUtilities.build/InternalCollectionsUtilities.DependencyMetadataFileList (in target 'InternalCollectionsUtilities' from project 'swift-collections')
    cd /Users/kris/Epilogue/build/SourcePackages/checkouts/swift-collections
    write-file /Users/kris/Epilogue/build/Build/Intermediates.noindex/swift-collections.build/Debug-iphonesimulator/InternalCollectionsUtilities.build/InternalCollectionsUtilities.DependencyMetadataFileList

WriteAuxiliaryFile /Users/kris/Epilogue/build/Build/Intermediates.noindex/swift-transformers.build/Debug-iphonesimulator/Hub.build/Hub.DependencyStaticMetadataFileList (in target 'Hub' from project 'swift-transformers')
    cd /Users/kris/Epilogue/build/SourcePackages/checkouts/swift-transformers
    write-file /Users/kris/Epilogue/build/Build/Intermediates.noindex/swift-transformers.build/Debug-iphonesimulator/Hub.build/Hub.DependencyStaticMetadataFileList

WriteAuxiliaryFile /Users/kris/Epilogue/build/Build/Intermediates.noindex/swift-transformers.build/Debug-iphonesimulator/Hub.build/Hub.DependencyMetadataFileList (in target 'Hub' from project 'swift-transformers')
    cd /Users/kris/Epilogue/build/SourcePackages/checkouts/swift-transformers
    write-file /Users/kris/Epilogue/build/Build/Intermediates.noindex/swift-transformers.build/Debug-iphonesimulator/Hub.build/Hub.DependencyMetadataFileList

WriteAuxiliaryFile /Users/kris/Epilogue/build/Build/Intermediates.noindex/swift-transformers.build/Debug-iphonesimulator/Hub.build/DerivedSources/resource_bundle_accessor.swift (in target 'Hub' from project 'swift-transformers')
    cd /Users/kris/Epilogue/build/SourcePackages/checkouts/swift-transformers
    write-file /Users/kris/Epilogue/build/Build/Intermediates.noindex/swift-transformers.build/Debug-iphonesimulator/Hub.build/DerivedSources/resource_bundle_accessor.swift

Copy /Users/kris/Epilogue/build/Build/Intermediates.noindex/GeneratedModuleMaps-iphonesimulator/Hub.modulemap /Users/kris/Epilogue/build/Build/Intermediates.noindex/swift-transformers.build/Debug-iphonesimulator/Hub.build/Hub.modulemap (in target 'Hub' from project 'swift-transformers')
    cd /Users/kris/Epilogue/build/SourcePackages/checkouts/swift-transformers
    builtin-copy -exclude .DS_Store -exclude CVS -exclude .svn -exclude .git -exclude .hg -resolve-src-symlinks /Users/kris/Epilogue/build/Build/Intermediates.noindex/swift-transformers.build/Debug-iphonesimulator/Hub.build/Hub.modulemap /Users/kris/Epilogue/build/Build/Intermediates.noindex/GeneratedModuleMaps-iphonesimulator

WriteAuxiliaryFile /Users/kris/Epilogue/build/Build/Intermediates.noindex/swift-transformers.build/Debug-iphonesimulator/Generation.build/Objects-normal/x86_64/Generation.SwiftFileList (in target 'Generation' from project 'swift-transformers')
    cd /Users/kris/Epilogue/build/SourcePackages/checkouts/swift-transformers
    write-file /Users/kris/Epilogue/build/Build/Intermediates.noindex/swift-transformers.build/Debug-iphonesimulator/Generation.build/Objects-normal/x86_64/Generation.SwiftFileList

WriteAuxiliaryFile /Users/kris/Epilogue/build/Build/Intermediates.noindex/swift-transformers.build/Debug-iphonesimulator/Generation.build/Objects-normal/x86_64/Generation_const_extract_protocols.json (in target 'Generation' from project 'swift-transformers')
    cd /Users/kris/Epilogue/build/SourcePackages/checkouts/swift-transformers
    write-file /Users/kris/Epilogue/build/Build/Intermediates.noindex/swift-transformers.build/Debug-iphonesimulator/Generation.build/Objects-normal/x86_64/Generation_const_extract_protocols.json

WriteAuxiliaryFile /Users/kris/Epilogue/build/Build/Intermediates.noindex/swift-transformers.build/Debug-iphonesimulator/Generation.build/Objects-normal/x86_64/Generation.SwiftConstValuesFileList (in target 'Generation' from project 'swift-transformers')
    cd /Users/kris/Epilogue/build/SourcePackages/checkouts/swift-transformers
    write-file /Users/kris/Epilogue/build/Build/Intermediates.noindex/swift-transformers.build/Debug-iphonesimulator/Generation.build/Objects-normal/x86_64/Generation.SwiftConstValuesFileList

WriteAuxiliaryFile /Users/kris/Epilogue/build/Build/Intermediates.noindex/swift-transformers.build/Debug-iphonesimulator/Generation.build/Objects-normal/x86_64/Generation.LinkFileList (in target 'Generation' from project 'swift-transformers')
    cd /Users/kris/Epilogue/build/SourcePackages/checkouts/swift-transformers
    write-file /Users/kris/Epilogue/build/Build/Intermediates.noindex/swift-transformers.build/Debug-iphonesimulator/Generation.build/Objects-normal/x86_64/Generation.LinkFileList

WriteAuxiliaryFile /Users/kris/Epilogue/build/Build/Intermediates.noindex/swift-transformers.build/Debug-iphonesimulator/Generation.build/Objects-normal/x86_64/Generation-OutputFileMap.json (in target 'Generation' from project 'swift-transformers')
    cd /Users/kris/Epilogue/build/SourcePackages/checkouts/swift-transformers
    write-file /Users/kris/Epilogue/build/Build/Intermediates.noindex/swift-transformers.build/Debug-iphonesimulator/Generation.build/Objects-normal/x86_64/Generation-OutputFileMap.json

WriteAuxiliaryFile /Users/kris/Epilogue/build/Build/Intermediates.noindex/swift-transformers.build/Debug-iphonesimulator/Generation.build/Objects-normal/arm64/Generation.SwiftFileList (in target 'Generation' from project 'swift-transformers')
    cd /Users/kris/Epilogue/build/SourcePackages/checkouts/swift-transformers
    write-file /Users/kris/Epilogue/build/Build/Intermediates.noindex/swift-transformers.build/Debug-iphonesimulator/Generation.build/Objects-normal/arm64/Generation.SwiftFileList

WriteAuxiliaryFile /Users/kris/Epilogue/build/Build/Intermediates.noindex/swift-transformers.build/Debug-iphonesimulator/Generation.build/Objects-normal/arm64/Generation_const_extract_protocols.json (in target 'Generation' from project 'swift-transformers')
    cd /Users/kris/Epilogue/build/SourcePackages/checkouts/swift-transformers
    write-file /Users/kris/Epilogue/build/Build/Intermediates.noindex/swift-transformers.build/Debug-iphonesimulator/Generation.build/Objects-normal/arm64/Generation_const_extract_protocols.json

Copy /Users/kris/Epilogue/build/Build/Intermediates.noindex/GeneratedModuleMaps-iphonesimulator/InternalCollectionsUtilities.modulemap /Users/kris/Epilogue/build/Build/Intermediates.noindex/swift-collections.build/Debug-iphonesimulator/InternalCollectionsUtilities.build/InternalCollectionsUtilities.modulemap (in target 'InternalCollectionsUtilities' from project 'swift-collections')
    cd /Users/kris/Epilogue/build/SourcePackages/checkouts/swift-collections
    builtin-copy -exclude .DS_Store -exclude CVS -exclude .svn -exclude .git -exclude .hg -resolve-src-symlinks /Users/kris/Epilogue/build/Build/Intermediates.noindex/swift-collections.build/Debug-iphonesimulator/InternalCollectionsUtilities.build/InternalCollectionsUtilities.modulemap /Users/kris/Epilogue/build/Build/Intermediates.noindex/GeneratedModuleMaps-iphonesimulator

WriteAuxiliaryFile /Users/kris/Epilogue/build/Build/Intermediates.noindex/swift-transformers.build/Debug-iphonesimulator/Generation.build/Objects-normal/arm64/Generation.SwiftConstValuesFileList (in target 'Generation' from project 'swift-transformers')
    cd /Users/kris/Epilogue/build/SourcePackages/checkouts/swift-transformers
    write-file /Users/kris/Epilogue/build/Build/Intermediates.noindex/swift-transformers.build/Debug-iphonesimulator/Generation.build/Objects-normal/arm64/Generation.SwiftConstValuesFileList

WriteAuxiliaryFile /Users/kris/Epilogue/build/Build/Intermediates.noindex/swift-transformers.build/Debug-iphonesimulator/Generation.build/Objects-normal/arm64/Generation.LinkFileList (in target 'Generation' from project 'swift-transformers')
    cd /Users/kris/Epilogue/build/SourcePackages/checkouts/swift-transformers
    write-file /Users/kris/Epilogue/build/Build/Intermediates.noindex/swift-transformers.build/Debug-iphonesimulator/Generation.build/Objects-normal/arm64/Generation.LinkFileList

WriteAuxiliaryFile /Users/kris/Epilogue/build/Build/Intermediates.noindex/swift-transformers.build/Debug-iphonesimulator/Generation.build/Objects-normal/arm64/Generation-OutputFileMap.json (in target 'Generation' from project 'swift-transformers')
    cd /Users/kris/Epilogue/build/SourcePackages/checkouts/swift-transformers
    write-file /Users/kris/Epilogue/build/Build/Intermediates.noindex/swift-transformers.build/Debug-iphonesimulator/Generation.build/Objects-normal/arm64/Generation-OutputFileMap.json

WriteAuxiliaryFile /Users/kris/Epilogue/build/Build/Intermediates.noindex/swift-transformers.build/Debug-iphonesimulator/Generation.build/Generation.modulemap (in target 'Generation' from project 'swift-transformers')
    cd /Users/kris/Epilogue/build/SourcePackages/checkouts/swift-transformers
    write-file /Users/kris/Epilogue/build/Build/Intermediates.noindex/swift-transformers.build/Debug-iphonesimulator/Generation.build/Generation.modulemap

WriteAuxiliaryFile /Users/kris/Epilogue/build/Build/Intermediates.noindex/swift-transformers.build/Debug-iphonesimulator/Generation.build/Generation.DependencyStaticMetadataFileList (in target 'Generation' from project 'swift-transformers')
    cd /Users/kris/Epilogue/build/SourcePackages/checkouts/swift-transformers
    write-file /Users/kris/Epilogue/build/Build/Intermediates.noindex/swift-transformers.build/Debug-iphonesimulator/Generation.build/Generation.DependencyStaticMetadataFileList

WriteAuxiliaryFile /Users/kris/Epilogue/build/Build/Intermediates.noindex/swift-transformers.build/Debug-iphonesimulator/Generation.build/Generation.DependencyMetadataFileList (in target 'Generation' from project 'swift-transformers')
    cd /Users/kris/Epilogue/build/SourcePackages/checkouts/swift-transformers
    write-file /Users/kris/Epilogue/build/Build/Intermediates.noindex/swift-transformers.build/Debug-iphonesimulator/Generation.build/Generation.DependencyMetadataFileList

WriteAuxiliaryFile /Users/kris/Epilogue/build/Build/Intermediates.noindex/Epilogue.build/Debug-iphonesimulator/EpilogueUITests.build/empty-EpilogueUITests.plist (in target 'EpilogueUITests' from project 'Epilogue')
    cd /Users/kris/Epilogue/Epilogue
    write-file /Users/kris/Epilogue/build/Build/Intermediates.noindex/Epilogue.build/Debug-iphonesimulator/EpilogueUITests.build/empty-EpilogueUITests.plist

WriteAuxiliaryFile /Users/kris/Epilogue/build/Build/Intermediates.noindex/Epilogue.build/Debug-iphonesimulator/EpilogueUITests.build/ProductTypeInfoPlistAdditions.plist (in target 'EpilogueUITests' from project 'Epilogue')
    cd /Users/kris/Epilogue/Epilogue
    write-file /Users/kris/Epilogue/build/Build/Intermediates.noindex/Epilogue.build/Debug-iphonesimulator/EpilogueUITests.build/ProductTypeInfoPlistAdditions.plist

WriteAuxiliaryFile /Users/kris/Epilogue/build/Build/Intermediates.noindex/Epilogue.build/Debug-iphonesimulator/EpilogueUITests.build/Objects-normal/x86_64/EpilogueUITests.SwiftFileList (in target 'EpilogueUITests' from project 'Epilogue')
    cd /Users/kris/Epilogue/Epilogue
    write-file /Users/kris/Epilogue/build/Build/Intermediates.noindex/Epilogue.build/Debug-iphonesimulator/EpilogueUITests.build/Objects-normal/x86_64/EpilogueUITests.SwiftFileList

WriteAuxiliaryFile /Users/kris/Epilogue/build/Build/Intermediates.noindex/Epilogue.build/Debug-iphonesimulator/EpilogueUITests.build/Objects-normal/x86_64/EpilogueUITests_const_extract_protocols.json (in target 'EpilogueUITests' from project 'Epilogue')
    cd /Users/kris/Epilogue/Epilogue
    write-file /Users/kris/Epilogue/build/Build/Intermediates.noindex/Epilogue.build/Debug-iphonesimulator/EpilogueUITests.build/Objects-normal/x86_64/EpilogueUITests_const_extract_protocols.json

WriteAuxiliaryFile /Users/kris/Epilogue/build/Build/Intermediates.noindex/Epilogue.build/Debug-iphonesimulator/EpilogueUITests.build/Objects-normal/x86_64/EpilogueUITests.SwiftConstValuesFileList (in target 'EpilogueUITests' from project 'Epilogue')
    cd /Users/kris/Epilogue/Epilogue
    write-file /Users/kris/Epilogue/build/Build/Intermediates.noindex/Epilogue.build/Debug-iphonesimulator/EpilogueUITests.build/Objects-normal/x86_64/EpilogueUITests.SwiftConstValuesFileList

WriteAuxiliaryFile /Users/kris/Epilogue/build/Build/Intermediates.noindex/Epilogue.build/Debug-iphonesimulator/EpilogueUITests.build/Objects-normal/x86_64/EpilogueUITests.LinkFileList (in target 'EpilogueUITests' from project 'Epilogue')
    cd /Users/kris/Epilogue/Epilogue
    write-file /Users/kris/Epilogue/build/Build/Intermediates.noindex/Epilogue.build/Debug-iphonesimulator/EpilogueUITests.build/Objects-normal/x86_64/EpilogueUITests.LinkFileList

WriteAuxiliaryFile /Users/kris/Epilogue/build/Build/Intermediates.noindex/Epilogue.build/Debug-iphonesimulator/EpilogueUITests.build/Objects-normal/x86_64/EpilogueUITests-OutputFileMap.json (in target 'EpilogueUITests' from project 'Epilogue')
    cd /Users/kris/Epilogue/Epilogue
    write-file /Users/kris/Epilogue/build/Build/Intermediates.noindex/Epilogue.build/Debug-iphonesimulator/EpilogueUITests.build/Objects-normal/x86_64/EpilogueUITests-OutputFileMap.json

WriteAuxiliaryFile /Users/kris/Epilogue/build/Build/Intermediates.noindex/Epilogue.build/Debug-iphonesimulator/EpilogueUITests.build/Objects-normal/arm64/EpilogueUITests_const_extract_protocols.json (in target 'EpilogueUITests' from project 'Epilogue')
    cd /Users/kris/Epilogue/Epilogue
    write-file /Users/kris/Epilogue/build/Build/Intermediates.noindex/Epilogue.build/Debug-iphonesimulator/EpilogueUITests.build/Objects-normal/arm64/EpilogueUITests_const_extract_protocols.json

WriteAuxiliaryFile /Users/kris/Epilogue/build/Build/Intermediates.noindex/Epilogue.build/Debug-iphonesimulator/EpilogueUITests.build/Objects-normal/arm64/EpilogueUITests.SwiftFileList (in target 'EpilogueUITests' from project 'Epilogue')
    cd /Users/kris/Epilogue/Epilogue
    write-file /Users/kris/Epilogue/build/Build/Intermediates.noindex/Epilogue.build/Debug-iphonesimulator/EpilogueUITests.build/Objects-normal/arm64/EpilogueUITests.SwiftFileList

WriteAuxiliaryFile /Users/kris/Epilogue/build/Build/Intermediates.noindex/Epilogue.build/Debug-iphonesimulator/EpilogueUITests.build/Objects-normal/arm64/EpilogueUITests.SwiftConstValuesFileList (in target 'EpilogueUITests' from project 'Epilogue')
    cd /Users/kris/Epilogue/Epilogue
    write-file /Users/kris/Epilogue/build/Build/Intermediates.noindex/Epilogue.build/Debug-iphonesimulator/EpilogueUITests.build/Objects-normal/arm64/EpilogueUITests.SwiftConstValuesFileList

Copy /Users/kris/Epilogue/build/Build/Intermediates.noindex/GeneratedModuleMaps-iphonesimulator/Generation.modulemap /Users/kris/Epilogue/build/Build/Intermediates.noindex/swift-transformers.build/Debug-iphonesimulator/Generation.build/Generation.modulemap (in target 'Generation' from project 'swift-transformers')
    cd /Users/kris/Epilogue/build/SourcePackages/checkouts/swift-transformers
    builtin-copy -exclude .DS_Store -exclude CVS -exclude .svn -exclude .git -exclude .hg -resolve-src-symlinks /Users/kris/Epilogue/build/Build/Intermediates.noindex/swift-transformers.build/Debug-iphonesimulator/Generation.build/Generation.modulemap /Users/kris/Epilogue/build/Build/Intermediates.noindex/GeneratedModuleMaps-iphonesimulator

WriteAuxiliaryFile /Users/kris/Epilogue/build/Build/Intermediates.noindex/Epilogue.build/Debug-iphonesimulator/EpilogueUITests.build/Objects-normal/arm64/EpilogueUITests.LinkFileList (in target 'EpilogueUITests' from project 'Epilogue')
    cd /Users/kris/Epilogue/Epilogue
    write-file /Users/kris/Epilogue/build/Build/Intermediates.noindex/Epilogue.build/Debug-iphonesimulator/EpilogueUITests.build/Objects-normal/arm64/EpilogueUITests.LinkFileList

WriteAuxiliaryFile /Users/kris/Epilogue/build/Build/Intermediates.noindex/Epilogue.build/Debug-iphonesimulator/EpilogueUITests.build/Objects-normal/arm64/EpilogueUITests-OutputFileMap.json (in target 'EpilogueUITests' from project 'Epilogue')
    cd /Users/kris/Epilogue/Epilogue
    write-file /Users/kris/Epilogue/build/Build/Intermediates.noindex/Epilogue.build/Debug-iphonesimulator/EpilogueUITests.build/Objects-normal/arm64/EpilogueUITests-OutputFileMap.json

WriteAuxiliaryFile /Users/kris/Epilogue/build/Build/Intermediates.noindex/Epilogue.build/Debug-iphonesimulator/EpilogueUITests.build/EpilogueUITests.hmap (in target 'EpilogueUITests' from project 'Epilogue')
    cd /Users/kris/Epilogue/Epilogue
    write-file /Users/kris/Epilogue/build/Build/Intermediates.noindex/Epilogue.build/Debug-iphonesimulator/EpilogueUITests.build/EpilogueUITests.hmap

WriteAuxiliaryFile /Users/kris/Epilogue/build/Build/Intermediates.noindex/Epilogue.build/Debug-iphonesimulator/EpilogueUITests.build/EpilogueUITests.DependencyStaticMetadataFileList (in target 'EpilogueUITests' from project 'Epilogue')
    cd /Users/kris/Epilogue/Epilogue
    write-file /Users/kris/Epilogue/build/Build/Intermediates.noindex/Epilogue.build/Debug-iphonesimulator/EpilogueUITests.build/EpilogueUITests.DependencyStaticMetadataFileList

WriteAuxiliaryFile /Users/kris/Epilogue/build/Build/Intermediates.noindex/Epilogue.build/Debug-iphonesimulator/EpilogueUITests.build/EpilogueUITests.DependencyMetadataFileList (in target 'EpilogueUITests' from project 'Epilogue')
    cd /Users/kris/Epilogue/Epilogue
    write-file /Users/kris/Epilogue/build/Build/Intermediates.noindex/Epilogue.build/Debug-iphonesimulator/EpilogueUITests.build/EpilogueUITests.DependencyMetadataFileList

WriteAuxiliaryFile /Users/kris/Epilogue/build/Build/Intermediates.noindex/Epilogue.build/Debug-iphonesimulator/EpilogueUITests.build/EpilogueUITests-project-headers.hmap (in target 'EpilogueUITests' from project 'Epilogue')
    cd /Users/kris/Epilogue/Epilogue
    write-file /Users/kris/Epilogue/build/Build/Intermediates.noindex/Epilogue.build/Debug-iphonesimulator/EpilogueUITests.build/EpilogueUITests-project-headers.hmap

WriteAuxiliaryFile /Users/kris/Epilogue/build/Build/Intermediates.noindex/Epilogue.build/Debug-iphonesimulator/EpilogueUITests.build/EpilogueUITests-own-target-headers.hmap (in target 'EpilogueUITests' from project 'Epilogue')
    cd /Users/kris/Epilogue/Epilogue
    write-file /Users/kris/Epilogue/build/Build/Intermediates.noindex/Epilogue.build/Debug-iphonesimulator/EpilogueUITests.build/EpilogueUITests-own-target-headers.hmap

WriteAuxiliaryFile /Users/kris/Epilogue/build/Build/Intermediates.noindex/Epilogue.build/Debug-iphonesimulator/EpilogueUITests.build/EpilogueUITests-generated-files.hmap (in target 'EpilogueUITests' from project 'Epilogue')
    cd /Users/kris/Epilogue/Epilogue
    write-file /Users/kris/Epilogue/build/Build/Intermediates.noindex/Epilogue.build/Debug-iphonesimulator/EpilogueUITests.build/EpilogueUITests-generated-files.hmap

WriteAuxiliaryFile /Users/kris/Epilogue/build/Build/Intermediates.noindex/Epilogue.build/Debug-iphonesimulator/EpilogueUITests.build/EpilogueUITests-all-target-headers.hmap (in target 'EpilogueUITests' from project 'Epilogue')
    cd /Users/kris/Epilogue/Epilogue
    write-file /Users/kris/Epilogue/build/Build/Intermediates.noindex/Epilogue.build/Debug-iphonesimulator/EpilogueUITests.build/EpilogueUITests-all-target-headers.hmap

WriteAuxiliaryFile /Users/kris/Epilogue/build/Build/Intermediates.noindex/Epilogue.build/Debug-iphonesimulator/EpilogueUITests.build/EpilogueUITests-all-non-framework-target-headers.hmap (in target 'EpilogueUITests' from project 'Epilogue')
    cd /Users/kris/Epilogue/Epilogue
    write-file /Users/kris/Epilogue/build/Build/Intermediates.noindex/Epilogue.build/Debug-iphonesimulator/EpilogueUITests.build/EpilogueUITests-all-non-framework-target-headers.hmap

WriteAuxiliaryFile /Users/kris/Epilogue/build/Build/Intermediates.noindex/Epilogue.build/Debug-iphonesimulator/EpilogueUITests.build/DerivedSources/Entitlements-Simulated.plist (in target 'EpilogueUITests' from project 'Epilogue')
    cd /Users/kris/Epilogue/Epilogue
    write-file /Users/kris/Epilogue/build/Build/Intermediates.noindex/Epilogue.build/Debug-iphonesimulator/EpilogueUITests.build/DerivedSources/Entitlements-Simulated.plist

WriteAuxiliaryFile /Users/kris/Epilogue/build/Build/Intermediates.noindex/Epilogue.build/Debug-iphonesimulator/EpilogueTests.build/empty-EpilogueTests.plist (in target 'EpilogueTests' from project 'Epilogue')
    cd /Users/kris/Epilogue/Epilogue
    write-file /Users/kris/Epilogue/build/Build/Intermediates.noindex/Epilogue.build/Debug-iphonesimulator/EpilogueTests.build/empty-EpilogueTests.plist

WriteAuxiliaryFile /Users/kris/Epilogue/build/Build/Intermediates.noindex/Epilogue.build/Debug-iphonesimulator/EpilogueTests.build/Objects-normal/x86_64/EpilogueTests_const_extract_protocols.json (in target 'EpilogueTests' from project 'Epilogue')
    cd /Users/kris/Epilogue/Epilogue
    write-file /Users/kris/Epilogue/build/Build/Intermediates.noindex/Epilogue.build/Debug-iphonesimulator/EpilogueTests.build/Objects-normal/x86_64/EpilogueTests_const_extract_protocols.json

WriteAuxiliaryFile /Users/kris/Epilogue/build/Build/Intermediates.noindex/Epilogue.build/Debug-iphonesimulator/EpilogueTests.build/Objects-normal/x86_64/EpilogueTests.SwiftFileList (in target 'EpilogueTests' from project 'Epilogue')
    cd /Users/kris/Epilogue/Epilogue
    write-file /Users/kris/Epilogue/build/Build/Intermediates.noindex/Epilogue.build/Debug-iphonesimulator/EpilogueTests.build/Objects-normal/x86_64/EpilogueTests.SwiftFileList

WriteAuxiliaryFile /Users/kris/Epilogue/build/Build/Intermediates.noindex/Epilogue.build/Debug-iphonesimulator/EpilogueTests.build/Objects-normal/x86_64/EpilogueTests.SwiftConstValuesFileList (in target 'EpilogueTests' from project 'Epilogue')
    cd /Users/kris/Epilogue/Epilogue
    write-file /Users/kris/Epilogue/build/Build/Intermediates.noindex/Epilogue.build/Debug-iphonesimulator/EpilogueTests.build/Objects-normal/x86_64/EpilogueTests.SwiftConstValuesFileList

WriteAuxiliaryFile /Users/kris/Epilogue/build/Build/Intermediates.noindex/Epilogue.build/Debug-iphonesimulator/EpilogueTests.build/Objects-normal/x86_64/EpilogueTests.LinkFileList (in target 'EpilogueTests' from project 'Epilogue')
    cd /Users/kris/Epilogue/Epilogue
    write-file /Users/kris/Epilogue/build/Build/Intermediates.noindex/Epilogue.build/Debug-iphonesimulator/EpilogueTests.build/Objects-normal/x86_64/EpilogueTests.LinkFileList

WriteAuxiliaryFile /Users/kris/Epilogue/build/Build/Intermediates.noindex/Epilogue.build/Debug-iphonesimulator/EpilogueTests.build/Objects-normal/x86_64/EpilogueTests-OutputFileMap.json (in target 'EpilogueTests' from project 'Epilogue')
    cd /Users/kris/Epilogue/Epilogue
    write-file /Users/kris/Epilogue/build/Build/Intermediates.noindex/Epilogue.build/Debug-iphonesimulator/EpilogueTests.build/Objects-normal/x86_64/EpilogueTests-OutputFileMap.json

WriteAuxiliaryFile /Users/kris/Epilogue/build/Build/Intermediates.noindex/Epilogue.build/Debug-iphonesimulator/EpilogueTests.build/Objects-normal/arm64/EpilogueTests.SwiftFileList (in target 'EpilogueTests' from project 'Epilogue')
    cd /Users/kris/Epilogue/Epilogue
    write-file /Users/kris/Epilogue/build/Build/Intermediates.noindex/Epilogue.build/Debug-iphonesimulator/EpilogueTests.build/Objects-normal/arm64/EpilogueTests.SwiftFileList

WriteAuxiliaryFile /Users/kris/Epilogue/build/Build/Intermediates.noindex/Epilogue.build/Debug-iphonesimulator/EpilogueTests.build/Objects-normal/arm64/EpilogueTests_const_extract_protocols.json (in target 'EpilogueTests' from project 'Epilogue')
    cd /Users/kris/Epilogue/Epilogue
    write-file /Users/kris/Epilogue/build/Build/Intermediates.noindex/Epilogue.build/Debug-iphonesimulator/EpilogueTests.build/Objects-normal/arm64/EpilogueTests_const_extract_protocols.json

WriteAuxiliaryFile /Users/kris/Epilogue/build/Build/Intermediates.noindex/Epilogue.build/Debug-iphonesimulator/EpilogueTests.build/Objects-normal/arm64/EpilogueTests.SwiftConstValuesFileList (in target 'EpilogueTests' from project 'Epilogue')
    cd /Users/kris/Epilogue/Epilogue
    write-file /Users/kris/Epilogue/build/Build/Intermediates.noindex/Epilogue.build/Debug-iphonesimulator/EpilogueTests.build/Objects-normal/arm64/EpilogueTests.SwiftConstValuesFileList

WriteAuxiliaryFile /Users/kris/Epilogue/build/Build/Intermediates.noindex/Epilogue.build/Debug-iphonesimulator/EpilogueTests.build/Objects-normal/arm64/EpilogueTests.LinkFileList (in target 'EpilogueTests' from project 'Epilogue')
    cd /Users/kris/Epilogue/Epilogue
    write-file /Users/kris/Epilogue/build/Build/Intermediates.noindex/Epilogue.build/Debug-iphonesimulator/EpilogueTests.build/Objects-normal/arm64/EpilogueTests.LinkFileList

WriteAuxiliaryFile /Users/kris/Epilogue/build/Build/Intermediates.noindex/Epilogue.build/Debug-iphonesimulator/EpilogueTests.build/Objects-normal/arm64/EpilogueTests-OutputFileMap.json (in target 'EpilogueTests' from project 'Epilogue')
    cd /Users/kris/Epilogue/Epilogue
    write-file /Users/kris/Epilogue/build/Build/Intermediates.noindex/Epilogue.build/Debug-iphonesimulator/EpilogueTests.build/Objects-normal/arm64/EpilogueTests-OutputFileMap.json

WriteAuxiliaryFile /Users/kris/Epilogue/build/Build/Intermediates.noindex/Epilogue.build/Debug-iphonesimulator/EpilogueTests.build/EpilogueTests.hmap (in target 'EpilogueTests' from project 'Epilogue')
    cd /Users/kris/Epilogue/Epilogue
    write-file /Users/kris/Epilogue/build/Build/Intermediates.noindex/Epilogue.build/Debug-iphonesimulator/EpilogueTests.build/EpilogueTests.hmap

WriteAuxiliaryFile /Users/kris/Epilogue/build/Build/Intermediates.noindex/Epilogue.build/Debug-iphonesimulator/EpilogueTests.build/EpilogueTests.DependencyStaticMetadataFileList (in target 'EpilogueTests' from project 'Epilogue')
    cd /Users/kris/Epilogue/Epilogue
    write-file /Users/kris/Epilogue/build/Build/Intermediates.noindex/Epilogue.build/Debug-iphonesimulator/EpilogueTests.build/EpilogueTests.DependencyStaticMetadataFileList

WriteAuxiliaryFile /Users/kris/Epilogue/build/Build/Intermediates.noindex/Epilogue.build/Debug-iphonesimulator/EpilogueTests.build/EpilogueTests.DependencyMetadataFileList (in target 'EpilogueTests' from project 'Epilogue')
    cd /Users/kris/Epilogue/Epilogue
    write-file /Users/kris/Epilogue/build/Build/Intermediates.noindex/Epilogue.build/Debug-iphonesimulator/EpilogueTests.build/EpilogueTests.DependencyMetadataFileList

WriteAuxiliaryFile /Users/kris/Epilogue/build/Build/Intermediates.noindex/Epilogue.build/Debug-iphonesimulator/EpilogueTests.build/EpilogueTests-project-headers.hmap (in target 'EpilogueTests' from project 'Epilogue')
    cd /Users/kris/Epilogue/Epilogue
    write-file /Users/kris/Epilogue/build/Build/Intermediates.noindex/Epilogue.build/Debug-iphonesimulator/EpilogueTests.build/EpilogueTests-project-headers.hmap

WriteAuxiliaryFile /Users/kris/Epilogue/build/Build/Intermediates.noindex/Epilogue.build/Debug-iphonesimulator/EpilogueTests.build/EpilogueTests-own-target-headers.hmap (in target 'EpilogueTests' from project 'Epilogue')
    cd /Users/kris/Epilogue/Epilogue
    write-file /Users/kris/Epilogue/build/Build/Intermediates.noindex/Epilogue.build/Debug-iphonesimulator/EpilogueTests.build/EpilogueTests-own-target-headers.hmap

WriteAuxiliaryFile /Users/kris/Epilogue/build/Build/Intermediates.noindex/Epilogue.build/Debug-iphonesimulator/EpilogueTests.build/EpilogueTests-generated-files.hmap (in target 'EpilogueTests' from project 'Epilogue')
    cd /Users/kris/Epilogue/Epilogue
    write-file /Users/kris/Epilogue/build/Build/Intermediates.noindex/Epilogue.build/Debug-iphonesimulator/EpilogueTests.build/EpilogueTests-generated-files.hmap

WriteAuxiliaryFile /Users/kris/Epilogue/build/Build/Intermediates.noindex/Epilogue.build/Debug-iphonesimulator/EpilogueTests.build/EpilogueTests-all-target-headers.hmap (in target 'EpilogueTests' from project 'Epilogue')
    cd /Users/kris/Epilogue/Epilogue
    write-file /Users/kris/Epilogue/build/Build/Intermediates.noindex/Epilogue.build/Debug-iphonesimulator/EpilogueTests.build/EpilogueTests-all-target-headers.hmap

WriteAuxiliaryFile /Users/kris/Epilogue/build/Build/Intermediates.noindex/Epilogue.build/Debug-iphonesimulator/EpilogueTests.build/EpilogueTests-all-non-framework-target-headers.hmap (in target 'EpilogueTests' from project 'Epilogue')
    cd /Users/kris/Epilogue/Epilogue
    write-file /Users/kris/Epilogue/build/Build/Intermediates.noindex/Epilogue.build/Debug-iphonesimulator/EpilogueTests.build/EpilogueTests-all-non-framework-target-headers.hmap

WriteAuxiliaryFile /Users/kris/Epilogue/build/Build/Intermediates.noindex/Epilogue.build/Debug-iphonesimulator/Epilogue.build/Objects-normal/x86_64/Epilogue_const_extract_protocols.json (in target 'Epilogue' from project 'Epilogue')
    cd /Users/kris/Epilogue/Epilogue
    write-file /Users/kris/Epilogue/build/Build/Intermediates.noindex/Epilogue.build/Debug-iphonesimulator/Epilogue.build/Objects-normal/x86_64/Epilogue_const_extract_protocols.json

WriteAuxiliaryFile /Users/kris/Epilogue/build/Build/Intermediates.noindex/Epilogue.build/Debug-iphonesimulator/Epilogue.build/Objects-normal/x86_64/Epilogue.SwiftFileList (in target 'Epilogue' from project 'Epilogue')
    cd /Users/kris/Epilogue/Epilogue
    write-file /Users/kris/Epilogue/build/Build/Intermediates.noindex/Epilogue.build/Debug-iphonesimulator/Epilogue.build/Objects-normal/x86_64/Epilogue.SwiftFileList

WriteAuxiliaryFile /Users/kris/Epilogue/build/Build/Intermediates.noindex/Epilogue.build/Debug-iphonesimulator/Epilogue.build/Objects-normal/x86_64/Epilogue.SwiftConstValuesFileList (in target 'Epilogue' from project 'Epilogue')
    cd /Users/kris/Epilogue/Epilogue
    write-file /Users/kris/Epilogue/build/Build/Intermediates.noindex/Epilogue.build/Debug-iphonesimulator/Epilogue.build/Objects-normal/x86_64/Epilogue.SwiftConstValuesFileList

WriteAuxiliaryFile /Users/kris/Epilogue/build/Build/Intermediates.noindex/Epilogue.build/Debug-iphonesimulator/Epilogue.build/Objects-normal/x86_64/Epilogue.LinkFileList (in target 'Epilogue' from project 'Epilogue')
    cd /Users/kris/Epilogue/Epilogue
    write-file /Users/kris/Epilogue/build/Build/Intermediates.noindex/Epilogue.build/Debug-iphonesimulator/Epilogue.build/Objects-normal/x86_64/Epilogue.LinkFileList

WriteAuxiliaryFile /Users/kris/Epilogue/build/Build/Intermediates.noindex/Epilogue.build/Debug-iphonesimulator/Epilogue.build/Objects-normal/x86_64/Epilogue-OutputFileMap.json (in target 'Epilogue' from project 'Epilogue')
    cd /Users/kris/Epilogue/Epilogue
    write-file /Users/kris/Epilogue/build/Build/Intermediates.noindex/Epilogue.build/Debug-iphonesimulator/Epilogue.build/Objects-normal/x86_64/Epilogue-OutputFileMap.json

WriteAuxiliaryFile /Users/kris/Epilogue/build/Build/Intermediates.noindex/Epilogue.build/Debug-iphonesimulator/Epilogue.build/Objects-normal/arm64/Epilogue_const_extract_protocols.json (in target 'Epilogue' from project 'Epilogue')
    cd /Users/kris/Epilogue/Epilogue
    write-file /Users/kris/Epilogue/build/Build/Intermediates.noindex/Epilogue.build/Debug-iphonesimulator/Epilogue.build/Objects-normal/arm64/Epilogue_const_extract_protocols.json

WriteAuxiliaryFile /Users/kris/Epilogue/build/Build/Intermediates.noindex/Epilogue.build/Debug-iphonesimulator/Epilogue.build/Objects-normal/arm64/Epilogue.SwiftFileList (in target 'Epilogue' from project 'Epilogue')
    cd /Users/kris/Epilogue/Epilogue
    write-file /Users/kris/Epilogue/build/Build/Intermediates.noindex/Epilogue.build/Debug-iphonesimulator/Epilogue.build/Objects-normal/arm64/Epilogue.SwiftFileList

WriteAuxiliaryFile /Users/kris/Epilogue/build/Build/Intermediates.noindex/Epilogue.build/Debug-iphonesimulator/Epilogue.build/Objects-normal/arm64/Epilogue.SwiftConstValuesFileList (in target 'Epilogue' from project 'Epilogue')
    cd /Users/kris/Epilogue/Epilogue
    write-file /Users/kris/Epilogue/build/Build/Intermediates.noindex/Epilogue.build/Debug-iphonesimulator/Epilogue.build/Objects-normal/arm64/Epilogue.SwiftConstValuesFileList

WriteAuxiliaryFile /Users/kris/Epilogue/build/Build/Intermediates.noindex/Epilogue.build/Debug-iphonesimulator/Epilogue.build/Objects-normal/arm64/Epilogue.LinkFileList (in target 'Epilogue' from project 'Epilogue')
    cd /Users/kris/Epilogue/Epilogue
    write-file /Users/kris/Epilogue/build/Build/Intermediates.noindex/Epilogue.build/Debug-iphonesimulator/Epilogue.build/Objects-normal/arm64/Epilogue.LinkFileList

WriteAuxiliaryFile /Users/kris/Epilogue/build/Build/Intermediates.noindex/Epilogue.build/Debug-iphonesimulator/Epilogue.build/Objects-normal/arm64/Epilogue-OutputFileMap.json (in target 'Epilogue' from project 'Epilogue')
    cd /Users/kris/Epilogue/Epilogue
    write-file /Users/kris/Epilogue/build/Build/Intermediates.noindex/Epilogue.build/Debug-iphonesimulator/Epilogue.build/Objects-normal/arm64/Epilogue-OutputFileMap.json

WriteAuxiliaryFile /Users/kris/Epilogue/build/Build/Intermediates.noindex/Epilogue.build/Debug-iphonesimulator/Epilogue.build/Epilogue.hmap (in target 'Epilogue' from project 'Epilogue')
    cd /Users/kris/Epilogue/Epilogue
    write-file /Users/kris/Epilogue/build/Build/Intermediates.noindex/Epilogue.build/Debug-iphonesimulator/Epilogue.build/Epilogue.hmap

WriteAuxiliaryFile /Users/kris/Epilogue/build/Build/Intermediates.noindex/Epilogue.build/Debug-iphonesimulator/Epilogue.build/Epilogue.DependencyStaticMetadataFileList (in target 'Epilogue' from project 'Epilogue')
    cd /Users/kris/Epilogue/Epilogue
    write-file /Users/kris/Epilogue/build/Build/Intermediates.noindex/Epilogue.build/Debug-iphonesimulator/Epilogue.build/Epilogue.DependencyStaticMetadataFileList

WriteAuxiliaryFile /Users/kris/Epilogue/build/Build/Intermediates.noindex/Epilogue.build/Debug-iphonesimulator/Epilogue.build/Epilogue.DependencyMetadataFileList (in target 'Epilogue' from project 'Epilogue')
    cd /Users/kris/Epilogue/Epilogue
    write-file /Users/kris/Epilogue/build/Build/Intermediates.noindex/Epilogue.build/Debug-iphonesimulator/Epilogue.build/Epilogue.DependencyMetadataFileList

WriteAuxiliaryFile /Users/kris/Epilogue/build/Build/Intermediates.noindex/Epilogue.build/Debug-iphonesimulator/Epilogue.build/Epilogue-project-headers.hmap (in target 'Epilogue' from project 'Epilogue')
    cd /Users/kris/Epilogue/Epilogue
    write-file /Users/kris/Epilogue/build/Build/Intermediates.noindex/Epilogue.build/Debug-iphonesimulator/Epilogue.build/Epilogue-project-headers.hmap

WriteAuxiliaryFile /Users/kris/Epilogue/build/Build/Intermediates.noindex/Epilogue.build/Debug-iphonesimulator/Epilogue.build/Epilogue-own-target-headers.hmap (in target 'Epilogue' from project 'Epilogue')
    cd /Users/kris/Epilogue/Epilogue
    write-file /Users/kris/Epilogue/build/Build/Intermediates.noindex/Epilogue.build/Debug-iphonesimulator/Epilogue.build/Epilogue-own-target-headers.hmap

WriteAuxiliaryFile /Users/kris/Epilogue/build/Build/Intermediates.noindex/Epilogue.build/Debug-iphonesimulator/Epilogue.build/Epilogue-generated-files.hmap (in target 'Epilogue' from project 'Epilogue')
    cd /Users/kris/Epilogue/Epilogue
    write-file /Users/kris/Epilogue/build/Build/Intermediates.noindex/Epilogue.build/Debug-iphonesimulator/Epilogue.build/Epilogue-generated-files.hmap

WriteAuxiliaryFile /Users/kris/Epilogue/build/Build/Intermediates.noindex/Epilogue.build/Debug-iphonesimulator/Epilogue.build/Epilogue-all-target-headers.hmap (in target 'Epilogue' from project 'Epilogue')
    cd /Users/kris/Epilogue/Epilogue
    write-file /Users/kris/Epilogue/build/Build/Intermediates.noindex/Epilogue.build/Debug-iphonesimulator/Epilogue.build/Epilogue-all-target-headers.hmap

WriteAuxiliaryFile /Users/kris/Epilogue/build/Build/Intermediates.noindex/Epilogue.build/Debug-iphonesimulator/Epilogue.build/Epilogue-all-non-framework-target-headers.hmap (in target 'Epilogue' from project 'Epilogue')
    cd /Users/kris/Epilogue/Epilogue
    write-file /Users/kris/Epilogue/build/Build/Intermediates.noindex/Epilogue.build/Debug-iphonesimulator/Epilogue.build/Epilogue-all-non-framework-target-headers.hmap

WriteAuxiliaryFile /Users/kris/Epilogue/build/Build/Intermediates.noindex/Epilogue.build/Debug-iphonesimulator/Epilogue.build/Epilogue-DebugDylibPath-normal-x86_64.txt (in target 'Epilogue' from project 'Epilogue')
    cd /Users/kris/Epilogue/Epilogue
    write-file /Users/kris/Epilogue/build/Build/Intermediates.noindex/Epilogue.build/Debug-iphonesimulator/Epilogue.build/Epilogue-DebugDylibPath-normal-x86_64.txt

WriteAuxiliaryFile /Users/kris/Epilogue/build/Build/Intermediates.noindex/Epilogue.build/Debug-iphonesimulator/Epilogue.build/Epilogue-DebugDylibPath-normal-arm64.txt (in target 'Epilogue' from project 'Epilogue')
    cd /Users/kris/Epilogue/Epilogue
    write-file /Users/kris/Epilogue/build/Build/Intermediates.noindex/Epilogue.build/Debug-iphonesimulator/Epilogue.build/Epilogue-DebugDylibPath-normal-arm64.txt

WriteAuxiliaryFile /Users/kris/Epilogue/build/Build/Intermediates.noindex/Epilogue.build/Debug-iphonesimulator/Epilogue.build/Epilogue-DebugDylibInstallName-normal-x86_64.txt (in target 'Epilogue' from project 'Epilogue')
    cd /Users/kris/Epilogue/Epilogue
    write-file /Users/kris/Epilogue/build/Build/Intermediates.noindex/Epilogue.build/Debug-iphonesimulator/Epilogue.build/Epilogue-DebugDylibInstallName-normal-x86_64.txt

WriteAuxiliaryFile /Users/kris/Epilogue/build/Build/Intermediates.noindex/Epilogue.build/Debug-iphonesimulator/Epilogue.build/Epilogue-DebugDylibInstallName-normal-arm64.txt (in target 'Epilogue' from project 'Epilogue')
    cd /Users/kris/Epilogue/Epilogue
    write-file /Users/kris/Epilogue/build/Build/Intermediates.noindex/Epilogue.build/Debug-iphonesimulator/Epilogue.build/Epilogue-DebugDylibInstallName-normal-arm64.txt

WriteAuxiliaryFile /Users/kris/Epilogue/build/Build/Intermediates.noindex/Epilogue.build/Debug-iphonesimulator/Epilogue.build/DerivedSources/Entitlements-Simulated.plist (in target 'Epilogue' from project 'Epilogue')
    cd /Users/kris/Epilogue/Epilogue
    write-file /Users/kris/Epilogue/build/Build/Intermediates.noindex/Epilogue.build/Debug-iphonesimulator/Epilogue.build/DerivedSources/Entitlements-Simulated.plist

WriteAuxiliaryFile /Users/kris/Epilogue/build/Build/Intermediates.noindex/swift-argument-parser.build/Debug-iphonesimulator/ArgumentParserToolInfo.build/Objects-normal/x86_64/ArgumentParserToolInfo.SwiftFileList (in target 'ArgumentParserToolInfo' from project 'swift-argument-parser')
    cd /Users/kris/Epilogue/build/SourcePackages/checkouts/swift-argument-parser
    write-file /Users/kris/Epilogue/build/Build/Intermediates.noindex/swift-argument-parser.build/Debug-iphonesimulator/ArgumentParserToolInfo.build/Objects-normal/x86_64/ArgumentParserToolInfo.SwiftFileList

WriteAuxiliaryFile /Users/kris/Epilogue/build/Build/Intermediates.noindex/swift-argument-parser.build/Debug-iphonesimulator/ArgumentParserToolInfo.build/Objects-normal/x86_64/ArgumentParserToolInfo_const_extract_protocols.json (in target 'ArgumentParserToolInfo' from project 'swift-argument-parser')
    cd /Users/kris/Epilogue/build/SourcePackages/checkouts/swift-argument-parser
    write-file /Users/kris/Epilogue/build/Build/Intermediates.noindex/swift-argument-parser.build/Debug-iphonesimulator/ArgumentParserToolInfo.build/Objects-normal/x86_64/ArgumentParserToolInfo_const_extract_protocols.json

WriteAuxiliaryFile /Users/kris/Epilogue/build/Build/Intermediates.noindex/swift-argument-parser.build/Debug-iphonesimulator/ArgumentParserToolInfo.build/Objects-normal/x86_64/ArgumentParserToolInfo.SwiftConstValuesFileList (in target 'ArgumentParserToolInfo' from project 'swift-argument-parser')
    cd /Users/kris/Epilogue/build/SourcePackages/checkouts/swift-argument-parser
    write-file /Users/kris/Epilogue/build/Build/Intermediates.noindex/swift-argument-parser.build/Debug-iphonesimulator/ArgumentParserToolInfo.build/Objects-normal/x86_64/ArgumentParserToolInfo.SwiftConstValuesFileList

WriteAuxiliaryFile /Users/kris/Epilogue/build/Build/Intermediates.noindex/swift-argument-parser.build/Debug-iphonesimulator/ArgumentParserToolInfo.build/Objects-normal/x86_64/ArgumentParserToolInfo.LinkFileList (in target 'ArgumentParserToolInfo' from project 'swift-argument-parser')
    cd /Users/kris/Epilogue/build/SourcePackages/checkouts/swift-argument-parser
    write-file /Users/kris/Epilogue/build/Build/Intermediates.noindex/swift-argument-parser.build/Debug-iphonesimulator/ArgumentParserToolInfo.build/Objects-normal/x86_64/ArgumentParserToolInfo.LinkFileList

WriteAuxiliaryFile /Users/kris/Epilogue/build/Build/Intermediates.noindex/swift-argument-parser.build/Debug-iphonesimulator/ArgumentParserToolInfo.build/Objects-normal/x86_64/ArgumentParserToolInfo-OutputFileMap.json (in target 'ArgumentParserToolInfo' from project 'swift-argument-parser')
    cd /Users/kris/Epilogue/build/SourcePackages/checkouts/swift-argument-parser
    write-file /Users/kris/Epilogue/build/Build/Intermediates.noindex/swift-argument-parser.build/Debug-iphonesimulator/ArgumentParserToolInfo.build/Objects-normal/x86_64/ArgumentParserToolInfo-OutputFileMap.json

WriteAuxiliaryFile /Users/kris/Epilogue/build/Build/Intermediates.noindex/swift-argument-parser.build/Debug-iphonesimulator/ArgumentParserToolInfo.build/Objects-normal/arm64/ArgumentParserToolInfo_const_extract_protocols.json (in target 'ArgumentParserToolInfo' from project 'swift-argument-parser')
    cd /Users/kris/Epilogue/build/SourcePackages/checkouts/swift-argument-parser
    write-file /Users/kris/Epilogue/build/Build/Intermediates.noindex/swift-argument-parser.build/Debug-iphonesimulator/ArgumentParserToolInfo.build/Objects-normal/arm64/ArgumentParserToolInfo_const_extract_protocols.json

WriteAuxiliaryFile /Users/kris/Epilogue/build/Build/Intermediates.noindex/swift-argument-parser.build/Debug-iphonesimulator/ArgumentParserToolInfo.build/Objects-normal/arm64/ArgumentParserToolInfo.SwiftFileList (in target 'ArgumentParserToolInfo' from project 'swift-argument-parser')
    cd /Users/kris/Epilogue/build/SourcePackages/checkouts/swift-argument-parser
    write-file /Users/kris/Epilogue/build/Build/Intermediates.noindex/swift-argument-parser.build/Debug-iphonesimulator/ArgumentParserToolInfo.build/Objects-normal/arm64/ArgumentParserToolInfo.SwiftFileList

WriteAuxiliaryFile /Users/kris/Epilogue/build/Build/Intermediates.noindex/swift-argument-parser.build/Debug-iphonesimulator/ArgumentParserToolInfo.build/Objects-normal/arm64/ArgumentParserToolInfo.SwiftConstValuesFileList (in target 'ArgumentParserToolInfo' from project 'swift-argument-parser')
    cd /Users/kris/Epilogue/build/SourcePackages/checkouts/swift-argument-parser
    write-file /Users/kris/Epilogue/build/Build/Intermediates.noindex/swift-argument-parser.build/Debug-iphonesimulator/ArgumentParserToolInfo.build/Objects-normal/arm64/ArgumentParserToolInfo.SwiftConstValuesFileList

WriteAuxiliaryFile /Users/kris/Epilogue/build/Build/Intermediates.noindex/swift-argument-parser.build/Debug-iphonesimulator/ArgumentParserToolInfo.build/Objects-normal/arm64/ArgumentParserToolInfo.LinkFileList (in target 'ArgumentParserToolInfo' from project 'swift-argument-parser')
    cd /Users/kris/Epilogue/build/SourcePackages/checkouts/swift-argument-parser
    write-file /Users/kris/Epilogue/build/Build/Intermediates.noindex/swift-argument-parser.build/Debug-iphonesimulator/ArgumentParserToolInfo.build/Objects-normal/arm64/ArgumentParserToolInfo.LinkFileList

WriteAuxiliaryFile /Users/kris/Epilogue/build/Build/Intermediates.noindex/swift-argument-parser.build/Debug-iphonesimulator/ArgumentParserToolInfo.build/Objects-normal/arm64/ArgumentParserToolInfo-OutputFileMap.json (in target 'ArgumentParserToolInfo' from project 'swift-argument-parser')
    cd /Users/kris/Epilogue/build/SourcePackages/checkouts/swift-argument-parser
    write-file /Users/kris/Epilogue/build/Build/Intermediates.noindex/swift-argument-parser.build/Debug-iphonesimulator/ArgumentParserToolInfo.build/Objects-normal/arm64/ArgumentParserToolInfo-OutputFileMap.json

WriteAuxiliaryFile /Users/kris/Epilogue/build/Build/Intermediates.noindex/swift-argument-parser.build/Debug-iphonesimulator/ArgumentParserToolInfo.build/ArgumentParserToolInfo.modulemap (in target 'ArgumentParserToolInfo' from project 'swift-argument-parser')
    cd /Users/kris/Epilogue/build/SourcePackages/checkouts/swift-argument-parser
    write-file /Users/kris/Epilogue/build/Build/Intermediates.noindex/swift-argument-parser.build/Debug-iphonesimulator/ArgumentParserToolInfo.build/ArgumentParserToolInfo.modulemap

WriteAuxiliaryFile /Users/kris/Epilogue/build/Build/Intermediates.noindex/swift-argument-parser.build/Debug-iphonesimulator/ArgumentParserToolInfo.build/ArgumentParserToolInfo.DependencyStaticMetadataFileList (in target 'ArgumentParserToolInfo' from project 'swift-argument-parser')
    cd /Users/kris/Epilogue/build/SourcePackages/checkouts/swift-argument-parser
    write-file /Users/kris/Epilogue/build/Build/Intermediates.noindex/swift-argument-parser.build/Debug-iphonesimulator/ArgumentParserToolInfo.build/ArgumentParserToolInfo.DependencyStaticMetadataFileList

WriteAuxiliaryFile /Users/kris/Epilogue/build/Build/Intermediates.noindex/swift-argument-parser.build/Debug-iphonesimulator/ArgumentParserToolInfo.build/ArgumentParserToolInfo.DependencyMetadataFileList (in target 'ArgumentParserToolInfo' from project 'swift-argument-parser')
    cd /Users/kris/Epilogue/build/SourcePackages/checkouts/swift-argument-parser
    write-file /Users/kris/Epilogue/build/Build/Intermediates.noindex/swift-argument-parser.build/Debug-iphonesimulator/ArgumentParserToolInfo.build/ArgumentParserToolInfo.DependencyMetadataFileList

WriteAuxiliaryFile /Users/kris/Epilogue/build/Build/Intermediates.noindex/swift-argument-parser.build/Debug-iphonesimulator/ArgumentParser.build/Objects-normal/x86_64/ArgumentParser_const_extract_protocols.json (in target 'ArgumentParser' from project 'swift-argument-parser')
    cd /Users/kris/Epilogue/build/SourcePackages/checkouts/swift-argument-parser
    write-file /Users/kris/Epilogue/build/Build/Intermediates.noindex/swift-argument-parser.build/Debug-iphonesimulator/ArgumentParser.build/Objects-normal/x86_64/ArgumentParser_const_extract_protocols.json

WriteAuxiliaryFile /Users/kris/Epilogue/build/Build/Intermediates.noindex/swift-argument-parser.build/Debug-iphonesimulator/ArgumentParser.build/Objects-normal/x86_64/ArgumentParser.SwiftFileList (in target 'ArgumentParser' from project 'swift-argument-parser')
    cd /Users/kris/Epilogue/build/SourcePackages/checkouts/swift-argument-parser
    write-file /Users/kris/Epilogue/build/Build/Intermediates.noindex/swift-argument-parser.build/Debug-iphonesimulator/ArgumentParser.build/Objects-normal/x86_64/ArgumentParser.SwiftFileList

WriteAuxiliaryFile /Users/kris/Epilogue/build/Build/Intermediates.noindex/swift-argument-parser.build/Debug-iphonesimulator/ArgumentParser.build/Objects-normal/x86_64/ArgumentParser.SwiftConstValuesFileList (in target 'ArgumentParser' from project 'swift-argument-parser')
    cd /Users/kris/Epilogue/build/SourcePackages/checkouts/swift-argument-parser
    write-file /Users/kris/Epilogue/build/Build/Intermediates.noindex/swift-argument-parser.build/Debug-iphonesimulator/ArgumentParser.build/Objects-normal/x86_64/ArgumentParser.SwiftConstValuesFileList

WriteAuxiliaryFile /Users/kris/Epilogue/build/Build/Intermediates.noindex/swift-argument-parser.build/Debug-iphonesimulator/ArgumentParser.build/Objects-normal/x86_64/ArgumentParser.LinkFileList (in target 'ArgumentParser' from project 'swift-argument-parser')
    cd /Users/kris/Epilogue/build/SourcePackages/checkouts/swift-argument-parser
    write-file /Users/kris/Epilogue/build/Build/Intermediates.noindex/swift-argument-parser.build/Debug-iphonesimulator/ArgumentParser.build/Objects-normal/x86_64/ArgumentParser.LinkFileList

WriteAuxiliaryFile /Users/kris/Epilogue/build/Build/Intermediates.noindex/swift-argument-parser.build/Debug-iphonesimulator/ArgumentParser.build/Objects-normal/x86_64/ArgumentParser-OutputFileMap.json (in target 'ArgumentParser' from project 'swift-argument-parser')
    cd /Users/kris/Epilogue/build/SourcePackages/checkouts/swift-argument-parser
    write-file /Users/kris/Epilogue/build/Build/Intermediates.noindex/swift-argument-parser.build/Debug-iphonesimulator/ArgumentParser.build/Objects-normal/x86_64/ArgumentParser-OutputFileMap.json

WriteAuxiliaryFile /Users/kris/Epilogue/build/Build/Intermediates.noindex/swift-argument-parser.build/Debug-iphonesimulator/ArgumentParser.build/Objects-normal/arm64/ArgumentParser_const_extract_protocols.json (in target 'ArgumentParser' from project 'swift-argument-parser')
    cd /Users/kris/Epilogue/build/SourcePackages/checkouts/swift-argument-parser
    write-file /Users/kris/Epilogue/build/Build/Intermediates.noindex/swift-argument-parser.build/Debug-iphonesimulator/ArgumentParser.build/Objects-normal/arm64/ArgumentParser_const_extract_protocols.json

WriteAuxiliaryFile /Users/kris/Epilogue/build/Build/Intermediates.noindex/swift-argument-parser.build/Debug-iphonesimulator/ArgumentParser.build/Objects-normal/arm64/ArgumentParser.SwiftConstValuesFileList (in target 'ArgumentParser' from project 'swift-argument-parser')
    cd /Users/kris/Epilogue/build/SourcePackages/checkouts/swift-argument-parser
    write-file /Users/kris/Epilogue/build/Build/Intermediates.noindex/swift-argument-parser.build/Debug-iphonesimulator/ArgumentParser.build/Objects-normal/arm64/ArgumentParser.SwiftConstValuesFileList

WriteAuxiliaryFile /Users/kris/Epilogue/build/Build/Intermediates.noindex/swift-argument-parser.build/Debug-iphonesimulator/ArgumentParser.build/Objects-normal/arm64/ArgumentParser.SwiftFileList (in target 'ArgumentParser' from project 'swift-argument-parser')
    cd /Users/kris/Epilogue/build/SourcePackages/checkouts/swift-argument-parser
    write-file /Users/kris/Epilogue/build/Build/Intermediates.noindex/swift-argument-parser.build/Debug-iphonesimulator/ArgumentParser.build/Objects-normal/arm64/ArgumentParser.SwiftFileList

WriteAuxiliaryFile /Users/kris/Epilogue/build/Build/Intermediates.noindex/swift-argument-parser.build/Debug-iphonesimulator/ArgumentParser.build/Objects-normal/arm64/ArgumentParser.LinkFileList (in target 'ArgumentParser' from project 'swift-argument-parser')
    cd /Users/kris/Epilogue/build/SourcePackages/checkouts/swift-argument-parser
    write-file /Users/kris/Epilogue/build/Build/Intermediates.noindex/swift-argument-parser.build/Debug-iphonesimulator/ArgumentParser.build/Objects-normal/arm64/ArgumentParser.LinkFileList

WriteAuxiliaryFile /Users/kris/Epilogue/build/Build/Intermediates.noindex/swift-argument-parser.build/Debug-iphonesimulator/ArgumentParser.build/Objects-normal/arm64/ArgumentParser-OutputFileMap.json (in target 'ArgumentParser' from project 'swift-argument-parser')
    cd /Users/kris/Epilogue/build/SourcePackages/checkouts/swift-argument-parser
    write-file /Users/kris/Epilogue/build/Build/Intermediates.noindex/swift-argument-parser.build/Debug-iphonesimulator/ArgumentParser.build/Objects-normal/arm64/ArgumentParser-OutputFileMap.json

WriteAuxiliaryFile /Users/kris/Epilogue/build/Build/Intermediates.noindex/swift-argument-parser.build/Debug-iphonesimulator/ArgumentParser.build/ArgumentParser.modulemap (in target 'ArgumentParser' from project 'swift-argument-parser')
    cd /Users/kris/Epilogue/build/SourcePackages/checkouts/swift-argument-parser
    write-file /Users/kris/Epilogue/build/Build/Intermediates.noindex/swift-argument-parser.build/Debug-iphonesimulator/ArgumentParser.build/ArgumentParser.modulemap

Copy /Users/kris/Epilogue/build/Build/Intermediates.noindex/GeneratedModuleMaps-iphonesimulator/ArgumentParserToolInfo.modulemap /Users/kris/Epilogue/build/Build/Intermediates.noindex/swift-argument-parser.build/Debug-iphonesimulator/ArgumentParserToolInfo.build/ArgumentParserToolInfo.modulemap (in target 'ArgumentParserToolInfo' from project 'swift-argument-parser')
    cd /Users/kris/Epilogue/build/SourcePackages/checkouts/swift-argument-parser
    builtin-copy -exclude .DS_Store -exclude CVS -exclude .svn -exclude .git -exclude .hg -resolve-src-symlinks /Users/kris/Epilogue/build/Build/Intermediates.noindex/swift-argument-parser.build/Debug-iphonesimulator/ArgumentParserToolInfo.build/ArgumentParserToolInfo.modulemap /Users/kris/Epilogue/build/Build/Intermediates.noindex/GeneratedModuleMaps-iphonesimulator

WriteAuxiliaryFile /Users/kris/Epilogue/build/Build/Intermediates.noindex/swift-argument-parser.build/Debug-iphonesimulator/ArgumentParser.build/ArgumentParser.DependencyStaticMetadataFileList (in target 'ArgumentParser' from project 'swift-argument-parser')
    cd /Users/kris/Epilogue/build/SourcePackages/checkouts/swift-argument-parser
    write-file /Users/kris/Epilogue/build/Build/Intermediates.noindex/swift-argument-parser.build/Debug-iphonesimulator/ArgumentParser.build/ArgumentParser.DependencyStaticMetadataFileList

WriteAuxiliaryFile /Users/kris/Epilogue/build/Build/Intermediates.noindex/swift-argument-parser.build/Debug-iphonesimulator/ArgumentParser.build/ArgumentParser.DependencyMetadataFileList (in target 'ArgumentParser' from project 'swift-argument-parser')
    cd /Users/kris/Epilogue/build/SourcePackages/checkouts/swift-argument-parser
    write-file /Users/kris/Epilogue/build/Build/Intermediates.noindex/swift-argument-parser.build/Debug-iphonesimulator/ArgumentParser.build/ArgumentParser.DependencyMetadataFileList

MkDir /Users/kris/Epilogue/build/Build/Products/Debug-iphonesimulator/swift-transformers_Hub.bundle (in target 'swift-transformers_Hub' from project 'swift-transformers')
    cd /Users/kris/Epilogue/build/SourcePackages/checkouts/swift-transformers
    /bin/mkdir -p /Users/kris/Epilogue/build/Build/Products/Debug-iphonesimulator/swift-transformers_Hub.bundle

MkDir /Users/kris/Epilogue/build/Build/Products/Debug-iphonesimulator/PackageFrameworks/WhisperKit.framework (in target 'WhisperKit' from project 'whisperkit')
    cd /Users/kris/Epilogue/build/SourcePackages/checkouts/WhisperKit
    /bin/mkdir -p /Users/kris/Epilogue/build/Build/Products/Debug-iphonesimulator/PackageFrameworks/WhisperKit.framework

MkDir /Users/kris/Epilogue/build/Build/Products/Debug-iphonesimulator/PackageFrameworks/Transformers_79FFCAD726DD9D12_PackageProduct.framework (in target 'Transformers' from project 'swift-transformers')
    cd /Users/kris/Epilogue/build/SourcePackages/checkouts/swift-transformers
    /bin/mkdir -p /Users/kris/Epilogue/build/Build/Products/Debug-iphonesimulator/PackageFrameworks/Transformers_79FFCAD726DD9D12_PackageProduct.framework

Copy /Users/kris/Epilogue/build/Build/Intermediates.noindex/GeneratedModuleMaps-iphonesimulator/ArgumentParser.modulemap /Users/kris/Epilogue/build/Build/Intermediates.noindex/swift-argument-parser.build/Debug-iphonesimulator/ArgumentParser.build/ArgumentParser.modulemap (in target 'ArgumentParser' from project 'swift-argument-parser')
    cd /Users/kris/Epilogue/build/SourcePackages/checkouts/swift-argument-parser
    builtin-copy -exclude .DS_Store -exclude CVS -exclude .svn -exclude .git -exclude .hg -resolve-src-symlinks /Users/kris/Epilogue/build/Build/Intermediates.noindex/swift-argument-parser.build/Debug-iphonesimulator/ArgumentParser.build/ArgumentParser.modulemap /Users/kris/Epilogue/build/Build/Intermediates.noindex/GeneratedModuleMaps-iphonesimulator

MkDir /Users/kris/Epilogue/build/Build/Products/Debug-iphonesimulator/PackageFrameworks/OrderedCollections_1222128174265B56_PackageProduct.framework (in target 'OrderedCollections' from project 'swift-collections')
    cd /Users/kris/Epilogue/build/SourcePackages/checkouts/swift-collections
    /bin/mkdir -p /Users/kris/Epilogue/build/Build/Products/Debug-iphonesimulator/PackageFrameworks/OrderedCollections_1222128174265B56_PackageProduct.framework

MkDir /Users/kris/Epilogue/build/Build/Products/Debug-iphonesimulator/PackageFrameworks/Jinja_C5899F34211_PackageProduct.framework (in target 'Jinja' from project 'Jinja')
    cd /Users/kris/Epilogue/build/SourcePackages/checkouts/Jinja
    /bin/mkdir -p /Users/kris/Epilogue/build/Build/Products/Debug-iphonesimulator/PackageFrameworks/Jinja_C5899F34211_PackageProduct.framework

MkDir /Users/kris/Epilogue/build/Build/Products/Debug-iphonesimulator/EpilogueUITests-Runner.app/PlugIns/EpilogueUITests.xctest (in target 'EpilogueUITests' from project 'Epilogue')
    cd /Users/kris/Epilogue/Epilogue
    /bin/mkdir -p /Users/kris/Epilogue/build/Build/Products/Debug-iphonesimulator/EpilogueUITests-Runner.app/PlugIns/EpilogueUITests.xctest

MkDir /Users/kris/Epilogue/build/Build/Products/Debug-iphonesimulator/Epilogue.app/PlugIns/EpilogueTests.xctest (in target 'EpilogueTests' from project 'Epilogue')
    cd /Users/kris/Epilogue/Epilogue
    /bin/mkdir -p /Users/kris/Epilogue/build/Build/Products/Debug-iphonesimulator/Epilogue.app/PlugIns/EpilogueTests.xctest

MkDir /Users/kris/Epilogue/build/Build/Products/Debug-iphonesimulator/Epilogue.app/PlugIns (in target 'Epilogue' from project 'Epilogue')
    cd /Users/kris/Epilogue/Epilogue
    /bin/mkdir -p /Users/kris/Epilogue/build/Build/Products/Debug-iphonesimulator/Epilogue.app/PlugIns

MkDir /Users/kris/Epilogue/build/Build/Products/Debug-iphonesimulator/Epilogue.app/Frameworks (in target 'Epilogue' from project 'Epilogue')
    cd /Users/kris/Epilogue/Epilogue
    /bin/mkdir -p /Users/kris/Epilogue/build/Build/Products/Debug-iphonesimulator/Epilogue.app/Frameworks

MkDir /Users/kris/Epilogue/build/Build/Products/Debug-iphonesimulator/Epilogue.app (in target 'Epilogue' from project 'Epilogue')
    cd /Users/kris/Epilogue/Epilogue
    /bin/mkdir -p /Users/kris/Epilogue/build/Build/Products/Debug-iphonesimulator/Epilogue.app

CpResource /Users/kris/Epilogue/build/Build/Products/Debug-iphonesimulator/swift-transformers_Hub.bundle/t5_tokenizer_config.json /Users/kris/Epilogue/build/SourcePackages/checkouts/swift-transformers/Sources/Hub/FallbackConfigs/t5_tokenizer_config.json (in target 'swift-transformers_Hub' from project 'swift-transformers')
    cd /Users/kris/Epilogue/build/SourcePackages/checkouts/swift-transformers
    builtin-copy -exclude .DS_Store -exclude CVS -exclude .svn -exclude .git -exclude .hg -resolve-src-symlinks /Users/kris/Epilogue/build/SourcePackages/checkouts/swift-transformers/Sources/Hub/FallbackConfigs/t5_tokenizer_config.json /Users/kris/Epilogue/build/Build/Products/Debug-iphonesimulator/swift-transformers_Hub.bundle

ProcessInfoPlistFile /Users/kris/Epilogue/build/Build/Products/Debug-iphonesimulator/swift-transformers_Hub.bundle/Info.plist /Users/kris/Epilogue/build/Build/Intermediates.noindex/swift-transformers.build/Debug-iphonesimulator/swift-transformers_Hub.build/empty-swift-transformers_Hub.plist (in target 'swift-transformers_Hub' from project 'swift-transformers')
    cd /Users/kris/Epilogue/build/SourcePackages/checkouts/swift-transformers
    builtin-infoPlistUtility /Users/kris/Epilogue/build/Build/Intermediates.noindex/swift-transformers.build/Debug-iphonesimulator/swift-transformers_Hub.build/empty-swift-transformers_Hub.plist -producttype com.apple.product-type.bundle -expandbuildsettings -format binary -platform iphonesimulator -o /Users/kris/Epilogue/build/Build/Products/Debug-iphonesimulator/swift-transformers_Hub.bundle/Info.plist

CpResource /Users/kris/Epilogue/build/Build/Products/Debug-iphonesimulator/swift-transformers_Hub.bundle/gpt2_tokenizer_config.json /Users/kris/Epilogue/build/SourcePackages/checkouts/swift-transformers/Sources/Hub/FallbackConfigs/gpt2_tokenizer_config.json (in target 'swift-transformers_Hub' from project 'swift-transformers')
    cd /Users/kris/Epilogue/build/SourcePackages/checkouts/swift-transformers
    builtin-copy -exclude .DS_Store -exclude CVS -exclude .svn -exclude .git -exclude .hg -resolve-src-symlinks /Users/kris/Epilogue/build/SourcePackages/checkouts/swift-transformers/Sources/Hub/FallbackConfigs/gpt2_tokenizer_config.json /Users/kris/Epilogue/build/Build/Products/Debug-iphonesimulator/swift-transformers_Hub.bundle

CodeSign /Users/kris/Epilogue/build/Build/Products/Debug-iphonesimulator/swift-transformers_Hub.bundle (in target 'swift-transformers_Hub' from project 'swift-transformers')
    cd /Users/kris/Epilogue/build/SourcePackages/checkouts/swift-transformers
    
    Signing Identity:     "Sign to Run Locally"
    
    /usr/bin/codesign --force --sign - --timestamp\=none --generate-entitlement-der /Users/kris/Epilogue/build/Build/Products/Debug-iphonesimulator/swift-transformers_Hub.bundle

RegisterExecutionPolicyException /Users/kris/Epilogue/build/Build/Products/Debug-iphonesimulator/swift-transformers_Hub.bundle (in target 'swift-transformers_Hub' from project 'swift-transformers')
    cd /Users/kris/Epilogue/build/SourcePackages/checkouts/swift-transformers
    builtin-RegisterExecutionPolicyException /Users/kris/Epilogue/build/Build/Products/Debug-iphonesimulator/swift-transformers_Hub.bundle

Touch /Users/kris/Epilogue/build/Build/Products/Debug-iphonesimulator/swift-transformers_Hub.bundle (in target 'swift-transformers_Hub' from project 'swift-transformers')
    cd /Users/kris/Epilogue/build/SourcePackages/checkouts/swift-transformers
    /usr/bin/touch -c /Users/kris/Epilogue/build/Build/Products/Debug-iphonesimulator/swift-transformers_Hub.bundle

SwiftDriver UIImageColors normal x86_64 com.apple.xcode.tools.swift.compiler (in target 'UIImageColors' from project 'UIImageColors')
    cd /Users/kris/Epilogue/Epilogue/Epilogue.xcodeproj
    builtin-SwiftDriver -- /Applications/Xcode-beta.app/Contents/Developer/Toolchains/XcodeDefault.xctoolchain/usr/bin/swiftc -module-name UIImageColors -Onone -enforce-exclusivity\=checked @/Users/kris/Epilogue/build/Build/Intermediates.noindex/UIImageColors.build/Debug-iphonesimulator/UIImageColors.build/Objects-normal/x86_64/UIImageColors.SwiftFileList -DSWIFT_PACKAGE -DDEBUG -DSWIFT_MODULE_RESOURCE_BUNDLE_UNAVAILABLE -DXcode -plugin-path /Applications/Xcode-beta.app/Contents/Developer/Toolchains/XcodeDefault.xctoolchain/usr/lib/swift/host/plugins/testing -enable-experimental-feature DebugDescriptionMacro -sdk /Applications/Xcode-beta.app/Contents/Developer/Platforms/iPhoneSimulator.platform/Developer/SDKs/iPhoneSimulator26.0.sdk -target x86_64-apple-ios12.0-simulator -g -module-cache-path /Users/kris/Epilogue/build/ModuleCache.noindex -Xfrontend -serialize-debugging-options -profile-coverage-mapping -profile-generate -enable-testing -suppress-warnings -index-store-path /Users/kris/Epilogue/build/Index.noindex/DataStore -Xcc -D_LIBCPP_HARDENING_MODE\=_LIBCPP_HARDENING_MODE_DEBUG -swift-version 5 -I /Users/kris/Epilogue/build/Build/Products/Debug-iphonesimulator -Isystem /Applications/Xcode-beta.app/Contents/Developer/Platforms/iPhoneSimulator.platform/Developer/usr/lib -F /Users/kris/Epilogue/build/Build/Products/Debug-iphonesimulator -F /Applications/Xcode-beta.app/Contents/Developer/Platforms/iPhoneSimulator.platform/Developer/Library/Frameworks -F /Applications/Xcode-beta.app/Contents/Developer/Platforms/iPhoneSimulator.platform/Developer/SDKs/iPhoneSimulator26.0.sdk/Developer/Library/Frameworks -parse-as-library -c -j12 -enable-batch-mode -incremental -Xcc -ivfsstatcache -Xcc /Users/kris/Epilogue/build/SDKStatCaches.noindex/iphonesimulator26.0-23A5297f-3885c01c3e6b6a337905948deab2002efc862078e33f881139a9d2f83bd1a9d0.sdkstatcache -output-file-map /Users/kris/Epilogue/build/Build/Intermediates.noindex/UIImageColors.build/Debug-iphonesimulator/UIImageColors.build/Objects-normal/x86_64/UIImageColors-OutputFileMap.json -use-frontend-parseable-output -save-temps -no-color-diagnostics -explicit-module-build -module-cache-path /Users/kris/Epilogue/build/Build/Intermediates.noindex/SwiftExplicitPrecompiledModules -clang-scanner-module-cache-path /Users/kris/Epilogue/build/ModuleCache.noindex -sdk-module-cache-path /Users/kris/Epilogue/build/ModuleCache.noindex -serialize-diagnostics -emit-dependencies -emit-module -emit-module-path /Users/kris/Epilogue/build/Build/Intermediates.noindex/UIImageColors.build/Debug-iphonesimulator/UIImageColors.build/Objects-normal/x86_64/UIImageColors.swiftmodule -validate-clang-modules-once -clang-build-session-file /Users/kris/Epilogue/build/ModuleCache.noindex/Session.modulevalidation -Xcc -I/Users/kris/Epilogue/build/Build/Intermediates.noindex/UIImageColors.build/Debug-iphonesimulator/UIImageColors.build/swift-overrides.hmap -emit-const-values -Xfrontend -const-gather-protocols-file -Xfrontend /Users/kris/Epilogue/build/Build/Intermediates.noindex/UIImageColors.build/Debug-iphonesimulator/UIImageColors.build/Objects-normal/x86_64/UIImageColors_const_extract_protocols.json -Xcc -I/Users/kris/Epilogue/build/Build/Products/Debug-iphonesimulator/include -Xcc -I/Users/kris/Epilogue/build/Build/Intermediates.noindex/UIImageColors.build/Debug-iphonesimulator/UIImageColors.build/DerivedSources-normal/x86_64 -Xcc -I/Users/kris/Epilogue/build/Build/Intermediates.noindex/UIImageColors.build/Debug-iphonesimulator/UIImageColors.build/DerivedSources/x86_64 -Xcc -I/Users/kris/Epilogue/build/Build/Intermediates.noindex/UIImageColors.build/Debug-iphonesimulator/UIImageColors.build/DerivedSources -Xcc -DSWIFT_PACKAGE -Xcc -DDEBUG\=1 -emit-objc-header -emit-objc-header-path /Users/kris/Epilogue/build/Build/Intermediates.noindex/UIImageColors.build/Debug-iphonesimulator/UIImageColors.build/Objects-normal/x86_64/UIImageColors-Swift.h -working-directory /Users/kris/Epilogue/Epilogue/Epilogue.xcodeproj -experimental-emit-module-separately -disable-cmo

SwiftDriver TensorUtils normal x86_64 com.apple.xcode.tools.swift.compiler (in target 'TensorUtils' from project 'swift-transformers')
    cd /Users/kris/Epilogue/Epilogue/Epilogue.xcodeproj
    builtin-SwiftDriver -- /Applications/Xcode-beta.app/Contents/Developer/Toolchains/XcodeDefault.xctoolchain/usr/bin/swiftc -module-name TensorUtils -Onone -enforce-exclusivity\=checked @/Users/kris/Epilogue/build/Build/Intermediates.noindex/swift-transformers.build/Debug-iphonesimulator/TensorUtils.build/Objects-normal/x86_64/TensorUtils.SwiftFileList -DSWIFT_PACKAGE -DDEBUG -DSWIFT_MODULE_RESOURCE_BUNDLE_UNAVAILABLE -DXcode -plugin-path /Applications/Xcode-beta.app/Contents/Developer/Toolchains/XcodeDefault.xctoolchain/usr/lib/swift/host/plugins/testing -enable-experimental-feature DebugDescriptionMacro -sdk /Applications/Xcode-beta.app/Contents/Developer/Platforms/iPhoneSimulator.platform/Developer/SDKs/iPhoneSimulator26.0.sdk -target x86_64-apple-ios16.0-simulator -g -module-cache-path /Users/kris/Epilogue/build/ModuleCache.noindex -Xfrontend -serialize-debugging-options -profile-coverage-mapping -profile-generate -enable-testing -suppress-warnings -index-store-path /Users/kris/Epilogue/build/Index.noindex/DataStore -Xcc -D_LIBCPP_HARDENING_MODE\=_LIBCPP_HARDENING_MODE_DEBUG -swift-version 5 -I /Users/kris/Epilogue/build/Build/Products/Debug-iphonesimulator -Isystem /Applications/Xcode-beta.app/Contents/Developer/Platforms/iPhoneSimulator.platform/Developer/usr/lib -F /Users/kris/Epilogue/build/Build/Products/Debug-iphonesimulator -F /Applications/Xcode-beta.app/Contents/Developer/Platforms/iPhoneSimulator.platform/Developer/Library/Frameworks -F /Applications/Xcode-beta.app/Contents/Developer/Platforms/iPhoneSimulator.platform/Developer/SDKs/iPhoneSimulator26.0.sdk/Developer/Library/Frameworks -c -j12 -enable-batch-mode -incremental -Xcc -ivfsstatcache -Xcc /Users/kris/Epilogue/build/SDKStatCaches.noindex/iphonesimulator26.0-23A5297f-3885c01c3e6b6a337905948deab2002efc862078e33f881139a9d2f83bd1a9d0.sdkstatcache -output-file-map /Users/kris/Epilogue/build/Build/Intermediates.noindex/swift-transformers.build/Debug-iphonesimulator/TensorUtils.build/Objects-normal/x86_64/TensorUtils-OutputFileMap.json -use-frontend-parseable-output -save-temps -no-color-diagnostics -explicit-module-build -module-cache-path /Users/kris/Epilogue/build/Build/Intermediates.noindex/SwiftExplicitPrecompiledModules -clang-scanner-module-cache-path /Users/kris/Epilogue/build/ModuleCache.noindex -sdk-module-cache-path /Users/kris/Epilogue/build/ModuleCache.noindex -serialize-diagnostics -emit-dependencies -emit-module -emit-module-path /Users/kris/Epilogue/build/Build/Intermediates.noindex/swift-transformers.build/Debug-iphonesimulator/TensorUtils.build/Objects-normal/x86_64/TensorUtils.swiftmodule -validate-clang-modules-once -clang-build-session-file /Users/kris/Epilogue/build/ModuleCache.noindex/Session.modulevalidation -Xcc -I/Users/kris/Epilogue/build/Build/Intermediates.noindex/swift-transformers.build/Debug-iphonesimulator/TensorUtils.build/swift-overrides.hmap -emit-const-values -Xfrontend -const-gather-protocols-file -Xfrontend /Users/kris/Epilogue/build/Build/Intermediates.noindex/swift-transformers.build/Debug-iphonesimulator/TensorUtils.build/Objects-normal/x86_64/TensorUtils_const_extract_protocols.json -Xcc -I/Users/kris/Epilogue/build/Build/Products/Debug-iphonesimulator/include -Xcc -I/Users/kris/Epilogue/build/Build/Intermediates.noindex/swift-transformers.build/Debug-iphonesimulator/TensorUtils.build/DerivedSources-normal/x86_64 -Xcc -I/Users/kris/Epilogue/build/Build/Intermediates.noindex/swift-transformers.build/Debug-iphonesimulator/TensorUtils.build/DerivedSources/x86_64 -Xcc -I/Users/kris/Epilogue/build/Build/Intermediates.noindex/swift-transformers.build/Debug-iphonesimulator/TensorUtils.build/DerivedSources -Xcc -DSWIFT_PACKAGE -Xcc -DDEBUG\=1 -emit-objc-header -emit-objc-header-path /Users/kris/Epilogue/build/Build/Intermediates.noindex/swift-transformers.build/Debug-iphonesimulator/TensorUtils.build/Objects-normal/x86_64/TensorUtils-Swift.h -working-directory /Users/kris/Epilogue/Epilogue/Epilogue.xcodeproj -experimental-emit-module-separately -disable-cmo

SwiftDriver UIImageColors normal arm64 com.apple.xcode.tools.swift.compiler (in target 'UIImageColors' from project 'UIImageColors')
    cd /Users/kris/Epilogue/Epilogue/Epilogue.xcodeproj
    builtin-SwiftDriver -- /Applications/Xcode-beta.app/Contents/Developer/Toolchains/XcodeDefault.xctoolchain/usr/bin/swiftc -module-name UIImageColors -Onone -enforce-exclusivity\=checked @/Users/kris/Epilogue/build/Build/Intermediates.noindex/UIImageColors.build/Debug-iphonesimulator/UIImageColors.build/Objects-normal/arm64/UIImageColors.SwiftFileList -DSWIFT_PACKAGE -DDEBUG -DSWIFT_MODULE_RESOURCE_BUNDLE_UNAVAILABLE -DXcode -plugin-path /Applications/Xcode-beta.app/Contents/Developer/Toolchains/XcodeDefault.xctoolchain/usr/lib/swift/host/plugins/testing -enable-experimental-feature DebugDescriptionMacro -sdk /Applications/Xcode-beta.app/Contents/Developer/Platforms/iPhoneSimulator.platform/Developer/SDKs/iPhoneSimulator26.0.sdk -target arm64-apple-ios12.0-simulator -g -module-cache-path /Users/kris/Epilogue/build/ModuleCache.noindex -Xfrontend -serialize-debugging-options -profile-coverage-mapping -profile-generate -enable-testing -suppress-warnings -index-store-path /Users/kris/Epilogue/build/Index.noindex/DataStore -Xcc -D_LIBCPP_HARDENING_MODE\=_LIBCPP_HARDENING_MODE_DEBUG -swift-version 5 -I /Users/kris/Epilogue/build/Build/Products/Debug-iphonesimulator -Isystem /Applications/Xcode-beta.app/Contents/Developer/Platforms/iPhoneSimulator.platform/Developer/usr/lib -F /Users/kris/Epilogue/build/Build/Products/Debug-iphonesimulator -F /Applications/Xcode-beta.app/Contents/Developer/Platforms/iPhoneSimulator.platform/Developer/Library/Frameworks -F /Applications/Xcode-beta.app/Contents/Developer/Platforms/iPhoneSimulator.platform/Developer/SDKs/iPhoneSimulator26.0.sdk/Developer/Library/Frameworks -parse-as-library -c -j12 -enable-batch-mode -incremental -Xcc -ivfsstatcache -Xcc /Users/kris/Epilogue/build/SDKStatCaches.noindex/iphonesimulator26.0-23A5297f-3885c01c3e6b6a337905948deab2002efc862078e33f881139a9d2f83bd1a9d0.sdkstatcache -output-file-map /Users/kris/Epilogue/build/Build/Intermediates.noindex/UIImageColors.build/Debug-iphonesimulator/UIImageColors.build/Objects-normal/arm64/UIImageColors-OutputFileMap.json -use-frontend-parseable-output -save-temps -no-color-diagnostics -explicit-module-build -module-cache-path /Users/kris/Epilogue/build/Build/Intermediates.noindex/SwiftExplicitPrecompiledModules -clang-scanner-module-cache-path /Users/kris/Epilogue/build/ModuleCache.noindex -sdk-module-cache-path /Users/kris/Epilogue/build/ModuleCache.noindex -serialize-diagnostics -emit-dependencies -emit-module -emit-module-path /Users/kris/Epilogue/build/Build/Intermediates.noindex/UIImageColors.build/Debug-iphonesimulator/UIImageColors.build/Objects-normal/arm64/UIImageColors.swiftmodule -validate-clang-modules-once -clang-build-session-file /Users/kris/Epilogue/build/ModuleCache.noindex/Session.modulevalidation -Xcc -I/Users/kris/Epilogue/build/Build/Intermediates.noindex/UIImageColors.build/Debug-iphonesimulator/UIImageColors.build/swift-overrides.hmap -emit-const-values -Xfrontend -const-gather-protocols-file -Xfrontend /Users/kris/Epilogue/build/Build/Intermediates.noindex/UIImageColors.build/Debug-iphonesimulator/UIImageColors.build/Objects-normal/arm64/UIImageColors_const_extract_protocols.json -Xcc -I/Users/kris/Epilogue/build/Build/Products/Debug-iphonesimulator/include -Xcc -I/Users/kris/Epilogue/build/Build/Intermediates.noindex/UIImageColors.build/Debug-iphonesimulator/UIImageColors.build/DerivedSources-normal/arm64 -Xcc -I/Users/kris/Epilogue/build/Build/Intermediates.noindex/UIImageColors.build/Debug-iphonesimulator/UIImageColors.build/DerivedSources/arm64 -Xcc -I/Users/kris/Epilogue/build/Build/Intermediates.noindex/UIImageColors.build/Debug-iphonesimulator/UIImageColors.build/DerivedSources -Xcc -DSWIFT_PACKAGE -Xcc -DDEBUG\=1 -emit-objc-header -emit-objc-header-path /Users/kris/Epilogue/build/Build/Intermediates.noindex/UIImageColors.build/Debug-iphonesimulator/UIImageColors.build/Objects-normal/arm64/UIImageColors-Swift.h -working-directory /Users/kris/Epilogue/Epilogue/Epilogue.xcodeproj -experimental-emit-module-separately -disable-cmo

SwiftDriver TensorUtils normal arm64 com.apple.xcode.tools.swift.compiler (in target 'TensorUtils' from project 'swift-transformers')
    cd /Users/kris/Epilogue/Epilogue/Epilogue.xcodeproj
    builtin-SwiftDriver -- /Applications/Xcode-beta.app/Contents/Developer/Toolchains/XcodeDefault.xctoolchain/usr/bin/swiftc -module-name TensorUtils -Onone -enforce-exclusivity\=checked @/Users/kris/Epilogue/build/Build/Intermediates.noindex/swift-transformers.build/Debug-iphonesimulator/TensorUtils.build/Objects-normal/arm64/TensorUtils.SwiftFileList -DSWIFT_PACKAGE -DDEBUG -DSWIFT_MODULE_RESOURCE_BUNDLE_UNAVAILABLE -DXcode -plugin-path /Applications/Xcode-beta.app/Contents/Developer/Toolchains/XcodeDefault.xctoolchain/usr/lib/swift/host/plugins/testing -enable-experimental-feature DebugDescriptionMacro -sdk /Applications/Xcode-beta.app/Contents/Developer/Platforms/iPhoneSimulator.platform/Developer/SDKs/iPhoneSimulator26.0.sdk -target arm64-apple-ios16.0-simulator -g -module-cache-path /Users/kris/Epilogue/build/ModuleCache.noindex -Xfrontend -serialize-debugging-options -profile-coverage-mapping -profile-generate -enable-testing -suppress-warnings -index-store-path /Users/kris/Epilogue/build/Index.noindex/DataStore -Xcc -D_LIBCPP_HARDENING_MODE\=_LIBCPP_HARDENING_MODE_DEBUG -swift-version 5 -I /Users/kris/Epilogue/build/Build/Products/Debug-iphonesimulator -Isystem /Applications/Xcode-beta.app/Contents/Developer/Platforms/iPhoneSimulator.platform/Developer/usr/lib -F /Users/kris/Epilogue/build/Build/Products/Debug-iphonesimulator -F /Applications/Xcode-beta.app/Contents/Developer/Platforms/iPhoneSimulator.platform/Developer/Library/Frameworks -F /Applications/Xcode-beta.app/Contents/Developer/Platforms/iPhoneSimulator.platform/Developer/SDKs/iPhoneSimulator26.0.sdk/Developer/Library/Frameworks -c -j12 -enable-batch-mode -incremental -Xcc -ivfsstatcache -Xcc /Users/kris/Epilogue/build/SDKStatCaches.noindex/iphonesimulator26.0-23A5297f-3885c01c3e6b6a337905948deab2002efc862078e33f881139a9d2f83bd1a9d0.sdkstatcache -output-file-map /Users/kris/Epilogue/build/Build/Intermediates.noindex/swift-transformers.build/Debug-iphonesimulator/TensorUtils.build/Objects-normal/arm64/TensorUtils-OutputFileMap.json -use-frontend-parseable-output -save-temps -no-color-diagnostics -explicit-module-build -module-cache-path /Users/kris/Epilogue/build/Build/Intermediates.noindex/SwiftExplicitPrecompiledModules -clang-scanner-module-cache-path /Users/kris/Epilogue/build/ModuleCache.noindex -sdk-module-cache-path /Users/kris/Epilogue/build/ModuleCache.noindex -serialize-diagnostics -emit-dependencies -emit-module -emit-module-path /Users/kris/Epilogue/build/Build/Intermediates.noindex/swift-transformers.build/Debug-iphonesimulator/TensorUtils.build/Objects-normal/arm64/TensorUtils.swiftmodule -validate-clang-modules-once -clang-build-session-file /Users/kris/Epilogue/build/ModuleCache.noindex/Session.modulevalidation -Xcc -I/Users/kris/Epilogue/build/Build/Intermediates.noindex/swift-transformers.build/Debug-iphonesimulator/TensorUtils.build/swift-overrides.hmap -emit-const-values -Xfrontend -const-gather-protocols-file -Xfrontend /Users/kris/Epilogue/build/Build/Intermediates.noindex/swift-transformers.build/Debug-iphonesimulator/TensorUtils.build/Objects-normal/arm64/TensorUtils_const_extract_protocols.json -Xcc -I/Users/kris/Epilogue/build/Build/Products/Debug-iphonesimulator/include -Xcc -I/Users/kris/Epilogue/build/Build/Intermediates.noindex/swift-transformers.build/Debug-iphonesimulator/TensorUtils.build/DerivedSources-normal/arm64 -Xcc -I/Users/kris/Epilogue/build/Build/Intermediates.noindex/swift-transformers.build/Debug-iphonesimulator/TensorUtils.build/DerivedSources/arm64 -Xcc -I/Users/kris/Epilogue/build/Build/Intermediates.noindex/swift-transformers.build/Debug-iphonesimulator/TensorUtils.build/DerivedSources -Xcc -DSWIFT_PACKAGE -Xcc -DDEBUG\=1 -emit-objc-header -emit-objc-header-path /Users/kris/Epilogue/build/Build/Intermediates.noindex/swift-transformers.build/Debug-iphonesimulator/TensorUtils.build/Objects-normal/arm64/TensorUtils-Swift.h -working-directory /Users/kris/Epilogue/Epilogue/Epilogue.xcodeproj -experimental-emit-module-separately -disable-cmo

SwiftDriver InternalCollectionsUtilities normal arm64 com.apple.xcode.tools.swift.compiler (in target 'InternalCollectionsUtilities' from project 'swift-collections')
    cd /Users/kris/Epilogue/Epilogue/Epilogue.xcodeproj
    builtin-SwiftDriver -- /Applications/Xcode-beta.app/Contents/Developer/Toolchains/XcodeDefault.xctoolchain/usr/bin/swiftc -module-name InternalCollectionsUtilities -Onone -enforce-exclusivity\=checked @/Users/kris/Epilogue/build/Build/Intermediates.noindex/swift-collections.build/Debug-iphonesimulator/InternalCollectionsUtilities.build/Objects-normal/arm64/InternalCollectionsUtilities.SwiftFileList -DSWIFT_PACKAGE -DDEBUG -DSWIFT_MODULE_RESOURCE_BUNDLE_UNAVAILABLE -DCOLLECTIONS_RANDOMIZED_TESTING -DXcode -plugin-path /Applications/Xcode-beta.app/Contents/Developer/Toolchains/XcodeDefault.xctoolchain/usr/lib/swift/host/plugins/testing -enable-experimental-feature DebugDescriptionMacro -sdk /Applications/Xcode-beta.app/Contents/Developer/Platforms/iPhoneSimulator.platform/Developer/SDKs/iPhoneSimulator26.0.sdk -target arm64-apple-ios12.0-simulator -g -module-cache-path /Users/kris/Epilogue/build/ModuleCache.noindex -Xfrontend -serialize-debugging-options -profile-coverage-mapping -profile-generate -enable-testing -suppress-warnings -index-store-path /Users/kris/Epilogue/build/Index.noindex/DataStore -Xcc -D_LIBCPP_HARDENING_MODE\=_LIBCPP_HARDENING_MODE_DEBUG -swift-version 5 -I /Users/kris/Epilogue/build/Build/Products/Debug-iphonesimulator -Isystem /Applications/Xcode-beta.app/Contents/Developer/Platforms/iPhoneSimulator.platform/Developer/usr/lib -F /Users/kris/Epilogue/build/Build/Products/Debug-iphonesimulator -F /Applications/Xcode-beta.app/Contents/Developer/Platforms/iPhoneSimulator.platform/Developer/Library/Frameworks -F /Applications/Xcode-beta.app/Contents/Developer/Platforms/iPhoneSimulator.platform/Developer/SDKs/iPhoneSimulator26.0.sdk/Developer/Library/Frameworks -c -j12 -enable-batch-mode -incremental -Xcc -ivfsstatcache -Xcc /Users/kris/Epilogue/build/SDKStatCaches.noindex/iphonesimulator26.0-23A5297f-3885c01c3e6b6a337905948deab2002efc862078e33f881139a9d2f83bd1a9d0.sdkstatcache -output-file-map /Users/kris/Epilogue/build/Build/Intermediates.noindex/swift-collections.build/Debug-iphonesimulator/InternalCollectionsUtilities.build/Objects-normal/arm64/InternalCollectionsUtilities-OutputFileMap.json -use-frontend-parseable-output -save-temps -no-color-diagnostics -explicit-module-build -module-cache-path /Users/kris/Epilogue/build/Build/Intermediates.noindex/SwiftExplicitPrecompiledModules -clang-scanner-module-cache-path /Users/kris/Epilogue/build/ModuleCache.noindex -sdk-module-cache-path /Users/kris/Epilogue/build/ModuleCache.noindex -serialize-diagnostics -emit-dependencies -emit-module -emit-module-path /Users/kris/Epilogue/build/Build/Intermediates.noindex/swift-collections.build/Debug-iphonesimulator/InternalCollectionsUtilities.build/Objects-normal/arm64/InternalCollectionsUtilities.swiftmodule -validate-clang-modules-once -clang-build-session-file /Users/kris/Epilogue/build/ModuleCache.noindex/Session.modulevalidation -package-name swift_collections -Xcc -I/Users/kris/Epilogue/build/Build/Intermediates.noindex/swift-collections.build/Debug-iphonesimulator/InternalCollectionsUtilities.build/swift-overrides.hmap -emit-const-values -Xfrontend -const-gather-protocols-file -Xfrontend /Users/kris/Epilogue/build/Build/Intermediates.noindex/swift-collections.build/Debug-iphonesimulator/InternalCollectionsUtilities.build/Objects-normal/arm64/InternalCollectionsUtilities_const_extract_protocols.json -Xcc -I/Users/kris/Epilogue/build/Build/Products/Debug-iphonesimulator/include -Xcc -I/Users/kris/Epilogue/build/Build/Intermediates.noindex/swift-collections.build/Debug-iphonesimulator/InternalCollectionsUtilities.build/DerivedSources-normal/arm64 -Xcc -I/Users/kris/Epilogue/build/Build/Intermediates.noindex/swift-collections.build/Debug-iphonesimulator/InternalCollectionsUtilities.build/DerivedSources/arm64 -Xcc -I/Users/kris/Epilogue/build/Build/Intermediates.noindex/swift-collections.build/Debug-iphonesimulator/InternalCollectionsUtilities.build/DerivedSources -Xcc -DSWIFT_PACKAGE -Xcc -DDEBUG\=1 -emit-objc-header -emit-objc-header-path /Users/kris/Epilogue/build/Build/Intermediates.noindex/swift-collections.build/Debug-iphonesimulator/InternalCollectionsUtilities.build/Objects-normal/arm64/InternalCollectionsUtilities-Swift.h -working-directory /Users/kris/Epilogue/Epilogue/Epilogue.xcodeproj -experimental-emit-module-separately -disable-cmo

SwiftDriver InternalCollectionsUtilities normal x86_64 com.apple.xcode.tools.swift.compiler (in target 'InternalCollectionsUtilities' from project 'swift-collections')
    cd /Users/kris/Epilogue/Epilogue/Epilogue.xcodeproj
    builtin-SwiftDriver -- /Applications/Xcode-beta.app/Contents/Developer/Toolchains/XcodeDefault.xctoolchain/usr/bin/swiftc -module-name InternalCollectionsUtilities -Onone -enforce-exclusivity\=checked @/Users/kris/Epilogue/build/Build/Intermediates.noindex/swift-collections.build/Debug-iphonesimulator/InternalCollectionsUtilities.build/Objects-normal/x86_64/InternalCollectionsUtilities.SwiftFileList -DSWIFT_PACKAGE -DDEBUG -DSWIFT_MODULE_RESOURCE_BUNDLE_UNAVAILABLE -DCOLLECTIONS_RANDOMIZED_TESTING -DXcode -plugin-path /Applications/Xcode-beta.app/Contents/Developer/Toolchains/XcodeDefault.xctoolchain/usr/lib/swift/host/plugins/testing -enable-experimental-feature DebugDescriptionMacro -sdk /Applications/Xcode-beta.app/Contents/Developer/Platforms/iPhoneSimulator.platform/Developer/SDKs/iPhoneSimulator26.0.sdk -target x86_64-apple-ios12.0-simulator -g -module-cache-path /Users/kris/Epilogue/build/ModuleCache.noindex -Xfrontend -serialize-debugging-options -profile-coverage-mapping -profile-generate -enable-testing -suppress-warnings -index-store-path /Users/kris/Epilogue/build/Index.noindex/DataStore -Xcc -D_LIBCPP_HARDENING_MODE\=_LIBCPP_HARDENING_MODE_DEBUG -swift-version 5 -I /Users/kris/Epilogue/build/Build/Products/Debug-iphonesimulator -Isystem /Applications/Xcode-beta.app/Contents/Developer/Platforms/iPhoneSimulator.platform/Developer/usr/lib -F /Users/kris/Epilogue/build/Build/Products/Debug-iphonesimulator -F /Applications/Xcode-beta.app/Contents/Developer/Platforms/iPhoneSimulator.platform/Developer/Library/Frameworks -F /Applications/Xcode-beta.app/Contents/Developer/Platforms/iPhoneSimulator.platform/Developer/SDKs/iPhoneSimulator26.0.sdk/Developer/Library/Frameworks -c -j12 -enable-batch-mode -incremental -Xcc -ivfsstatcache -Xcc /Users/kris/Epilogue/build/SDKStatCaches.noindex/iphonesimulator26.0-23A5297f-3885c01c3e6b6a337905948deab2002efc862078e33f881139a9d2f83bd1a9d0.sdkstatcache -output-file-map /Users/kris/Epilogue/build/Build/Intermediates.noindex/swift-collections.build/Debug-iphonesimulator/InternalCollectionsUtilities.build/Objects-normal/x86_64/InternalCollectionsUtilities-OutputFileMap.json -use-frontend-parseable-output -save-temps -no-color-diagnostics -explicit-module-build -module-cache-path /Users/kris/Epilogue/build/Build/Intermediates.noindex/SwiftExplicitPrecompiledModules -clang-scanner-module-cache-path /Users/kris/Epilogue/build/ModuleCache.noindex -sdk-module-cache-path /Users/kris/Epilogue/build/ModuleCache.noindex -serialize-diagnostics -emit-dependencies -emit-module -emit-module-path /Users/kris/Epilogue/build/Build/Intermediates.noindex/swift-collections.build/Debug-iphonesimulator/InternalCollectionsUtilities.build/Objects-normal/x86_64/InternalCollectionsUtilities.swiftmodule -validate-clang-modules-once -clang-build-session-file /Users/kris/Epilogue/build/ModuleCache.noindex/Session.modulevalidation -package-name swift_collections -Xcc -I/Users/kris/Epilogue/build/Build/Intermediates.noindex/swift-collections.build/Debug-iphonesimulator/InternalCollectionsUtilities.build/swift-overrides.hmap -emit-const-values -Xfrontend -const-gather-protocols-file -Xfrontend /Users/kris/Epilogue/build/Build/Intermediates.noindex/swift-collections.build/Debug-iphonesimulator/InternalCollectionsUtilities.build/Objects-normal/x86_64/InternalCollectionsUtilities_const_extract_protocols.json -Xcc -I/Users/kris/Epilogue/build/Build/Products/Debug-iphonesimulator/include -Xcc -I/Users/kris/Epilogue/build/Build/Intermediates.noindex/swift-collections.build/Debug-iphonesimulator/InternalCollectionsUtilities.build/DerivedSources-normal/x86_64 -Xcc -I/Users/kris/Epilogue/build/Build/Intermediates.noindex/swift-collections.build/Debug-iphonesimulator/InternalCollectionsUtilities.build/DerivedSources/x86_64 -Xcc -I/Users/kris/Epilogue/build/Build/Intermediates.noindex/swift-collections.build/Debug-iphonesimulator/InternalCollectionsUtilities.build/DerivedSources -Xcc -DSWIFT_PACKAGE -Xcc -DDEBUG\=1 -emit-objc-header -emit-objc-header-path /Users/kris/Epilogue/build/Build/Intermediates.noindex/swift-collections.build/Debug-iphonesimulator/InternalCollectionsUtilities.build/Objects-normal/x86_64/InternalCollectionsUtilities-Swift.h -working-directory /Users/kris/Epilogue/Epilogue/Epilogue.xcodeproj -experimental-emit-module-separately -disable-cmo

SwiftDriver Hub normal x86_64 com.apple.xcode.tools.swift.compiler (in target 'Hub' from project 'swift-transformers')
    cd /Users/kris/Epilogue/Epilogue/Epilogue.xcodeproj
    builtin-SwiftDriver -- /Applications/Xcode-beta.app/Contents/Developer/Toolchains/XcodeDefault.xctoolchain/usr/bin/swiftc -module-name Hub -Onone -enforce-exclusivity\=checked @/Users/kris/Epilogue/build/Build/Intermediates.noindex/swift-transformers.build/Debug-iphonesimulator/Hub.build/Objects-normal/x86_64/Hub.SwiftFileList -DSWIFT_PACKAGE -DDEBUG -DSWIFT_MODULE_RESOURCE_BUNDLE_AVAILABLE -DXcode -plugin-path /Applications/Xcode-beta.app/Contents/Developer/Toolchains/XcodeDefault.xctoolchain/usr/lib/swift/host/plugins/testing -enable-experimental-feature DebugDescriptionMacro -sdk /Applications/Xcode-beta.app/Contents/Developer/Platforms/iPhoneSimulator.platform/Developer/SDKs/iPhoneSimulator26.0.sdk -target x86_64-apple-ios16.0-simulator -g -module-cache-path /Users/kris/Epilogue/build/ModuleCache.noindex -Xfrontend -serialize-debugging-options -profile-coverage-mapping -profile-generate -enable-testing -suppress-warnings -index-store-path /Users/kris/Epilogue/build/Index.noindex/DataStore -Xcc -D_LIBCPP_HARDENING_MODE\=_LIBCPP_HARDENING_MODE_DEBUG -swift-version 5 -I /Users/kris/Epilogue/build/Build/Products/Debug-iphonesimulator -Isystem /Applications/Xcode-beta.app/Contents/Developer/Platforms/iPhoneSimulator.platform/Developer/usr/lib -F /Users/kris/Epilogue/build/Build/Products/Debug-iphonesimulator -F /Applications/Xcode-beta.app/Contents/Developer/Platforms/iPhoneSimulator.platform/Developer/Library/Frameworks -F /Applications/Xcode-beta.app/Contents/Developer/Platforms/iPhoneSimulator.platform/Developer/SDKs/iPhoneSimulator26.0.sdk/Developer/Library/Frameworks -c -j12 -enable-batch-mode -incremental -Xcc -ivfsstatcache -Xcc /Users/kris/Epilogue/build/SDKStatCaches.noindex/iphonesimulator26.0-23A5297f-3885c01c3e6b6a337905948deab2002efc862078e33f881139a9d2f83bd1a9d0.sdkstatcache -output-file-map /Users/kris/Epilogue/build/Build/Intermediates.noindex/swift-transformers.build/Debug-iphonesimulator/Hub.build/Objects-normal/x86_64/Hub-OutputFileMap.json -use-frontend-parseable-output -save-temps -no-color-diagnostics -explicit-module-build -module-cache-path /Users/kris/Epilogue/build/Build/Intermediates.noindex/SwiftExplicitPrecompiledModules -clang-scanner-module-cache-path /Users/kris/Epilogue/build/ModuleCache.noindex -sdk-module-cache-path /Users/kris/Epilogue/build/ModuleCache.noindex -serialize-diagnostics -emit-dependencies -emit-module -emit-module-path /Users/kris/Epilogue/build/Build/Intermediates.noindex/swift-transformers.build/Debug-iphonesimulator/Hub.build/Objects-normal/x86_64/Hub.swiftmodule -validate-clang-modules-once -clang-build-session-file /Users/kris/Epilogue/build/ModuleCache.noindex/Session.modulevalidation -Xcc -I/Users/kris/Epilogue/build/Build/Intermediates.noindex/swift-transformers.build/Debug-iphonesimulator/Hub.build/swift-overrides.hmap -emit-const-values -Xfrontend -const-gather-protocols-file -Xfrontend /Users/kris/Epilogue/build/Build/Intermediates.noindex/swift-transformers.build/Debug-iphonesimulator/Hub.build/Objects-normal/x86_64/Hub_const_extract_protocols.json -Xcc -I/Users/kris/Epilogue/build/Build/Products/Debug-iphonesimulator/include -Xcc -I/Users/kris/Epilogue/build/Build/Intermediates.noindex/swift-transformers.build/Debug-iphonesimulator/Hub.build/DerivedSources-normal/x86_64 -Xcc -I/Users/kris/Epilogue/build/Build/Intermediates.noindex/swift-transformers.build/Debug-iphonesimulator/Hub.build/DerivedSources/x86_64 -Xcc -I/Users/kris/Epilogue/build/Build/Intermediates.noindex/swift-transformers.build/Debug-iphonesimulator/Hub.build/DerivedSources -Xcc -DSWIFT_PACKAGE -Xcc -DDEBUG\=1 -emit-objc-header -emit-objc-header-path /Users/kris/Epilogue/build/Build/Intermediates.noindex/swift-transformers.build/Debug-iphonesimulator/Hub.build/Objects-normal/x86_64/Hub-Swift.h -working-directory /Users/kris/Epilogue/Epilogue/Epilogue.xcodeproj -experimental-emit-module-separately -disable-cmo

SwiftDriver Hub normal arm64 com.apple.xcode.tools.swift.compiler (in target 'Hub' from project 'swift-transformers')
    cd /Users/kris/Epilogue/Epilogue/Epilogue.xcodeproj
    builtin-SwiftDriver -- /Applications/Xcode-beta.app/Contents/Developer/Toolchains/XcodeDefault.xctoolchain/usr/bin/swiftc -module-name Hub -Onone -enforce-exclusivity\=checked @/Users/kris/Epilogue/build/Build/Intermediates.noindex/swift-transformers.build/Debug-iphonesimulator/Hub.build/Objects-normal/arm64/Hub.SwiftFileList -DSWIFT_PACKAGE -DDEBUG -DSWIFT_MODULE_RESOURCE_BUNDLE_AVAILABLE -DXcode -plugin-path /Applications/Xcode-beta.app/Contents/Developer/Toolchains/XcodeDefault.xctoolchain/usr/lib/swift/host/plugins/testing -enable-experimental-feature DebugDescriptionMacro -sdk /Applications/Xcode-beta.app/Contents/Developer/Platforms/iPhoneSimulator.platform/Developer/SDKs/iPhoneSimulator26.0.sdk -target arm64-apple-ios16.0-simulator -g -module-cache-path /Users/kris/Epilogue/build/ModuleCache.noindex -Xfrontend -serialize-debugging-options -profile-coverage-mapping -profile-generate -enable-testing -suppress-warnings -index-store-path /Users/kris/Epilogue/build/Index.noindex/DataStore -Xcc -D_LIBCPP_HARDENING_MODE\=_LIBCPP_HARDENING_MODE_DEBUG -swift-version 5 -I /Users/kris/Epilogue/build/Build/Products/Debug-iphonesimulator -Isystem /Applications/Xcode-beta.app/Contents/Developer/Platforms/iPhoneSimulator.platform/Developer/usr/lib -F /Users/kris/Epilogue/build/Build/Products/Debug-iphonesimulator -F /Applications/Xcode-beta.app/Contents/Developer/Platforms/iPhoneSimulator.platform/Developer/Library/Frameworks -F /Applications/Xcode-beta.app/Contents/Developer/Platforms/iPhoneSimulator.platform/Developer/SDKs/iPhoneSimulator26.0.sdk/Developer/Library/Frameworks -c -j12 -enable-batch-mode -incremental -Xcc -ivfsstatcache -Xcc /Users/kris/Epilogue/build/SDKStatCaches.noindex/iphonesimulator26.0-23A5297f-3885c01c3e6b6a337905948deab2002efc862078e33f881139a9d2f83bd1a9d0.sdkstatcache -output-file-map /Users/kris/Epilogue/build/Build/Intermediates.noindex/swift-transformers.build/Debug-iphonesimulator/Hub.build/Objects-normal/arm64/Hub-OutputFileMap.json -use-frontend-parseable-output -save-temps -no-color-diagnostics -explicit-module-build -module-cache-path /Users/kris/Epilogue/build/Build/Intermediates.noindex/SwiftExplicitPrecompiledModules -clang-scanner-module-cache-path /Users/kris/Epilogue/build/ModuleCache.noindex -sdk-module-cache-path /Users/kris/Epilogue/build/ModuleCache.noindex -serialize-diagnostics -emit-dependencies -emit-module -emit-module-path /Users/kris/Epilogue/build/Build/Intermediates.noindex/swift-transformers.build/Debug-iphonesimulator/Hub.build/Objects-normal/arm64/Hub.swiftmodule -validate-clang-modules-once -clang-build-session-file /Users/kris/Epilogue/build/ModuleCache.noindex/Session.modulevalidation -Xcc -I/Users/kris/Epilogue/build/Build/Intermediates.noindex/swift-transformers.build/Debug-iphonesimulator/Hub.build/swift-overrides.hmap -emit-const-values -Xfrontend -const-gather-protocols-file -Xfrontend /Users/kris/Epilogue/build/Build/Intermediates.noindex/swift-transformers.build/Debug-iphonesimulator/Hub.build/Objects-normal/arm64/Hub_const_extract_protocols.json -Xcc -I/Users/kris/Epilogue/build/Build/Products/Debug-iphonesimulator/include -Xcc -I/Users/kris/Epilogue/build/Build/Intermediates.noindex/swift-transformers.build/Debug-iphonesimulator/Hub.build/DerivedSources-normal/arm64 -Xcc -I/Users/kris/Epilogue/build/Build/Intermediates.noindex/swift-transformers.build/Debug-iphonesimulator/Hub.build/DerivedSources/arm64 -Xcc -I/Users/kris/Epilogue/build/Build/Intermediates.noindex/swift-transformers.build/Debug-iphonesimulator/Hub.build/DerivedSources -Xcc -DSWIFT_PACKAGE -Xcc -DDEBUG\=1 -emit-objc-header -emit-objc-header-path /Users/kris/Epilogue/build/Build/Intermediates.noindex/swift-transformers.build/Debug-iphonesimulator/Hub.build/Objects-normal/arm64/Hub-Swift.h -working-directory /Users/kris/Epilogue/Epilogue/Epilogue.xcodeproj -experimental-emit-module-separately -disable-cmo

SwiftDriver ArgumentParserToolInfo normal arm64 com.apple.xcode.tools.swift.compiler (in target 'ArgumentParserToolInfo' from project 'swift-argument-parser')
    cd /Users/kris/Epilogue/Epilogue/Epilogue.xcodeproj
    builtin-SwiftDriver -- /Applications/Xcode-beta.app/Contents/Developer/Toolchains/XcodeDefault.xctoolchain/usr/bin/swiftc -module-name ArgumentParserToolInfo -Onone -enforce-exclusivity\=checked @/Users/kris/Epilogue/build/Build/Intermediates.noindex/swift-argument-parser.build/Debug-iphonesimulator/ArgumentParserToolInfo.build/Objects-normal/arm64/ArgumentParserToolInfo.SwiftFileList -DSWIFT_PACKAGE -DDEBUG -DSWIFT_MODULE_RESOURCE_BUNDLE_UNAVAILABLE -DXcode -plugin-path /Applications/Xcode-beta.app/Contents/Developer/Toolchains/XcodeDefault.xctoolchain/usr/lib/swift/host/plugins/testing -enable-experimental-feature DebugDescriptionMacro -sdk /Applications/Xcode-beta.app/Contents/Developer/Platforms/iPhoneSimulator.platform/Developer/SDKs/iPhoneSimulator26.0.sdk -target arm64-apple-ios12.0-simulator -g -module-cache-path /Users/kris/Epilogue/build/ModuleCache.noindex -Xfrontend -serialize-debugging-options -profile-coverage-mapping -profile-generate -enable-testing -suppress-warnings -index-store-path /Users/kris/Epilogue/build/Index.noindex/DataStore -Xcc -D_LIBCPP_HARDENING_MODE\=_LIBCPP_HARDENING_MODE_DEBUG -swift-version 5 -I /Users/kris/Epilogue/build/Build/Products/Debug-iphonesimulator -Isystem /Applications/Xcode-beta.app/Contents/Developer/Platforms/iPhoneSimulator.platform/Developer/usr/lib -F /Users/kris/Epilogue/build/Build/Products/Debug-iphonesimulator -F /Applications/Xcode-beta.app/Contents/Developer/Platforms/iPhoneSimulator.platform/Developer/Library/Frameworks -F /Applications/Xcode-beta.app/Contents/Developer/Platforms/iPhoneSimulator.platform/Developer/SDKs/iPhoneSimulator26.0.sdk/Developer/Library/Frameworks -parse-as-library -c -j12 -enable-batch-mode -incremental -Xcc -ivfsstatcache -Xcc /Users/kris/Epilogue/build/SDKStatCaches.noindex/iphonesimulator26.0-23A5297f-3885c01c3e6b6a337905948deab2002efc862078e33f881139a9d2f83bd1a9d0.sdkstatcache -output-file-map /Users/kris/Epilogue/build/Build/Intermediates.noindex/swift-argument-parser.build/Debug-iphonesimulator/ArgumentParserToolInfo.build/Objects-normal/arm64/ArgumentParserToolInfo-OutputFileMap.json -use-frontend-parseable-output -save-temps -no-color-diagnostics -explicit-module-build -module-cache-path /Users/kris/Epilogue/build/Build/Intermediates.noindex/SwiftExplicitPrecompiledModules -clang-scanner-module-cache-path /Users/kris/Epilogue/build/ModuleCache.noindex -sdk-module-cache-path /Users/kris/Epilogue/build/ModuleCache.noindex -serialize-diagnostics -emit-dependencies -emit-module -emit-module-path /Users/kris/Epilogue/build/Build/Intermediates.noindex/swift-argument-parser.build/Debug-iphonesimulator/ArgumentParserToolInfo.build/Objects-normal/arm64/ArgumentParserToolInfo.swiftmodule -validate-clang-modules-once -clang-build-session-file /Users/kris/Epilogue/build/ModuleCache.noindex/Session.modulevalidation -Xcc -I/Users/kris/Epilogue/build/Build/Intermediates.noindex/swift-argument-parser.build/Debug-iphonesimulator/ArgumentParserToolInfo.build/swift-overrides.hmap -emit-const-values -Xfrontend -const-gather-protocols-file -Xfrontend /Users/kris/Epilogue/build/Build/Intermediates.noindex/swift-argument-parser.build/Debug-iphonesimulator/ArgumentParserToolInfo.build/Objects-normal/arm64/ArgumentParserToolInfo_const_extract_protocols.json -Xcc -I/Users/kris/Epilogue/build/Build/Products/Debug-iphonesimulator/include -Xcc -I/Users/kris/Epilogue/build/Build/Intermediates.noindex/swift-argument-parser.build/Debug-iphonesimulator/ArgumentParserToolInfo.build/DerivedSources-normal/arm64 -Xcc -I/Users/kris/Epilogue/build/Build/Intermediates.noindex/swift-argument-parser.build/Debug-iphonesimulator/ArgumentParserToolInfo.build/DerivedSources/arm64 -Xcc -I/Users/kris/Epilogue/build/Build/Intermediates.noindex/swift-argument-parser.build/Debug-iphonesimulator/ArgumentParserToolInfo.build/DerivedSources -Xcc -DSWIFT_PACKAGE -Xcc -DDEBUG\=1 -emit-objc-header -emit-objc-header-path /Users/kris/Epilogue/build/Build/Intermediates.noindex/swift-argument-parser.build/Debug-iphonesimulator/ArgumentParserToolInfo.build/Objects-normal/arm64/ArgumentParserToolInfo-Swift.h -working-directory /Users/kris/Epilogue/Epilogue/Epilogue.xcodeproj -experimental-emit-module-separately -disable-cmo

SwiftDriver ArgumentParserToolInfo normal x86_64 com.apple.xcode.tools.swift.compiler (in target 'ArgumentParserToolInfo' from project 'swift-argument-parser')
    cd /Users/kris/Epilogue/Epilogue/Epilogue.xcodeproj
    builtin-SwiftDriver -- /Applications/Xcode-beta.app/Contents/Developer/Toolchains/XcodeDefault.xctoolchain/usr/bin/swiftc -module-name ArgumentParserToolInfo -Onone -enforce-exclusivity\=checked @/Users/kris/Epilogue/build/Build/Intermediates.noindex/swift-argument-parser.build/Debug-iphonesimulator/ArgumentParserToolInfo.build/Objects-normal/x86_64/ArgumentParserToolInfo.SwiftFileList -DSWIFT_PACKAGE -DDEBUG -DSWIFT_MODULE_RESOURCE_BUNDLE_UNAVAILABLE -DXcode -plugin-path /Applications/Xcode-beta.app/Contents/Developer/Toolchains/XcodeDefault.xctoolchain/usr/lib/swift/host/plugins/testing -enable-experimental-feature DebugDescriptionMacro -sdk /Applications/Xcode-beta.app/Contents/Developer/Platforms/iPhoneSimulator.platform/Developer/SDKs/iPhoneSimulator26.0.sdk -target x86_64-apple-ios12.0-simulator -g -module-cache-path /Users/kris/Epilogue/build/ModuleCache.noindex -Xfrontend -serialize-debugging-options -profile-coverage-mapping -profile-generate -enable-testing -suppress-warnings -index-store-path /Users/kris/Epilogue/build/Index.noindex/DataStore -Xcc -D_LIBCPP_HARDENING_MODE\=_LIBCPP_HARDENING_MODE_DEBUG -swift-version 5 -I /Users/kris/Epilogue/build/Build/Products/Debug-iphonesimulator -Isystem /Applications/Xcode-beta.app/Contents/Developer/Platforms/iPhoneSimulator.platform/Developer/usr/lib -F /Users/kris/Epilogue/build/Build/Products/Debug-iphonesimulator -F /Applications/Xcode-beta.app/Contents/Developer/Platforms/iPhoneSimulator.platform/Developer/Library/Frameworks -F /Applications/Xcode-beta.app/Contents/Developer/Platforms/iPhoneSimulator.platform/Developer/SDKs/iPhoneSimulator26.0.sdk/Developer/Library/Frameworks -parse-as-library -c -j12 -enable-batch-mode -incremental -Xcc -ivfsstatcache -Xcc /Users/kris/Epilogue/build/SDKStatCaches.noindex/iphonesimulator26.0-23A5297f-3885c01c3e6b6a337905948deab2002efc862078e33f881139a9d2f83bd1a9d0.sdkstatcache -output-file-map /Users/kris/Epilogue/build/Build/Intermediates.noindex/swift-argument-parser.build/Debug-iphonesimulator/ArgumentParserToolInfo.build/Objects-normal/x86_64/ArgumentParserToolInfo-OutputFileMap.json -use-frontend-parseable-output -save-temps -no-color-diagnostics -explicit-module-build -module-cache-path /Users/kris/Epilogue/build/Build/Intermediates.noindex/SwiftExplicitPrecompiledModules -clang-scanner-module-cache-path /Users/kris/Epilogue/build/ModuleCache.noindex -sdk-module-cache-path /Users/kris/Epilogue/build/ModuleCache.noindex -serialize-diagnostics -emit-dependencies -emit-module -emit-module-path /Users/kris/Epilogue/build/Build/Intermediates.noindex/swift-argument-parser.build/Debug-iphonesimulator/ArgumentParserToolInfo.build/Objects-normal/x86_64/ArgumentParserToolInfo.swiftmodule -validate-clang-modules-once -clang-build-session-file /Users/kris/Epilogue/build/ModuleCache.noindex/Session.modulevalidation -Xcc -I/Users/kris/Epilogue/build/Build/Intermediates.noindex/swift-argument-parser.build/Debug-iphonesimulator/ArgumentParserToolInfo.build/swift-overrides.hmap -emit-const-values -Xfrontend -const-gather-protocols-file -Xfrontend /Users/kris/Epilogue/build/Build/Intermediates.noindex/swift-argument-parser.build/Debug-iphonesimulator/ArgumentParserToolInfo.build/Objects-normal/x86_64/ArgumentParserToolInfo_const_extract_protocols.json -Xcc -I/Users/kris/Epilogue/build/Build/Products/Debug-iphonesimulator/include -Xcc -I/Users/kris/Epilogue/build/Build/Intermediates.noindex/swift-argument-parser.build/Debug-iphonesimulator/ArgumentParserToolInfo.build/DerivedSources-normal/x86_64 -Xcc -I/Users/kris/Epilogue/build/Build/Intermediates.noindex/swift-argument-parser.build/Debug-iphonesimulator/ArgumentParserToolInfo.build/DerivedSources/x86_64 -Xcc -I/Users/kris/Epilogue/build/Build/Intermediates.noindex/swift-argument-parser.build/Debug-iphonesimulator/ArgumentParserToolInfo.build/DerivedSources -Xcc -DSWIFT_PACKAGE -Xcc -DDEBUG\=1 -emit-objc-header -emit-objc-header-path /Users/kris/Epilogue/build/Build/Intermediates.noindex/swift-argument-parser.build/Debug-iphonesimulator/ArgumentParserToolInfo.build/Objects-normal/x86_64/ArgumentParserToolInfo-Swift.h -working-directory /Users/kris/Epilogue/Epilogue/Epilogue.xcodeproj -experimental-emit-module-separately -disable-cmo

SwiftExplicitDependencyGeneratePcm x86_64 /Users/kris/Epilogue/build/ModuleCache.noindex/SwiftShims-CZ8PN74U7AD1J8BBZKWVT2M0V.pcm

SwiftExplicitDependencyGeneratePcm x86_64 /Users/kris/Epilogue/build/ModuleCache.noindex/_SwiftConcurrencyShims-3R86DOU4J799NXNRWMSJL8V5G.pcm

SwiftExplicitDependencyGeneratePcm arm64 /Users/kris/Epilogue/build/ModuleCache.noindex/SwiftShims-CL3NC77E0AHZSSOCKTT1RTV0Y.pcm

SwiftExplicitDependencyGeneratePcm arm64 /Users/kris/Epilogue/build/ModuleCache.noindex/_SwiftConcurrencyShims-9NHUBAJHWFD11Z7L02ZPN4C2E.pcm

SwiftEmitModule normal arm64 Emitting\ module\ for\ InternalCollectionsUtilities (in target 'InternalCollectionsUtilities' from project 'swift-collections')

EmitSwiftModule normal arm64 (in target 'InternalCollectionsUtilities' from project 'swift-collections')
    cd /Users/kris/Epilogue/Epilogue/Epilogue.xcodeproj
    

SwiftEmitModule normal arm64 Emitting\ module\ for\ ArgumentParserToolInfo (in target 'ArgumentParserToolInfo' from project 'swift-argument-parser')

SwiftCompile normal arm64 /Users/kris/Epilogue/build/SourcePackages/checkouts/swift-argument-parser/Sources/ArgumentParserToolInfo/ToolInfo.swift (in target 'ArgumentParserToolInfo' from project 'swift-argument-parser')
    cd /Users/kris/Epilogue/Epilogue/Epilogue.xcodeproj
    

SwiftCompile normal arm64 Compiling\ FixedWidthInteger+roundUpToPowerOfTwo.swift,\ Integer\ rank.swift /Users/kris/Epilogue/build/SourcePackages/checkouts/swift-collections/Sources/InternalCollectionsUtilities/IntegerTricks/autogenerated/FixedWidthInteger+roundUpToPowerOfTwo.swift /Users/kris/Epilogue/build/SourcePackages/checkouts/swift-collections/Sources/InternalCollectionsUtilities/IntegerTricks/autogenerated/Integer\ rank.swift (in target 'InternalCollectionsUtilities' from project 'swift-collections')
SwiftCompile normal arm64 /Users/kris/Epilogue/build/SourcePackages/checkouts/swift-collections/Sources/InternalCollectionsUtilities/IntegerTricks/autogenerated/FixedWidthInteger+roundUpToPowerOfTwo.swift (in target 'InternalCollectionsUtilities' from project 'swift-collections')
    cd /Users/kris/Epilogue/Epilogue/Epilogue.xcodeproj
    

SwiftCompile normal arm64 /Users/kris/Epilogue/build/SourcePackages/checkouts/swift-collections/Sources/InternalCollectionsUtilities/IntegerTricks/autogenerated/Integer\ rank.swift (in target 'InternalCollectionsUtilities' from project 'swift-collections')
    cd /Users/kris/Epilogue/Epilogue/Epilogue.xcodeproj
    

SwiftCompile normal arm64 Compiling\ _UnsafeBitSet.swift /Users/kris/Epilogue/build/SourcePackages/checkouts/swift-collections/Sources/InternalCollectionsUtilities/UnsafeBitSet/autogenerated/_UnsafeBitSet.swift (in target 'InternalCollectionsUtilities' from project 'swift-collections')
SwiftCompile normal arm64 /Users/kris/Epilogue/build/SourcePackages/checkouts/swift-collections/Sources/InternalCollectionsUtilities/UnsafeBitSet/autogenerated/_UnsafeBitSet.swift (in target 'InternalCollectionsUtilities' from project 'swift-collections')
    cd /Users/kris/Epilogue/Epilogue/Epilogue.xcodeproj
    

SwiftCompile normal arm64 Compiling\ _UnsafeBitSet+_Word.swift /Users/kris/Epilogue/build/SourcePackages/checkouts/swift-collections/Sources/InternalCollectionsUtilities/UnsafeBitSet/autogenerated/_UnsafeBitSet+_Word.swift (in target 'InternalCollectionsUtilities' from project 'swift-collections')

SwiftCompile normal arm64 /Users/kris/Epilogue/build/SourcePackages/checkouts/swift-collections/Sources/InternalCollectionsUtilities/UnsafeBitSet/autogenerated/_UnsafeBitSet+_Word.swift (in target 'InternalCollectionsUtilities' from project 'swift-collections')
    cd /Users/kris/Epilogue/Epilogue/Epilogue.xcodeproj
    

SwiftCompile normal arm64 Compiling\ UnsafeMutableBufferPointer+Extras.swift /Users/kris/Epilogue/build/SourcePackages/checkouts/swift-collections/Sources/InternalCollectionsUtilities/autogenerated/UnsafeMutableBufferPointer+Extras.swift (in target 'InternalCollectionsUtilities' from project 'swift-collections')

SwiftCompile normal arm64 /Users/kris/Epilogue/build/SourcePackages/checkouts/swift-collections/Sources/InternalCollectionsUtilities/autogenerated/UnsafeMutableBufferPointer+Extras.swift (in target 'InternalCollectionsUtilities' from project 'swift-collections')
    cd /Users/kris/Epilogue/Epilogue/Epilogue.xcodeproj
    

SwiftEmitModule normal x86_64 Emitting\ module\ for\ InternalCollectionsUtilities (in target 'InternalCollectionsUtilities' from project 'swift-collections')

EmitSwiftModule normal x86_64 (in target 'InternalCollectionsUtilities' from project 'swift-collections')
    cd /Users/kris/Epilogue/Epilogue/Epilogue.xcodeproj
    

SwiftDriverJobDiscovery normal arm64 Emitting module for ArgumentParserToolInfo (in target 'ArgumentParserToolInfo' from project 'swift-argument-parser')

SwiftEmitModule normal x86_64 Emitting\ module\ for\ ArgumentParserToolInfo (in target 'ArgumentParserToolInfo' from project 'swift-argument-parser')

SwiftCompile normal x86_64 /Users/kris/Epilogue/build/SourcePackages/checkouts/swift-argument-parser/Sources/ArgumentParserToolInfo/ToolInfo.swift (in target 'ArgumentParserToolInfo' from project 'swift-argument-parser')
    cd /Users/kris/Epilogue/Epilogue/Epilogue.xcodeproj
    

SwiftDriver\ Compilation\ Requirements ArgumentParserToolInfo normal arm64 com.apple.xcode.tools.swift.compiler (in target 'ArgumentParserToolInfo' from project 'swift-argument-parser')
    cd /Users/kris/Epilogue/Epilogue/Epilogue.xcodeproj
    builtin-Swift-Compilation-Requirements -- /Applications/Xcode-beta.app/Contents/Developer/Toolchains/XcodeDefault.xctoolchain/usr/bin/swiftc -module-name ArgumentParserToolInfo -Onone -enforce-exclusivity\=checked @/Users/kris/Epilogue/build/Build/Intermediates.noindex/swift-argument-parser.build/Debug-iphonesimulator/ArgumentParserToolInfo.build/Objects-normal/arm64/ArgumentParserToolInfo.SwiftFileList -DSWIFT_PACKAGE -DDEBUG -DSWIFT_MODULE_RESOURCE_BUNDLE_UNAVAILABLE -DXcode -plugin-path /Applications/Xcode-beta.app/Contents/Developer/Toolchains/XcodeDefault.xctoolchain/usr/lib/swift/host/plugins/testing -enable-experimental-feature DebugDescriptionMacro -sdk /Applications/Xcode-beta.app/Contents/Developer/Platforms/iPhoneSimulator.platform/Developer/SDKs/iPhoneSimulator26.0.sdk -target arm64-apple-ios12.0-simulator -g -module-cache-path /Users/kris/Epilogue/build/ModuleCache.noindex -Xfrontend -serialize-debugging-options -profile-coverage-mapping -profile-generate -enable-testing -suppress-warnings -index-store-path /Users/kris/Epilogue/build/Index.noindex/DataStore -Xcc -D_LIBCPP_HARDENING_MODE\=_LIBCPP_HARDENING_MODE_DEBUG -swift-version 5 -I /Users/kris/Epilogue/build/Build/Products/Debug-iphonesimulator -Isystem /Applications/Xcode-beta.app/Contents/Developer/Platforms/iPhoneSimulator.platform/Developer/usr/lib -F /Users/kris/Epilogue/build/Build/Products/Debug-iphonesimulator -F /Applications/Xcode-beta.app/Contents/Developer/Platforms/iPhoneSimulator.platform/Developer/Library/Frameworks -F /Applications/Xcode-beta.app/Contents/Developer/Platforms/iPhoneSimulator.platform/Developer/SDKs/iPhoneSimulator26.0.sdk/Developer/Library/Frameworks -parse-as-library -c -j12 -enable-batch-mode -incremental -Xcc -ivfsstatcache -Xcc /Users/kris/Epilogue/build/SDKStatCaches.noindex/iphonesimulator26.0-23A5297f-3885c01c3e6b6a337905948deab2002efc862078e33f881139a9d2f83bd1a9d0.sdkstatcache -output-file-map /Users/kris/Epilogue/build/Build/Intermediates.noindex/swift-argument-parser.build/Debug-iphonesimulator/ArgumentParserToolInfo.build/Objects-normal/arm64/ArgumentParserToolInfo-OutputFileMap.json -use-frontend-parseable-output -save-temps -no-color-diagnostics -explicit-module-build -module-cache-path /Users/kris/Epilogue/build/Build/Intermediates.noindex/SwiftExplicitPrecompiledModules -clang-scanner-module-cache-path /Users/kris/Epilogue/build/ModuleCache.noindex -sdk-module-cache-path /Users/kris/Epilogue/build/ModuleCache.noindex -serialize-diagnostics -emit-dependencies -emit-module -emit-module-path /Users/kris/Epilogue/build/Build/Intermediates.noindex/swift-argument-parser.build/Debug-iphonesimulator/ArgumentParserToolInfo.build/Objects-normal/arm64/ArgumentParserToolInfo.swiftmodule -validate-clang-modules-once -clang-build-session-file /Users/kris/Epilogue/build/ModuleCache.noindex/Session.modulevalidation -Xcc -I/Users/kris/Epilogue/build/Build/Intermediates.noindex/swift-argument-parser.build/Debug-iphonesimulator/ArgumentParserToolInfo.build/swift-overrides.hmap -emit-const-values -Xfrontend -const-gather-protocols-file -Xfrontend /Users/kris/Epilogue/build/Build/Intermediates.noindex/swift-argument-parser.build/Debug-iphonesimulator/ArgumentParserToolInfo.build/Objects-normal/arm64/ArgumentParserToolInfo_const_extract_protocols.json -Xcc -I/Users/kris/Epilogue/build/Build/Products/Debug-iphonesimulator/include -Xcc -I/Users/kris/Epilogue/build/Build/Intermediates.noindex/swift-argument-parser.build/Debug-iphonesimulator/ArgumentParserToolInfo.build/DerivedSources-normal/arm64 -Xcc -I/Users/kris/Epilogue/build/Build/Intermediates.noindex/swift-argument-parser.build/Debug-iphonesimulator/ArgumentParserToolInfo.build/DerivedSources/arm64 -Xcc -I/Users/kris/Epilogue/build/Build/Intermediates.noindex/swift-argument-parser.build/Debug-iphonesimulator/ArgumentParserToolInfo.build/DerivedSources -Xcc -DSWIFT_PACKAGE -Xcc -DDEBUG\=1 -emit-objc-header -emit-objc-header-path /Users/kris/Epilogue/build/Build/Intermediates.noindex/swift-argument-parser.build/Debug-iphonesimulator/ArgumentParserToolInfo.build/Objects-normal/arm64/ArgumentParserToolInfo-Swift.h -working-directory /Users/kris/Epilogue/Epilogue/Epilogue.xcodeproj -experimental-emit-module-separately -disable-cmo

SwiftCompile normal x86_64 Compiling\ Descriptions.swift /Users/kris/Epilogue/build/SourcePackages/checkouts/swift-collections/Sources/InternalCollectionsUtilities/autogenerated/Descriptions.swift (in target 'InternalCollectionsUtilities' from project 'swift-collections')

SwiftCompile normal x86_64 /Users/kris/Epilogue/build/SourcePackages/checkouts/swift-collections/Sources/InternalCollectionsUtilities/autogenerated/Descriptions.swift (in target 'InternalCollectionsUtilities' from project 'swift-collections')
    cd /Users/kris/Epilogue/Epilogue/Epilogue.xcodeproj
    

SwiftDriverJobDiscovery normal x86_64 Emitting module for ArgumentParserToolInfo (in target 'ArgumentParserToolInfo' from project 'swift-argument-parser')

Copy /Users/kris/Epilogue/build/Build/Products/Debug-iphonesimulator/ArgumentParserToolInfo.swiftmodule/arm64-apple-ios-simulator.swiftmodule /Users/kris/Epilogue/build/Build/Intermediates.noindex/swift-argument-parser.build/Debug-iphonesimulator/ArgumentParserToolInfo.build/Objects-normal/arm64/ArgumentParserToolInfo.swiftmodule (in target 'ArgumentParserToolInfo' from project 'swift-argument-parser')
    cd /Users/kris/Epilogue/build/SourcePackages/checkouts/swift-argument-parser
    builtin-copy -exclude .DS_Store -exclude CVS -exclude .svn -exclude .git -exclude .hg -resolve-src-symlinks -rename /Users/kris/Epilogue/build/Build/Intermediates.noindex/swift-argument-parser.build/Debug-iphonesimulator/ArgumentParserToolInfo.build/Objects-normal/arm64/ArgumentParserToolInfo.swiftmodule /Users/kris/Epilogue/build/Build/Products/Debug-iphonesimulator/ArgumentParserToolInfo.swiftmodule/arm64-apple-ios-simulator.swiftmodule

SwiftDriver\ Compilation\ Requirements ArgumentParserToolInfo normal x86_64 com.apple.xcode.tools.swift.compiler (in target 'ArgumentParserToolInfo' from project 'swift-argument-parser')
    cd /Users/kris/Epilogue/Epilogue/Epilogue.xcodeproj
    builtin-Swift-Compilation-Requirements -- /Applications/Xcode-beta.app/Contents/Developer/Toolchains/XcodeDefault.xctoolchain/usr/bin/swiftc -module-name ArgumentParserToolInfo -Onone -enforce-exclusivity\=checked @/Users/kris/Epilogue/build/Build/Intermediates.noindex/swift-argument-parser.build/Debug-iphonesimulator/ArgumentParserToolInfo.build/Objects-normal/x86_64/ArgumentParserToolInfo.SwiftFileList -DSWIFT_PACKAGE -DDEBUG -DSWIFT_MODULE_RESOURCE_BUNDLE_UNAVAILABLE -DXcode -plugin-path /Applications/Xcode-beta.app/Contents/Developer/Toolchains/XcodeDefault.xctoolchain/usr/lib/swift/host/plugins/testing -enable-experimental-feature DebugDescriptionMacro -sdk /Applications/Xcode-beta.app/Contents/Developer/Platforms/iPhoneSimulator.platform/Developer/SDKs/iPhoneSimulator26.0.sdk -target x86_64-apple-ios12.0-simulator -g -module-cache-path /Users/kris/Epilogue/build/ModuleCache.noindex -Xfrontend -serialize-debugging-options -profile-coverage-mapping -profile-generate -enable-testing -suppress-warnings -index-store-path /Users/kris/Epilogue/build/Index.noindex/DataStore -Xcc -D_LIBCPP_HARDENING_MODE\=_LIBCPP_HARDENING_MODE_DEBUG -swift-version 5 -I /Users/kris/Epilogue/build/Build/Products/Debug-iphonesimulator -Isystem /Applications/Xcode-beta.app/Contents/Developer/Platforms/iPhoneSimulator.platform/Developer/usr/lib -F /Users/kris/Epilogue/build/Build/Products/Debug-iphonesimulator -F /Applications/Xcode-beta.app/Contents/Developer/Platforms/iPhoneSimulator.platform/Developer/Library/Frameworks -F /Applications/Xcode-beta.app/Contents/Developer/Platforms/iPhoneSimulator.platform/Developer/SDKs/iPhoneSimulator26.0.sdk/Developer/Library/Frameworks -parse-as-library -c -j12 -enable-batch-mode -incremental -Xcc -ivfsstatcache -Xcc /Users/kris/Epilogue/build/SDKStatCaches.noindex/iphonesimulator26.0-23A5297f-3885c01c3e6b6a337905948deab2002efc862078e33f881139a9d2f83bd1a9d0.sdkstatcache -output-file-map /Users/kris/Epilogue/build/Build/Intermediates.noindex/swift-argument-parser.build/Debug-iphonesimulator/ArgumentParserToolInfo.build/Objects-normal/x86_64/ArgumentParserToolInfo-OutputFileMap.json -use-frontend-parseable-output -save-temps -no-color-diagnostics -explicit-module-build -module-cache-path /Users/kris/Epilogue/build/Build/Intermediates.noindex/SwiftExplicitPrecompiledModules -clang-scanner-module-cache-path /Users/kris/Epilogue/build/ModuleCache.noindex -sdk-module-cache-path /Users/kris/Epilogue/build/ModuleCache.noindex -serialize-diagnostics -emit-dependencies -emit-module -emit-module-path /Users/kris/Epilogue/build/Build/Intermediates.noindex/swift-argument-parser.build/Debug-iphonesimulator/ArgumentParserToolInfo.build/Objects-normal/x86_64/ArgumentParserToolInfo.swiftmodule -validate-clang-modules-once -clang-build-session-file /Users/kris/Epilogue/build/ModuleCache.noindex/Session.modulevalidation -Xcc -I/Users/kris/Epilogue/build/Build/Intermediates.noindex/swift-argument-parser.build/Debug-iphonesimulator/ArgumentParserToolInfo.build/swift-overrides.hmap -emit-const-values -Xfrontend -const-gather-protocols-file -Xfrontend /Users/kris/Epilogue/build/Build/Intermediates.noindex/swift-argument-parser.build/Debug-iphonesimulator/ArgumentParserToolInfo.build/Objects-normal/x86_64/ArgumentParserToolInfo_const_extract_protocols.json -Xcc -I/Users/kris/Epilogue/build/Build/Products/Debug-iphonesimulator/include -Xcc -I/Users/kris/Epilogue/build/Build/Intermediates.noindex/swift-argument-parser.build/Debug-iphonesimulator/ArgumentParserToolInfo.build/DerivedSources-normal/x86_64 -Xcc -I/Users/kris/Epilogue/build/Build/Intermediates.noindex/swift-argument-parser.build/Debug-iphonesimulator/ArgumentParserToolInfo.build/DerivedSources/x86_64 -Xcc -I/Users/kris/Epilogue/build/Build/Intermediates.noindex/swift-argument-parser.build/Debug-iphonesimulator/ArgumentParserToolInfo.build/DerivedSources -Xcc -DSWIFT_PACKAGE -Xcc -DDEBUG\=1 -emit-objc-header -emit-objc-header-path /Users/kris/Epilogue/build/Build/Intermediates.noindex/swift-argument-parser.build/Debug-iphonesimulator/ArgumentParserToolInfo.build/Objects-normal/x86_64/ArgumentParserToolInfo-Swift.h -working-directory /Users/kris/Epilogue/Epilogue/Epilogue.xcodeproj -experimental-emit-module-separately -disable-cmo

Copy /Users/kris/Epilogue/build/Build/Products/Debug-iphonesimulator/ArgumentParserToolInfo.swiftmodule/arm64-apple-ios-simulator.swiftdoc /Users/kris/Epilogue/build/Build/Intermediates.noindex/swift-argument-parser.build/Debug-iphonesimulator/ArgumentParserToolInfo.build/Objects-normal/arm64/ArgumentParserToolInfo.swiftdoc (in target 'ArgumentParserToolInfo' from project 'swift-argument-parser')
    cd /Users/kris/Epilogue/build/SourcePackages/checkouts/swift-argument-parser
    builtin-copy -exclude .DS_Store -exclude CVS -exclude .svn -exclude .git -exclude .hg -resolve-src-symlinks -rename /Users/kris/Epilogue/build/Build/Intermediates.noindex/swift-argument-parser.build/Debug-iphonesimulator/ArgumentParserToolInfo.build/Objects-normal/arm64/ArgumentParserToolInfo.swiftdoc /Users/kris/Epilogue/build/Build/Products/Debug-iphonesimulator/ArgumentParserToolInfo.swiftmodule/arm64-apple-ios-simulator.swiftdoc

SwiftMergeGeneratedHeaders /Users/kris/Epilogue/build/Build/Intermediates.noindex/GeneratedModuleMaps-iphonesimulator/ArgumentParserToolInfo-Swift.h /Users/kris/Epilogue/build/Build/Intermediates.noindex/swift-argument-parser.build/Debug-iphonesimulator/ArgumentParserToolInfo.build/Objects-normal/arm64/ArgumentParserToolInfo-Swift.h /Users/kris/Epilogue/build/Build/Intermediates.noindex/swift-argument-parser.build/Debug-iphonesimulator/ArgumentParserToolInfo.build/Objects-normal/x86_64/ArgumentParserToolInfo-Swift.h (in target 'ArgumentParserToolInfo' from project 'swift-argument-parser')
    cd /Users/kris/Epilogue/build/SourcePackages/checkouts/swift-argument-parser
    builtin-swiftHeaderTool -arch arm64 /Users/kris/Epilogue/build/Build/Intermediates.noindex/swift-argument-parser.build/Debug-iphonesimulator/ArgumentParserToolInfo.build/Objects-normal/arm64/ArgumentParserToolInfo-Swift.h -arch x86_64 /Users/kris/Epilogue/build/Build/Intermediates.noindex/swift-argument-parser.build/Debug-iphonesimulator/ArgumentParserToolInfo.build/Objects-normal/x86_64/ArgumentParserToolInfo-Swift.h -o /Users/kris/Epilogue/build/Build/Intermediates.noindex/GeneratedModuleMaps-iphonesimulator/ArgumentParserToolInfo-Swift.h

Copy /Users/kris/Epilogue/build/Build/Products/Debug-iphonesimulator/ArgumentParserToolInfo.swiftmodule/x86_64-apple-ios-simulator.swiftmodule /Users/kris/Epilogue/build/Build/Intermediates.noindex/swift-argument-parser.build/Debug-iphonesimulator/ArgumentParserToolInfo.build/Objects-normal/x86_64/ArgumentParserToolInfo.swiftmodule (in target 'ArgumentParserToolInfo' from project 'swift-argument-parser')
    cd /Users/kris/Epilogue/build/SourcePackages/checkouts/swift-argument-parser
    builtin-copy -exclude .DS_Store -exclude CVS -exclude .svn -exclude .git -exclude .hg -resolve-src-symlinks -rename /Users/kris/Epilogue/build/Build/Intermediates.noindex/swift-argument-parser.build/Debug-iphonesimulator/ArgumentParserToolInfo.build/Objects-normal/x86_64/ArgumentParserToolInfo.swiftmodule /Users/kris/Epilogue/build/Build/Products/Debug-iphonesimulator/ArgumentParserToolInfo.swiftmodule/x86_64-apple-ios-simulator.swiftmodule

Copy /Users/kris/Epilogue/build/Build/Products/Debug-iphonesimulator/ArgumentParserToolInfo.swiftmodule/x86_64-apple-ios-simulator.swiftdoc /Users/kris/Epilogue/build/Build/Intermediates.noindex/swift-argument-parser.build/Debug-iphonesimulator/ArgumentParserToolInfo.build/Objects-normal/x86_64/ArgumentParserToolInfo.swiftdoc (in target 'ArgumentParserToolInfo' from project 'swift-argument-parser')
    cd /Users/kris/Epilogue/build/SourcePackages/checkouts/swift-argument-parser
    builtin-copy -exclude .DS_Store -exclude CVS -exclude .svn -exclude .git -exclude .hg -resolve-src-symlinks -rename /Users/kris/Epilogue/build/Build/Intermediates.noindex/swift-argument-parser.build/Debug-iphonesimulator/ArgumentParserToolInfo.build/Objects-normal/x86_64/ArgumentParserToolInfo.swiftdoc /Users/kris/Epilogue/build/Build/Products/Debug-iphonesimulator/ArgumentParserToolInfo.swiftmodule/x86_64-apple-ios-simulator.swiftdoc

Copy /Users/kris/Epilogue/build/Build/Products/Debug-iphonesimulator/ArgumentParserToolInfo.swiftmodule/x86_64-apple-ios-simulator.abi.json /Users/kris/Epilogue/build/Build/Intermediates.noindex/swift-argument-parser.build/Debug-iphonesimulator/ArgumentParserToolInfo.build/Objects-normal/x86_64/ArgumentParserToolInfo.abi.json (in target 'ArgumentParserToolInfo' from project 'swift-argument-parser')
    cd /Users/kris/Epilogue/build/SourcePackages/checkouts/swift-argument-parser
    builtin-copy -exclude .DS_Store -exclude CVS -exclude .svn -exclude .git -exclude .hg -resolve-src-symlinks -rename /Users/kris/Epilogue/build/Build/Intermediates.noindex/swift-argument-parser.build/Debug-iphonesimulator/ArgumentParserToolInfo.build/Objects-normal/x86_64/ArgumentParserToolInfo.abi.json /Users/kris/Epilogue/build/Build/Products/Debug-iphonesimulator/ArgumentParserToolInfo.swiftmodule/x86_64-apple-ios-simulator.abi.json

Copy /Users/kris/Epilogue/build/Build/Products/Debug-iphonesimulator/ArgumentParserToolInfo.swiftmodule/arm64-apple-ios-simulator.abi.json /Users/kris/Epilogue/build/Build/Intermediates.noindex/swift-argument-parser.build/Debug-iphonesimulator/ArgumentParserToolInfo.build/Objects-normal/arm64/ArgumentParserToolInfo.abi.json (in target 'ArgumentParserToolInfo' from project 'swift-argument-parser')
    cd /Users/kris/Epilogue/build/SourcePackages/checkouts/swift-argument-parser
    builtin-copy -exclude .DS_Store -exclude CVS -exclude .svn -exclude .git -exclude .hg -resolve-src-symlinks -rename /Users/kris/Epilogue/build/Build/Intermediates.noindex/swift-argument-parser.build/Debug-iphonesimulator/ArgumentParserToolInfo.build/Objects-normal/arm64/ArgumentParserToolInfo.abi.json /Users/kris/Epilogue/build/Build/Products/Debug-iphonesimulator/ArgumentParserToolInfo.swiftmodule/arm64-apple-ios-simulator.abi.json

Copy /Users/kris/Epilogue/build/Build/Products/Debug-iphonesimulator/ArgumentParserToolInfo.swiftmodule/Project/x86_64-apple-ios-simulator.swiftsourceinfo /Users/kris/Epilogue/build/Build/Intermediates.noindex/swift-argument-parser.build/Debug-iphonesimulator/ArgumentParserToolInfo.build/Objects-normal/x86_64/ArgumentParserToolInfo.swiftsourceinfo (in target 'ArgumentParserToolInfo' from project 'swift-argument-parser')
    cd /Users/kris/Epilogue/build/SourcePackages/checkouts/swift-argument-parser
    builtin-copy -exclude .DS_Store -exclude CVS -exclude .svn -exclude .git -exclude .hg -resolve-src-symlinks -rename /Users/kris/Epilogue/build/Build/Intermediates.noindex/swift-argument-parser.build/Debug-iphonesimulator/ArgumentParserToolInfo.build/Objects-normal/x86_64/ArgumentParserToolInfo.swiftsourceinfo /Users/kris/Epilogue/build/Build/Products/Debug-iphonesimulator/ArgumentParserToolInfo.swiftmodule/Project/x86_64-apple-ios-simulator.swiftsourceinfo

Copy /Users/kris/Epilogue/build/Build/Products/Debug-iphonesimulator/ArgumentParserToolInfo.swiftmodule/Project/arm64-apple-ios-simulator.swiftsourceinfo /Users/kris/Epilogue/build/Build/Intermediates.noindex/swift-argument-parser.build/Debug-iphonesimulator/ArgumentParserToolInfo.build/Objects-normal/arm64/ArgumentParserToolInfo.swiftsourceinfo (in target 'ArgumentParserToolInfo' from project 'swift-argument-parser')
    cd /Users/kris/Epilogue/build/SourcePackages/checkouts/swift-argument-parser
    builtin-copy -exclude .DS_Store -exclude CVS -exclude .svn -exclude .git -exclude .hg -resolve-src-symlinks -rename /Users/kris/Epilogue/build/Build/Intermediates.noindex/swift-argument-parser.build/Debug-iphonesimulator/ArgumentParserToolInfo.build/Objects-normal/arm64/ArgumentParserToolInfo.swiftsourceinfo /Users/kris/Epilogue/build/Build/Products/Debug-iphonesimulator/ArgumentParserToolInfo.swiftmodule/Project/arm64-apple-ios-simulator.swiftsourceinfo

SwiftExplicitDependencyGeneratePcm x86_64 /Users/kris/Epilogue/build/ModuleCache.noindex/ptrcheck-63I14TNZH4FPE3QV42K9D11W9.pcm

SwiftExplicitDependencyGeneratePcm arm64 /Users/kris/Epilogue/build/ModuleCache.noindex/ptrauth-81IQGKY69J9VETGYSHIWR236N.pcm

SwiftExplicitDependencyGeneratePcm arm64 /Users/kris/Epilogue/build/ModuleCache.noindex/_AvailabilityInternal-5WCC7419GBGFGJJ6B4EA0MNC3.pcm

SwiftExplicitDependencyGeneratePcm x86_64 /Users/kris/Epilogue/build/ModuleCache.noindex/_Builtin_float-I0NF75K5Q8WA3C8SQZU58XYO.pcm

SwiftExplicitDependencyGeneratePcm x86_64 /Users/kris/Epilogue/build/ModuleCache.noindex/_Builtin_stddef-D2K1EY2JUW6NKF5C5TEUUQOQ4.pcm

SwiftExplicitDependencyGeneratePcm arm64 /Users/kris/Epilogue/build/ModuleCache.noindex/_Builtin_float-19K26SSR222MGTCENE1MGLLR7.pcm

SwiftExplicitDependencyGeneratePcm x86_64 /Users/kris/Epilogue/build/ModuleCache.noindex/ptrauth-BXDFAYSMDLLJ7Y5OA2FX16EXV.pcm

SwiftExplicitDependencyGeneratePcm x86_64 /Users/kris/Epilogue/build/ModuleCache.noindex/_Builtin_stdbool-8HZPI6EFHOI19HZ2N5SKL0CW8.pcm

SwiftExplicitDependencyGeneratePcm x86_64 /Users/kris/Epilogue/build/ModuleCache.noindex/_Builtin_stdarg-ES1V6GEL6X61QHX0F3BGSAWTA.pcm

SwiftDriverJobDiscovery normal arm64 Emitting module for InternalCollectionsUtilities (in target 'InternalCollectionsUtilities' from project 'swift-collections')

SwiftDriver\ Compilation\ Requirements InternalCollectionsUtilities normal arm64 com.apple.xcode.tools.swift.compiler (in target 'InternalCollectionsUtilities' from project 'swift-collections')
    cd /Users/kris/Epilogue/Epilogue/Epilogue.xcodeproj
    builtin-Swift-Compilation-Requirements -- /Applications/Xcode-beta.app/Contents/Developer/Toolchains/XcodeDefault.xctoolchain/usr/bin/swiftc -module-name InternalCollectionsUtilities -Onone -enforce-exclusivity\=checked @/Users/kris/Epilogue/build/Build/Intermediates.noindex/swift-collections.build/Debug-iphonesimulator/InternalCollectionsUtilities.build/Objects-normal/arm64/InternalCollectionsUtilities.SwiftFileList -DSWIFT_PACKAGE -DDEBUG -DSWIFT_MODULE_RESOURCE_BUNDLE_UNAVAILABLE -DCOLLECTIONS_RANDOMIZED_TESTING -DXcode -plugin-path /Applications/Xcode-beta.app/Contents/Developer/Toolchains/XcodeDefault.xctoolchain/usr/lib/swift/host/plugins/testing -enable-experimental-feature DebugDescriptionMacro -sdk /Applications/Xcode-beta.app/Contents/Developer/Platforms/iPhoneSimulator.platform/Developer/SDKs/iPhoneSimulator26.0.sdk -target arm64-apple-ios12.0-simulator -g -module-cache-path /Users/kris/Epilogue/build/ModuleCache.noindex -Xfrontend -serialize-debugging-options -profile-coverage-mapping -profile-generate -enable-testing -suppress-warnings -index-store-path /Users/kris/Epilogue/build/Index.noindex/DataStore -Xcc -D_LIBCPP_HARDENING_MODE\=_LIBCPP_HARDENING_MODE_DEBUG -swift-version 5 -I /Users/kris/Epilogue/build/Build/Products/Debug-iphonesimulator -Isystem /Applications/Xcode-beta.app/Contents/Developer/Platforms/iPhoneSimulator.platform/Developer/usr/lib -F /Users/kris/Epilogue/build/Build/Products/Debug-iphonesimulator -F /Applications/Xcode-beta.app/Contents/Developer/Platforms/iPhoneSimulator.platform/Developer/Library/Frameworks -F /Applications/Xcode-beta.app/Contents/Developer/Platforms/iPhoneSimulator.platform/Developer/SDKs/iPhoneSimulator26.0.sdk/Developer/Library/Frameworks -c -j12 -enable-batch-mode -incremental -Xcc -ivfsstatcache -Xcc /Users/kris/Epilogue/build/SDKStatCaches.noindex/iphonesimulator26.0-23A5297f-3885c01c3e6b6a337905948deab2002efc862078e33f881139a9d2f83bd1a9d0.sdkstatcache -output-file-map /Users/kris/Epilogue/build/Build/Intermediates.noindex/swift-collections.build/Debug-iphonesimulator/InternalCollectionsUtilities.build/Objects-normal/arm64/InternalCollectionsUtilities-OutputFileMap.json -use-frontend-parseable-output -save-temps -no-color-diagnostics -explicit-module-build -module-cache-path /Users/kris/Epilogue/build/Build/Intermediates.noindex/SwiftExplicitPrecompiledModules -clang-scanner-module-cache-path /Users/kris/Epilogue/build/ModuleCache.noindex -sdk-module-cache-path /Users/kris/Epilogue/build/ModuleCache.noindex -serialize-diagnostics -emit-dependencies -emit-module -emit-module-path /Users/kris/Epilogue/build/Build/Intermediates.noindex/swift-collections.build/Debug-iphonesimulator/InternalCollectionsUtilities.build/Objects-normal/arm64/InternalCollectionsUtilities.swiftmodule -validate-clang-modules-once -clang-build-session-file /Users/kris/Epilogue/build/ModuleCache.noindex/Session.modulevalidation -package-name swift_collections -Xcc -I/Users/kris/Epilogue/build/Build/Intermediates.noindex/swift-collections.build/Debug-iphonesimulator/InternalCollectionsUtilities.build/swift-overrides.hmap -emit-const-values -Xfrontend -const-gather-protocols-file -Xfrontend /Users/kris/Epilogue/build/Build/Intermediates.noindex/swift-collections.build/Debug-iphonesimulator/InternalCollectionsUtilities.build/Objects-normal/arm64/InternalCollectionsUtilities_const_extract_protocols.json -Xcc -I/Users/kris/Epilogue/build/Build/Products/Debug-iphonesimulator/include -Xcc -I/Users/kris/Epilogue/build/Build/Intermediates.noindex/swift-collections.build/Debug-iphonesimulator/InternalCollectionsUtilities.build/DerivedSources-normal/arm64 -Xcc -I/Users/kris/Epilogue/build/Build/Intermediates.noindex/swift-collections.build/Debug-iphonesimulator/InternalCollectionsUtilities.build/DerivedSources/arm64 -Xcc -I/Users/kris/Epilogue/build/Build/Intermediates.noindex/swift-collections.build/Debug-iphonesimulator/InternalCollectionsUtilities.build/DerivedSources -Xcc -DSWIFT_PACKAGE -Xcc -DDEBUG\=1 -emit-objc-header -emit-objc-header-path /Users/kris/Epilogue/build/Build/Intermediates.noindex/swift-collections.build/Debug-iphonesimulator/InternalCollectionsUtilities.build/Objects-normal/arm64/InternalCollectionsUtilities-Swift.h -working-directory /Users/kris/Epilogue/Epilogue/Epilogue.xcodeproj -experimental-emit-module-separately -disable-cmo

SwiftExplicitDependencyGeneratePcm arm64 /Users/kris/Epilogue/build/ModuleCache.noindex/DeveloperToolsSupport-8ZEHL157O09DAEYMZ18URPW50.pcm

SwiftExplicitDependencyGeneratePcm arm64 /Users/kris/Epilogue/build/ModuleCache.noindex/_Builtin_stdbool-EMJJRNJ02BPCZC3H4GHU0KQ5A.pcm

Copy /Users/kris/Epilogue/build/Build/Products/Debug-iphonesimulator/InternalCollectionsUtilities.swiftmodule/arm64-apple-ios-simulator.swiftmodule /Users/kris/Epilogue/build/Build/Intermediates.noindex/swift-collections.build/Debug-iphonesimulator/InternalCollectionsUtilities.build/Objects-normal/arm64/InternalCollectionsUtilities.swiftmodule (in target 'InternalCollectionsUtilities' from project 'swift-collections')
    cd /Users/kris/Epilogue/build/SourcePackages/checkouts/swift-collections
    builtin-copy -exclude .DS_Store -exclude CVS -exclude .svn -exclude .git -exclude .hg -resolve-src-symlinks -rename /Users/kris/Epilogue/build/Build/Intermediates.noindex/swift-collections.build/Debug-iphonesimulator/InternalCollectionsUtilities.build/Objects-normal/arm64/InternalCollectionsUtilities.swiftmodule /Users/kris/Epilogue/build/Build/Products/Debug-iphonesimulator/InternalCollectionsUtilities.swiftmodule/arm64-apple-ios-simulator.swiftmodule

Copy /Users/kris/Epilogue/build/Build/Products/Debug-iphonesimulator/InternalCollectionsUtilities.swiftmodule/arm64-apple-ios-simulator.swiftdoc /Users/kris/Epilogue/build/Build/Intermediates.noindex/swift-collections.build/Debug-iphonesimulator/InternalCollectionsUtilities.build/Objects-normal/arm64/InternalCollectionsUtilities.swiftdoc (in target 'InternalCollectionsUtilities' from project 'swift-collections')
    cd /Users/kris/Epilogue/build/SourcePackages/checkouts/swift-collections
    builtin-copy -exclude .DS_Store -exclude CVS -exclude .svn -exclude .git -exclude .hg -resolve-src-symlinks -rename /Users/kris/Epilogue/build/Build/Intermediates.noindex/swift-collections.build/Debug-iphonesimulator/InternalCollectionsUtilities.build/Objects-normal/arm64/InternalCollectionsUtilities.swiftdoc /Users/kris/Epilogue/build/Build/Products/Debug-iphonesimulator/InternalCollectionsUtilities.swiftmodule/arm64-apple-ios-simulator.swiftdoc

Copy /Users/kris/Epilogue/build/Build/Products/Debug-iphonesimulator/InternalCollectionsUtilities.swiftmodule/arm64-apple-ios-simulator.abi.json /Users/kris/Epilogue/build/Build/Intermediates.noindex/swift-collections.build/Debug-iphonesimulator/InternalCollectionsUtilities.build/Objects-normal/arm64/InternalCollectionsUtilities.abi.json (in target 'InternalCollectionsUtilities' from project 'swift-collections')
    cd /Users/kris/Epilogue/build/SourcePackages/checkouts/swift-collections
    builtin-copy -exclude .DS_Store -exclude CVS -exclude .svn -exclude .git -exclude .hg -resolve-src-symlinks -rename /Users/kris/Epilogue/build/Build/Intermediates.noindex/swift-collections.build/Debug-iphonesimulator/InternalCollectionsUtilities.build/Objects-normal/arm64/InternalCollectionsUtilities.abi.json /Users/kris/Epilogue/build/Build/Products/Debug-iphonesimulator/InternalCollectionsUtilities.swiftmodule/arm64-apple-ios-simulator.abi.json

Copy /Users/kris/Epilogue/build/Build/Products/Debug-iphonesimulator/InternalCollectionsUtilities.swiftmodule/Project/arm64-apple-ios-simulator.swiftsourceinfo /Users/kris/Epilogue/build/Build/Intermediates.noindex/swift-collections.build/Debug-iphonesimulator/InternalCollectionsUtilities.build/Objects-normal/arm64/InternalCollectionsUtilities.swiftsourceinfo (in target 'InternalCollectionsUtilities' from project 'swift-collections')
    cd /Users/kris/Epilogue/build/SourcePackages/checkouts/swift-collections
    builtin-copy -exclude .DS_Store -exclude CVS -exclude .svn -exclude .git -exclude .hg -resolve-src-symlinks -rename /Users/kris/Epilogue/build/Build/Intermediates.noindex/swift-collections.build/Debug-iphonesimulator/InternalCollectionsUtilities.build/Objects-normal/arm64/InternalCollectionsUtilities.swiftsourceinfo /Users/kris/Epilogue/build/Build/Products/Debug-iphonesimulator/InternalCollectionsUtilities.swiftmodule/Project/arm64-apple-ios-simulator.swiftsourceinfo

SwiftExplicitDependencyGeneratePcm arm64 /Users/kris/Epilogue/build/ModuleCache.noindex/_Builtin_stddef-JFASZU9C9P4KVDHPZKA4DQRB.pcm

SwiftExplicitDependencyGeneratePcm arm64 /Users/kris/Epilogue/build/ModuleCache.noindex/_Builtin_stdarg-1ST5VQONNU8OGHW5653DR9OWQ.pcm

SwiftExplicitDependencyGeneratePcm arm64 /Users/kris/Epilogue/build/ModuleCache.noindex/ptrcheck-22ZHSD1CIJ61NR23JC8JF1HDP.pcm

SwiftExplicitDependencyGeneratePcm x86_64 /Users/kris/Epilogue/build/ModuleCache.noindex/DeveloperToolsSupport-1RXR36SWOQ1VH4BCO95ZH5C3R.pcm

SwiftExplicitDependencyGeneratePcm x86_64 /Users/kris/Epilogue/build/ModuleCache.noindex/_AvailabilityInternal-DBPYLRVDS2ZL0NPD0LEYCB4M7.pcm

SwiftCompile normal x86_64 Compiling\ _UniqueCollection.swift /Users/kris/Epilogue/build/SourcePackages/checkouts/swift-collections/Sources/InternalCollectionsUtilities/_UniqueCollection.swift (in target 'InternalCollectionsUtilities' from project 'swift-collections')

SwiftCompile normal x86_64 /Users/kris/Epilogue/build/SourcePackages/checkouts/swift-collections/Sources/InternalCollectionsUtilities/_UniqueCollection.swift (in target 'InternalCollectionsUtilities' from project 'swift-collections')
    cd /Users/kris/Epilogue/Epilogue/Epilogue.xcodeproj
    

SwiftCompile normal x86_64 Compiling\ RandomAccessCollection+Offsets.swift /Users/kris/Epilogue/build/SourcePackages/checkouts/swift-collections/Sources/InternalCollectionsUtilities/autogenerated/RandomAccessCollection+Offsets.swift (in target 'InternalCollectionsUtilities' from project 'swift-collections')
SwiftCompile normal x86_64 /Users/kris/Epilogue/build/SourcePackages/checkouts/swift-collections/Sources/InternalCollectionsUtilities/autogenerated/RandomAccessCollection+Offsets.swift (in target 'InternalCollectionsUtilities' from project 'swift-collections')
    cd /Users/kris/Epilogue/Epilogue/Epilogue.xcodeproj
    

SwiftCompile normal x86_64 Compiling\ FixedWidthInteger+roundUpToPowerOfTwo.swift,\ Integer\ rank.swift /Users/kris/Epilogue/build/SourcePackages/checkouts/swift-collections/Sources/InternalCollectionsUtilities/IntegerTricks/autogenerated/FixedWidthInteger+roundUpToPowerOfTwo.swift /Users/kris/Epilogue/build/SourcePackages/checkouts/swift-collections/Sources/InternalCollectionsUtilities/IntegerTricks/autogenerated/Integer\ rank.swift (in target 'InternalCollectionsUtilities' from project 'swift-collections')

SwiftCompile normal x86_64 /Users/kris/Epilogue/build/SourcePackages/checkouts/swift-collections/Sources/InternalCollectionsUtilities/IntegerTricks/autogenerated/FixedWidthInteger+roundUpToPowerOfTwo.swift (in target 'InternalCollectionsUtilities' from project 'swift-collections')
    cd /Users/kris/Epilogue/Epilogue/Epilogue.xcodeproj
    

SwiftCompile normal x86_64 /Users/kris/Epilogue/build/SourcePackages/checkouts/swift-collections/Sources/InternalCollectionsUtilities/IntegerTricks/autogenerated/Integer\ rank.swift (in target 'InternalCollectionsUtilities' from project 'swift-collections')
    cd /Users/kris/Epilogue/Epilogue/Epilogue.xcodeproj
    

SwiftCompile normal x86_64 Compiling\ UnsafeMutableBufferPointer+Extras.swift /Users/kris/Epilogue/build/SourcePackages/checkouts/swift-collections/Sources/InternalCollectionsUtilities/autogenerated/UnsafeMutableBufferPointer+Extras.swift (in target 'InternalCollectionsUtilities' from project 'swift-collections')

SwiftCompile normal x86_64 /Users/kris/Epilogue/build/SourcePackages/checkouts/swift-collections/Sources/InternalCollectionsUtilities/autogenerated/UnsafeMutableBufferPointer+Extras.swift (in target 'InternalCollectionsUtilities' from project 'swift-collections')
    cd /Users/kris/Epilogue/Epilogue/Epilogue.xcodeproj
    

SwiftCompile normal arm64 Compiling\ RandomAccessCollection+Offsets.swift /Users/kris/Epilogue/build/SourcePackages/checkouts/swift-collections/Sources/InternalCollectionsUtilities/autogenerated/RandomAccessCollection+Offsets.swift (in target 'InternalCollectionsUtilities' from project 'swift-collections')

SwiftCompile normal arm64 /Users/kris/Epilogue/build/SourcePackages/checkouts/swift-collections/Sources/InternalCollectionsUtilities/autogenerated/RandomAccessCollection+Offsets.swift (in target 'InternalCollectionsUtilities' from project 'swift-collections')
    cd /Users/kris/Epilogue/Epilogue/Epilogue.xcodeproj
    

SwiftExplicitDependencyGeneratePcm arm64 /Users/kris/Epilogue/build/ModuleCache.noindex/_DarwinFoundation1-7DUBWC1MKG6V7B72ZSIA6RRAL.pcm

SwiftDriverJobDiscovery normal x86_64 Emitting module for InternalCollectionsUtilities (in target 'InternalCollectionsUtilities' from project 'swift-collections')

SwiftDriver\ Compilation\ Requirements InternalCollectionsUtilities normal x86_64 com.apple.xcode.tools.swift.compiler (in target 'InternalCollectionsUtilities' from project 'swift-collections')
    cd /Users/kris/Epilogue/Epilogue/Epilogue.xcodeproj
    builtin-Swift-Compilation-Requirements -- /Applications/Xcode-beta.app/Contents/Developer/Toolchains/XcodeDefault.xctoolchain/usr/bin/swiftc -module-name InternalCollectionsUtilities -Onone -enforce-exclusivity\=checked @/Users/kris/Epilogue/build/Build/Intermediates.noindex/swift-collections.build/Debug-iphonesimulator/InternalCollectionsUtilities.build/Objects-normal/x86_64/InternalCollectionsUtilities.SwiftFileList -DSWIFT_PACKAGE -DDEBUG -DSWIFT_MODULE_RESOURCE_BUNDLE_UNAVAILABLE -DCOLLECTIONS_RANDOMIZED_TESTING -DXcode -plugin-path /Applications/Xcode-beta.app/Contents/Developer/Toolchains/XcodeDefault.xctoolchain/usr/lib/swift/host/plugins/testing -enable-experimental-feature DebugDescriptionMacro -sdk /Applications/Xcode-beta.app/Contents/Developer/Platforms/iPhoneSimulator.platform/Developer/SDKs/iPhoneSimulator26.0.sdk -target x86_64-apple-ios12.0-simulator -g -module-cache-path /Users/kris/Epilogue/build/ModuleCache.noindex -Xfrontend -serialize-debugging-options -profile-coverage-mapping -profile-generate -enable-testing -suppress-warnings -index-store-path /Users/kris/Epilogue/build/Index.noindex/DataStore -Xcc -D_LIBCPP_HARDENING_MODE\=_LIBCPP_HARDENING_MODE_DEBUG -swift-version 5 -I /Users/kris/Epilogue/build/Build/Products/Debug-iphonesimulator -Isystem /Applications/Xcode-beta.app/Contents/Developer/Platforms/iPhoneSimulator.platform/Developer/usr/lib -F /Users/kris/Epilogue/build/Build/Products/Debug-iphonesimulator -F /Applications/Xcode-beta.app/Contents/Developer/Platforms/iPhoneSimulator.platform/Developer/Library/Frameworks -F /Applications/Xcode-beta.app/Contents/Developer/Platforms/iPhoneSimulator.platform/Developer/SDKs/iPhoneSimulator26.0.sdk/Developer/Library/Frameworks -c -j12 -enable-batch-mode -incremental -Xcc -ivfsstatcache -Xcc /Users/kris/Epilogue/build/SDKStatCaches.noindex/iphonesimulator26.0-23A5297f-3885c01c3e6b6a337905948deab2002efc862078e33f881139a9d2f83bd1a9d0.sdkstatcache -output-file-map /Users/kris/Epilogue/build/Build/Intermediates.noindex/swift-collections.build/Debug-iphonesimulator/InternalCollectionsUtilities.build/Objects-normal/x86_64/InternalCollectionsUtilities-OutputFileMap.json -use-frontend-parseable-output -save-temps -no-color-diagnostics -explicit-module-build -module-cache-path /Users/kris/Epilogue/build/Build/Intermediates.noindex/SwiftExplicitPrecompiledModules -clang-scanner-module-cache-path /Users/kris/Epilogue/build/ModuleCache.noindex -sdk-module-cache-path /Users/kris/Epilogue/build/ModuleCache.noindex -serialize-diagnostics -emit-dependencies -emit-module -emit-module-path /Users/kris/Epilogue/build/Build/Intermediates.noindex/swift-collections.build/Debug-iphonesimulator/InternalCollectionsUtilities.build/Objects-normal/x86_64/InternalCollectionsUtilities.swiftmodule -validate-clang-modules-once -clang-build-session-file /Users/kris/Epilogue/build/ModuleCache.noindex/Session.modulevalidation -package-name swift_collections -Xcc -I/Users/kris/Epilogue/build/Build/Intermediates.noindex/swift-collections.build/Debug-iphonesimulator/InternalCollectionsUtilities.build/swift-overrides.hmap -emit-const-values -Xfrontend -const-gather-protocols-file -Xfrontend /Users/kris/Epilogue/build/Build/Intermediates.noindex/swift-collections.build/Debug-iphonesimulator/InternalCollectionsUtilities.build/Objects-normal/x86_64/InternalCollectionsUtilities_const_extract_protocols.json -Xcc -I/Users/kris/Epilogue/build/Build/Products/Debug-iphonesimulator/include -Xcc -I/Users/kris/Epilogue/build/Build/Intermediates.noindex/swift-collections.build/Debug-iphonesimulator/InternalCollectionsUtilities.build/DerivedSources-normal/x86_64 -Xcc -I/Users/kris/Epilogue/build/Build/Intermediates.noindex/swift-collections.build/Debug-iphonesimulator/InternalCollectionsUtilities.build/DerivedSources/x86_64 -Xcc -I/Users/kris/Epilogue/build/Build/Intermediates.noindex/swift-collections.build/Debug-iphonesimulator/InternalCollectionsUtilities.build/DerivedSources -Xcc -DSWIFT_PACKAGE -Xcc -DDEBUG\=1 -emit-objc-header -emit-objc-header-path /Users/kris/Epilogue/build/Build/Intermediates.noindex/swift-collections.build/Debug-iphonesimulator/InternalCollectionsUtilities.build/Objects-normal/x86_64/InternalCollectionsUtilities-Swift.h -working-directory /Users/kris/Epilogue/Epilogue/Epilogue.xcodeproj -experimental-emit-module-separately -disable-cmo

SwiftExplicitDependencyGeneratePcm x86_64 /Users/kris/Epilogue/build/ModuleCache.noindex/_DarwinFoundation1-6S4IR3NWFWEONVSPTDTP1PMCJ.pcm

SwiftMergeGeneratedHeaders /Users/kris/Epilogue/build/Build/Intermediates.noindex/GeneratedModuleMaps-iphonesimulator/InternalCollectionsUtilities-Swift.h /Users/kris/Epilogue/build/Build/Intermediates.noindex/swift-collections.build/Debug-iphonesimulator/InternalCollectionsUtilities.build/Objects-normal/arm64/InternalCollectionsUtilities-Swift.h /Users/kris/Epilogue/build/Build/Intermediates.noindex/swift-collections.build/Debug-iphonesimulator/InternalCollectionsUtilities.build/Objects-normal/x86_64/InternalCollectionsUtilities-Swift.h (in target 'InternalCollectionsUtilities' from project 'swift-collections')
    cd /Users/kris/Epilogue/build/SourcePackages/checkouts/swift-collections
    builtin-swiftHeaderTool -arch arm64 /Users/kris/Epilogue/build/Build/Intermediates.noindex/swift-collections.build/Debug-iphonesimulator/InternalCollectionsUtilities.build/Objects-normal/arm64/InternalCollectionsUtilities-Swift.h -arch x86_64 /Users/kris/Epilogue/build/Build/Intermediates.noindex/swift-collections.build/Debug-iphonesimulator/InternalCollectionsUtilities.build/Objects-normal/x86_64/InternalCollectionsUtilities-Swift.h -o /Users/kris/Epilogue/build/Build/Intermediates.noindex/GeneratedModuleMaps-iphonesimulator/InternalCollectionsUtilities-Swift.h

Copy /Users/kris/Epilogue/build/Build/Products/Debug-iphonesimulator/InternalCollectionsUtilities.swiftmodule/x86_64-apple-ios-simulator.swiftmodule /Users/kris/Epilogue/build/Build/Intermediates.noindex/swift-collections.build/Debug-iphonesimulator/InternalCollectionsUtilities.build/Objects-normal/x86_64/InternalCollectionsUtilities.swiftmodule (in target 'InternalCollectionsUtilities' from project 'swift-collections')
    cd /Users/kris/Epilogue/build/SourcePackages/checkouts/swift-collections
    builtin-copy -exclude .DS_Store -exclude CVS -exclude .svn -exclude .git -exclude .hg -resolve-src-symlinks -rename /Users/kris/Epilogue/build/Build/Intermediates.noindex/swift-collections.build/Debug-iphonesimulator/InternalCollectionsUtilities.build/Objects-normal/x86_64/InternalCollectionsUtilities.swiftmodule /Users/kris/Epilogue/build/Build/Products/Debug-iphonesimulator/InternalCollectionsUtilities.swiftmodule/x86_64-apple-ios-simulator.swiftmodule

Copy /Users/kris/Epilogue/build/Build/Products/Debug-iphonesimulator/InternalCollectionsUtilities.swiftmodule/x86_64-apple-ios-simulator.swiftdoc /Users/kris/Epilogue/build/Build/Intermediates.noindex/swift-collections.build/Debug-iphonesimulator/InternalCollectionsUtilities.build/Objects-normal/x86_64/InternalCollectionsUtilities.swiftdoc (in target 'InternalCollectionsUtilities' from project 'swift-collections')
    cd /Users/kris/Epilogue/build/SourcePackages/checkouts/swift-collections
    builtin-copy -exclude .DS_Store -exclude CVS -exclude .svn -exclude .git -exclude .hg -resolve-src-symlinks -rename /Users/kris/Epilogue/build/Build/Intermediates.noindex/swift-collections.build/Debug-iphonesimulator/InternalCollectionsUtilities.build/Objects-normal/x86_64/InternalCollectionsUtilities.swiftdoc /Users/kris/Epilogue/build/Build/Products/Debug-iphonesimulator/InternalCollectionsUtilities.swiftmodule/x86_64-apple-ios-simulator.swiftdoc

Copy /Users/kris/Epilogue/build/Build/Products/Debug-iphonesimulator/InternalCollectionsUtilities.swiftmodule/x86_64-apple-ios-simulator.abi.json /Users/kris/Epilogue/build/Build/Intermediates.noindex/swift-collections.build/Debug-iphonesimulator/InternalCollectionsUtilities.build/Objects-normal/x86_64/InternalCollectionsUtilities.abi.json (in target 'InternalCollectionsUtilities' from project 'swift-collections')
    cd /Users/kris/Epilogue/build/SourcePackages/checkouts/swift-collections
    builtin-copy -exclude .DS_Store -exclude CVS -exclude .svn -exclude .git -exclude .hg -resolve-src-symlinks -rename /Users/kris/Epilogue/build/Build/Intermediates.noindex/swift-collections.build/Debug-iphonesimulator/InternalCollectionsUtilities.build/Objects-normal/x86_64/InternalCollectionsUtilities.abi.json /Users/kris/Epilogue/build/Build/Products/Debug-iphonesimulator/InternalCollectionsUtilities.swiftmodule/x86_64-apple-ios-simulator.abi.json

Copy /Users/kris/Epilogue/build/Build/Products/Debug-iphonesimulator/InternalCollectionsUtilities.swiftmodule/Project/x86_64-apple-ios-simulator.swiftsourceinfo /Users/kris/Epilogue/build/Build/Intermediates.noindex/swift-collections.build/Debug-iphonesimulator/InternalCollectionsUtilities.build/Objects-normal/x86_64/InternalCollectionsUtilities.swiftsourceinfo (in target 'InternalCollectionsUtilities' from project 'swift-collections')
    cd /Users/kris/Epilogue/build/SourcePackages/checkouts/swift-collections
    builtin-copy -exclude .DS_Store -exclude CVS -exclude .svn -exclude .git -exclude .hg -resolve-src-symlinks -rename /Users/kris/Epilogue/build/Build/Intermediates.noindex/swift-collections.build/Debug-iphonesimulator/InternalCollectionsUtilities.build/Objects-normal/x86_64/InternalCollectionsUtilities.swiftsourceinfo /Users/kris/Epilogue/build/Build/Products/Debug-iphonesimulator/InternalCollectionsUtilities.swiftmodule/Project/x86_64-apple-ios-simulator.swiftsourceinfo

SwiftExplicitDependencyGeneratePcm arm64 /Users/kris/Epilogue/build/ModuleCache.noindex/_DarwinFoundation2-84GFHE354MTQWZ30SOTOBQ6U.pcm

SwiftExplicitDependencyGeneratePcm x86_64 /Users/kris/Epilogue/build/ModuleCache.noindex/_DarwinFoundation2-E904FXIGEIPODKMLFMNBLHBVY.pcm

SwiftExplicitDependencyGeneratePcm x86_64 /Users/kris/Epilogue/build/ModuleCache.noindex/_Builtin_limits-4IQIOCQCC3PF466RXR1339O8J.pcm

SwiftDriverJobDiscovery normal arm64 Compiling RandomAccessCollection+Offsets.swift (in target 'InternalCollectionsUtilities' from project 'swift-collections')

SwiftExplicitDependencyGeneratePcm arm64 /Users/kris/Epilogue/build/ModuleCache.noindex/_Builtin_limits-3A0MGR6I9DOHZJ4JW96GWU0IW.pcm

SwiftDriverJobDiscovery normal arm64 Compiling _UnsafeBitSet+_Word.swift (in target 'InternalCollectionsUtilities' from project 'swift-collections')

SwiftCompile normal arm64 Compiling\ _SortedCollection.swift /Users/kris/Epilogue/build/SourcePackages/checkouts/swift-collections/Sources/InternalCollectionsUtilities/_SortedCollection.swift (in target 'InternalCollectionsUtilities' from project 'swift-collections')

SwiftCompile normal arm64 /Users/kris/Epilogue/build/SourcePackages/checkouts/swift-collections/Sources/InternalCollectionsUtilities/_SortedCollection.swift (in target 'InternalCollectionsUtilities' from project 'swift-collections')
    cd /Users/kris/Epilogue/Epilogue/Epilogue.xcodeproj
    

SwiftDriverJobDiscovery normal arm64 Compiling UnsafeMutableBufferPointer+Extras.swift (in target 'InternalCollectionsUtilities' from project 'swift-collections')

SwiftCompile normal x86_64 Compiling\ UInt+first\ and\ last\ set\ bit.swift,\ UInt+reversed.swift /Users/kris/Epilogue/build/SourcePackages/checkouts/swift-collections/Sources/InternalCollectionsUtilities/IntegerTricks/autogenerated/UInt+first\ and\ last\ set\ bit.swift /Users/kris/Epilogue/build/SourcePackages/checkouts/swift-collections/Sources/InternalCollectionsUtilities/IntegerTricks/autogenerated/UInt+reversed.swift (in target 'InternalCollectionsUtilities' from project 'swift-collections')

SwiftCompile normal x86_64 /Users/kris/Epilogue/build/SourcePackages/checkouts/swift-collections/Sources/InternalCollectionsUtilities/IntegerTricks/autogenerated/UInt+first\ and\ last\ set\ bit.swift (in target 'InternalCollectionsUtilities' from project 'swift-collections')
    cd /Users/kris/Epilogue/Epilogue/Epilogue.xcodeproj
    

SwiftCompile normal x86_64 /Users/kris/Epilogue/build/SourcePackages/checkouts/swift-collections/Sources/InternalCollectionsUtilities/IntegerTricks/autogenerated/UInt+reversed.swift (in target 'InternalCollectionsUtilities' from project 'swift-collections')
    cd /Users/kris/Epilogue/Epilogue/Epilogue.xcodeproj
    

SwiftCompile normal arm64 Compiling\ Debugging.swift /Users/kris/Epilogue/build/SourcePackages/checkouts/swift-collections/Sources/InternalCollectionsUtilities/autogenerated/Debugging.swift (in target 'InternalCollectionsUtilities' from project 'swift-collections')

SwiftCompile normal arm64 /Users/kris/Epilogue/build/SourcePackages/checkouts/swift-collections/Sources/InternalCollectionsUtilities/autogenerated/Debugging.swift (in target 'InternalCollectionsUtilities' from project 'swift-collections')
    cd /Users/kris/Epilogue/Epilogue/Epilogue.xcodeproj
    

SwiftDriverJobDiscovery normal x86_64 Compiling UnsafeMutableBufferPointer+Extras.swift (in target 'InternalCollectionsUtilities' from project 'swift-collections')

SwiftCompile normal x86_64 Compiling\ _SortedCollection.swift /Users/kris/Epilogue/build/SourcePackages/checkouts/swift-collections/Sources/InternalCollectionsUtilities/_SortedCollection.swift (in target 'InternalCollectionsUtilities' from project 'swift-collections')

SwiftCompile normal x86_64 /Users/kris/Epilogue/build/SourcePackages/checkouts/swift-collections/Sources/InternalCollectionsUtilities/_SortedCollection.swift (in target 'InternalCollectionsUtilities' from project 'swift-collections')
    cd /Users/kris/Epilogue/Epilogue/Epilogue.xcodeproj
    

SwiftExplicitDependencyGeneratePcm arm64 /Users/kris/Epilogue/build/ModuleCache.noindex/_Builtin_tgmath-428YNELJ14Y8WTLJPOR2NNZKW.pcm

SwiftExplicitDependencyGeneratePcm arm64 /Users/kris/Epilogue/build/ModuleCache.noindex/sys_types-AUDN7UYHSZM8KPDHQMAI2W9X9.pcm

SwiftDriverJobDiscovery normal x86_64 Compiling Descriptions.swift (in target 'InternalCollectionsUtilities' from project 'swift-collections')

SwiftExplicitDependencyGeneratePcm arm64 /Users/kris/Epilogue/build/ModuleCache.noindex/_Builtin_stdint-2T2XUWVX5KF9D8NKZDUZCR7WG.pcm

SwiftDriverJobDiscovery normal arm64 Compiling _SortedCollection.swift (in target 'InternalCollectionsUtilities' from project 'swift-collections')

SwiftCompile normal arm64 Compiling\ UInt+first\ and\ last\ set\ bit.swift,\ UInt+reversed.swift /Users/kris/Epilogue/build/SourcePackages/checkouts/swift-collections/Sources/InternalCollectionsUtilities/IntegerTricks/autogenerated/UInt+first\ and\ last\ set\ bit.swift /Users/kris/Epilogue/build/SourcePackages/checkouts/swift-collections/Sources/InternalCollectionsUtilities/IntegerTricks/autogenerated/UInt+reversed.swift (in target 'InternalCollectionsUtilities' from project 'swift-collections')

SwiftCompile normal arm64 /Users/kris/Epilogue/build/SourcePackages/checkouts/swift-collections/Sources/InternalCollectionsUtilities/IntegerTricks/autogenerated/UInt+first\ and\ last\ set\ bit.swift (in target 'InternalCollectionsUtilities' from project 'swift-collections')
    cd /Users/kris/Epilogue/Epilogue/Epilogue.xcodeproj
    

SwiftCompile normal arm64 /Users/kris/Epilogue/build/SourcePackages/checkouts/swift-collections/Sources/InternalCollectionsUtilities/IntegerTricks/autogenerated/UInt+reversed.swift (in target 'InternalCollectionsUtilities' from project 'swift-collections')
    cd /Users/kris/Epilogue/Epilogue/Epilogue.xcodeproj
    

SwiftExplicitDependencyGeneratePcm x86_64 /Users/kris/Epilogue/build/ModuleCache.noindex/sys_types-8UC1IVI3212L44NI6JLZ5DYPV.pcm

SwiftDriverJobDiscovery normal x86_64 Compiling _SortedCollection.swift (in target 'InternalCollectionsUtilities' from project 'swift-collections')

SwiftExplicitDependencyGeneratePcm x86_64 /Users/kris/Epilogue/build/ModuleCache.noindex/_Builtin_tgmath-4JYT8P2N7X4YYET2NT2I5NF7L.pcm

SwiftDriverJobDiscovery normal arm64 Compiling Debugging.swift (in target 'InternalCollectionsUtilities' from project 'swift-collections')

SwiftExplicitDependencyGeneratePcm x86_64 /Users/kris/Epilogue/build/ModuleCache.noindex/_Builtin_stdint-5LX17KITXLFMWY6VWBNMLFEF.pcm

SwiftCompile normal x86_64 Compiling\ _UnsafeBitSet+Index.swift /Users/kris/Epilogue/build/SourcePackages/checkouts/swift-collections/Sources/InternalCollectionsUtilities/UnsafeBitSet/autogenerated/_UnsafeBitSet+Index.swift (in target 'InternalCollectionsUtilities' from project 'swift-collections')

SwiftCompile normal x86_64 /Users/kris/Epilogue/build/SourcePackages/checkouts/swift-collections/Sources/InternalCollectionsUtilities/UnsafeBitSet/autogenerated/_UnsafeBitSet+Index.swift (in target 'InternalCollectionsUtilities' from project 'swift-collections')
    cd /Users/kris/Epilogue/Epilogue/Epilogue.xcodeproj
    

SwiftCompile normal x86_64 Compiling\ UnsafeBufferPointer+Extras.swift /Users/kris/Epilogue/build/SourcePackages/checkouts/swift-collections/Sources/InternalCollectionsUtilities/autogenerated/UnsafeBufferPointer+Extras.swift (in target 'InternalCollectionsUtilities' from project 'swift-collections')

SwiftCompile normal x86_64 /Users/kris/Epilogue/build/SourcePackages/checkouts/swift-collections/Sources/InternalCollectionsUtilities/autogenerated/UnsafeBufferPointer+Extras.swift (in target 'InternalCollectionsUtilities' from project 'swift-collections')
    cd /Users/kris/Epilogue/Epilogue/Epilogue.xcodeproj
    

SwiftExplicitDependencyGeneratePcm arm64 /Users/kris/Epilogue/build/ModuleCache.noindex/_Builtin_intrinsics-9EXU6V4AY56V43T7S1LDYCXAM.pcm

SwiftDriverJobDiscovery normal arm64 Compiling FixedWidthInteger+roundUpToPowerOfTwo.swift, Integer rank.swift (in target 'InternalCollectionsUtilities' from project 'swift-collections')

SwiftExplicitDependencyGeneratePcm arm64 /Users/kris/Epilogue/build/ModuleCache.noindex/_Builtin_stdatomic-AXT7BL0CSGK9Q8DV0QU76CPCG.pcm

SwiftExplicitDependencyGeneratePcm arm64 /Users/kris/Epilogue/build/ModuleCache.noindex/_DarwinFoundation3-AEGHLEDTSMYSVJFA1MW7A5K4H.pcm

SwiftExplicitDependencyGeneratePcm x86_64 /Users/kris/Epilogue/build/ModuleCache.noindex/_Builtin_stdatomic-9DA23RVPZPB4V6DGBQR4OY0S5.pcm

SwiftExplicitDependencyGeneratePcm x86_64 /Users/kris/Epilogue/build/ModuleCache.noindex/_DarwinFoundation3-B8VO68NVBNVX9M546Q69FXW9K.pcm

SwiftDriverJobDiscovery normal x86_64 Compiling UInt+first and last set bit.swift, UInt+reversed.swift (in target 'InternalCollectionsUtilities' from project 'swift-collections')

SwiftCompile normal arm64 Compiling\ Descriptions.swift /Users/kris/Epilogue/build/SourcePackages/checkouts/swift-collections/Sources/InternalCollectionsUtilities/autogenerated/Descriptions.swift (in target 'InternalCollectionsUtilities' from project 'swift-collections')

SwiftCompile normal arm64 /Users/kris/Epilogue/build/SourcePackages/checkouts/swift-collections/Sources/InternalCollectionsUtilities/autogenerated/Descriptions.swift (in target 'InternalCollectionsUtilities' from project 'swift-collections')
    cd /Users/kris/Epilogue/Epilogue/Epilogue.xcodeproj
    

SwiftDriverJobDiscovery normal x86_64 Compiling FixedWidthInteger+roundUpToPowerOfTwo.swift, Integer rank.swift (in target 'InternalCollectionsUtilities' from project 'swift-collections')

SwiftCompile normal arm64 Compiling\ _UnsafeBitSet+Index.swift /Users/kris/Epilogue/build/SourcePackages/checkouts/swift-collections/Sources/InternalCollectionsUtilities/UnsafeBitSet/autogenerated/_UnsafeBitSet+Index.swift (in target 'InternalCollectionsUtilities' from project 'swift-collections')

SwiftCompile normal arm64 /Users/kris/Epilogue/build/SourcePackages/checkouts/swift-collections/Sources/InternalCollectionsUtilities/UnsafeBitSet/autogenerated/_UnsafeBitSet+Index.swift (in target 'InternalCollectionsUtilities' from project 'swift-collections')
    cd /Users/kris/Epilogue/Epilogue/Epilogue.xcodeproj
    

SwiftCompile normal arm64 Compiling\ _UniqueCollection.swift /Users/kris/Epilogue/build/SourcePackages/checkouts/swift-collections/Sources/InternalCollectionsUtilities/_UniqueCollection.swift (in target 'InternalCollectionsUtilities' from project 'swift-collections')

SwiftCompile normal arm64 /Users/kris/Epilogue/build/SourcePackages/checkouts/swift-collections/Sources/InternalCollectionsUtilities/_UniqueCollection.swift (in target 'InternalCollectionsUtilities' from project 'swift-collections')
    cd /Users/kris/Epilogue/Epilogue/Epilogue.xcodeproj
    

SwiftCompile normal arm64 Compiling\ UnsafeBufferPointer+Extras.swift /Users/kris/Epilogue/build/SourcePackages/checkouts/swift-collections/Sources/InternalCollectionsUtilities/autogenerated/UnsafeBufferPointer+Extras.swift (in target 'InternalCollectionsUtilities' from project 'swift-collections')

SwiftCompile normal arm64 /Users/kris/Epilogue/build/SourcePackages/checkouts/swift-collections/Sources/InternalCollectionsUtilities/autogenerated/UnsafeBufferPointer+Extras.swift (in target 'InternalCollectionsUtilities' from project 'swift-collections')
    cd /Users/kris/Epilogue/Epilogue/Epilogue.xcodeproj
    

SwiftDriverJobDiscovery normal x86_64 Compiling UnsafeBufferPointer+Extras.swift (in target 'InternalCollectionsUtilities' from project 'swift-collections')

SwiftCompile normal x86_64 Compiling\ _UnsafeBitSet.swift /Users/kris/Epilogue/build/SourcePackages/checkouts/swift-collections/Sources/InternalCollectionsUtilities/UnsafeBitSet/autogenerated/_UnsafeBitSet.swift (in target 'InternalCollectionsUtilities' from project 'swift-collections')
SwiftCompile normal x86_64 /Users/kris/Epilogue/build/SourcePackages/checkouts/swift-collections/Sources/InternalCollectionsUtilities/UnsafeBitSet/autogenerated/_UnsafeBitSet.swift (in target 'InternalCollectionsUtilities' from project 'swift-collections')
    cd /Users/kris/Epilogue/Epilogue/Epilogue.xcodeproj
    

SwiftExplicitDependencyGeneratePcm arm64 /Users/kris/Epilogue/build/ModuleCache.noindex/_Builtin_inttypes-9DN436LB5DLP02CBHNUPG702I.pcm

SwiftDriverJobDiscovery normal arm64 Compiling UInt+first and last set bit.swift, UInt+reversed.swift (in target 'InternalCollectionsUtilities' from project 'swift-collections')

SwiftCompile normal x86_64 Compiling\ _UnsafeBitSet+_Word.swift /Users/kris/Epilogue/build/SourcePackages/checkouts/swift-collections/Sources/InternalCollectionsUtilities/UnsafeBitSet/autogenerated/_UnsafeBitSet+_Word.swift (in target 'InternalCollectionsUtilities' from project 'swift-collections')

SwiftCompile normal x86_64 /Users/kris/Epilogue/build/SourcePackages/checkouts/swift-collections/Sources/InternalCollectionsUtilities/UnsafeBitSet/autogenerated/_UnsafeBitSet+_Word.swift (in target 'InternalCollectionsUtilities' from project 'swift-collections')
    cd /Users/kris/Epilogue/Epilogue/Epilogue.xcodeproj
    

SwiftExplicitDependencyGeneratePcm x86_64 /Users/kris/Epilogue/build/ModuleCache.noindex/_Builtin_intrinsics-AZAWJ21XXNRVC3NU4S0PODXGT.pcm

SwiftDriverJobDiscovery normal arm64 Compiling _UniqueCollection.swift (in target 'InternalCollectionsUtilities' from project 'swift-collections')

SwiftExplicitDependencyGeneratePcm x86_64 /Users/kris/Epilogue/build/ModuleCache.noindex/_Builtin_inttypes-9CX31YG4Y2XURXW1E4N1CKJBI.pcm

SwiftDriverJobDiscovery normal arm64 Compiling Descriptions.swift (in target 'InternalCollectionsUtilities' from project 'swift-collections')

SwiftCompile normal x86_64 Compiling\ Debugging.swift /Users/kris/Epilogue/build/SourcePackages/checkouts/swift-collections/Sources/InternalCollectionsUtilities/autogenerated/Debugging.swift (in target 'InternalCollectionsUtilities' from project 'swift-collections')

SwiftCompile normal x86_64 /Users/kris/Epilogue/build/SourcePackages/checkouts/swift-collections/Sources/InternalCollectionsUtilities/autogenerated/Debugging.swift (in target 'InternalCollectionsUtilities' from project 'swift-collections')
    cd /Users/kris/Epilogue/Epilogue/Epilogue.xcodeproj
    

SwiftDriverJobDiscovery normal x86_64 Compiling _UnsafeBitSet+Index.swift (in target 'InternalCollectionsUtilities' from project 'swift-collections')

SwiftCompile normal x86_64 Compiling\ ToolInfo.swift /Users/kris/Epilogue/build/SourcePackages/checkouts/swift-argument-parser/Sources/ArgumentParserToolInfo/ToolInfo.swift (in target 'ArgumentParserToolInfo' from project 'swift-argument-parser')
SwiftCompile normal x86_64 /Users/kris/Epilogue/build/SourcePackages/checkouts/swift-argument-parser/Sources/ArgumentParserToolInfo/ToolInfo.swift (in target 'ArgumentParserToolInfo' from project 'swift-argument-parser')
    cd /Users/kris/Epilogue/Epilogue/Epilogue.xcodeproj
    

SwiftExplicitDependencyGeneratePcm arm64 /Users/kris/Epilogue/build/ModuleCache.noindex/Darwin-CD9ELZ5FAN1MKXONBKRSP5U9C.pcm

SwiftDriverJobDiscovery normal arm64 Compiling UnsafeBufferPointer+Extras.swift (in target 'InternalCollectionsUtilities' from project 'swift-collections')

SwiftCompile normal arm64 Compiling\ ToolInfo.swift /Users/kris/Epilogue/build/SourcePackages/checkouts/swift-argument-parser/Sources/ArgumentParserToolInfo/ToolInfo.swift (in target 'ArgumentParserToolInfo' from project 'swift-argument-parser')
SwiftCompile normal arm64 /Users/kris/Epilogue/build/SourcePackages/checkouts/swift-argument-parser/Sources/ArgumentParserToolInfo/ToolInfo.swift (in target 'ArgumentParserToolInfo' from project 'swift-argument-parser')
    cd /Users/kris/Epilogue/Epilogue/Epilogue.xcodeproj
    

SwiftExplicitDependencyGeneratePcm x86_64 /Users/kris/Epilogue/build/ModuleCache.noindex/Darwin-73NF1FMITYGT4MKDU2QD1OEC9.pcm

SwiftExplicitDependencyGeneratePcm arm64 /Users/kris/Epilogue/build/ModuleCache.noindex/simd-9OPILRL31A8ZXOD07UI7BFH62.pcm

SwiftDriverJobDiscovery normal arm64 Compiling _UnsafeBitSet+Index.swift (in target 'InternalCollectionsUtilities' from project 'swift-collections')

SwiftDriverJobDiscovery normal x86_64 Compiling Debugging.swift (in target 'InternalCollectionsUtilities' from project 'swift-collections')

SwiftDriver OrderedCollections normal arm64 com.apple.xcode.tools.swift.compiler (in target 'OrderedCollections' from project 'swift-collections')
    cd /Users/kris/Epilogue/Epilogue/Epilogue.xcodeproj
    builtin-SwiftDriver -- /Applications/Xcode-beta.app/Contents/Developer/Toolchains/XcodeDefault.xctoolchain/usr/bin/swiftc -module-name OrderedCollections -Onone -enforce-exclusivity\=checked @/Users/kris/Epilogue/build/Build/Intermediates.noindex/swift-collections.build/Debug-iphonesimulator/OrderedCollections.build/Objects-normal/arm64/OrderedCollections.SwiftFileList -DSWIFT_PACKAGE -DDEBUG -DSWIFT_MODULE_RESOURCE_BUNDLE_UNAVAILABLE -DCOLLECTIONS_RANDOMIZED_TESTING -DXcode -plugin-path /Applications/Xcode-beta.app/Contents/Developer/Toolchains/XcodeDefault.xctoolchain/usr/lib/swift/host/plugins/testing -enable-experimental-feature DebugDescriptionMacro -sdk /Applications/Xcode-beta.app/Contents/Developer/Platforms/iPhoneSimulator.platform/Developer/SDKs/iPhoneSimulator26.0.sdk -target arm64-apple-ios12.0-simulator -g -module-cache-path /Users/kris/Epilogue/build/ModuleCache.noindex -Xfrontend -serialize-debugging-options -profile-coverage-mapping -profile-generate -enable-testing -suppress-warnings -index-store-path /Users/kris/Epilogue/build/Index.noindex/DataStore -Xcc -D_LIBCPP_HARDENING_MODE\=_LIBCPP_HARDENING_MODE_DEBUG -swift-version 5 -I /Users/kris/Epilogue/build/Build/Products/Debug-iphonesimulator -Isystem /Applications/Xcode-beta.app/Contents/Developer/Platforms/iPhoneSimulator.platform/Developer/usr/lib -F /Users/kris/Epilogue/build/Build/Products/Debug-iphonesimulator/PackageFrameworks -F /Users/kris/Epilogue/build/Build/Products/Debug-iphonesimulator -F /Applications/Xcode-beta.app/Contents/Developer/Platforms/iPhoneSimulator.platform/Developer/Library/Frameworks -F /Applications/Xcode-beta.app/Contents/Developer/Platforms/iPhoneSimulator.platform/Developer/SDKs/iPhoneSimulator26.0.sdk/Developer/Library/Frameworks -c -j12 -enable-batch-mode -incremental -Xcc -ivfsstatcache -Xcc /Users/kris/Epilogue/build/SDKStatCaches.noindex/iphonesimulator26.0-23A5297f-3885c01c3e6b6a337905948deab2002efc862078e33f881139a9d2f83bd1a9d0.sdkstatcache -output-file-map /Users/kris/Epilogue/build/Build/Intermediates.noindex/swift-collections.build/Debug-iphonesimulator/OrderedCollections.build/Objects-normal/arm64/OrderedCollections-OutputFileMap.json -use-frontend-parseable-output -save-temps -no-color-diagnostics -explicit-module-build -module-cache-path /Users/kris/Epilogue/build/Build/Intermediates.noindex/SwiftExplicitPrecompiledModules -clang-scanner-module-cache-path /Users/kris/Epilogue/build/ModuleCache.noindex -sdk-module-cache-path /Users/kris/Epilogue/build/ModuleCache.noindex -serialize-diagnostics -emit-dependencies -emit-module -emit-module-path /Users/kris/Epilogue/build/Build/Intermediates.noindex/swift-collections.build/Debug-iphonesimulator/OrderedCollections.build/Objects-normal/arm64/OrderedCollections.swiftmodule -validate-clang-modules-once -clang-build-session-file /Users/kris/Epilogue/build/ModuleCache.noindex/Session.modulevalidation -package-name swift_collections -Xcc -I/Users/kris/Epilogue/build/Build/Intermediates.noindex/swift-collections.build/Debug-iphonesimulator/OrderedCollections.build/swift-overrides.hmap -emit-const-values -Xfrontend -const-gather-protocols-file -Xfrontend /Users/kris/Epilogue/build/Build/Intermediates.noindex/swift-collections.build/Debug-iphonesimulator/OrderedCollections.build/Objects-normal/arm64/OrderedCollections_const_extract_protocols.json -Xcc -I/Users/kris/Epilogue/build/Build/Products/Debug-iphonesimulator/include -Xcc -I/Users/kris/Epilogue/build/Build/Intermediates.noindex/swift-collections.build/Debug-iphonesimulator/OrderedCollections.build/DerivedSources-normal/arm64 -Xcc -I/Users/kris/Epilogue/build/Build/Intermediates.noindex/swift-collections.build/Debug-iphonesimulator/OrderedCollections.build/DerivedSources/arm64 -Xcc -I/Users/kris/Epilogue/build/Build/Intermediates.noindex/swift-collections.build/Debug-iphonesimulator/OrderedCollections.build/DerivedSources -Xcc -DSWIFT_PACKAGE -Xcc -DDEBUG\=1 -emit-objc-header -emit-objc-header-path /Users/kris/Epilogue/build/Build/Intermediates.noindex/swift-collections.build/Debug-iphonesimulator/OrderedCollections.build/Objects-normal/arm64/OrderedCollections-Swift.h -working-directory /Users/kris/Epilogue/Epilogue/Epilogue.xcodeproj -experimental-emit-module-separately -disable-cmo

SwiftDriver OrderedCollections normal x86_64 com.apple.xcode.tools.swift.compiler (in target 'OrderedCollections' from project 'swift-collections')
    cd /Users/kris/Epilogue/Epilogue/Epilogue.xcodeproj
    builtin-SwiftDriver -- /Applications/Xcode-beta.app/Contents/Developer/Toolchains/XcodeDefault.xctoolchain/usr/bin/swiftc -module-name OrderedCollections -Onone -enforce-exclusivity\=checked @/Users/kris/Epilogue/build/Build/Intermediates.noindex/swift-collections.build/Debug-iphonesimulator/OrderedCollections.build/Objects-normal/x86_64/OrderedCollections.SwiftFileList -DSWIFT_PACKAGE -DDEBUG -DSWIFT_MODULE_RESOURCE_BUNDLE_UNAVAILABLE -DCOLLECTIONS_RANDOMIZED_TESTING -DXcode -plugin-path /Applications/Xcode-beta.app/Contents/Developer/Toolchains/XcodeDefault.xctoolchain/usr/lib/swift/host/plugins/testing -enable-experimental-feature DebugDescriptionMacro -sdk /Applications/Xcode-beta.app/Contents/Developer/Platforms/iPhoneSimulator.platform/Developer/SDKs/iPhoneSimulator26.0.sdk -target x86_64-apple-ios12.0-simulator -g -module-cache-path /Users/kris/Epilogue/build/ModuleCache.noindex -Xfrontend -serialize-debugging-options -profile-coverage-mapping -profile-generate -enable-testing -suppress-warnings -index-store-path /Users/kris/Epilogue/build/Index.noindex/DataStore -Xcc -D_LIBCPP_HARDENING_MODE\=_LIBCPP_HARDENING_MODE_DEBUG -swift-version 5 -I /Users/kris/Epilogue/build/Build/Products/Debug-iphonesimulator -Isystem /Applications/Xcode-beta.app/Contents/Developer/Platforms/iPhoneSimulator.platform/Developer/usr/lib -F /Users/kris/Epilogue/build/Build/Products/Debug-iphonesimulator/PackageFrameworks -F /Users/kris/Epilogue/build/Build/Products/Debug-iphonesimulator -F /Applications/Xcode-beta.app/Contents/Developer/Platforms/iPhoneSimulator.platform/Developer/Library/Frameworks -F /Applications/Xcode-beta.app/Contents/Developer/Platforms/iPhoneSimulator.platform/Developer/SDKs/iPhoneSimulator26.0.sdk/Developer/Library/Frameworks -c -j12 -enable-batch-mode -incremental -Xcc -ivfsstatcache -Xcc /Users/kris/Epilogue/build/SDKStatCaches.noindex/iphonesimulator26.0-23A5297f-3885c01c3e6b6a337905948deab2002efc862078e33f881139a9d2f83bd1a9d0.sdkstatcache -output-file-map /Users/kris/Epilogue/build/Build/Intermediates.noindex/swift-collections.build/Debug-iphonesimulator/OrderedCollections.build/Objects-normal/x86_64/OrderedCollections-OutputFileMap.json -use-frontend-parseable-output -save-temps -no-color-diagnostics -explicit-module-build -module-cache-path /Users/kris/Epilogue/build/Build/Intermediates.noindex/SwiftExplicitPrecompiledModules -clang-scanner-module-cache-path /Users/kris/Epilogue/build/ModuleCache.noindex -sdk-module-cache-path /Users/kris/Epilogue/build/ModuleCache.noindex -serialize-diagnostics -emit-dependencies -emit-module -emit-module-path /Users/kris/Epilogue/build/Build/Intermediates.noindex/swift-collections.build/Debug-iphonesimulator/OrderedCollections.build/Objects-normal/x86_64/OrderedCollections.swiftmodule -validate-clang-modules-once -clang-build-session-file /Users/kris/Epilogue/build/ModuleCache.noindex/Session.modulevalidation -package-name swift_collections -Xcc -I/Users/kris/Epilogue/build/Build/Intermediates.noindex/swift-collections.build/Debug-iphonesimulator/OrderedCollections.build/swift-overrides.hmap -emit-const-values -Xfrontend -const-gather-protocols-file -Xfrontend /Users/kris/Epilogue/build/Build/Intermediates.noindex/swift-collections.build/Debug-iphonesimulator/OrderedCollections.build/Objects-normal/x86_64/OrderedCollections_const_extract_protocols.json -Xcc -I/Users/kris/Epilogue/build/Build/Products/Debug-iphonesimulator/include -Xcc -I/Users/kris/Epilogue/build/Build/Intermediates.noindex/swift-collections.build/Debug-iphonesimulator/OrderedCollections.build/DerivedSources-normal/x86_64 -Xcc -I/Users/kris/Epilogue/build/Build/Intermediates.noindex/swift-collections.build/Debug-iphonesimulator/OrderedCollections.build/DerivedSources/x86_64 -Xcc -I/Users/kris/Epilogue/build/Build/Intermediates.noindex/swift-collections.build/Debug-iphonesimulator/OrderedCollections.build/DerivedSources -Xcc -DSWIFT_PACKAGE -Xcc -DDEBUG\=1 -emit-objc-header -emit-objc-header-path /Users/kris/Epilogue/build/Build/Intermediates.noindex/swift-collections.build/Debug-iphonesimulator/OrderedCollections.build/Objects-normal/x86_64/OrderedCollections-Swift.h -working-directory /Users/kris/Epilogue/Epilogue/Epilogue.xcodeproj -experimental-emit-module-separately -disable-cmo

SwiftDriverJobDiscovery normal x86_64 Compiling _UniqueCollection.swift (in target 'InternalCollectionsUtilities' from project 'swift-collections')

SwiftDriverJobDiscovery normal arm64 Compiling _UnsafeBitSet.swift (in target 'InternalCollectionsUtilities' from project 'swift-collections')

SwiftDriver\ Compilation InternalCollectionsUtilities normal arm64 com.apple.xcode.tools.swift.compiler (in target 'InternalCollectionsUtilities' from project 'swift-collections')
    cd /Users/kris/Epilogue/Epilogue/Epilogue.xcodeproj
    builtin-Swift-Compilation -- /Applications/Xcode-beta.app/Contents/Developer/Toolchains/XcodeDefault.xctoolchain/usr/bin/swiftc -module-name InternalCollectionsUtilities -Onone -enforce-exclusivity\=checked @/Users/kris/Epilogue/build/Build/Intermediates.noindex/swift-collections.build/Debug-iphonesimulator/InternalCollectionsUtilities.build/Objects-normal/arm64/InternalCollectionsUtilities.SwiftFileList -DSWIFT_PACKAGE -DDEBUG -DSWIFT_MODULE_RESOURCE_BUNDLE_UNAVAILABLE -DCOLLECTIONS_RANDOMIZED_TESTING -DXcode -plugin-path /Applications/Xcode-beta.app/Contents/Developer/Toolchains/XcodeDefault.xctoolchain/usr/lib/swift/host/plugins/testing -enable-experimental-feature DebugDescriptionMacro -sdk /Applications/Xcode-beta.app/Contents/Developer/Platforms/iPhoneSimulator.platform/Developer/SDKs/iPhoneSimulator26.0.sdk -target arm64-apple-ios12.0-simulator -g -module-cache-path /Users/kris/Epilogue/build/ModuleCache.noindex -Xfrontend -serialize-debugging-options -profile-coverage-mapping -profile-generate -enable-testing -suppress-warnings -index-store-path /Users/kris/Epilogue/build/Index.noindex/DataStore -Xcc -D_LIBCPP_HARDENING_MODE\=_LIBCPP_HARDENING_MODE_DEBUG -swift-version 5 -I /Users/kris/Epilogue/build/Build/Products/Debug-iphonesimulator -Isystem /Applications/Xcode-beta.app/Contents/Developer/Platforms/iPhoneSimulator.platform/Developer/usr/lib -F /Users/kris/Epilogue/build/Build/Products/Debug-iphonesimulator -F /Applications/Xcode-beta.app/Contents/Developer/Platforms/iPhoneSimulator.platform/Developer/Library/Frameworks -F /Applications/Xcode-beta.app/Contents/Developer/Platforms/iPhoneSimulator.platform/Developer/SDKs/iPhoneSimulator26.0.sdk/Developer/Library/Frameworks -c -j12 -enable-batch-mode -incremental -Xcc -ivfsstatcache -Xcc /Users/kris/Epilogue/build/SDKStatCaches.noindex/iphonesimulator26.0-23A5297f-3885c01c3e6b6a337905948deab2002efc862078e33f881139a9d2f83bd1a9d0.sdkstatcache -output-file-map /Users/kris/Epilogue/build/Build/Intermediates.noindex/swift-collections.build/Debug-iphonesimulator/InternalCollectionsUtilities.build/Objects-normal/arm64/InternalCollectionsUtilities-OutputFileMap.json -use-frontend-parseable-output -save-temps -no-color-diagnostics -explicit-module-build -module-cache-path /Users/kris/Epilogue/build/Build/Intermediates.noindex/SwiftExplicitPrecompiledModules -clang-scanner-module-cache-path /Users/kris/Epilogue/build/ModuleCache.noindex -sdk-module-cache-path /Users/kris/Epilogue/build/ModuleCache.noindex -serialize-diagnostics -emit-dependencies -emit-module -emit-module-path /Users/kris/Epilogue/build/Build/Intermediates.noindex/swift-collections.build/Debug-iphonesimulator/InternalCollectionsUtilities.build/Objects-normal/arm64/InternalCollectionsUtilities.swiftmodule -validate-clang-modules-once -clang-build-session-file /Users/kris/Epilogue/build/ModuleCache.noindex/Session.modulevalidation -package-name swift_collections -Xcc -I/Users/kris/Epilogue/build/Build/Intermediates.noindex/swift-collections.build/Debug-iphonesimulator/InternalCollectionsUtilities.build/swift-overrides.hmap -emit-const-values -Xfrontend -const-gather-protocols-file -Xfrontend /Users/kris/Epilogue/build/Build/Intermediates.noindex/swift-collections.build/Debug-iphonesimulator/InternalCollectionsUtilities.build/Objects-normal/arm64/InternalCollectionsUtilities_const_extract_protocols.json -Xcc -I/Users/kris/Epilogue/build/Build/Products/Debug-iphonesimulator/include -Xcc -I/Users/kris/Epilogue/build/Build/Intermediates.noindex/swift-collections.build/Debug-iphonesimulator/InternalCollectionsUtilities.build/DerivedSources-normal/arm64 -Xcc -I/Users/kris/Epilogue/build/Build/Intermediates.noindex/swift-collections.build/Debug-iphonesimulator/InternalCollectionsUtilities.build/DerivedSources/arm64 -Xcc -I/Users/kris/Epilogue/build/Build/Intermediates.noindex/swift-collections.build/Debug-iphonesimulator/InternalCollectionsUtilities.build/DerivedSources -Xcc -DSWIFT_PACKAGE -Xcc -DDEBUG\=1 -emit-objc-header -emit-objc-header-path /Users/kris/Epilogue/build/Build/Intermediates.noindex/swift-collections.build/Debug-iphonesimulator/InternalCollectionsUtilities.build/Objects-normal/arm64/InternalCollectionsUtilities-Swift.h -working-directory /Users/kris/Epilogue/Epilogue/Epilogue.xcodeproj -experimental-emit-module-separately -disable-cmo

SwiftDriverJobDiscovery normal x86_64 Compiling RandomAccessCollection+Offsets.swift (in target 'InternalCollectionsUtilities' from project 'swift-collections')

Ld /Users/kris/Epilogue/build/Build/Intermediates.noindex/swift-collections.build/Debug-iphonesimulator/InternalCollectionsUtilities.build/Objects-normal/arm64/Binary/InternalCollectionsUtilities.o normal arm64 (in target 'InternalCollectionsUtilities' from project 'swift-collections')
    cd /Users/kris/Epilogue/build/SourcePackages/checkouts/swift-collections
    /Applications/Xcode-beta.app/Contents/Developer/Toolchains/XcodeDefault.xctoolchain/usr/bin/clang -Xlinker -reproducible -target arm64-apple-ios12.0-simulator -r -isysroot /Applications/Xcode-beta.app/Contents/Developer/Platforms/iPhoneSimulator.platform/Developer/SDKs/iPhoneSimulator26.0.sdk -O0 -w -L/Users/kris/Epilogue/build/Build/Intermediates.noindex/EagerLinkingTBDs/Debug-iphonesimulator -L/Users/kris/Epilogue/build/Build/Products/Debug-iphonesimulator -L/Applications/Xcode-beta.app/Contents/Developer/Platforms/iPhoneSimulator.platform/Developer/usr/lib -F/Users/kris/Epilogue/build/Build/Intermediates.noindex/EagerLinkingTBDs/Debug-iphonesimulator -F/Users/kris/Epilogue/build/Build/Products/Debug-iphonesimulator -iframework /Applications/Xcode-beta.app/Contents/Developer/Platforms/iPhoneSimulator.platform/Developer/Library/Frameworks -iframework /Applications/Xcode-beta.app/Contents/Developer/Platforms/iPhoneSimulator.platform/Developer/SDKs/iPhoneSimulator26.0.sdk/Developer/Library/Frameworks -filelist /Users/kris/Epilogue/build/Build/Intermediates.noindex/swift-collections.build/Debug-iphonesimulator/InternalCollectionsUtilities.build/Objects-normal/arm64/InternalCollectionsUtilities.LinkFileList -nostdlib -Xlinker -object_path_lto -Xlinker /Users/kris/Epilogue/build/Build/Intermediates.noindex/swift-collections.build/Debug-iphonesimulator/InternalCollectionsUtilities.build/Objects-normal/arm64/InternalCollectionsUtilities_lto.o -rdynamic -Xlinker -no_deduplicate -Xlinker -objc_abi_version -Xlinker 2 -Xlinker -debug_variant -Xlinker -dependency_info -Xlinker /Users/kris/Epilogue/build/Build/Intermediates.noindex/swift-collections.build/Debug-iphonesimulator/InternalCollectionsUtilities.build/Objects-normal/arm64/InternalCollectionsUtilities_dependency_info.dat -fobjc-link-runtime -L/Applications/Xcode-beta.app/Contents/Developer/Toolchains/XcodeDefault.xctoolchain/usr/lib/swift/iphonesimulator -L/usr/lib/swift -Xlinker -add_ast_path -Xlinker /Users/kris/Epilogue/build/Build/Intermediates.noindex/swift-collections.build/Debug-iphonesimulator/InternalCollectionsUtilities.build/Objects-normal/arm64/InternalCollectionsUtilities.swiftmodule @/Users/kris/Epilogue/build/Build/Intermediates.noindex/swift-collections.build/Debug-iphonesimulator/InternalCollectionsUtilities.build/Objects-normal/arm64/InternalCollectionsUtilities-linker-args.resp -o /Users/kris/Epilogue/build/Build/Intermediates.noindex/swift-collections.build/Debug-iphonesimulator/InternalCollectionsUtilities.build/Objects-normal/arm64/Binary/InternalCollectionsUtilities.o

SwiftCompile normal arm64 Compiling\ OrderedSet+CustomReflectable.swift,\ OrderedSet+Descriptions.swift,\ OrderedSet+Diffing.swift,\ OrderedSet+Equatable.swift,\ OrderedSet+ExpressibleByArrayLiteral.swift /Users/kris/Epilogue/build/SourcePackages/checkouts/swift-collections/Sources/OrderedCollections/OrderedSet/OrderedSet+CustomReflectable.swift /Users/kris/Epilogue/build/SourcePackages/checkouts/swift-collections/Sources/OrderedCollections/OrderedSet/OrderedSet+Descriptions.swift /Users/kris/Epilogue/build/SourcePackages/checkouts/swift-collections/Sources/OrderedCollections/OrderedSet/OrderedSet+Diffing.swift /Users/kris/Epilogue/build/SourcePackages/checkouts/swift-collections/Sources/OrderedCollections/OrderedSet/OrderedSet+Equatable.swift /Users/kris/Epilogue/build/SourcePackages/checkouts/swift-collections/Sources/OrderedCollections/OrderedSet/OrderedSet+ExpressibleByArrayLiteral.swift (in target 'OrderedCollections' from project 'swift-collections')

SwiftCompile normal arm64 /Users/kris/Epilogue/build/SourcePackages/checkouts/swift-collections/Sources/OrderedCollections/OrderedSet/OrderedSet+CustomReflectable.swift (in target 'OrderedCollections' from project 'swift-collections')
    cd /Users/kris/Epilogue/Epilogue/Epilogue.xcodeproj
    

SwiftCompile normal arm64 /Users/kris/Epilogue/build/SourcePackages/checkouts/swift-collections/Sources/OrderedCollections/OrderedSet/OrderedSet+Descriptions.swift (in target 'OrderedCollections' from project 'swift-collections')
    cd /Users/kris/Epilogue/Epilogue/Epilogue.xcodeproj
    

SwiftCompile normal arm64 /Users/kris/Epilogue/build/SourcePackages/checkouts/swift-collections/Sources/OrderedCollections/OrderedSet/OrderedSet+Diffing.swift (in target 'OrderedCollections' from project 'swift-collections')
    cd /Users/kris/Epilogue/Epilogue/Epilogue.xcodeproj
    

SwiftCompile normal arm64 /Users/kris/Epilogue/build/SourcePackages/checkouts/swift-collections/Sources/OrderedCollections/OrderedSet/OrderedSet+Equatable.swift (in target 'OrderedCollections' from project 'swift-collections')
    cd /Users/kris/Epilogue/Epilogue/Epilogue.xcodeproj
    

SwiftCompile normal arm64 /Users/kris/Epilogue/build/SourcePackages/checkouts/swift-collections/Sources/OrderedCollections/OrderedSet/OrderedSet+ExpressibleByArrayLiteral.swift (in target 'OrderedCollections' from project 'swift-collections')
    cd /Users/kris/Epilogue/Epilogue/Epilogue.xcodeproj
    

SwiftEmitModule normal arm64 Emitting\ module\ for\ OrderedCollections (in target 'OrderedCollections' from project 'swift-collections')
EmitSwiftModule normal arm64 (in target 'OrderedCollections' from project 'swift-collections')
    cd /Users/kris/Epilogue/Epilogue/Epilogue.xcodeproj
    

SwiftDriver ArgumentParser normal x86_64 com.apple.xcode.tools.swift.compiler (in target 'ArgumentParser' from project 'swift-argument-parser')
    cd /Users/kris/Epilogue/Epilogue/Epilogue.xcodeproj
    builtin-SwiftDriver -- /Applications/Xcode-beta.app/Contents/Developer/Toolchains/XcodeDefault.xctoolchain/usr/bin/swiftc -module-name ArgumentParser -Onone -enforce-exclusivity\=checked @/Users/kris/Epilogue/build/Build/Intermediates.noindex/swift-argument-parser.build/Debug-iphonesimulator/ArgumentParser.build/Objects-normal/x86_64/ArgumentParser.SwiftFileList -DSWIFT_PACKAGE -DDEBUG -DSWIFT_MODULE_RESOURCE_BUNDLE_UNAVAILABLE -DXcode -enable-experimental-feature StrictConcurrency -plugin-path /Applications/Xcode-beta.app/Contents/Developer/Toolchains/XcodeDefault.xctoolchain/usr/lib/swift/host/plugins/testing -enable-experimental-feature DebugDescriptionMacro -sdk /Applications/Xcode-beta.app/Contents/Developer/Platforms/iPhoneSimulator.platform/Developer/SDKs/iPhoneSimulator26.0.sdk -target x86_64-apple-ios12.0-simulator -g -module-cache-path /Users/kris/Epilogue/build/ModuleCache.noindex -Xfrontend -serialize-debugging-options -profile-coverage-mapping -profile-generate -enable-testing -suppress-warnings -index-store-path /Users/kris/Epilogue/build/Index.noindex/DataStore -Xcc -D_LIBCPP_HARDENING_MODE\=_LIBCPP_HARDENING_MODE_DEBUG -swift-version 5 -I /Users/kris/Epilogue/build/Build/Products/Debug-iphonesimulator -Isystem /Applications/Xcode-beta.app/Contents/Developer/Platforms/iPhoneSimulator.platform/Developer/usr/lib -F /Users/kris/Epilogue/build/Build/Products/Debug-iphonesimulator/PackageFrameworks -F /Users/kris/Epilogue/build/Build/Products/Debug-iphonesimulator -F /Applications/Xcode-beta.app/Contents/Developer/Platforms/iPhoneSimulator.platform/Developer/Library/Frameworks -F /Applications/Xcode-beta.app/Contents/Developer/Platforms/iPhoneSimulator.platform/Developer/SDKs/iPhoneSimulator26.0.sdk/Developer/Library/Frameworks -c -j12 -enable-batch-mode -incremental -Xcc -ivfsstatcache -Xcc /Users/kris/Epilogue/build/SDKStatCaches.noindex/iphonesimulator26.0-23A5297f-3885c01c3e6b6a337905948deab2002efc862078e33f881139a9d2f83bd1a9d0.sdkstatcache -output-file-map /Users/kris/Epilogue/build/Build/Intermediates.noindex/swift-argument-parser.build/Debug-iphonesimulator/ArgumentParser.build/Objects-normal/x86_64/ArgumentParser-OutputFileMap.json -use-frontend-parseable-output -save-temps -no-color-diagnostics -explicit-module-build -module-cache-path /Users/kris/Epilogue/build/Build/Intermediates.noindex/SwiftExplicitPrecompiledModules -clang-scanner-module-cache-path /Users/kris/Epilogue/build/ModuleCache.noindex -sdk-module-cache-path /Users/kris/Epilogue/build/ModuleCache.noindex -serialize-diagnostics -emit-dependencies -emit-module -emit-module-path /Users/kris/Epilogue/build/Build/Intermediates.noindex/swift-argument-parser.build/Debug-iphonesimulator/ArgumentParser.build/Objects-normal/x86_64/ArgumentParser.swiftmodule -validate-clang-modules-once -clang-build-session-file /Users/kris/Epilogue/build/ModuleCache.noindex/Session.modulevalidation -Xcc -I/Users/kris/Epilogue/build/Build/Intermediates.noindex/swift-argument-parser.build/Debug-iphonesimulator/ArgumentParser.build/swift-overrides.hmap -emit-const-values -Xfrontend -const-gather-protocols-file -Xfrontend /Users/kris/Epilogue/build/Build/Intermediates.noindex/swift-argument-parser.build/Debug-iphonesimulator/ArgumentParser.build/Objects-normal/x86_64/ArgumentParser_const_extract_protocols.json -Xcc -I/Users/kris/Epilogue/build/Build/Products/Debug-iphonesimulator/include -Xcc -I/Users/kris/Epilogue/build/Build/Intermediates.noindex/swift-argument-parser.build/Debug-iphonesimulator/ArgumentParser.build/DerivedSources-normal/x86_64 -Xcc -I/Users/kris/Epilogue/build/Build/Intermediates.noindex/swift-argument-parser.build/Debug-iphonesimulator/ArgumentParser.build/DerivedSources/x86_64 -Xcc -I/Users/kris/Epilogue/build/Build/Intermediates.noindex/swift-argument-parser.build/Debug-iphonesimulator/ArgumentParser.build/DerivedSources -Xcc -DSWIFT_PACKAGE -Xcc -DDEBUG\=1 -emit-objc-header -emit-objc-header-path /Users/kris/Epilogue/build/Build/Intermediates.noindex/swift-argument-parser.build/Debug-iphonesimulator/ArgumentParser.build/Objects-normal/x86_64/ArgumentParser-Swift.h -working-directory /Users/kris/Epilogue/Epilogue/Epilogue.xcodeproj -experimental-emit-module-separately -disable-cmo

SwiftDriver ArgumentParser normal arm64 com.apple.xcode.tools.swift.compiler (in target 'ArgumentParser' from project 'swift-argument-parser')
    cd /Users/kris/Epilogue/Epilogue/Epilogue.xcodeproj
    builtin-SwiftDriver -- /Applications/Xcode-beta.app/Contents/Developer/Toolchains/XcodeDefault.xctoolchain/usr/bin/swiftc -module-name ArgumentParser -Onone -enforce-exclusivity\=checked @/Users/kris/Epilogue/build/Build/Intermediates.noindex/swift-argument-parser.build/Debug-iphonesimulator/ArgumentParser.build/Objects-normal/arm64/ArgumentParser.SwiftFileList -DSWIFT_PACKAGE -DDEBUG -DSWIFT_MODULE_RESOURCE_BUNDLE_UNAVAILABLE -DXcode -enable-experimental-feature StrictConcurrency -plugin-path /Applications/Xcode-beta.app/Contents/Developer/Toolchains/XcodeDefault.xctoolchain/usr/lib/swift/host/plugins/testing -enable-experimental-feature DebugDescriptionMacro -sdk /Applications/Xcode-beta.app/Contents/Developer/Platforms/iPhoneSimulator.platform/Developer/SDKs/iPhoneSimulator26.0.sdk -target arm64-apple-ios12.0-simulator -g -module-cache-path /Users/kris/Epilogue/build/ModuleCache.noindex -Xfrontend -serialize-debugging-options -profile-coverage-mapping -profile-generate -enable-testing -suppress-warnings -index-store-path /Users/kris/Epilogue/build/Index.noindex/DataStore -Xcc -D_LIBCPP_HARDENING_MODE\=_LIBCPP_HARDENING_MODE_DEBUG -swift-version 5 -I /Users/kris/Epilogue/build/Build/Products/Debug-iphonesimulator -Isystem /Applications/Xcode-beta.app/Contents/Developer/Platforms/iPhoneSimulator.platform/Developer/usr/lib -F /Users/kris/Epilogue/build/Build/Products/Debug-iphonesimulator/PackageFrameworks -F /Users/kris/Epilogue/build/Build/Products/Debug-iphonesimulator -F /Applications/Xcode-beta.app/Contents/Developer/Platforms/iPhoneSimulator.platform/Developer/Library/Frameworks -F /Applications/Xcode-beta.app/Contents/Developer/Platforms/iPhoneSimulator.platform/Developer/SDKs/iPhoneSimulator26.0.sdk/Developer/Library/Frameworks -c -j12 -enable-batch-mode -incremental -Xcc -ivfsstatcache -Xcc /Users/kris/Epilogue/build/SDKStatCaches.noindex/iphonesimulator26.0-23A5297f-3885c01c3e6b6a337905948deab2002efc862078e33f881139a9d2f83bd1a9d0.sdkstatcache -output-file-map /Users/kris/Epilogue/build/Build/Intermediates.noindex/swift-argument-parser.build/Debug-iphonesimulator/ArgumentParser.build/Objects-normal/arm64/ArgumentParser-OutputFileMap.json -use-frontend-parseable-output -save-temps -no-color-diagnostics -explicit-module-build -module-cache-path /Users/kris/Epilogue/build/Build/Intermediates.noindex/SwiftExplicitPrecompiledModules -clang-scanner-module-cache-path /Users/kris/Epilogue/build/ModuleCache.noindex -sdk-module-cache-path /Users/kris/Epilogue/build/ModuleCache.noindex -serialize-diagnostics -emit-dependencies -emit-module -emit-module-path /Users/kris/Epilogue/build/Build/Intermediates.noindex/swift-argument-parser.build/Debug-iphonesimulator/ArgumentParser.build/Objects-normal/arm64/ArgumentParser.swiftmodule -validate-clang-modules-once -clang-build-session-file /Users/kris/Epilogue/build/ModuleCache.noindex/Session.modulevalidation -Xcc -I/Users/kris/Epilogue/build/Build/Intermediates.noindex/swift-argument-parser.build/Debug-iphonesimulator/ArgumentParser.build/swift-overrides.hmap -emit-const-values -Xfrontend -const-gather-protocols-file -Xfrontend /Users/kris/Epilogue/build/Build/Intermediates.noindex/swift-argument-parser.build/Debug-iphonesimulator/ArgumentParser.build/Objects-normal/arm64/ArgumentParser_const_extract_protocols.json -Xcc -I/Users/kris/Epilogue/build/Build/Products/Debug-iphonesimulator/include -Xcc -I/Users/kris/Epilogue/build/Build/Intermediates.noindex/swift-argument-parser.build/Debug-iphonesimulator/ArgumentParser.build/DerivedSources-normal/arm64 -Xcc -I/Users/kris/Epilogue/build/Build/Intermediates.noindex/swift-argument-parser.build/Debug-iphonesimulator/ArgumentParser.build/DerivedSources/arm64 -Xcc -I/Users/kris/Epilogue/build/Build/Intermediates.noindex/swift-argument-parser.build/Debug-iphonesimulator/ArgumentParser.build/DerivedSources -Xcc -DSWIFT_PACKAGE -Xcc -DDEBUG\=1 -emit-objc-header -emit-objc-header-path /Users/kris/Epilogue/build/Build/Intermediates.noindex/swift-argument-parser.build/Debug-iphonesimulator/ArgumentParser.build/Objects-normal/arm64/ArgumentParser-Swift.h -working-directory /Users/kris/Epilogue/Epilogue/Epilogue.xcodeproj -experimental-emit-module-separately -disable-cmo

SwiftEmitModule normal x86_64 Emitting\ module\ for\ OrderedCollections (in target 'OrderedCollections' from project 'swift-collections')
EmitSwiftModule normal x86_64 (in target 'OrderedCollections' from project 'swift-collections')
    cd /Users/kris/Epilogue/Epilogue/Epilogue.xcodeproj
    

SwiftDriverJobDiscovery normal x86_64 Compiling _UnsafeBitSet+_Word.swift (in target 'InternalCollectionsUtilities' from project 'swift-collections')

SwiftCompile normal x86_64 Compiling\ OrderedDictionary+Sendable.swift,\ OrderedDictionary+Sequence.swift,\ OrderedDictionary+Values.swift,\ OrderedDictionary.swift,\ OrderedSet+Codable.swift /Users/kris/Epilogue/build/SourcePackages/checkouts/swift-collections/Sources/OrderedCollections/OrderedDictionary/OrderedDictionary+Sendable.swift /Users/kris/Epilogue/build/SourcePackages/checkouts/swift-collections/Sources/OrderedCollections/OrderedDictionary/OrderedDictionary+Sequence.swift /Users/kris/Epilogue/build/SourcePackages/checkouts/swift-collections/Sources/OrderedCollections/OrderedDictionary/OrderedDictionary+Values.swift /Users/kris/Epilogue/build/SourcePackages/checkouts/swift-collections/Sources/OrderedCollections/OrderedDictionary/OrderedDictionary.swift /Users/kris/Epilogue/build/SourcePackages/checkouts/swift-collections/Sources/OrderedCollections/OrderedSet/OrderedSet+Codable.swift (in target 'OrderedCollections' from project 'swift-collections')

SwiftCompile normal x86_64 /Users/kris/Epilogue/build/SourcePackages/checkouts/swift-collections/Sources/OrderedCollections/OrderedDictionary/OrderedDictionary+Sendable.swift (in target 'OrderedCollections' from project 'swift-collections')
    cd /Users/kris/Epilogue/Epilogue/Epilogue.xcodeproj
    

SwiftCompile normal x86_64 /Users/kris/Epilogue/build/SourcePackages/checkouts/swift-collections/Sources/OrderedCollections/OrderedDictionary/OrderedDictionary+Sequence.swift (in target 'OrderedCollections' from project 'swift-collections')
    cd /Users/kris/Epilogue/Epilogue/Epilogue.xcodeproj
    

SwiftCompile normal x86_64 /Users/kris/Epilogue/build/SourcePackages/checkouts/swift-collections/Sources/OrderedCollections/OrderedDictionary/OrderedDictionary+Values.swift (in target 'OrderedCollections' from project 'swift-collections')
    cd /Users/kris/Epilogue/Epilogue/Epilogue.xcodeproj
    

SwiftCompile normal x86_64 /Users/kris/Epilogue/build/SourcePackages/checkouts/swift-collections/Sources/OrderedCollections/OrderedDictionary/OrderedDictionary.swift (in target 'OrderedCollections' from project 'swift-collections')
    cd /Users/kris/Epilogue/Epilogue/Epilogue.xcodeproj
    

SwiftCompile normal x86_64 /Users/kris/Epilogue/build/SourcePackages/checkouts/swift-collections/Sources/OrderedCollections/OrderedSet/OrderedSet+Codable.swift (in target 'OrderedCollections' from project 'swift-collections')
    cd /Users/kris/Epilogue/Epilogue/Epilogue.xcodeproj
    

SwiftDriverJobDiscovery normal x86_64 Compiling _UnsafeBitSet.swift (in target 'InternalCollectionsUtilities' from project 'swift-collections')

SwiftCompile normal x86_64 Compiling\ OrderedSet+Hashable.swift,\ OrderedSet+Initializers.swift,\ OrderedSet+Insertions.swift,\ OrderedSet+Invariants.swift,\ OrderedSet+Partial\ MutableCollection.swift /Users/kris/Epilogue/build/SourcePackages/checkouts/swift-collections/Sources/OrderedCollections/OrderedSet/OrderedSet+Hashable.swift /Users/kris/Epilogue/build/SourcePackages/checkouts/swift-collections/Sources/OrderedCollections/OrderedSet/OrderedSet+Initializers.swift /Users/kris/Epilogue/build/SourcePackages/checkouts/swift-collections/Sources/OrderedCollections/OrderedSet/OrderedSet+Insertions.swift /Users/kris/Epilogue/build/SourcePackages/checkouts/swift-collections/Sources/OrderedCollections/OrderedSet/OrderedSet+Invariants.swift /Users/kris/Epilogue/build/SourcePackages/checkouts/swift-collections/Sources/OrderedCollections/OrderedSet/OrderedSet+Partial\ MutableCollection.swift (in target 'OrderedCollections' from project 'swift-collections')

SwiftCompile normal x86_64 /Users/kris/Epilogue/build/SourcePackages/checkouts/swift-collections/Sources/OrderedCollections/OrderedSet/OrderedSet+Hashable.swift (in target 'OrderedCollections' from project 'swift-collections')
    cd /Users/kris/Epilogue/Epilogue/Epilogue.xcodeproj
    

SwiftCompile normal x86_64 /Users/kris/Epilogue/build/SourcePackages/checkouts/swift-collections/Sources/OrderedCollections/OrderedSet/OrderedSet+Initializers.swift (in target 'OrderedCollections' from project 'swift-collections')
    cd /Users/kris/Epilogue/Epilogue/Epilogue.xcodeproj
    

SwiftCompile normal x86_64 /Users/kris/Epilogue/build/SourcePackages/checkouts/swift-collections/Sources/OrderedCollections/OrderedSet/OrderedSet+Insertions.swift (in target 'OrderedCollections' from project 'swift-collections')
    cd /Users/kris/Epilogue/Epilogue/Epilogue.xcodeproj
    

SwiftCompile normal x86_64 /Users/kris/Epilogue/build/SourcePackages/checkouts/swift-collections/Sources/OrderedCollections/OrderedSet/OrderedSet+Invariants.swift (in target 'OrderedCollections' from project 'swift-collections')
    cd /Users/kris/Epilogue/Epilogue/Epilogue.xcodeproj
    

SwiftCompile normal x86_64 /Users/kris/Epilogue/build/SourcePackages/checkouts/swift-collections/Sources/OrderedCollections/OrderedSet/OrderedSet+Partial\ MutableCollection.swift (in target 'OrderedCollections' from project 'swift-collections')
    cd /Users/kris/Epilogue/Epilogue/Epilogue.xcodeproj
    

SwiftExplicitDependencyGeneratePcm x86_64 /Users/kris/Epilogue/build/ModuleCache.noindex/ObjectiveC-ASX30A00NJWLN6KISDQNTUC7Y.pcm

SwiftExplicitDependencyGeneratePcm x86_64 /Users/kris/Epilogue/build/ModuleCache.noindex/MachO-5UQB7DORIBVZ9LX93CJQ1OTZG.pcm

SwiftDriverJobDiscovery normal arm64 Compiling OrderedSet+CustomReflectable.swift, OrderedSet+Descriptions.swift, OrderedSet+Diffing.swift, OrderedSet+Equatable.swift, OrderedSet+ExpressibleByArrayLiteral.swift (in target 'OrderedCollections' from project 'swift-collections')

SwiftExplicitDependencyGeneratePcm arm64 /Users/kris/Epilogue/build/ModuleCache.noindex/MachO-5MLU7SEPG4VOFH7MFG810FEJN.pcm

SwiftExplicitDependencyGeneratePcm arm64 /Users/kris/Epilogue/build/ModuleCache.noindex/ObjectiveC-3ENLBEKKI5R8N74O3VQSECU2I.pcm

SwiftExplicitDependencyGeneratePcm x86_64 /Users/kris/Epilogue/build/ModuleCache.noindex/os_object-67YB4CHZI7QTZHFKU8B1IAS.pcm

SwiftExplicitDependencyGeneratePcm x86_64 /Users/kris/Epilogue/build/ModuleCache.noindex/simd-87WY5QV4CE925FJ8TZDA46VBP.pcm

SwiftExplicitDependencyGeneratePcm arm64 /Users/kris/Epilogue/build/ModuleCache.noindex/os_object-13JAKG9RPO6I8UMEF0JLUX88B.pcm

SwiftCompile normal arm64 Compiling\ OrderedSet+Testing.swift,\ OrderedSet+UnorderedView.swift,\ OrderedSet+UnstableInternals.swift,\ OrderedSet.swift,\ _UnsafeBitset.swift /Users/kris/Epilogue/build/SourcePackages/checkouts/swift-collections/Sources/OrderedCollections/OrderedSet/OrderedSet+Testing.swift /Users/kris/Epilogue/build/SourcePackages/checkouts/swift-collections/Sources/OrderedCollections/OrderedSet/OrderedSet+UnorderedView.swift /Users/kris/Epilogue/build/SourcePackages/checkouts/swift-collections/Sources/OrderedCollections/OrderedSet/OrderedSet+UnstableInternals.swift /Users/kris/Epilogue/build/SourcePackages/checkouts/swift-collections/Sources/OrderedCollections/OrderedSet/OrderedSet.swift /Users/kris/Epilogue/build/SourcePackages/checkouts/swift-collections/Sources/OrderedCollections/Utilities/_UnsafeBitset.swift (in target 'OrderedCollections' from project 'swift-collections')

SwiftCompile normal arm64 /Users/kris/Epilogue/build/SourcePackages/checkouts/swift-collections/Sources/OrderedCollections/OrderedSet/OrderedSet+Testing.swift (in target 'OrderedCollections' from project 'swift-collections')
    cd /Users/kris/Epilogue/Epilogue/Epilogue.xcodeproj
    

SwiftCompile normal arm64 /Users/kris/Epilogue/build/SourcePackages/checkouts/swift-collections/Sources/OrderedCollections/OrderedSet/OrderedSet+UnorderedView.swift (in target 'OrderedCollections' from project 'swift-collections')
    cd /Users/kris/Epilogue/Epilogue/Epilogue.xcodeproj
    

SwiftCompile normal arm64 /Users/kris/Epilogue/build/SourcePackages/checkouts/swift-collections/Sources/OrderedCollections/OrderedSet/OrderedSet+UnstableInternals.swift (in target 'OrderedCollections' from project 'swift-collections')
    cd /Users/kris/Epilogue/Epilogue/Epilogue.xcodeproj
    

SwiftCompile normal arm64 /Users/kris/Epilogue/build/SourcePackages/checkouts/swift-collections/Sources/OrderedCollections/OrderedSet/OrderedSet.swift (in target 'OrderedCollections' from project 'swift-collections')
    cd /Users/kris/Epilogue/Epilogue/Epilogue.xcodeproj
    

SwiftCompile normal arm64 /Users/kris/Epilogue/build/SourcePackages/checkouts/swift-collections/Sources/OrderedCollections/Utilities/_UnsafeBitset.swift (in target 'OrderedCollections' from project 'swift-collections')
    cd /Users/kris/Epilogue/Epilogue/Epilogue.xcodeproj
    

SwiftExplicitDependencyGeneratePcm x86_64 /Users/kris/Epilogue/build/ModuleCache.noindex/os_workgroup-11BWO816CZW4LQXLXWU6BO8T0.pcm

SwiftCompile normal arm64 Compiling\ OrderedSet+Hashable.swift,\ OrderedSet+Initializers.swift,\ OrderedSet+Insertions.swift,\ OrderedSet+Invariants.swift,\ OrderedSet+Partial\ MutableCollection.swift /Users/kris/Epilogue/build/SourcePackages/checkouts/swift-collections/Sources/OrderedCollections/OrderedSet/OrderedSet+Hashable.swift /Users/kris/Epilogue/build/SourcePackages/checkouts/swift-collections/Sources/OrderedCollections/OrderedSet/OrderedSet+Initializers.swift /Users/kris/Epilogue/build/SourcePackages/checkouts/swift-collections/Sources/OrderedCollections/OrderedSet/OrderedSet+Insertions.swift /Users/kris/Epilogue/build/SourcePackages/checkouts/swift-collections/Sources/OrderedCollections/OrderedSet/OrderedSet+Invariants.swift /Users/kris/Epilogue/build/SourcePackages/checkouts/swift-collections/Sources/OrderedCollections/OrderedSet/OrderedSet+Partial\ MutableCollection.swift (in target 'OrderedCollections' from project 'swift-collections')

SwiftCompile normal arm64 /Users/kris/Epilogue/build/SourcePackages/checkouts/swift-collections/Sources/OrderedCollections/OrderedSet/OrderedSet+Hashable.swift (in target 'OrderedCollections' from project 'swift-collections')
    cd /Users/kris/Epilogue/Epilogue/Epilogue.xcodeproj
    

SwiftCompile normal arm64 /Users/kris/Epilogue/build/SourcePackages/checkouts/swift-collections/Sources/OrderedCollections/OrderedSet/OrderedSet+Initializers.swift (in target 'OrderedCollections' from project 'swift-collections')
    cd /Users/kris/Epilogue/Epilogue/Epilogue.xcodeproj
    

SwiftCompile normal arm64 /Users/kris/Epilogue/build/SourcePackages/checkouts/swift-collections/Sources/OrderedCollections/OrderedSet/OrderedSet+Insertions.swift (in target 'OrderedCollections' from project 'swift-collections')
    cd /Users/kris/Epilogue/Epilogue/Epilogue.xcodeproj
    

SwiftCompile normal arm64 /Users/kris/Epilogue/build/SourcePackages/checkouts/swift-collections/Sources/OrderedCollections/OrderedSet/OrderedSet+Invariants.swift (in target 'OrderedCollections' from project 'swift-collections')
    cd /Users/kris/Epilogue/Epilogue/Epilogue.xcodeproj
    

SwiftCompile normal arm64 /Users/kris/Epilogue/build/SourcePackages/checkouts/swift-collections/Sources/OrderedCollections/OrderedSet/OrderedSet+Partial\ MutableCollection.swift (in target 'OrderedCollections' from project 'swift-collections')
    cd /Users/kris/Epilogue/Epilogue/Epilogue.xcodeproj
    

SwiftExplicitDependencyGeneratePcm arm64 /Users/kris/Epilogue/build/ModuleCache.noindex/os_workgroup-D9LUGND7MOY73ZWMWOYB38XKJ.pcm

SwiftCompile normal x86_64 Compiling\ OrderedSet+Partial\ SetAlgebra\ isDisjoint.swift,\ OrderedSet+Partial\ SetAlgebra\ isEqualSet.swift,\ OrderedSet+Partial\ SetAlgebra\ isStrictSubset.swift,\ OrderedSet+Partial\ SetAlgebra\ isStrictSuperset.swift,\ OrderedSet+Partial\ SetAlgebra\ isSubset.swift /Users/kris/Epilogue/build/SourcePackages/checkouts/swift-collections/Sources/OrderedCollections/OrderedSet/OrderedSet+Partial\ SetAlgebra\ isDisjoint.swift /Users/kris/Epilogue/build/SourcePackages/checkouts/swift-collections/Sources/OrderedCollections/OrderedSet/OrderedSet+Partial\ SetAlgebra\ isEqualSet.swift /Users/kris/Epilogue/build/SourcePackages/checkouts/swift-collections/Sources/OrderedCollections/OrderedSet/OrderedSet+Partial\ SetAlgebra\ isStrictSubset.swift /Users/kris/Epilogue/build/SourcePackages/checkouts/swift-collections/Sources/OrderedCollections/OrderedSet/OrderedSet+Partial\ SetAlgebra\ isStrictSuperset.swift /Users/kris/Epilogue/build/SourcePackages/checkouts/swift-collections/Sources/OrderedCollections/OrderedSet/OrderedSet+Partial\ SetAlgebra\ isSubset.swift (in target 'OrderedCollections' from project 'swift-collections')

SwiftCompile normal x86_64 /Users/kris/Epilogue/build/SourcePackages/checkouts/swift-collections/Sources/OrderedCollections/OrderedSet/OrderedSet+Partial\ SetAlgebra\ isDisjoint.swift (in target 'OrderedCollections' from project 'swift-collections')
    cd /Users/kris/Epilogue/Epilogue/Epilogue.xcodeproj
    

SwiftCompile normal x86_64 /Users/kris/Epilogue/build/SourcePackages/checkouts/swift-collections/Sources/OrderedCollections/OrderedSet/OrderedSet+Partial\ SetAlgebra\ isEqualSet.swift (in target 'OrderedCollections' from project 'swift-collections')
    cd /Users/kris/Epilogue/Epilogue/Epilogue.xcodeproj
    

SwiftCompile normal x86_64 /Users/kris/Epilogue/build/SourcePackages/checkouts/swift-collections/Sources/OrderedCollections/OrderedSet/OrderedSet+Partial\ SetAlgebra\ isStrictSubset.swift (in target 'OrderedCollections' from project 'swift-collections')
    cd /Users/kris/Epilogue/Epilogue/Epilogue.xcodeproj
    

SwiftCompile normal x86_64 /Users/kris/Epilogue/build/SourcePackages/checkouts/swift-collections/Sources/OrderedCollections/OrderedSet/OrderedSet+Partial\ SetAlgebra\ isStrictSuperset.swift (in target 'OrderedCollections' from project 'swift-collections')
    cd /Users/kris/Epilogue/Epilogue/Epilogue.xcodeproj
    

SwiftCompile normal x86_64 /Users/kris/Epilogue/build/SourcePackages/checkouts/swift-collections/Sources/OrderedCollections/OrderedSet/OrderedSet+Partial\ SetAlgebra\ isSubset.swift (in target 'OrderedCollections' from project 'swift-collections')
    cd /Users/kris/Epilogue/Epilogue/Epilogue.xcodeproj
    

SwiftCompile normal arm64 Compiling\ OrderedDictionary+Sendable.swift,\ OrderedDictionary+Sequence.swift,\ OrderedDictionary+Values.swift,\ OrderedDictionary.swift,\ OrderedSet+Codable.swift /Users/kris/Epilogue/build/SourcePackages/checkouts/swift-collections/Sources/OrderedCollections/OrderedDictionary/OrderedDictionary+Sendable.swift /Users/kris/Epilogue/build/SourcePackages/checkouts/swift-collections/Sources/OrderedCollections/OrderedDictionary/OrderedDictionary+Sequence.swift /Users/kris/Epilogue/build/SourcePackages/checkouts/swift-collections/Sources/OrderedCollections/OrderedDictionary/OrderedDictionary+Values.swift /Users/kris/Epilogue/build/SourcePackages/checkouts/swift-collections/Sources/OrderedCollections/OrderedDictionary/OrderedDictionary.swift /Users/kris/Epilogue/build/SourcePackages/checkouts/swift-collections/Sources/OrderedCollections/OrderedSet/OrderedSet+Codable.swift (in target 'OrderedCollections' from project 'swift-collections')

SwiftCompile normal arm64 /Users/kris/Epilogue/build/SourcePackages/checkouts/swift-collections/Sources/OrderedCollections/OrderedDictionary/OrderedDictionary+Sendable.swift (in target 'OrderedCollections' from project 'swift-collections')
    cd /Users/kris/Epilogue/Epilogue/Epilogue.xcodeproj
    

SwiftCompile normal arm64 /Users/kris/Epilogue/build/SourcePackages/checkouts/swift-collections/Sources/OrderedCollections/OrderedDictionary/OrderedDictionary+Sequence.swift (in target 'OrderedCollections' from project 'swift-collections')
    cd /Users/kris/Epilogue/Epilogue/Epilogue.xcodeproj
    

SwiftCompile normal arm64 /Users/kris/Epilogue/build/SourcePackages/checkouts/swift-collections/Sources/OrderedCollections/OrderedDictionary/OrderedDictionary+Values.swift (in target 'OrderedCollections' from project 'swift-collections')
    cd /Users/kris/Epilogue/Epilogue/Epilogue.xcodeproj
    

SwiftCompile normal arm64 /Users/kris/Epilogue/build/SourcePackages/checkouts/swift-collections/Sources/OrderedCollections/OrderedDictionary/OrderedDictionary.swift (in target 'OrderedCollections' from project 'swift-collections')
    cd /Users/kris/Epilogue/Epilogue/Epilogue.xcodeproj
    

SwiftCompile normal arm64 /Users/kris/Epilogue/build/SourcePackages/checkouts/swift-collections/Sources/OrderedCollections/OrderedSet/OrderedSet+Codable.swift (in target 'OrderedCollections' from project 'swift-collections')
    cd /Users/kris/Epilogue/Epilogue/Epilogue.xcodeproj
    

SwiftExplicitDependencyGeneratePcm x86_64 /Users/kris/Epilogue/build/ModuleCache.noindex/Dispatch-EILLSHYGS0C89JRDX0900GLKK.pcm

SwiftExplicitDependencyGeneratePcm arm64 /Users/kris/Epilogue/build/ModuleCache.noindex/Dispatch-7EUR3OEJCWTRSXVTCZJ2QMMGY.pcm

SwiftDriverJobDiscovery normal x86_64 Compiling ToolInfo.swift (in target 'ArgumentParserToolInfo' from project 'swift-argument-parser')

SwiftCompile normal x86_64 Compiling\ OrderedSet+Testing.swift,\ OrderedSet+UnorderedView.swift,\ OrderedSet+UnstableInternals.swift,\ OrderedSet.swift,\ _UnsafeBitset.swift /Users/kris/Epilogue/build/SourcePackages/checkouts/swift-collections/Sources/OrderedCollections/OrderedSet/OrderedSet+Testing.swift /Users/kris/Epilogue/build/SourcePackages/checkouts/swift-collections/Sources/OrderedCollections/OrderedSet/OrderedSet+UnorderedView.swift /Users/kris/Epilogue/build/SourcePackages/checkouts/swift-collections/Sources/OrderedCollections/OrderedSet/OrderedSet+UnstableInternals.swift /Users/kris/Epilogue/build/SourcePackages/checkouts/swift-collections/Sources/OrderedCollections/OrderedSet/OrderedSet.swift /Users/kris/Epilogue/build/SourcePackages/checkouts/swift-collections/Sources/OrderedCollections/Utilities/_UnsafeBitset.swift (in target 'OrderedCollections' from project 'swift-collections')

SwiftCompile normal x86_64 /Users/kris/Epilogue/build/SourcePackages/checkouts/swift-collections/Sources/OrderedCollections/OrderedSet/OrderedSet+Testing.swift (in target 'OrderedCollections' from project 'swift-collections')
    cd /Users/kris/Epilogue/Epilogue/Epilogue.xcodeproj
    

SwiftCompile normal x86_64 /Users/kris/Epilogue/build/SourcePackages/checkouts/swift-collections/Sources/OrderedCollections/OrderedSet/OrderedSet+UnorderedView.swift (in target 'OrderedCollections' from project 'swift-collections')
    cd /Users/kris/Epilogue/Epilogue/Epilogue.xcodeproj
    

SwiftCompile normal x86_64 /Users/kris/Epilogue/build/SourcePackages/checkouts/swift-collections/Sources/OrderedCollections/OrderedSet/OrderedSet+UnstableInternals.swift (in target 'OrderedCollections' from project 'swift-collections')
    cd /Users/kris/Epilogue/Epilogue/Epilogue.xcodeproj
    

SwiftCompile normal x86_64 /Users/kris/Epilogue/build/SourcePackages/checkouts/swift-collections/Sources/OrderedCollections/OrderedSet/OrderedSet.swift (in target 'OrderedCollections' from project 'swift-collections')
    cd /Users/kris/Epilogue/Epilogue/Epilogue.xcodeproj
    

SwiftCompile normal x86_64 /Users/kris/Epilogue/build/SourcePackages/checkouts/swift-collections/Sources/OrderedCollections/Utilities/_UnsafeBitset.swift (in target 'OrderedCollections' from project 'swift-collections')
    cd /Users/kris/Epilogue/Epilogue/Epilogue.xcodeproj
    

SwiftExplicitDependencyGeneratePcm x86_64 /Users/kris/Epilogue/build/ModuleCache.noindex/XPC-5HQHMYTFP0LAMGX2HQ6TDAEH4.pcm

SwiftExplicitDependencyGeneratePcm arm64 /Users/kris/Epilogue/build/ModuleCache.noindex/CoreFoundation-3DVB5EZYT5YYPNMN7AHLQW8FO.pcm

SwiftDriverJobDiscovery normal x86_64 Compiling OrderedSet+Hashable.swift, OrderedSet+Initializers.swift, OrderedSet+Insertions.swift, OrderedSet+Invariants.swift, OrderedSet+Partial MutableCollection.swift (in target 'OrderedCollections' from project 'swift-collections')

SwiftExplicitDependencyGeneratePcm x86_64 /Users/kris/Epilogue/build/ModuleCache.noindex/CoreFoundation-EZRXNDRWQYQEV7KUGBOOCYCEK.pcm

SwiftExplicitDependencyGeneratePcm x86_64 /Users/kris/Epilogue/build/ModuleCache.noindex/os-A5LQNRPYQALG6UTCT95SDSY0T.pcm

SwiftDriverJobDiscovery normal x86_64 Compiling OrderedDictionary+Sendable.swift, OrderedDictionary+Sequence.swift, OrderedDictionary+Values.swift, OrderedDictionary.swift, OrderedSet+Codable.swift (in target 'OrderedCollections' from project 'swift-collections')

SwiftExplicitDependencyGeneratePcm arm64 /Users/kris/Epilogue/build/ModuleCache.noindex/XPC-3J3LSTMPL1KPGOD028CENEF3E.pcm

SwiftCompile normal x86_64 Compiling\ OrderedSet+Partial\ SetAlgebra+Basics.swift,\ OrderedSet+RandomAccessCollection.swift,\ OrderedSet+ReserveCapacity.swift,\ OrderedSet+Sendable.swift,\ OrderedSet+SubSequence.swift /Users/kris/Epilogue/build/SourcePackages/checkouts/swift-collections/Sources/OrderedCollections/OrderedSet/OrderedSet+Partial\ SetAlgebra+Basics.swift /Users/kris/Epilogue/build/SourcePackages/checkouts/swift-collections/Sources/OrderedCollections/OrderedSet/OrderedSet+RandomAccessCollection.swift /Users/kris/Epilogue/build/SourcePackages/checkouts/swift-collections/Sources/OrderedCollections/OrderedSet/OrderedSet+ReserveCapacity.swift /Users/kris/Epilogue/build/SourcePackages/checkouts/swift-collections/Sources/OrderedCollections/OrderedSet/OrderedSet+Sendable.swift /Users/kris/Epilogue/build/SourcePackages/checkouts/swift-collections/Sources/OrderedCollections/OrderedSet/OrderedSet+SubSequence.swift (in target 'OrderedCollections' from project 'swift-collections')

SwiftCompile normal x86_64 /Users/kris/Epilogue/build/SourcePackages/checkouts/swift-collections/Sources/OrderedCollections/OrderedSet/OrderedSet+Partial\ SetAlgebra+Basics.swift (in target 'OrderedCollections' from project 'swift-collections')
    cd /Users/kris/Epilogue/Epilogue/Epilogue.xcodeproj
    

SwiftCompile normal x86_64 /Users/kris/Epilogue/build/SourcePackages/checkouts/swift-collections/Sources/OrderedCollections/OrderedSet/OrderedSet+RandomAccessCollection.swift (in target 'OrderedCollections' from project 'swift-collections')
    cd /Users/kris/Epilogue/Epilogue/Epilogue.xcodeproj
    

SwiftCompile normal x86_64 /Users/kris/Epilogue/build/SourcePackages/checkouts/swift-collections/Sources/OrderedCollections/OrderedSet/OrderedSet+ReserveCapacity.swift (in target 'OrderedCollections' from project 'swift-collections')
    cd /Users/kris/Epilogue/Epilogue/Epilogue.xcodeproj
    

SwiftCompile normal x86_64 /Users/kris/Epilogue/build/SourcePackages/checkouts/swift-collections/Sources/OrderedCollections/OrderedSet/OrderedSet+Sendable.swift (in target 'OrderedCollections' from project 'swift-collections')
    cd /Users/kris/Epilogue/Epilogue/Epilogue.xcodeproj
    

SwiftCompile normal x86_64 /Users/kris/Epilogue/build/SourcePackages/checkouts/swift-collections/Sources/OrderedCollections/OrderedSet/OrderedSet+SubSequence.swift (in target 'OrderedCollections' from project 'swift-collections')
    cd /Users/kris/Epilogue/Epilogue/Epilogue.xcodeproj
    

SwiftExplicitDependencyGeneratePcm arm64 /Users/kris/Epilogue/build/ModuleCache.noindex/CFNetwork-AR00QLSLV7ZA8JO7TGYEZT4K4.pcm

SwiftExplicitDependencyGeneratePcm x86_64 /Users/kris/Epilogue/build/ModuleCache.noindex/CFNetwork-CE9GE6Q7HVHTUWZYVJE326702.pcm

SwiftExplicitDependencyGeneratePcm arm64 /Users/kris/Epilogue/build/ModuleCache.noindex/Security-4DKGIGQ7OTDKKBTRZCHH0W764.pcm

SwiftDriverJobDiscovery normal x86_64 Compiling OrderedSet+Partial SetAlgebra isDisjoint.swift, OrderedSet+Partial SetAlgebra isEqualSet.swift, OrderedSet+Partial SetAlgebra isStrictSubset.swift, OrderedSet+Partial SetAlgebra isStrictSuperset.swift, OrderedSet+Partial SetAlgebra isSubset.swift (in target 'OrderedCollections' from project 'swift-collections')

SwiftExplicitDependencyGeneratePcm x86_64 /Users/kris/Epilogue/build/ModuleCache.noindex/Security-C4V4IHTZPND9P3QG3783URLBA.pcm

SwiftExplicitDependencyGeneratePcm arm64 /Users/kris/Epilogue/build/ModuleCache.noindex/CoreGraphics-37NC1U3BS714FXV90FWPAT3JQ.pcm

SwiftDriverJobDiscovery normal arm64 Compiling OrderedSet+Hashable.swift, OrderedSet+Initializers.swift, OrderedSet+Insertions.swift, OrderedSet+Invariants.swift, OrderedSet+Partial MutableCollection.swift (in target 'OrderedCollections' from project 'swift-collections')

SwiftExplicitDependencyGeneratePcm x86_64 /Users/kris/Epilogue/build/ModuleCache.noindex/CoreGraphics-5501OVIR77EH4K9D70YF6D5K8.pcm

SwiftExplicitDependencyGeneratePcm arm64 /Users/kris/Epilogue/build/ModuleCache.noindex/os-B1YN8USUBCWEU0OS4Q5X7KVNO.pcm

SwiftCompile normal arm64 Compiling\ OrderedSet+Partial\ SetAlgebra\ isSuperset.swift,\ OrderedSet+Partial\ SetAlgebra\ subtract.swift,\ OrderedSet+Partial\ SetAlgebra\ subtracting.swift,\ OrderedSet+Partial\ SetAlgebra\ symmetricDifference.swift,\ OrderedSet+Partial\ SetAlgebra\ union.swift /Users/kris/Epilogue/build/SourcePackages/checkouts/swift-collections/Sources/OrderedCollections/OrderedSet/OrderedSet+Partial\ SetAlgebra\ isSuperset.swift /Users/kris/Epilogue/build/SourcePackages/checkouts/swift-collections/Sources/OrderedCollections/OrderedSet/OrderedSet+Partial\ SetAlgebra\ subtract.swift /Users/kris/Epilogue/build/SourcePackages/checkouts/swift-collections/Sources/OrderedCollections/OrderedSet/OrderedSet+Partial\ SetAlgebra\ subtracting.swift /Users/kris/Epilogue/build/SourcePackages/checkouts/swift-collections/Sources/OrderedCollections/OrderedSet/OrderedSet+Partial\ SetAlgebra\ symmetricDifference.swift /Users/kris/Epilogue/build/SourcePackages/checkouts/swift-collections/Sources/OrderedCollections/OrderedSet/OrderedSet+Partial\ SetAlgebra\ union.swift (in target 'OrderedCollections' from project 'swift-collections')

SwiftCompile normal arm64 /Users/kris/Epilogue/build/SourcePackages/checkouts/swift-collections/Sources/OrderedCollections/OrderedSet/OrderedSet+Partial\ SetAlgebra\ isSuperset.swift (in target 'OrderedCollections' from project 'swift-collections')
    cd /Users/kris/Epilogue/Epilogue/Epilogue.xcodeproj
    

SwiftCompile normal arm64 /Users/kris/Epilogue/build/SourcePackages/checkouts/swift-collections/Sources/OrderedCollections/OrderedSet/OrderedSet+Partial\ SetAlgebra\ subtract.swift (in target 'OrderedCollections' from project 'swift-collections')
    cd /Users/kris/Epilogue/Epilogue/Epilogue.xcodeproj
    

SwiftCompile normal arm64 /Users/kris/Epilogue/build/SourcePackages/checkouts/swift-collections/Sources/OrderedCollections/OrderedSet/OrderedSet+Partial\ SetAlgebra\ subtracting.swift (in target 'OrderedCollections' from project 'swift-collections')
    cd /Users/kris/Epilogue/Epilogue/Epilogue.xcodeproj
    

SwiftCompile normal arm64 /Users/kris/Epilogue/build/SourcePackages/checkouts/swift-collections/Sources/OrderedCollections/OrderedSet/OrderedSet+Partial\ SetAlgebra\ symmetricDifference.swift (in target 'OrderedCollections' from project 'swift-collections')
    cd /Users/kris/Epilogue/Epilogue/Epilogue.xcodeproj
    

SwiftCompile normal arm64 /Users/kris/Epilogue/build/SourcePackages/checkouts/swift-collections/Sources/OrderedCollections/OrderedSet/OrderedSet+Partial\ SetAlgebra\ union.swift (in target 'OrderedCollections' from project 'swift-collections')
    cd /Users/kris/Epilogue/Epilogue/Epilogue.xcodeproj
    

SwiftExplicitDependencyGeneratePcm arm64 /Users/kris/Epilogue/build/ModuleCache.noindex/Foundation-DTG72RWNVJZDS3J8LK3RZW1DR.pcm

SwiftDriverJobDiscovery normal arm64 Compiling ToolInfo.swift (in target 'ArgumentParserToolInfo' from project 'swift-argument-parser')

SwiftCompile normal arm64 Compiling\ _HashTable.swift,\ _Hashtable+Header.swift,\ OrderedDictionary+Codable.swift,\ OrderedDictionary+CustomReflectable.swift,\ OrderedDictionary+Deprecations.swift /Users/kris/Epilogue/build/SourcePackages/checkouts/swift-collections/Sources/OrderedCollections/HashTable/_HashTable.swift /Users/kris/Epilogue/build/SourcePackages/checkouts/swift-collections/Sources/OrderedCollections/HashTable/_Hashtable+Header.swift /Users/kris/Epilogue/build/SourcePackages/checkouts/swift-collections/Sources/OrderedCollections/OrderedDictionary/OrderedDictionary+Codable.swift /Users/kris/Epilogue/build/SourcePackages/checkouts/swift-collections/Sources/OrderedCollections/OrderedDictionary/OrderedDictionary+CustomReflectable.swift /Users/kris/Epilogue/build/SourcePackages/checkouts/swift-collections/Sources/OrderedCollections/OrderedDictionary/OrderedDictionary+Deprecations.swift (in target 'OrderedCollections' from project 'swift-collections')

SwiftCompile normal arm64 /Users/kris/Epilogue/build/SourcePackages/checkouts/swift-collections/Sources/OrderedCollections/HashTable/_HashTable.swift (in target 'OrderedCollections' from project 'swift-collections')
    cd /Users/kris/Epilogue/Epilogue/Epilogue.xcodeproj
    

SwiftCompile normal arm64 /Users/kris/Epilogue/build/SourcePackages/checkouts/swift-collections/Sources/OrderedCollections/HashTable/_Hashtable+Header.swift (in target 'OrderedCollections' from project 'swift-collections')
    cd /Users/kris/Epilogue/Epilogue/Epilogue.xcodeproj
    

SwiftCompile normal arm64 /Users/kris/Epilogue/build/SourcePackages/checkouts/swift-collections/Sources/OrderedCollections/OrderedDictionary/OrderedDictionary+Codable.swift (in target 'OrderedCollections' from project 'swift-collections')
    cd /Users/kris/Epilogue/Epilogue/Epilogue.xcodeproj
    

SwiftCompile normal arm64 /Users/kris/Epilogue/build/SourcePackages/checkouts/swift-collections/Sources/OrderedCollections/OrderedDictionary/OrderedDictionary+CustomReflectable.swift (in target 'OrderedCollections' from project 'swift-collections')
    cd /Users/kris/Epilogue/Epilogue/Epilogue.xcodeproj
    

SwiftCompile normal arm64 /Users/kris/Epilogue/build/SourcePackages/checkouts/swift-collections/Sources/OrderedCollections/OrderedDictionary/OrderedDictionary+Deprecations.swift (in target 'OrderedCollections' from project 'swift-collections')
    cd /Users/kris/Epilogue/Epilogue/Epilogue.xcodeproj
    

SwiftExplicitDependencyGeneratePcm x86_64 /Users/kris/Epilogue/build/ModuleCache.noindex/Foundation-C7SNVQWFN8Y1JIUXWKXA40YDN.pcm

SwiftCompile normal arm64 Compiling\ OrderedSet+Partial\ RangeReplaceableCollection.swift,\ OrderedSet+Partial\ SetAlgebra\ formIntersection.swift,\ OrderedSet+Partial\ SetAlgebra\ formSymmetricDifference.swift,\ OrderedSet+Partial\ SetAlgebra\ formUnion.swift,\ OrderedSet+Partial\ SetAlgebra\ intersection.swift /Users/kris/Epilogue/build/SourcePackages/checkouts/swift-collections/Sources/OrderedCollections/OrderedSet/OrderedSet+Partial\ RangeReplaceableCollection.swift /Users/kris/Epilogue/build/SourcePackages/checkouts/swift-collections/Sources/OrderedCollections/OrderedSet/OrderedSet+Partial\ SetAlgebra\ formIntersection.swift /Users/kris/Epilogue/build/SourcePackages/checkouts/swift-collections/Sources/OrderedCollections/OrderedSet/OrderedSet+Partial\ SetAlgebra\ formSymmetricDifference.swift /Users/kris/Epilogue/build/SourcePackages/checkouts/swift-collections/Sources/OrderedCollections/OrderedSet/OrderedSet+Partial\ SetAlgebra\ formUnion.swift /Users/kris/Epilogue/build/SourcePackages/checkouts/swift-collections/Sources/OrderedCollections/OrderedSet/OrderedSet+Partial\ SetAlgebra\ intersection.swift (in target 'OrderedCollections' from project 'swift-collections')

SwiftCompile normal arm64 /Users/kris/Epilogue/build/SourcePackages/checkouts/swift-collections/Sources/OrderedCollections/OrderedSet/OrderedSet+Partial\ RangeReplaceableCollection.swift (in target 'OrderedCollections' from project 'swift-collections')
    cd /Users/kris/Epilogue/Epilogue/Epilogue.xcodeproj
    

SwiftCompile normal arm64 /Users/kris/Epilogue/build/SourcePackages/checkouts/swift-collections/Sources/OrderedCollections/OrderedSet/OrderedSet+Partial\ SetAlgebra\ formIntersection.swift (in target 'OrderedCollections' from project 'swift-collections')
    cd /Users/kris/Epilogue/Epilogue/Epilogue.xcodeproj
    

SwiftCompile normal arm64 /Users/kris/Epilogue/build/SourcePackages/checkouts/swift-collections/Sources/OrderedCollections/OrderedSet/OrderedSet+Partial\ SetAlgebra\ formSymmetricDifference.swift (in target 'OrderedCollections' from project 'swift-collections')
    cd /Users/kris/Epilogue/Epilogue/Epilogue.xcodeproj
    

SwiftCompile normal arm64 /Users/kris/Epilogue/build/SourcePackages/checkouts/swift-collections/Sources/OrderedCollections/OrderedSet/OrderedSet+Partial\ SetAlgebra\ formUnion.swift (in target 'OrderedCollections' from project 'swift-collections')
    cd /Users/kris/Epilogue/Epilogue/Epilogue.xcodeproj
    

SwiftCompile normal arm64 /Users/kris/Epilogue/build/SourcePackages/checkouts/swift-collections/Sources/OrderedCollections/OrderedSet/OrderedSet+Partial\ SetAlgebra\ intersection.swift (in target 'OrderedCollections' from project 'swift-collections')
    cd /Users/kris/Epilogue/Epilogue/Epilogue.xcodeproj
    

SwiftDriverJobDiscovery normal arm64 Compiling OrderedDictionary+Sendable.swift, OrderedDictionary+Sequence.swift, OrderedDictionary+Values.swift, OrderedDictionary.swift, OrderedSet+Codable.swift (in target 'OrderedCollections' from project 'swift-collections')

SwiftCompile normal x86_64 Compiling\ OrderedSet+Partial\ SetAlgebra\ isSuperset.swift,\ OrderedSet+Partial\ SetAlgebra\ subtract.swift,\ OrderedSet+Partial\ SetAlgebra\ subtracting.swift,\ OrderedSet+Partial\ SetAlgebra\ symmetricDifference.swift,\ OrderedSet+Partial\ SetAlgebra\ union.swift /Users/kris/Epilogue/build/SourcePackages/checkouts/swift-collections/Sources/OrderedCollections/OrderedSet/OrderedSet+Partial\ SetAlgebra\ isSuperset.swift /Users/kris/Epilogue/build/SourcePackages/checkouts/swift-collections/Sources/OrderedCollections/OrderedSet/OrderedSet+Partial\ SetAlgebra\ subtract.swift /Users/kris/Epilogue/build/SourcePackages/checkouts/swift-collections/Sources/OrderedCollections/OrderedSet/OrderedSet+Partial\ SetAlgebra\ subtracting.swift /Users/kris/Epilogue/build/SourcePackages/checkouts/swift-collections/Sources/OrderedCollections/OrderedSet/OrderedSet+Partial\ SetAlgebra\ symmetricDifference.swift /Users/kris/Epilogue/build/SourcePackages/checkouts/swift-collections/Sources/OrderedCollections/OrderedSet/OrderedSet+Partial\ SetAlgebra\ union.swift (in target 'OrderedCollections' from project 'swift-collections')

SwiftCompile normal x86_64 /Users/kris/Epilogue/build/SourcePackages/checkouts/swift-collections/Sources/OrderedCollections/OrderedSet/OrderedSet+Partial\ SetAlgebra\ isSuperset.swift (in target 'OrderedCollections' from project 'swift-collections')
    cd /Users/kris/Epilogue/Epilogue/Epilogue.xcodeproj
    

SwiftCompile normal x86_64 /Users/kris/Epilogue/build/SourcePackages/checkouts/swift-collections/Sources/OrderedCollections/OrderedSet/OrderedSet+Partial\ SetAlgebra\ subtract.swift (in target 'OrderedCollections' from project 'swift-collections')
    cd /Users/kris/Epilogue/Epilogue/Epilogue.xcodeproj
    

SwiftCompile normal x86_64 /Users/kris/Epilogue/build/SourcePackages/checkouts/swift-collections/Sources/OrderedCollections/OrderedSet/OrderedSet+Partial\ SetAlgebra\ subtracting.swift (in target 'OrderedCollections' from project 'swift-collections')
    cd /Users/kris/Epilogue/Epilogue/Epilogue.xcodeproj
    

SwiftCompile normal x86_64 /Users/kris/Epilogue/build/SourcePackages/checkouts/swift-collections/Sources/OrderedCollections/OrderedSet/OrderedSet+Partial\ SetAlgebra\ symmetricDifference.swift (in target 'OrderedCollections' from project 'swift-collections')
    cd /Users/kris/Epilogue/Epilogue/Epilogue.xcodeproj
    

SwiftCompile normal x86_64 /Users/kris/Epilogue/build/SourcePackages/checkouts/swift-collections/Sources/OrderedCollections/OrderedSet/OrderedSet+Partial\ SetAlgebra\ union.swift (in target 'OrderedCollections' from project 'swift-collections')
    cd /Users/kris/Epilogue/Epilogue/Epilogue.xcodeproj
    

SwiftExplicitDependencyGeneratePcm arm64 /Users/kris/Epilogue/build/ModuleCache.noindex/CoreText-E5AET8ADNZTXR5XNTCI79TXN9.pcm

SwiftDriverJobDiscovery normal arm64 Compiling OrderedSet+Testing.swift, OrderedSet+UnorderedView.swift, OrderedSet+UnstableInternals.swift, OrderedSet.swift, _UnsafeBitset.swift (in target 'OrderedCollections' from project 'swift-collections')

SwiftExplicitDependencyGeneratePcm arm64 /Users/kris/Epilogue/build/ModuleCache.noindex/ImageIO-CXF6TZI6SUIKTBNRPFO80QW8U.pcm

SwiftExplicitDependencyGeneratePcm x86_64 /Users/kris/Epilogue/build/ModuleCache.noindex/CoreText-36QWJ26ZX46FM7XYXFCZUVLB2.pcm

SwiftExplicitDependencyGeneratePcm x86_64 /Users/kris/Epilogue/build/ModuleCache.noindex/ImageIO-2BGJVH7CNIH1RV7M8U0ICURAQ.pcm

SwiftCompile normal x86_64 Compiling\ _HashTable+Bucket.swift,\ _HashTable+BucketIterator.swift,\ _HashTable+Constants.swift,\ _HashTable+CustomStringConvertible.swift,\ _HashTable+Testing.swift,\ _HashTable+UnsafeHandle.swift /Users/kris/Epilogue/build/SourcePackages/checkouts/swift-collections/Sources/OrderedCollections/HashTable/_HashTable+Bucket.swift /Users/kris/Epilogue/build/SourcePackages/checkouts/swift-collections/Sources/OrderedCollections/HashTable/_HashTable+BucketIterator.swift /Users/kris/Epilogue/build/SourcePackages/checkouts/swift-collections/Sources/OrderedCollections/HashTable/_HashTable+Constants.swift /Users/kris/Epilogue/build/SourcePackages/checkouts/swift-collections/Sources/OrderedCollections/HashTable/_HashTable+CustomStringConvertible.swift /Users/kris/Epilogue/build/SourcePackages/checkouts/swift-collections/Sources/OrderedCollections/HashTable/_HashTable+Testing.swift /Users/kris/Epilogue/build/SourcePackages/checkouts/swift-collections/Sources/OrderedCollections/HashTable/_HashTable+UnsafeHandle.swift (in target 'OrderedCollections' from project 'swift-collections')
SwiftCompile normal x86_64 /Users/kris/Epilogue/build/SourcePackages/checkouts/swift-collections/Sources/OrderedCollections/HashTable/_HashTable+Bucket.swift (in target 'OrderedCollections' from project 'swift-collections')
    cd /Users/kris/Epilogue/Epilogue/Epilogue.xcodeproj
    

SwiftCompile normal x86_64 /Users/kris/Epilogue/build/SourcePackages/checkouts/swift-collections/Sources/OrderedCollections/HashTable/_HashTable+BucketIterator.swift (in target 'OrderedCollections' from project 'swift-collections')
    cd /Users/kris/Epilogue/Epilogue/Epilogue.xcodeproj
    

SwiftCompile normal x86_64 /Users/kris/Epilogue/build/SourcePackages/checkouts/swift-collections/Sources/OrderedCollections/HashTable/_HashTable+Constants.swift (in target 'OrderedCollections' from project 'swift-collections')
    cd /Users/kris/Epilogue/Epilogue/Epilogue.xcodeproj
    

SwiftCompile normal x86_64 /Users/kris/Epilogue/build/SourcePackages/checkouts/swift-collections/Sources/OrderedCollections/HashTable/_HashTable+CustomStringConvertible.swift (in target 'OrderedCollections' from project 'swift-collections')
    cd /Users/kris/Epilogue/Epilogue/Epilogue.xcodeproj
    

SwiftCompile normal x86_64 /Users/kris/Epilogue/build/SourcePackages/checkouts/swift-collections/Sources/OrderedCollections/HashTable/_HashTable+Testing.swift (in target 'OrderedCollections' from project 'swift-collections')
    cd /Users/kris/Epilogue/Epilogue/Epilogue.xcodeproj
    

SwiftCompile normal x86_64 /Users/kris/Epilogue/build/SourcePackages/checkouts/swift-collections/Sources/OrderedCollections/HashTable/_HashTable+UnsafeHandle.swift (in target 'OrderedCollections' from project 'swift-collections')
    cd /Users/kris/Epilogue/Epilogue/Epilogue.xcodeproj
    

SwiftDriverJobDiscovery normal x86_64 Compiling OrderedSet+Testing.swift, OrderedSet+UnorderedView.swift, OrderedSet+UnstableInternals.swift, OrderedSet.swift, _UnsafeBitset.swift (in target 'OrderedCollections' from project 'swift-collections')

SwiftCompile normal arm64 Compiling\ OrderedSet+Partial\ SetAlgebra+Basics.swift,\ OrderedSet+RandomAccessCollection.swift,\ OrderedSet+ReserveCapacity.swift,\ OrderedSet+Sendable.swift,\ OrderedSet+SubSequence.swift /Users/kris/Epilogue/build/SourcePackages/checkouts/swift-collections/Sources/OrderedCollections/OrderedSet/OrderedSet+Partial\ SetAlgebra+Basics.swift /Users/kris/Epilogue/build/SourcePackages/checkouts/swift-collections/Sources/OrderedCollections/OrderedSet/OrderedSet+RandomAccessCollection.swift /Users/kris/Epilogue/build/SourcePackages/checkouts/swift-collections/Sources/OrderedCollections/OrderedSet/OrderedSet+ReserveCapacity.swift /Users/kris/Epilogue/build/SourcePackages/checkouts/swift-collections/Sources/OrderedCollections/OrderedSet/OrderedSet+Sendable.swift /Users/kris/Epilogue/build/SourcePackages/checkouts/swift-collections/Sources/OrderedCollections/OrderedSet/OrderedSet+SubSequence.swift (in target 'OrderedCollections' from project 'swift-collections')

SwiftCompile normal arm64 /Users/kris/Epilogue/build/SourcePackages/checkouts/swift-collections/Sources/OrderedCollections/OrderedSet/OrderedSet+Partial\ SetAlgebra+Basics.swift (in target 'OrderedCollections' from project 'swift-collections')
    cd /Users/kris/Epilogue/Epilogue/Epilogue.xcodeproj
    

SwiftCompile normal arm64 /Users/kris/Epilogue/build/SourcePackages/checkouts/swift-collections/Sources/OrderedCollections/OrderedSet/OrderedSet+RandomAccessCollection.swift (in target 'OrderedCollections' from project 'swift-collections')
    cd /Users/kris/Epilogue/Epilogue/Epilogue.xcodeproj
    

SwiftCompile normal arm64 /Users/kris/Epilogue/build/SourcePackages/checkouts/swift-collections/Sources/OrderedCollections/OrderedSet/OrderedSet+ReserveCapacity.swift (in target 'OrderedCollections' from project 'swift-collections')
    cd /Users/kris/Epilogue/Epilogue/Epilogue.xcodeproj
    

SwiftCompile normal arm64 /Users/kris/Epilogue/build/SourcePackages/checkouts/swift-collections/Sources/OrderedCollections/OrderedSet/OrderedSet+Sendable.swift (in target 'OrderedCollections' from project 'swift-collections')
    cd /Users/kris/Epilogue/Epilogue/Epilogue.xcodeproj
    

SwiftCompile normal arm64 /Users/kris/Epilogue/build/SourcePackages/checkouts/swift-collections/Sources/OrderedCollections/OrderedSet/OrderedSet+SubSequence.swift (in target 'OrderedCollections' from project 'swift-collections')
    cd /Users/kris/Epilogue/Epilogue/Epilogue.xcodeproj
    

SwiftCompile normal x86_64 Compiling\ OrderedSet+Partial\ RangeReplaceableCollection.swift,\ OrderedSet+Partial\ SetAlgebra\ formIntersection.swift,\ OrderedSet+Partial\ SetAlgebra\ formSymmetricDifference.swift,\ OrderedSet+Partial\ SetAlgebra\ formUnion.swift,\ OrderedSet+Partial\ SetAlgebra\ intersection.swift /Users/kris/Epilogue/build/SourcePackages/checkouts/swift-collections/Sources/OrderedCollections/OrderedSet/OrderedSet+Partial\ RangeReplaceableCollection.swift /Users/kris/Epilogue/build/SourcePackages/checkouts/swift-collections/Sources/OrderedCollections/OrderedSet/OrderedSet+Partial\ SetAlgebra\ formIntersection.swift /Users/kris/Epilogue/build/SourcePackages/checkouts/swift-collections/Sources/OrderedCollections/OrderedSet/OrderedSet+Partial\ SetAlgebra\ formSymmetricDifference.swift /Users/kris/Epilogue/build/SourcePackages/checkouts/swift-collections/Sources/OrderedCollections/OrderedSet/OrderedSet+Partial\ SetAlgebra\ formUnion.swift /Users/kris/Epilogue/build/SourcePackages/checkouts/swift-collections/Sources/OrderedCollections/OrderedSet/OrderedSet+Partial\ SetAlgebra\ intersection.swift (in target 'OrderedCollections' from project 'swift-collections')

SwiftCompile normal x86_64 /Users/kris/Epilogue/build/SourcePackages/checkouts/swift-collections/Sources/OrderedCollections/OrderedSet/OrderedSet+Partial\ RangeReplaceableCollection.swift (in target 'OrderedCollections' from project 'swift-collections')
    cd /Users/kris/Epilogue/Epilogue/Epilogue.xcodeproj
    

SwiftCompile normal x86_64 /Users/kris/Epilogue/build/SourcePackages/checkouts/swift-collections/Sources/OrderedCollections/OrderedSet/OrderedSet+Partial\ SetAlgebra\ formIntersection.swift (in target 'OrderedCollections' from project 'swift-collections')
    cd /Users/kris/Epilogue/Epilogue/Epilogue.xcodeproj
    

SwiftCompile normal x86_64 /Users/kris/Epilogue/build/SourcePackages/checkouts/swift-collections/Sources/OrderedCollections/OrderedSet/OrderedSet+Partial\ SetAlgebra\ formSymmetricDifference.swift (in target 'OrderedCollections' from project 'swift-collections')
    cd /Users/kris/Epilogue/Epilogue/Epilogue.xcodeproj
    

SwiftCompile normal x86_64 /Users/kris/Epilogue/build/SourcePackages/checkouts/swift-collections/Sources/OrderedCollections/OrderedSet/OrderedSet+Partial\ SetAlgebra\ formUnion.swift (in target 'OrderedCollections' from project 'swift-collections')
    cd /Users/kris/Epilogue/Epilogue/Epilogue.xcodeproj
    

SwiftCompile normal x86_64 /Users/kris/Epilogue/build/SourcePackages/checkouts/swift-collections/Sources/OrderedCollections/OrderedSet/OrderedSet+Partial\ SetAlgebra\ intersection.swift (in target 'OrderedCollections' from project 'swift-collections')
    cd /Users/kris/Epilogue/Epilogue/Epilogue.xcodeproj
    

SwiftDriverJobDiscovery normal arm64 Compiling OrderedSet+Partial SetAlgebra isSuperset.swift, OrderedSet+Partial SetAlgebra subtract.swift, OrderedSet+Partial SetAlgebra subtracting.swift, OrderedSet+Partial SetAlgebra symmetricDifference.swift, OrderedSet+Partial SetAlgebra union.swift (in target 'OrderedCollections' from project 'swift-collections')

SwiftCompile normal x86_64 Compiling\ OrderedDictionary+Descriptions.swift,\ OrderedDictionary+Elements.SubSequence.swift,\ OrderedDictionary+Elements.swift,\ OrderedDictionary+Equatable.swift,\ OrderedDictionary+ExpressibleByDictionaryLiteral.swift /Users/kris/Epilogue/build/SourcePackages/checkouts/swift-collections/Sources/OrderedCollections/OrderedDictionary/OrderedDictionary+Descriptions.swift /Users/kris/Epilogue/build/SourcePackages/checkouts/swift-collections/Sources/OrderedCollections/OrderedDictionary/OrderedDictionary+Elements.SubSequence.swift /Users/kris/Epilogue/build/SourcePackages/checkouts/swift-collections/Sources/OrderedCollections/OrderedDictionary/OrderedDictionary+Elements.swift /Users/kris/Epilogue/build/SourcePackages/checkouts/swift-collections/Sources/OrderedCollections/OrderedDictionary/OrderedDictionary+Equatable.swift /Users/kris/Epilogue/build/SourcePackages/checkouts/swift-collections/Sources/OrderedCollections/OrderedDictionary/OrderedDictionary+ExpressibleByDictionaryLiteral.swift (in target 'OrderedCollections' from project 'swift-collections')

SwiftCompile normal x86_64 /Users/kris/Epilogue/build/SourcePackages/checkouts/swift-collections/Sources/OrderedCollections/OrderedDictionary/OrderedDictionary+Descriptions.swift (in target 'OrderedCollections' from project 'swift-collections')
    cd /Users/kris/Epilogue/Epilogue/Epilogue.xcodeproj
    

SwiftCompile normal x86_64 /Users/kris/Epilogue/build/SourcePackages/checkouts/swift-collections/Sources/OrderedCollections/OrderedDictionary/OrderedDictionary+Elements.SubSequence.swift (in target 'OrderedCollections' from project 'swift-collections')
    cd /Users/kris/Epilogue/Epilogue/Epilogue.xcodeproj
    

SwiftCompile normal x86_64 /Users/kris/Epilogue/build/SourcePackages/checkouts/swift-collections/Sources/OrderedCollections/OrderedDictionary/OrderedDictionary+Elements.swift (in target 'OrderedCollections' from project 'swift-collections')
    cd /Users/kris/Epilogue/Epilogue/Epilogue.xcodeproj
    

SwiftCompile normal x86_64 /Users/kris/Epilogue/build/SourcePackages/checkouts/swift-collections/Sources/OrderedCollections/OrderedDictionary/OrderedDictionary+Equatable.swift (in target 'OrderedCollections' from project 'swift-collections')
    cd /Users/kris/Epilogue/Epilogue/Epilogue.xcodeproj
    

SwiftCompile normal x86_64 /Users/kris/Epilogue/build/SourcePackages/checkouts/swift-collections/Sources/OrderedCollections/OrderedDictionary/OrderedDictionary+ExpressibleByDictionaryLiteral.swift (in target 'OrderedCollections' from project 'swift-collections')
    cd /Users/kris/Epilogue/Epilogue/Epilogue.xcodeproj
    

SwiftCompile normal x86_64 Compiling\ OrderedDictionary+Hashable.swift,\ OrderedDictionary+Initializers.swift,\ OrderedDictionary+Invariants.swift,\ OrderedDictionary+Partial\ MutableCollection.swift,\ OrderedDictionary+Partial\ RangeReplaceableCollection.swift /Users/kris/Epilogue/build/SourcePackages/checkouts/swift-collections/Sources/OrderedCollections/OrderedDictionary/OrderedDictionary+Hashable.swift /Users/kris/Epilogue/build/SourcePackages/checkouts/swift-collections/Sources/OrderedCollections/OrderedDictionary/OrderedDictionary+Initializers.swift /Users/kris/Epilogue/build/SourcePackages/checkouts/swift-collections/Sources/OrderedCollections/OrderedDictionary/OrderedDictionary+Invariants.swift /Users/kris/Epilogue/build/SourcePackages/checkouts/swift-collections/Sources/OrderedCollections/OrderedDictionary/OrderedDictionary+Partial\ MutableCollection.swift /Users/kris/Epilogue/build/SourcePackages/checkouts/swift-collections/Sources/OrderedCollections/OrderedDictionary/OrderedDictionary+Partial\ RangeReplaceableCollection.swift (in target 'OrderedCollections' from project 'swift-collections')

SwiftCompile normal x86_64 /Users/kris/Epilogue/build/SourcePackages/checkouts/swift-collections/Sources/OrderedCollections/OrderedDictionary/OrderedDictionary+Hashable.swift (in target 'OrderedCollections' from project 'swift-collections')
    cd /Users/kris/Epilogue/Epilogue/Epilogue.xcodeproj
    

SwiftCompile normal x86_64 /Users/kris/Epilogue/build/SourcePackages/checkouts/swift-collections/Sources/OrderedCollections/OrderedDictionary/OrderedDictionary+Initializers.swift (in target 'OrderedCollections' from project 'swift-collections')
    cd /Users/kris/Epilogue/Epilogue/Epilogue.xcodeproj
    

SwiftCompile normal x86_64 /Users/kris/Epilogue/build/SourcePackages/checkouts/swift-collections/Sources/OrderedCollections/OrderedDictionary/OrderedDictionary+Invariants.swift (in target 'OrderedCollections' from project 'swift-collections')
    cd /Users/kris/Epilogue/Epilogue/Epilogue.xcodeproj
    

SwiftCompile normal x86_64 /Users/kris/Epilogue/build/SourcePackages/checkouts/swift-collections/Sources/OrderedCollections/OrderedDictionary/OrderedDictionary+Partial\ MutableCollection.swift (in target 'OrderedCollections' from project 'swift-collections')
    cd /Users/kris/Epilogue/Epilogue/Epilogue.xcodeproj
    

SwiftCompile normal x86_64 /Users/kris/Epilogue/build/SourcePackages/checkouts/swift-collections/Sources/OrderedCollections/OrderedDictionary/OrderedDictionary+Partial\ RangeReplaceableCollection.swift (in target 'OrderedCollections' from project 'swift-collections')
    cd /Users/kris/Epilogue/Epilogue/Epilogue.xcodeproj
    

SwiftDriverJobDiscovery normal arm64 Compiling OrderedSet+Partial RangeReplaceableCollection.swift, OrderedSet+Partial SetAlgebra formIntersection.swift, OrderedSet+Partial SetAlgebra formSymmetricDifference.swift, OrderedSet+Partial SetAlgebra formUnion.swift, OrderedSet+Partial SetAlgebra intersection.swift (in target 'OrderedCollections' from project 'swift-collections')

SwiftCompile normal x86_64 Compiling\ _HashTable.swift,\ _Hashtable+Header.swift,\ OrderedDictionary+Codable.swift,\ OrderedDictionary+CustomReflectable.swift,\ OrderedDictionary+Deprecations.swift /Users/kris/Epilogue/build/SourcePackages/checkouts/swift-collections/Sources/OrderedCollections/HashTable/_HashTable.swift /Users/kris/Epilogue/build/SourcePackages/checkouts/swift-collections/Sources/OrderedCollections/HashTable/_Hashtable+Header.swift /Users/kris/Epilogue/build/SourcePackages/checkouts/swift-collections/Sources/OrderedCollections/OrderedDictionary/OrderedDictionary+Codable.swift /Users/kris/Epilogue/build/SourcePackages/checkouts/swift-collections/Sources/OrderedCollections/OrderedDictionary/OrderedDictionary+CustomReflectable.swift /Users/kris/Epilogue/build/SourcePackages/checkouts/swift-collections/Sources/OrderedCollections/OrderedDictionary/OrderedDictionary+Deprecations.swift (in target 'OrderedCollections' from project 'swift-collections')

SwiftCompile normal x86_64 /Users/kris/Epilogue/build/SourcePackages/checkouts/swift-collections/Sources/OrderedCollections/HashTable/_HashTable.swift (in target 'OrderedCollections' from project 'swift-collections')
    cd /Users/kris/Epilogue/Epilogue/Epilogue.xcodeproj
    

SwiftCompile normal x86_64 /Users/kris/Epilogue/build/SourcePackages/checkouts/swift-collections/Sources/OrderedCollections/HashTable/_Hashtable+Header.swift (in target 'OrderedCollections' from project 'swift-collections')
    cd /Users/kris/Epilogue/Epilogue/Epilogue.xcodeproj
    

SwiftCompile normal x86_64 /Users/kris/Epilogue/build/SourcePackages/checkouts/swift-collections/Sources/OrderedCollections/OrderedDictionary/OrderedDictionary+Codable.swift (in target 'OrderedCollections' from project 'swift-collections')
    cd /Users/kris/Epilogue/Epilogue/Epilogue.xcodeproj
    

SwiftCompile normal x86_64 /Users/kris/Epilogue/build/SourcePackages/checkouts/swift-collections/Sources/OrderedCollections/OrderedDictionary/OrderedDictionary+CustomReflectable.swift (in target 'OrderedCollections' from project 'swift-collections')
    cd /Users/kris/Epilogue/Epilogue/Epilogue.xcodeproj
    

SwiftCompile normal x86_64 /Users/kris/Epilogue/build/SourcePackages/checkouts/swift-collections/Sources/OrderedCollections/OrderedDictionary/OrderedDictionary+Deprecations.swift (in target 'OrderedCollections' from project 'swift-collections')
    cd /Users/kris/Epilogue/Epilogue/Epilogue.xcodeproj
    

SwiftDriverJobDiscovery normal x86_64 Compiling OrderedSet+Partial SetAlgebra isSuperset.swift, OrderedSet+Partial SetAlgebra subtract.swift, OrderedSet+Partial SetAlgebra subtracting.swift, OrderedSet+Partial SetAlgebra symmetricDifference.swift, OrderedSet+Partial SetAlgebra union.swift (in target 'OrderedCollections' from project 'swift-collections')

SwiftCompile normal arm64 Compiling\ OrderedDictionary+Hashable.swift,\ OrderedDictionary+Initializers.swift,\ OrderedDictionary+Invariants.swift,\ OrderedDictionary+Partial\ MutableCollection.swift,\ OrderedDictionary+Partial\ RangeReplaceableCollection.swift /Users/kris/Epilogue/build/SourcePackages/checkouts/swift-collections/Sources/OrderedCollections/OrderedDictionary/OrderedDictionary+Hashable.swift /Users/kris/Epilogue/build/SourcePackages/checkouts/swift-collections/Sources/OrderedCollections/OrderedDictionary/OrderedDictionary+Initializers.swift /Users/kris/Epilogue/build/SourcePackages/checkouts/swift-collections/Sources/OrderedCollections/OrderedDictionary/OrderedDictionary+Invariants.swift /Users/kris/Epilogue/build/SourcePackages/checkouts/swift-collections/Sources/OrderedCollections/OrderedDictionary/OrderedDictionary+Partial\ MutableCollection.swift /Users/kris/Epilogue/build/SourcePackages/checkouts/swift-collections/Sources/OrderedCollections/OrderedDictionary/OrderedDictionary+Partial\ RangeReplaceableCollection.swift (in target 'OrderedCollections' from project 'swift-collections')

SwiftCompile normal arm64 /Users/kris/Epilogue/build/SourcePackages/checkouts/swift-collections/Sources/OrderedCollections/OrderedDictionary/OrderedDictionary+Hashable.swift (in target 'OrderedCollections' from project 'swift-collections')
    cd /Users/kris/Epilogue/Epilogue/Epilogue.xcodeproj
    

SwiftCompile normal arm64 /Users/kris/Epilogue/build/SourcePackages/checkouts/swift-collections/Sources/OrderedCollections/OrderedDictionary/OrderedDictionary+Initializers.swift (in target 'OrderedCollections' from project 'swift-collections')
    cd /Users/kris/Epilogue/Epilogue/Epilogue.xcodeproj
    

SwiftCompile normal arm64 /Users/kris/Epilogue/build/SourcePackages/checkouts/swift-collections/Sources/OrderedCollections/OrderedDictionary/OrderedDictionary+Invariants.swift (in target 'OrderedCollections' from project 'swift-collections')
    cd /Users/kris/Epilogue/Epilogue/Epilogue.xcodeproj
    

SwiftCompile normal arm64 /Users/kris/Epilogue/build/SourcePackages/checkouts/swift-collections/Sources/OrderedCollections/OrderedDictionary/OrderedDictionary+Partial\ MutableCollection.swift (in target 'OrderedCollections' from project 'swift-collections')
    cd /Users/kris/Epilogue/Epilogue/Epilogue.xcodeproj
    

SwiftCompile normal arm64 /Users/kris/Epilogue/build/SourcePackages/checkouts/swift-collections/Sources/OrderedCollections/OrderedDictionary/OrderedDictionary+Partial\ RangeReplaceableCollection.swift (in target 'OrderedCollections' from project 'swift-collections')
    cd /Users/kris/Epilogue/Epilogue/Epilogue.xcodeproj
    

SwiftDriverJobDiscovery normal x86_64 Compiling OrderedSet+Partial SetAlgebra+Basics.swift, OrderedSet+RandomAccessCollection.swift, OrderedSet+ReserveCapacity.swift, OrderedSet+Sendable.swift, OrderedSet+SubSequence.swift (in target 'OrderedCollections' from project 'swift-collections')

SwiftCompile normal arm64 Compiling\ OrderedDictionary+Descriptions.swift,\ OrderedDictionary+Elements.SubSequence.swift,\ OrderedDictionary+Elements.swift,\ OrderedDictionary+Equatable.swift,\ OrderedDictionary+ExpressibleByDictionaryLiteral.swift /Users/kris/Epilogue/build/SourcePackages/checkouts/swift-collections/Sources/OrderedCollections/OrderedDictionary/OrderedDictionary+Descriptions.swift /Users/kris/Epilogue/build/SourcePackages/checkouts/swift-collections/Sources/OrderedCollections/OrderedDictionary/OrderedDictionary+Elements.SubSequence.swift /Users/kris/Epilogue/build/SourcePackages/checkouts/swift-collections/Sources/OrderedCollections/OrderedDictionary/OrderedDictionary+Elements.swift /Users/kris/Epilogue/build/SourcePackages/checkouts/swift-collections/Sources/OrderedCollections/OrderedDictionary/OrderedDictionary+Equatable.swift /Users/kris/Epilogue/build/SourcePackages/checkouts/swift-collections/Sources/OrderedCollections/OrderedDictionary/OrderedDictionary+ExpressibleByDictionaryLiteral.swift (in target 'OrderedCollections' from project 'swift-collections')

SwiftCompile normal arm64 /Users/kris/Epilogue/build/SourcePackages/checkouts/swift-collections/Sources/OrderedCollections/OrderedDictionary/OrderedDictionary+Descriptions.swift (in target 'OrderedCollections' from project 'swift-collections')
    cd /Users/kris/Epilogue/Epilogue/Epilogue.xcodeproj
    

SwiftCompile normal arm64 /Users/kris/Epilogue/build/SourcePackages/checkouts/swift-collections/Sources/OrderedCollections/OrderedDictionary/OrderedDictionary+Elements.SubSequence.swift (in target 'OrderedCollections' from project 'swift-collections')
    cd /Users/kris/Epilogue/Epilogue/Epilogue.xcodeproj
    

SwiftCompile normal arm64 /Users/kris/Epilogue/build/SourcePackages/checkouts/swift-collections/Sources/OrderedCollections/OrderedDictionary/OrderedDictionary+Elements.swift (in target 'OrderedCollections' from project 'swift-collections')
    cd /Users/kris/Epilogue/Epilogue/Epilogue.xcodeproj
    

SwiftCompile normal arm64 /Users/kris/Epilogue/build/SourcePackages/checkouts/swift-collections/Sources/OrderedCollections/OrderedDictionary/OrderedDictionary+Equatable.swift (in target 'OrderedCollections' from project 'swift-collections')
    cd /Users/kris/Epilogue/Epilogue/Epilogue.xcodeproj
    

SwiftCompile normal arm64 /Users/kris/Epilogue/build/SourcePackages/checkouts/swift-collections/Sources/OrderedCollections/OrderedDictionary/OrderedDictionary+ExpressibleByDictionaryLiteral.swift (in target 'OrderedCollections' from project 'swift-collections')
    cd /Users/kris/Epilogue/Epilogue/Epilogue.xcodeproj
    

SwiftDriverJobDiscovery normal arm64 Emitting module for OrderedCollections (in target 'OrderedCollections' from project 'swift-collections')

SwiftDriver\ Compilation\ Requirements OrderedCollections normal arm64 com.apple.xcode.tools.swift.compiler (in target 'OrderedCollections' from project 'swift-collections')
    cd /Users/kris/Epilogue/Epilogue/Epilogue.xcodeproj
    builtin-Swift-Compilation-Requirements -- /Applications/Xcode-beta.app/Contents/Developer/Toolchains/XcodeDefault.xctoolchain/usr/bin/swiftc -module-name OrderedCollections -Onone -enforce-exclusivity\=checked @/Users/kris/Epilogue/build/Build/Intermediates.noindex/swift-collections.build/Debug-iphonesimulator/OrderedCollections.build/Objects-normal/arm64/OrderedCollections.SwiftFileList -DSWIFT_PACKAGE -DDEBUG -DSWIFT_MODULE_RESOURCE_BUNDLE_UNAVAILABLE -DCOLLECTIONS_RANDOMIZED_TESTING -DXcode -plugin-path /Applications/Xcode-beta.app/Contents/Developer/Toolchains/XcodeDefault.xctoolchain/usr/lib/swift/host/plugins/testing -enable-experimental-feature DebugDescriptionMacro -sdk /Applications/Xcode-beta.app/Contents/Developer/Platforms/iPhoneSimulator.platform/Developer/SDKs/iPhoneSimulator26.0.sdk -target arm64-apple-ios12.0-simulator -g -module-cache-path /Users/kris/Epilogue/build/ModuleCache.noindex -Xfrontend -serialize-debugging-options -profile-coverage-mapping -profile-generate -enable-testing -suppress-warnings -index-store-path /Users/kris/Epilogue/build/Index.noindex/DataStore -Xcc -D_LIBCPP_HARDENING_MODE\=_LIBCPP_HARDENING_MODE_DEBUG -swift-version 5 -I /Users/kris/Epilogue/build/Build/Products/Debug-iphonesimulator -Isystem /Applications/Xcode-beta.app/Contents/Developer/Platforms/iPhoneSimulator.platform/Developer/usr/lib -F /Users/kris/Epilogue/build/Build/Products/Debug-iphonesimulator/PackageFrameworks -F /Users/kris/Epilogue/build/Build/Products/Debug-iphonesimulator -F /Applications/Xcode-beta.app/Contents/Developer/Platforms/iPhoneSimulator.platform/Developer/Library/Frameworks -F /Applications/Xcode-beta.app/Contents/Developer/Platforms/iPhoneSimulator.platform/Developer/SDKs/iPhoneSimulator26.0.sdk/Developer/Library/Frameworks -c -j12 -enable-batch-mode -incremental -Xcc -ivfsstatcache -Xcc /Users/kris/Epilogue/build/SDKStatCaches.noindex/iphonesimulator26.0-23A5297f-3885c01c3e6b6a337905948deab2002efc862078e33f881139a9d2f83bd1a9d0.sdkstatcache -output-file-map /Users/kris/Epilogue/build/Build/Intermediates.noindex/swift-collections.build/Debug-iphonesimulator/OrderedCollections.build/Objects-normal/arm64/OrderedCollections-OutputFileMap.json -use-frontend-parseable-output -save-temps -no-color-diagnostics -explicit-module-build -module-cache-path /Users/kris/Epilogue/build/Build/Intermediates.noindex/SwiftExplicitPrecompiledModules -clang-scanner-module-cache-path /Users/kris/Epilogue/build/ModuleCache.noindex -sdk-module-cache-path /Users/kris/Epilogue/build/ModuleCache.noindex -serialize-diagnostics -emit-dependencies -emit-module -emit-module-path /Users/kris/Epilogue/build/Build/Intermediates.noindex/swift-collections.build/Debug-iphonesimulator/OrderedCollections.build/Objects-normal/arm64/OrderedCollections.swiftmodule -validate-clang-modules-once -clang-build-session-file /Users/kris/Epilogue/build/ModuleCache.noindex/Session.modulevalidation -package-name swift_collections -Xcc -I/Users/kris/Epilogue/build/Build/Intermediates.noindex/swift-collections.build/Debug-iphonesimulator/OrderedCollections.build/swift-overrides.hmap -emit-const-values -Xfrontend -const-gather-protocols-file -Xfrontend /Users/kris/Epilogue/build/Build/Intermediates.noindex/swift-collections.build/Debug-iphonesimulator/OrderedCollections.build/Objects-normal/arm64/OrderedCollections_const_extract_protocols.json -Xcc -I/Users/kris/Epilogue/build/Build/Products/Debug-iphonesimulator/include -Xcc -I/Users/kris/Epilogue/build/Build/Intermediates.noindex/swift-collections.build/Debug-iphonesimulator/OrderedCollections.build/DerivedSources-normal/arm64 -Xcc -I/Users/kris/Epilogue/build/Build/Intermediates.noindex/swift-collections.build/Debug-iphonesimulator/OrderedCollections.build/DerivedSources/arm64 -Xcc -I/Users/kris/Epilogue/build/Build/Intermediates.noindex/swift-collections.build/Debug-iphonesimulator/OrderedCollections.build/DerivedSources -Xcc -DSWIFT_PACKAGE -Xcc -DDEBUG\=1 -emit-objc-header -emit-objc-header-path /Users/kris/Epilogue/build/Build/Intermediates.noindex/swift-collections.build/Debug-iphonesimulator/OrderedCollections.build/Objects-normal/arm64/OrderedCollections-Swift.h -working-directory /Users/kris/Epilogue/Epilogue/Epilogue.xcodeproj -experimental-emit-module-separately -disable-cmo

SwiftEmitModule normal arm64 Emitting\ module\ for\ Hub (in target 'Hub' from project 'swift-transformers')

EmitSwiftModule normal arm64 (in target 'Hub' from project 'swift-transformers')
    cd /Users/kris/Epilogue/Epilogue/Epilogue.xcodeproj
    

Copy /Users/kris/Epilogue/build/Build/Products/Debug-iphonesimulator/OrderedCollections.swiftmodule/arm64-apple-ios-simulator.swiftmodule /Users/kris/Epilogue/build/Build/Intermediates.noindex/swift-collections.build/Debug-iphonesimulator/OrderedCollections.build/Objects-normal/arm64/OrderedCollections.swiftmodule (in target 'OrderedCollections' from project 'swift-collections')
    cd /Users/kris/Epilogue/build/SourcePackages/checkouts/swift-collections
    builtin-copy -exclude .DS_Store -exclude CVS -exclude .svn -exclude .git -exclude .hg -resolve-src-symlinks -rename /Users/kris/Epilogue/build/Build/Intermediates.noindex/swift-collections.build/Debug-iphonesimulator/OrderedCollections.build/Objects-normal/arm64/OrderedCollections.swiftmodule /Users/kris/Epilogue/build/Build/Products/Debug-iphonesimulator/OrderedCollections.swiftmodule/arm64-apple-ios-simulator.swiftmodule

Copy /Users/kris/Epilogue/build/Build/Products/Debug-iphonesimulator/OrderedCollections.swiftmodule/arm64-apple-ios-simulator.swiftdoc /Users/kris/Epilogue/build/Build/Intermediates.noindex/swift-collections.build/Debug-iphonesimulator/OrderedCollections.build/Objects-normal/arm64/OrderedCollections.swiftdoc (in target 'OrderedCollections' from project 'swift-collections')
    cd /Users/kris/Epilogue/build/SourcePackages/checkouts/swift-collections
    builtin-copy -exclude .DS_Store -exclude CVS -exclude .svn -exclude .git -exclude .hg -resolve-src-symlinks -rename /Users/kris/Epilogue/build/Build/Intermediates.noindex/swift-collections.build/Debug-iphonesimulator/OrderedCollections.build/Objects-normal/arm64/OrderedCollections.swiftdoc /Users/kris/Epilogue/build/Build/Products/Debug-iphonesimulator/OrderedCollections.swiftmodule/arm64-apple-ios-simulator.swiftdoc

Copy /Users/kris/Epilogue/build/Build/Products/Debug-iphonesimulator/OrderedCollections.swiftmodule/arm64-apple-ios-simulator.abi.json /Users/kris/Epilogue/build/Build/Intermediates.noindex/swift-collections.build/Debug-iphonesimulator/OrderedCollections.build/Objects-normal/arm64/OrderedCollections.abi.json (in target 'OrderedCollections' from project 'swift-collections')
    cd /Users/kris/Epilogue/build/SourcePackages/checkouts/swift-collections
    builtin-copy -exclude .DS_Store -exclude CVS -exclude .svn -exclude .git -exclude .hg -resolve-src-symlinks -rename /Users/kris/Epilogue/build/Build/Intermediates.noindex/swift-collections.build/Debug-iphonesimulator/OrderedCollections.build/Objects-normal/arm64/OrderedCollections.abi.json /Users/kris/Epilogue/build/Build/Products/Debug-iphonesimulator/OrderedCollections.swiftmodule/arm64-apple-ios-simulator.abi.json

Copy /Users/kris/Epilogue/build/Build/Products/Debug-iphonesimulator/OrderedCollections.swiftmodule/Project/arm64-apple-ios-simulator.swiftsourceinfo /Users/kris/Epilogue/build/Build/Intermediates.noindex/swift-collections.build/Debug-iphonesimulator/OrderedCollections.build/Objects-normal/arm64/OrderedCollections.swiftsourceinfo (in target 'OrderedCollections' from project 'swift-collections')
    cd /Users/kris/Epilogue/build/SourcePackages/checkouts/swift-collections
    builtin-copy -exclude .DS_Store -exclude CVS -exclude .svn -exclude .git -exclude .hg -resolve-src-symlinks -rename /Users/kris/Epilogue/build/Build/Intermediates.noindex/swift-collections.build/Debug-iphonesimulator/OrderedCollections.build/Objects-normal/arm64/OrderedCollections.swiftsourceinfo /Users/kris/Epilogue/build/Build/Products/Debug-iphonesimulator/OrderedCollections.swiftmodule/Project/arm64-apple-ios-simulator.swiftsourceinfo

SwiftEmitModule normal x86_64 Emitting\ module\ for\ Hub (in target 'Hub' from project 'swift-transformers')

EmitSwiftModule normal x86_64 (in target 'Hub' from project 'swift-transformers')
    cd /Users/kris/Epilogue/Epilogue/Epilogue.xcodeproj
    

SwiftEmitModule normal x86_64 Emitting\ module\ for\ ArgumentParser (in target 'ArgumentParser' from project 'swift-argument-parser')
EmitSwiftModule normal x86_64 (in target 'ArgumentParser' from project 'swift-argument-parser')
    cd /Users/kris/Epilogue/Epilogue/Epilogue.xcodeproj
    

SwiftDriverJobDiscovery normal x86_64 Compiling OrderedSet+Partial RangeReplaceableCollection.swift, OrderedSet+Partial SetAlgebra formIntersection.swift, OrderedSet+Partial SetAlgebra formSymmetricDifference.swift, OrderedSet+Partial SetAlgebra formUnion.swift, OrderedSet+Partial SetAlgebra intersection.swift (in target 'OrderedCollections' from project 'swift-collections')

SwiftEmitModule normal arm64 Emitting\ module\ for\ ArgumentParser (in target 'ArgumentParser' from project 'swift-argument-parser')
EmitSwiftModule normal arm64 (in target 'ArgumentParser' from project 'swift-argument-parser')
    cd /Users/kris/Epilogue/Epilogue/Epilogue.xcodeproj
    

SwiftDriverJobDiscovery normal arm64 Compiling _HashTable.swift, _Hashtable+Header.swift, OrderedDictionary+Codable.swift, OrderedDictionary+CustomReflectable.swift, OrderedDictionary+Deprecations.swift (in target 'OrderedCollections' from project 'swift-collections')

SwiftExplicitDependencyGeneratePcm x86_64 /Users/kris/Epilogue/build/ModuleCache.noindex/Symbols-F5JYSAIIRRMD93NL93C1LRAU7.pcm

SwiftDriverJobDiscovery normal arm64 Emitting module for Hub (in target 'Hub' from project 'swift-transformers')

SwiftDriver\ Compilation\ Requirements Hub normal arm64 com.apple.xcode.tools.swift.compiler (in target 'Hub' from project 'swift-transformers')
    cd /Users/kris/Epilogue/Epilogue/Epilogue.xcodeproj
    builtin-Swift-Compilation-Requirements -- /Applications/Xcode-beta.app/Contents/Developer/Toolchains/XcodeDefault.xctoolchain/usr/bin/swiftc -module-name Hub -Onone -enforce-exclusivity\=checked @/Users/kris/Epilogue/build/Build/Intermediates.noindex/swift-transformers.build/Debug-iphonesimulator/Hub.build/Objects-normal/arm64/Hub.SwiftFileList -DSWIFT_PACKAGE -DDEBUG -DSWIFT_MODULE_RESOURCE_BUNDLE_AVAILABLE -DXcode -plugin-path /Applications/Xcode-beta.app/Contents/Developer/Toolchains/XcodeDefault.xctoolchain/usr/lib/swift/host/plugins/testing -enable-experimental-feature DebugDescriptionMacro -sdk /Applications/Xcode-beta.app/Contents/Developer/Platforms/iPhoneSimulator.platform/Developer/SDKs/iPhoneSimulator26.0.sdk -target arm64-apple-ios16.0-simulator -g -module-cache-path /Users/kris/Epilogue/build/ModuleCache.noindex -Xfrontend -serialize-debugging-options -profile-coverage-mapping -profile-generate -enable-testing -suppress-warnings -index-store-path /Users/kris/Epilogue/build/Index.noindex/DataStore -Xcc -D_LIBCPP_HARDENING_MODE\=_LIBCPP_HARDENING_MODE_DEBUG -swift-version 5 -I /Users/kris/Epilogue/build/Build/Products/Debug-iphonesimulator -Isystem /Applications/Xcode-beta.app/Contents/Developer/Platforms/iPhoneSimulator.platform/Developer/usr/lib -F /Users/kris/Epilogue/build/Build/Products/Debug-iphonesimulator -F /Applications/Xcode-beta.app/Contents/Developer/Platforms/iPhoneSimulator.platform/Developer/Library/Frameworks -F /Applications/Xcode-beta.app/Contents/Developer/Platforms/iPhoneSimulator.platform/Developer/SDKs/iPhoneSimulator26.0.sdk/Developer/Library/Frameworks -c -j12 -enable-batch-mode -incremental -Xcc -ivfsstatcache -Xcc /Users/kris/Epilogue/build/SDKStatCaches.noindex/iphonesimulator26.0-23A5297f-3885c01c3e6b6a337905948deab2002efc862078e33f881139a9d2f83bd1a9d0.sdkstatcache -output-file-map /Users/kris/Epilogue/build/Build/Intermediates.noindex/swift-transformers.build/Debug-iphonesimulator/Hub.build/Objects-normal/arm64/Hub-OutputFileMap.json -use-frontend-parseable-output -save-temps -no-color-diagnostics -explicit-module-build -module-cache-path /Users/kris/Epilogue/build/Build/Intermediates.noindex/SwiftExplicitPrecompiledModules -clang-scanner-module-cache-path /Users/kris/Epilogue/build/ModuleCache.noindex -sdk-module-cache-path /Users/kris/Epilogue/build/ModuleCache.noindex -serialize-diagnostics -emit-dependencies -emit-module -emit-module-path /Users/kris/Epilogue/build/Build/Intermediates.noindex/swift-transformers.build/Debug-iphonesimulator/Hub.build/Objects-normal/arm64/Hub.swiftmodule -validate-clang-modules-once -clang-build-session-file /Users/kris/Epilogue/build/ModuleCache.noindex/Session.modulevalidation -Xcc -I/Users/kris/Epilogue/build/Build/Intermediates.noindex/swift-transformers.build/Debug-iphonesimulator/Hub.build/swift-overrides.hmap -emit-const-values -Xfrontend -const-gather-protocols-file -Xfrontend /Users/kris/Epilogue/build/Build/Intermediates.noindex/swift-transformers.build/Debug-iphonesimulator/Hub.build/Objects-normal/arm64/Hub_const_extract_protocols.json -Xcc -I/Users/kris/Epilogue/build/Build/Products/Debug-iphonesimulator/include -Xcc -I/Users/kris/Epilogue/build/Build/Intermediates.noindex/swift-transformers.build/Debug-iphonesimulator/Hub.build/DerivedSources-normal/arm64 -Xcc -I/Users/kris/Epilogue/build/Build/Intermediates.noindex/swift-transformers.build/Debug-iphonesimulator/Hub.build/DerivedSources/arm64 -Xcc -I/Users/kris/Epilogue/build/Build/Intermediates.noindex/swift-transformers.build/Debug-iphonesimulator/Hub.build/DerivedSources -Xcc -DSWIFT_PACKAGE -Xcc -DDEBUG\=1 -emit-objc-header -emit-objc-header-path /Users/kris/Epilogue/build/Build/Intermediates.noindex/swift-transformers.build/Debug-iphonesimulator/Hub.build/Objects-normal/arm64/Hub-Swift.h -working-directory /Users/kris/Epilogue/Epilogue/Epilogue.xcodeproj -experimental-emit-module-separately -disable-cmo

SwiftDriverJobDiscovery normal arm64 Compiling OrderedDictionary+Hashable.swift, OrderedDictionary+Initializers.swift, OrderedDictionary+Invariants.swift, OrderedDictionary+Partial MutableCollection.swift, OrderedDictionary+Partial RangeReplaceableCollection.swift (in target 'OrderedCollections' from project 'swift-collections')

SwiftExplicitDependencyGeneratePcm x86_64 /Users/kris/Epilogue/build/ModuleCache.noindex/FileProvider-BHOUMVUC2GPAORTKF2XPCHZ72.pcm

SwiftExplicitDependencyGeneratePcm arm64 /Users/kris/Epilogue/build/ModuleCache.noindex/IOSurface-ACVGZE5F2IFB9BMI202BMFOPH.pcm

SwiftExplicitDependencyGeneratePcm arm64 /Users/kris/Epilogue/build/ModuleCache.noindex/OpenGLES-4T6XXMUV4UGJ9IY54K840EIUW.pcm

SwiftExplicitDependencyGeneratePcm arm64 /Users/kris/Epilogue/build/ModuleCache.noindex/Symbols-3QJ15JXSLWDDP20Y3UF0UPUHY.pcm

SwiftDriverJobDiscovery normal arm64 Compiling OrderedSet+Partial SetAlgebra+Basics.swift, OrderedSet+RandomAccessCollection.swift, OrderedSet+ReserveCapacity.swift, OrderedSet+Sendable.swift, OrderedSet+SubSequence.swift (in target 'OrderedCollections' from project 'swift-collections')

SwiftExplicitDependencyGeneratePcm arm64 /Users/kris/Epilogue/build/ModuleCache.noindex/CoreTransferable-53UBJJEG59THZ67WAVWIHVCJ0.pcm

SwiftDriverJobDiscovery normal x86_64 Compiling OrderedDictionary+Hashable.swift, OrderedDictionary+Initializers.swift, OrderedDictionary+Invariants.swift, OrderedDictionary+Partial MutableCollection.swift, OrderedDictionary+Partial RangeReplaceableCollection.swift (in target 'OrderedCollections' from project 'swift-collections')

SwiftDriverJobDiscovery normal x86_64 Emitting module for OrderedCollections (in target 'OrderedCollections' from project 'swift-collections')

SwiftDriverJobDiscovery normal x86_64 Emitting module for Hub (in target 'Hub' from project 'swift-transformers')

SwiftDriver\ Compilation\ Requirements OrderedCollections normal x86_64 com.apple.xcode.tools.swift.compiler (in target 'OrderedCollections' from project 'swift-collections')
    cd /Users/kris/Epilogue/Epilogue/Epilogue.xcodeproj
    builtin-Swift-Compilation-Requirements -- /Applications/Xcode-beta.app/Contents/Developer/Toolchains/XcodeDefault.xctoolchain/usr/bin/swiftc -module-name OrderedCollections -Onone -enforce-exclusivity\=checked @/Users/kris/Epilogue/build/Build/Intermediates.noindex/swift-collections.build/Debug-iphonesimulator/OrderedCollections.build/Objects-normal/x86_64/OrderedCollections.SwiftFileList -DSWIFT_PACKAGE -DDEBUG -DSWIFT_MODULE_RESOURCE_BUNDLE_UNAVAILABLE -DCOLLECTIONS_RANDOMIZED_TESTING -DXcode -plugin-path /Applications/Xcode-beta.app/Contents/Developer/Toolchains/XcodeDefault.xctoolchain/usr/lib/swift/host/plugins/testing -enable-experimental-feature DebugDescriptionMacro -sdk /Applications/Xcode-beta.app/Contents/Developer/Platforms/iPhoneSimulator.platform/Developer/SDKs/iPhoneSimulator26.0.sdk -target x86_64-apple-ios12.0-simulator -g -module-cache-path /Users/kris/Epilogue/build/ModuleCache.noindex -Xfrontend -serialize-debugging-options -profile-coverage-mapping -profile-generate -enable-testing -suppress-warnings -index-store-path /Users/kris/Epilogue/build/Index.noindex/DataStore -Xcc -D_LIBCPP_HARDENING_MODE\=_LIBCPP_HARDENING_MODE_DEBUG -swift-version 5 -I /Users/kris/Epilogue/build/Build/Products/Debug-iphonesimulator -Isystem /Applications/Xcode-beta.app/Contents/Developer/Platforms/iPhoneSimulator.platform/Developer/usr/lib -F /Users/kris/Epilogue/build/Build/Products/Debug-iphonesimulator/PackageFrameworks -F /Users/kris/Epilogue/build/Build/Products/Debug-iphonesimulator -F /Applications/Xcode-beta.app/Contents/Developer/Platforms/iPhoneSimulator.platform/Developer/Library/Frameworks -F /Applications/Xcode-beta.app/Contents/Developer/Platforms/iPhoneSimulator.platform/Developer/SDKs/iPhoneSimulator26.0.sdk/Developer/Library/Frameworks -c -j12 -enable-batch-mode -incremental -Xcc -ivfsstatcache -Xcc /Users/kris/Epilogue/build/SDKStatCaches.noindex/iphonesimulator26.0-23A5297f-3885c01c3e6b6a337905948deab2002efc862078e33f881139a9d2f83bd1a9d0.sdkstatcache -output-file-map /Users/kris/Epilogue/build/Build/Intermediates.noindex/swift-collections.build/Debug-iphonesimulator/OrderedCollections.build/Objects-normal/x86_64/OrderedCollections-OutputFileMap.json -use-frontend-parseable-output -save-temps -no-color-diagnostics -explicit-module-build -module-cache-path /Users/kris/Epilogue/build/Build/Intermediates.noindex/SwiftExplicitPrecompiledModules -clang-scanner-module-cache-path /Users/kris/Epilogue/build/ModuleCache.noindex -sdk-module-cache-path /Users/kris/Epilogue/build/ModuleCache.noindex -serialize-diagnostics -emit-dependencies -emit-module -emit-module-path /Users/kris/Epilogue/build/Build/Intermediates.noindex/swift-collections.build/Debug-iphonesimulator/OrderedCollections.build/Objects-normal/x86_64/OrderedCollections.swiftmodule -validate-clang-modules-once -clang-build-session-file /Users/kris/Epilogue/build/ModuleCache.noindex/Session.modulevalidation -package-name swift_collections -Xcc -I/Users/kris/Epilogue/build/Build/Intermediates.noindex/swift-collections.build/Debug-iphonesimulator/OrderedCollections.build/swift-overrides.hmap -emit-const-values -Xfrontend -const-gather-protocols-file -Xfrontend /Users/kris/Epilogue/build/Build/Intermediates.noindex/swift-collections.build/Debug-iphonesimulator/OrderedCollections.build/Objects-normal/x86_64/OrderedCollections_const_extract_protocols.json -Xcc -I/Users/kris/Epilogue/build/Build/Products/Debug-iphonesimulator/include -Xcc -I/Users/kris/Epilogue/build/Build/Intermediates.noindex/swift-collections.build/Debug-iphonesimulator/OrderedCollections.build/DerivedSources-normal/x86_64 -Xcc -I/Users/kris/Epilogue/build/Build/Intermediates.noindex/swift-collections.build/Debug-iphonesimulator/OrderedCollections.build/DerivedSources/x86_64 -Xcc -I/Users/kris/Epilogue/build/Build/Intermediates.noindex/swift-collections.build/Debug-iphonesimulator/OrderedCollections.build/DerivedSources -Xcc -DSWIFT_PACKAGE -Xcc -DDEBUG\=1 -emit-objc-header -emit-objc-header-path /Users/kris/Epilogue/build/Build/Intermediates.noindex/swift-collections.build/Debug-iphonesimulator/OrderedCollections.build/Objects-normal/x86_64/OrderedCollections-Swift.h -working-directory /Users/kris/Epilogue/Epilogue/Epilogue.xcodeproj -experimental-emit-module-separately -disable-cmo

SwiftDriver\ Compilation\ Requirements Hub normal x86_64 com.apple.xcode.tools.swift.compiler (in target 'Hub' from project 'swift-transformers')
    cd /Users/kris/Epilogue/Epilogue/Epilogue.xcodeproj
    builtin-Swift-Compilation-Requirements -- /Applications/Xcode-beta.app/Contents/Developer/Toolchains/XcodeDefault.xctoolchain/usr/bin/swiftc -module-name Hub -Onone -enforce-exclusivity\=checked @/Users/kris/Epilogue/build/Build/Intermediates.noindex/swift-transformers.build/Debug-iphonesimulator/Hub.build/Objects-normal/x86_64/Hub.SwiftFileList -DSWIFT_PACKAGE -DDEBUG -DSWIFT_MODULE_RESOURCE_BUNDLE_AVAILABLE -DXcode -plugin-path /Applications/Xcode-beta.app/Contents/Developer/Toolchains/XcodeDefault.xctoolchain/usr/lib/swift/host/plugins/testing -enable-experimental-feature DebugDescriptionMacro -sdk /Applications/Xcode-beta.app/Contents/Developer/Platforms/iPhoneSimulator.platform/Developer/SDKs/iPhoneSimulator26.0.sdk -target x86_64-apple-ios16.0-simulator -g -module-cache-path /Users/kris/Epilogue/build/ModuleCache.noindex -Xfrontend -serialize-debugging-options -profile-coverage-mapping -profile-generate -enable-testing -suppress-warnings -index-store-path /Users/kris/Epilogue/build/Index.noindex/DataStore -Xcc -D_LIBCPP_HARDENING_MODE\=_LIBCPP_HARDENING_MODE_DEBUG -swift-version 5 -I /Users/kris/Epilogue/build/Build/Products/Debug-iphonesimulator -Isystem /Applications/Xcode-beta.app/Contents/Developer/Platforms/iPhoneSimulator.platform/Developer/usr/lib -F /Users/kris/Epilogue/build/Build/Products/Debug-iphonesimulator -F /Applications/Xcode-beta.app/Contents/Developer/Platforms/iPhoneSimulator.platform/Developer/Library/Frameworks -F /Applications/Xcode-beta.app/Contents/Developer/Platforms/iPhoneSimulator.platform/Developer/SDKs/iPhoneSimulator26.0.sdk/Developer/Library/Frameworks -c -j12 -enable-batch-mode -incremental -Xcc -ivfsstatcache -Xcc /Users/kris/Epilogue/build/SDKStatCaches.noindex/iphonesimulator26.0-23A5297f-3885c01c3e6b6a337905948deab2002efc862078e33f881139a9d2f83bd1a9d0.sdkstatcache -output-file-map /Users/kris/Epilogue/build/Build/Intermediates.noindex/swift-transformers.build/Debug-iphonesimulator/Hub.build/Objects-normal/x86_64/Hub-OutputFileMap.json -use-frontend-parseable-output -save-temps -no-color-diagnostics -explicit-module-build -module-cache-path /Users/kris/Epilogue/build/Build/Intermediates.noindex/SwiftExplicitPrecompiledModules -clang-scanner-module-cache-path /Users/kris/Epilogue/build/ModuleCache.noindex -sdk-module-cache-path /Users/kris/Epilogue/build/ModuleCache.noindex -serialize-diagnostics -emit-dependencies -emit-module -emit-module-path /Users/kris/Epilogue/build/Build/Intermediates.noindex/swift-transformers.build/Debug-iphonesimulator/Hub.build/Objects-normal/x86_64/Hub.swiftmodule -validate-clang-modules-once -clang-build-session-file /Users/kris/Epilogue/build/ModuleCache.noindex/Session.modulevalidation -Xcc -I/Users/kris/Epilogue/build/Build/Intermediates.noindex/swift-transformers.build/Debug-iphonesimulator/Hub.build/swift-overrides.hmap -emit-const-values -Xfrontend -const-gather-protocols-file -Xfrontend /Users/kris/Epilogue/build/Build/Intermediates.noindex/swift-transformers.build/Debug-iphonesimulator/Hub.build/Objects-normal/x86_64/Hub_const_extract_protocols.json -Xcc -I/Users/kris/Epilogue/build/Build/Products/Debug-iphonesimulator/include -Xcc -I/Users/kris/Epilogue/build/Build/Intermediates.noindex/swift-transformers.build/Debug-iphonesimulator/Hub.build/DerivedSources-normal/x86_64 -Xcc -I/Users/kris/Epilogue/build/Build/Intermediates.noindex/swift-transformers.build/Debug-iphonesimulator/Hub.build/DerivedSources/x86_64 -Xcc -I/Users/kris/Epilogue/build/Build/Intermediates.noindex/swift-transformers.build/Debug-iphonesimulator/Hub.build/DerivedSources -Xcc -DSWIFT_PACKAGE -Xcc -DDEBUG\=1 -emit-objc-header -emit-objc-header-path /Users/kris/Epilogue/build/Build/Intermediates.noindex/swift-transformers.build/Debug-iphonesimulator/Hub.build/Objects-normal/x86_64/Hub-Swift.h -working-directory /Users/kris/Epilogue/Epilogue/Epilogue.xcodeproj -experimental-emit-module-separately -disable-cmo

SwiftMergeGeneratedHeaders /Users/kris/Epilogue/build/Build/Intermediates.noindex/GeneratedModuleMaps-iphonesimulator/OrderedCollections-Swift.h /Users/kris/Epilogue/build/Build/Intermediates.noindex/swift-collections.build/Debug-iphonesimulator/OrderedCollections.build/Objects-normal/arm64/OrderedCollections-Swift.h /Users/kris/Epilogue/build/Build/Intermediates.noindex/swift-collections.build/Debug-iphonesimulator/OrderedCollections.build/Objects-normal/x86_64/OrderedCollections-Swift.h (in target 'OrderedCollections' from project 'swift-collections')
    cd /Users/kris/Epilogue/build/SourcePackages/checkouts/swift-collections
    builtin-swiftHeaderTool -arch arm64 /Users/kris/Epilogue/build/Build/Intermediates.noindex/swift-collections.build/Debug-iphonesimulator/OrderedCollections.build/Objects-normal/arm64/OrderedCollections-Swift.h -arch x86_64 /Users/kris/Epilogue/build/Build/Intermediates.noindex/swift-collections.build/Debug-iphonesimulator/OrderedCollections.build/Objects-normal/x86_64/OrderedCollections-Swift.h -o /Users/kris/Epilogue/build/Build/Intermediates.noindex/GeneratedModuleMaps-iphonesimulator/OrderedCollections-Swift.h

Copy /Users/kris/Epilogue/build/Build/Products/Debug-iphonesimulator/OrderedCollections.swiftmodule/x86_64-apple-ios-simulator.swiftmodule /Users/kris/Epilogue/build/Build/Intermediates.noindex/swift-collections.build/Debug-iphonesimulator/OrderedCollections.build/Objects-normal/x86_64/OrderedCollections.swiftmodule (in target 'OrderedCollections' from project 'swift-collections')
    cd /Users/kris/Epilogue/build/SourcePackages/checkouts/swift-collections
    builtin-copy -exclude .DS_Store -exclude CVS -exclude .svn -exclude .git -exclude .hg -resolve-src-symlinks -rename /Users/kris/Epilogue/build/Build/Intermediates.noindex/swift-collections.build/Debug-iphonesimulator/OrderedCollections.build/Objects-normal/x86_64/OrderedCollections.swiftmodule /Users/kris/Epilogue/build/Build/Products/Debug-iphonesimulator/OrderedCollections.swiftmodule/x86_64-apple-ios-simulator.swiftmodule

Copy /Users/kris/Epilogue/build/Build/Products/Debug-iphonesimulator/OrderedCollections.swiftmodule/x86_64-apple-ios-simulator.swiftdoc /Users/kris/Epilogue/build/Build/Intermediates.noindex/swift-collections.build/Debug-iphonesimulator/OrderedCollections.build/Objects-normal/x86_64/OrderedCollections.swiftdoc (in target 'OrderedCollections' from project 'swift-collections')
    cd /Users/kris/Epilogue/build/SourcePackages/checkouts/swift-collections
    builtin-copy -exclude .DS_Store -exclude CVS -exclude .svn -exclude .git -exclude .hg -resolve-src-symlinks -rename /Users/kris/Epilogue/build/Build/Intermediates.noindex/swift-collections.build/Debug-iphonesimulator/OrderedCollections.build/Objects-normal/x86_64/OrderedCollections.swiftdoc /Users/kris/Epilogue/build/Build/Products/Debug-iphonesimulator/OrderedCollections.swiftmodule/x86_64-apple-ios-simulator.swiftdoc

SwiftDriverJobDiscovery normal x86_64 Compiling OrderedDictionary+Descriptions.swift, OrderedDictionary+Elements.SubSequence.swift, OrderedDictionary+Elements.swift, OrderedDictionary+Equatable.swift, OrderedDictionary+ExpressibleByDictionaryLiteral.swift (in target 'OrderedCollections' from project 'swift-collections')

Copy /Users/kris/Epilogue/build/Build/Products/Debug-iphonesimulator/OrderedCollections.swiftmodule/x86_64-apple-ios-simulator.abi.json /Users/kris/Epilogue/build/Build/Intermediates.noindex/swift-collections.build/Debug-iphonesimulator/OrderedCollections.build/Objects-normal/x86_64/OrderedCollections.abi.json (in target 'OrderedCollections' from project 'swift-collections')
    cd /Users/kris/Epilogue/build/SourcePackages/checkouts/swift-collections
    builtin-copy -exclude .DS_Store -exclude CVS -exclude .svn -exclude .git -exclude .hg -resolve-src-symlinks -rename /Users/kris/Epilogue/build/Build/Intermediates.noindex/swift-collections.build/Debug-iphonesimulator/OrderedCollections.build/Objects-normal/x86_64/OrderedCollections.abi.json /Users/kris/Epilogue/build/Build/Products/Debug-iphonesimulator/OrderedCollections.swiftmodule/x86_64-apple-ios-simulator.abi.json

Copy /Users/kris/Epilogue/build/Build/Products/Debug-iphonesimulator/OrderedCollections.swiftmodule/Project/x86_64-apple-ios-simulator.swiftsourceinfo /Users/kris/Epilogue/build/Build/Intermediates.noindex/swift-collections.build/Debug-iphonesimulator/OrderedCollections.build/Objects-normal/x86_64/OrderedCollections.swiftsourceinfo (in target 'OrderedCollections' from project 'swift-collections')
    cd /Users/kris/Epilogue/build/SourcePackages/checkouts/swift-collections
    builtin-copy -exclude .DS_Store -exclude CVS -exclude .svn -exclude .git -exclude .hg -resolve-src-symlinks -rename /Users/kris/Epilogue/build/Build/Intermediates.noindex/swift-collections.build/Debug-iphonesimulator/OrderedCollections.build/Objects-normal/x86_64/OrderedCollections.swiftsourceinfo /Users/kris/Epilogue/build/Build/Products/Debug-iphonesimulator/OrderedCollections.swiftmodule/Project/x86_64-apple-ios-simulator.swiftsourceinfo

SwiftMergeGeneratedHeaders /Users/kris/Epilogue/build/Build/Intermediates.noindex/GeneratedModuleMaps-iphonesimulator/Hub-Swift.h /Users/kris/Epilogue/build/Build/Intermediates.noindex/swift-transformers.build/Debug-iphonesimulator/Hub.build/Objects-normal/arm64/Hub-Swift.h /Users/kris/Epilogue/build/Build/Intermediates.noindex/swift-transformers.build/Debug-iphonesimulator/Hub.build/Objects-normal/x86_64/Hub-Swift.h (in target 'Hub' from project 'swift-transformers')
    cd /Users/kris/Epilogue/build/SourcePackages/checkouts/swift-transformers
    builtin-swiftHeaderTool -arch arm64 /Users/kris/Epilogue/build/Build/Intermediates.noindex/swift-transformers.build/Debug-iphonesimulator/Hub.build/Objects-normal/arm64/Hub-Swift.h -arch x86_64 /Users/kris/Epilogue/build/Build/Intermediates.noindex/swift-transformers.build/Debug-iphonesimulator/Hub.build/Objects-normal/x86_64/Hub-Swift.h -o /Users/kris/Epilogue/build/Build/Intermediates.noindex/GeneratedModuleMaps-iphonesimulator/Hub-Swift.h

Copy /Users/kris/Epilogue/build/Build/Products/Debug-iphonesimulator/Hub.swiftmodule/x86_64-apple-ios-simulator.swiftmodule /Users/kris/Epilogue/build/Build/Intermediates.noindex/swift-transformers.build/Debug-iphonesimulator/Hub.build/Objects-normal/x86_64/Hub.swiftmodule (in target 'Hub' from project 'swift-transformers')
    cd /Users/kris/Epilogue/build/SourcePackages/checkouts/swift-transformers
    builtin-copy -exclude .DS_Store -exclude CVS -exclude .svn -exclude .git -exclude .hg -resolve-src-symlinks -rename /Users/kris/Epilogue/build/Build/Intermediates.noindex/swift-transformers.build/Debug-iphonesimulator/Hub.build/Objects-normal/x86_64/Hub.swiftmodule /Users/kris/Epilogue/build/Build/Products/Debug-iphonesimulator/Hub.swiftmodule/x86_64-apple-ios-simulator.swiftmodule

Copy /Users/kris/Epilogue/build/Build/Products/Debug-iphonesimulator/Hub.swiftmodule/x86_64-apple-ios-simulator.swiftdoc /Users/kris/Epilogue/build/Build/Intermediates.noindex/swift-transformers.build/Debug-iphonesimulator/Hub.build/Objects-normal/x86_64/Hub.swiftdoc (in target 'Hub' from project 'swift-transformers')
    cd /Users/kris/Epilogue/build/SourcePackages/checkouts/swift-transformers
    builtin-copy -exclude .DS_Store -exclude CVS -exclude .svn -exclude .git -exclude .hg -resolve-src-symlinks -rename /Users/kris/Epilogue/build/Build/Intermediates.noindex/swift-transformers.build/Debug-iphonesimulator/Hub.build/Objects-normal/x86_64/Hub.swiftdoc /Users/kris/Epilogue/build/Build/Products/Debug-iphonesimulator/Hub.swiftmodule/x86_64-apple-ios-simulator.swiftdoc

Copy /Users/kris/Epilogue/build/Build/Products/Debug-iphonesimulator/Hub.swiftmodule/x86_64-apple-ios-simulator.abi.json /Users/kris/Epilogue/build/Build/Intermediates.noindex/swift-transformers.build/Debug-iphonesimulator/Hub.build/Objects-normal/x86_64/Hub.abi.json (in target 'Hub' from project 'swift-transformers')
    cd /Users/kris/Epilogue/build/SourcePackages/checkouts/swift-transformers
    builtin-copy -exclude .DS_Store -exclude CVS -exclude .svn -exclude .git -exclude .hg -resolve-src-symlinks -rename /Users/kris/Epilogue/build/Build/Intermediates.noindex/swift-transformers.build/Debug-iphonesimulator/Hub.build/Objects-normal/x86_64/Hub.abi.json /Users/kris/Epilogue/build/Build/Products/Debug-iphonesimulator/Hub.swiftmodule/x86_64-apple-ios-simulator.abi.json

Copy /Users/kris/Epilogue/build/Build/Products/Debug-iphonesimulator/Hub.swiftmodule/arm64-apple-ios-simulator.swiftmodule /Users/kris/Epilogue/build/Build/Intermediates.noindex/swift-transformers.build/Debug-iphonesimulator/Hub.build/Objects-normal/arm64/Hub.swiftmodule (in target 'Hub' from project 'swift-transformers')
    cd /Users/kris/Epilogue/build/SourcePackages/checkouts/swift-transformers
    builtin-copy -exclude .DS_Store -exclude CVS -exclude .svn -exclude .git -exclude .hg -resolve-src-symlinks -rename /Users/kris/Epilogue/build/Build/Intermediates.noindex/swift-transformers.build/Debug-iphonesimulator/Hub.build/Objects-normal/arm64/Hub.swiftmodule /Users/kris/Epilogue/build/Build/Products/Debug-iphonesimulator/Hub.swiftmodule/arm64-apple-ios-simulator.swiftmodule

Copy /Users/kris/Epilogue/build/Build/Products/Debug-iphonesimulator/Hub.swiftmodule/arm64-apple-ios-simulator.swiftdoc /Users/kris/Epilogue/build/Build/Intermediates.noindex/swift-transformers.build/Debug-iphonesimulator/Hub.build/Objects-normal/arm64/Hub.swiftdoc (in target 'Hub' from project 'swift-transformers')
    cd /Users/kris/Epilogue/build/SourcePackages/checkouts/swift-transformers
    builtin-copy -exclude .DS_Store -exclude CVS -exclude .svn -exclude .git -exclude .hg -resolve-src-symlinks -rename /Users/kris/Epilogue/build/Build/Intermediates.noindex/swift-transformers.build/Debug-iphonesimulator/Hub.build/Objects-normal/arm64/Hub.swiftdoc /Users/kris/Epilogue/build/Build/Products/Debug-iphonesimulator/Hub.swiftmodule/arm64-apple-ios-simulator.swiftdoc

Copy /Users/kris/Epilogue/build/Build/Products/Debug-iphonesimulator/Hub.swiftmodule/arm64-apple-ios-simulator.abi.json /Users/kris/Epilogue/build/Build/Intermediates.noindex/swift-transformers.build/Debug-iphonesimulator/Hub.build/Objects-normal/arm64/Hub.abi.json (in target 'Hub' from project 'swift-transformers')
    cd /Users/kris/Epilogue/build/SourcePackages/checkouts/swift-transformers
    builtin-copy -exclude .DS_Store -exclude CVS -exclude .svn -exclude .git -exclude .hg -resolve-src-symlinks -rename /Users/kris/Epilogue/build/Build/Intermediates.noindex/swift-transformers.build/Debug-iphonesimulator/Hub.build/Objects-normal/arm64/Hub.abi.json /Users/kris/Epilogue/build/Build/Products/Debug-iphonesimulator/Hub.swiftmodule/arm64-apple-ios-simulator.abi.json

Copy /Users/kris/Epilogue/build/Build/Products/Debug-iphonesimulator/Hub.swiftmodule/Project/x86_64-apple-ios-simulator.swiftsourceinfo /Users/kris/Epilogue/build/Build/Intermediates.noindex/swift-transformers.build/Debug-iphonesimulator/Hub.build/Objects-normal/x86_64/Hub.swiftsourceinfo (in target 'Hub' from project 'swift-transformers')
    cd /Users/kris/Epilogue/build/SourcePackages/checkouts/swift-transformers
    builtin-copy -exclude .DS_Store -exclude CVS -exclude .svn -exclude .git -exclude .hg -resolve-src-symlinks -rename /Users/kris/Epilogue/build/Build/Intermediates.noindex/swift-transformers.build/Debug-iphonesimulator/Hub.build/Objects-normal/x86_64/Hub.swiftsourceinfo /Users/kris/Epilogue/build/Build/Products/Debug-iphonesimulator/Hub.swiftmodule/Project/x86_64-apple-ios-simulator.swiftsourceinfo

Copy /Users/kris/Epilogue/build/Build/Products/Debug-iphonesimulator/Hub.swiftmodule/Project/arm64-apple-ios-simulator.swiftsourceinfo /Users/kris/Epilogue/build/Build/Intermediates.noindex/swift-transformers.build/Debug-iphonesimulator/Hub.build/Objects-normal/arm64/Hub.swiftsourceinfo (in target 'Hub' from project 'swift-transformers')
    cd /Users/kris/Epilogue/build/SourcePackages/checkouts/swift-transformers
    builtin-copy -exclude .DS_Store -exclude CVS -exclude .svn -exclude .git -exclude .hg -resolve-src-symlinks -rename /Users/kris/Epilogue/build/Build/Intermediates.noindex/swift-transformers.build/Debug-iphonesimulator/Hub.build/Objects-normal/arm64/Hub.swiftsourceinfo /Users/kris/Epilogue/build/Build/Products/Debug-iphonesimulator/Hub.swiftmodule/Project/arm64-apple-ios-simulator.swiftsourceinfo

SwiftExplicitDependencyGeneratePcm arm64 /Users/kris/Epilogue/build/ModuleCache.noindex/UIUtilities-45D1VFVN9442AQMOMW5WKX19V.pcm

SwiftExplicitDependencyGeneratePcm x86_64 /Users/kris/Epilogue/build/ModuleCache.noindex/OpenGLES-CILCOQ2OCO7DDMV3LNRMVPL0S.pcm

SwiftExplicitDependencyGeneratePcm x86_64 /Users/kris/Epilogue/build/ModuleCache.noindex/UniformTypeIdentifiers-AX3AVS7Z4OCNNJV9ECJZRVB23.pcm

SwiftExplicitDependencyGeneratePcm x86_64 /Users/kris/Epilogue/build/ModuleCache.noindex/Accessibility-BPGHHPFHR2N4UTV9J9RODTB3.pcm

SwiftExplicitDependencyGeneratePcm arm64 /Users/kris/Epilogue/build/ModuleCache.noindex/OSLog-DS91VFO1JK3EH37IW5Q02JXTD.pcm

SwiftExplicitDependencyGeneratePcm arm64 /Users/kris/Epilogue/build/ModuleCache.noindex/Metal-BUWJIVF316LIKFZX0W3TTCZZN.pcm

SwiftExplicitDependencyGeneratePcm x86_64 /Users/kris/Epilogue/build/ModuleCache.noindex/UIUtilities-IPP742AKQCD424Y51WDU7M0.pcm

SwiftExplicitDependencyGeneratePcm x86_64 /Users/kris/Epilogue/build/ModuleCache.noindex/CoreTransferable-51F6K1XKAR4I7KJXQHDGDUG7K.pcm

SwiftExplicitDependencyGeneratePcm arm64 /Users/kris/Epilogue/build/ModuleCache.noindex/DataDetection-48O0VTZ8ZWXOKEVW7BYQB1G7R.pcm

SwiftExplicitDependencyGeneratePcm x86_64 /Users/kris/Epilogue/build/ModuleCache.noindex/OSLog-29L5LLQ8X00UEDC9XGGKHVNQD.pcm

SwiftExplicitDependencyGeneratePcm x86_64 /Users/kris/Epilogue/build/ModuleCache.noindex/UserNotifications-97XMACLG80PSRR1ZNDJHOOJKM.pcm

SwiftExplicitDependencyGeneratePcm arm64 /Users/kris/Epilogue/build/ModuleCache.noindex/UniformTypeIdentifiers-2FME5VE9GCBFEZ42EZC3A17PY.pcm

SwiftExplicitDependencyGeneratePcm x86_64 /Users/kris/Epilogue/build/ModuleCache.noindex/DataDetection-533LDHZN9ZQKHG14NEJGZ4I6P.pcm

SwiftExplicitDependencyGeneratePcm x86_64 /Users/kris/Epilogue/build/ModuleCache.noindex/IOSurface-2NM9QEWELVURS9SCEN1ZNEUOY.pcm

SwiftExplicitDependencyGeneratePcm arm64 /Users/kris/Epilogue/build/ModuleCache.noindex/Accessibility-7F2D18HN8TJI5OAE4N9INZ0V7.pcm

SwiftExplicitDependencyGeneratePcm arm64 /Users/kris/Epilogue/build/ModuleCache.noindex/FileProvider-2P7EQ2N8KVX4U9T2OETQUHWOQ.pcm

SwiftDriverJobDiscovery normal arm64 Compiling OrderedDictionary+Descriptions.swift, OrderedDictionary+Elements.SubSequence.swift, OrderedDictionary+Elements.swift, OrderedDictionary+Equatable.swift, OrderedDictionary+ExpressibleByDictionaryLiteral.swift (in target 'OrderedCollections' from project 'swift-collections')

SwiftExplicitDependencyGeneratePcm arm64 /Users/kris/Epilogue/build/ModuleCache.noindex/UserNotifications-2WE64NFO4QCGAH946IE3NXN88.pcm

SwiftCompile normal arm64 Compiling\ OrderedSet+Partial\ SetAlgebra\ isDisjoint.swift,\ OrderedSet+Partial\ SetAlgebra\ isEqualSet.swift,\ OrderedSet+Partial\ SetAlgebra\ isStrictSubset.swift,\ OrderedSet+Partial\ SetAlgebra\ isStrictSuperset.swift,\ OrderedSet+Partial\ SetAlgebra\ isSubset.swift /Users/kris/Epilogue/build/SourcePackages/checkouts/swift-collections/Sources/OrderedCollections/OrderedSet/OrderedSet+Partial\ SetAlgebra\ isDisjoint.swift /Users/kris/Epilogue/build/SourcePackages/checkouts/swift-collections/Sources/OrderedCollections/OrderedSet/OrderedSet+Partial\ SetAlgebra\ isEqualSet.swift /Users/kris/Epilogue/build/SourcePackages/checkouts/swift-collections/Sources/OrderedCollections/OrderedSet/OrderedSet+Partial\ SetAlgebra\ isStrictSubset.swift /Users/kris/Epilogue/build/SourcePackages/checkouts/swift-collections/Sources/OrderedCollections/OrderedSet/OrderedSet+Partial\ SetAlgebra\ isStrictSuperset.swift /Users/kris/Epilogue/build/SourcePackages/checkouts/swift-collections/Sources/OrderedCollections/OrderedSet/OrderedSet+Partial\ SetAlgebra\ isSubset.swift (in target 'OrderedCollections' from project 'swift-collections')
SwiftCompile normal arm64 /Users/kris/Epilogue/build/SourcePackages/checkouts/swift-collections/Sources/OrderedCollections/OrderedSet/OrderedSet+Partial\ SetAlgebra\ isDisjoint.swift (in target 'OrderedCollections' from project 'swift-collections')
    cd /Users/kris/Epilogue/Epilogue/Epilogue.xcodeproj
    

SwiftCompile normal arm64 /Users/kris/Epilogue/build/SourcePackages/checkouts/swift-collections/Sources/OrderedCollections/OrderedSet/OrderedSet+Partial\ SetAlgebra\ isEqualSet.swift (in target 'OrderedCollections' from project 'swift-collections')
    cd /Users/kris/Epilogue/Epilogue/Epilogue.xcodeproj
    

SwiftCompile normal arm64 /Users/kris/Epilogue/build/SourcePackages/checkouts/swift-collections/Sources/OrderedCollections/OrderedSet/OrderedSet+Partial\ SetAlgebra\ isStrictSubset.swift (in target 'OrderedCollections' from project 'swift-collections')
    cd /Users/kris/Epilogue/Epilogue/Epilogue.xcodeproj
    

SwiftCompile normal arm64 /Users/kris/Epilogue/build/SourcePackages/checkouts/swift-collections/Sources/OrderedCollections/OrderedSet/OrderedSet+Partial\ SetAlgebra\ isStrictSuperset.swift (in target 'OrderedCollections' from project 'swift-collections')
    cd /Users/kris/Epilogue/Epilogue/Epilogue.xcodeproj
    

SwiftCompile normal arm64 /Users/kris/Epilogue/build/SourcePackages/checkouts/swift-collections/Sources/OrderedCollections/OrderedSet/OrderedSet+Partial\ SetAlgebra\ isSubset.swift (in target 'OrderedCollections' from project 'swift-collections')
    cd /Users/kris/Epilogue/Epilogue/Epilogue.xcodeproj
    

SwiftCompile normal x86_64 Compiling\ OrderedSet+CustomReflectable.swift,\ OrderedSet+Descriptions.swift,\ OrderedSet+Diffing.swift,\ OrderedSet+Equatable.swift,\ OrderedSet+ExpressibleByArrayLiteral.swift /Users/kris/Epilogue/build/SourcePackages/checkouts/swift-collections/Sources/OrderedCollections/OrderedSet/OrderedSet+CustomReflectable.swift /Users/kris/Epilogue/build/SourcePackages/checkouts/swift-collections/Sources/OrderedCollections/OrderedSet/OrderedSet+Descriptions.swift /Users/kris/Epilogue/build/SourcePackages/checkouts/swift-collections/Sources/OrderedCollections/OrderedSet/OrderedSet+Diffing.swift /Users/kris/Epilogue/build/SourcePackages/checkouts/swift-collections/Sources/OrderedCollections/OrderedSet/OrderedSet+Equatable.swift /Users/kris/Epilogue/build/SourcePackages/checkouts/swift-collections/Sources/OrderedCollections/OrderedSet/OrderedSet+ExpressibleByArrayLiteral.swift (in target 'OrderedCollections' from project 'swift-collections')

SwiftCompile normal x86_64 /Users/kris/Epilogue/build/SourcePackages/checkouts/swift-collections/Sources/OrderedCollections/OrderedSet/OrderedSet+CustomReflectable.swift (in target 'OrderedCollections' from project 'swift-collections')
    cd /Users/kris/Epilogue/Epilogue/Epilogue.xcodeproj
    

SwiftCompile normal x86_64 /Users/kris/Epilogue/build/SourcePackages/checkouts/swift-collections/Sources/OrderedCollections/OrderedSet/OrderedSet+Descriptions.swift (in target 'OrderedCollections' from project 'swift-collections')
    cd /Users/kris/Epilogue/Epilogue/Epilogue.xcodeproj
    

SwiftCompile normal x86_64 /Users/kris/Epilogue/build/SourcePackages/checkouts/swift-collections/Sources/OrderedCollections/OrderedSet/OrderedSet+Diffing.swift (in target 'OrderedCollections' from project 'swift-collections')
    cd /Users/kris/Epilogue/Epilogue/Epilogue.xcodeproj
    

SwiftCompile normal x86_64 /Users/kris/Epilogue/build/SourcePackages/checkouts/swift-collections/Sources/OrderedCollections/OrderedSet/OrderedSet+Equatable.swift (in target 'OrderedCollections' from project 'swift-collections')
    cd /Users/kris/Epilogue/Epilogue/Epilogue.xcodeproj
    

SwiftCompile normal x86_64 /Users/kris/Epilogue/build/SourcePackages/checkouts/swift-collections/Sources/OrderedCollections/OrderedSet/OrderedSet+ExpressibleByArrayLiteral.swift (in target 'OrderedCollections' from project 'swift-collections')
    cd /Users/kris/Epilogue/Epilogue/Epilogue.xcodeproj
    

SwiftCompile normal arm64 Compiling\ _HashTable+Bucket.swift,\ _HashTable+BucketIterator.swift,\ _HashTable+Constants.swift,\ _HashTable+CustomStringConvertible.swift,\ _HashTable+Testing.swift,\ _HashTable+UnsafeHandle.swift /Users/kris/Epilogue/build/SourcePackages/checkouts/swift-collections/Sources/OrderedCollections/HashTable/_HashTable+Bucket.swift /Users/kris/Epilogue/build/SourcePackages/checkouts/swift-collections/Sources/OrderedCollections/HashTable/_HashTable+BucketIterator.swift /Users/kris/Epilogue/build/SourcePackages/checkouts/swift-collections/Sources/OrderedCollections/HashTable/_HashTable+Constants.swift /Users/kris/Epilogue/build/SourcePackages/checkouts/swift-collections/Sources/OrderedCollections/HashTable/_HashTable+CustomStringConvertible.swift /Users/kris/Epilogue/build/SourcePackages/checkouts/swift-collections/Sources/OrderedCollections/HashTable/_HashTable+Testing.swift /Users/kris/Epilogue/build/SourcePackages/checkouts/swift-collections/Sources/OrderedCollections/HashTable/_HashTable+UnsafeHandle.swift (in target 'OrderedCollections' from project 'swift-collections')
SwiftCompile normal arm64 /Users/kris/Epilogue/build/SourcePackages/checkouts/swift-collections/Sources/OrderedCollections/HashTable/_HashTable+Bucket.swift (in target 'OrderedCollections' from project 'swift-collections')
    cd /Users/kris/Epilogue/Epilogue/Epilogue.xcodeproj
    

SwiftCompile normal arm64 /Users/kris/Epilogue/build/SourcePackages/checkouts/swift-collections/Sources/OrderedCollections/HashTable/_HashTable+BucketIterator.swift (in target 'OrderedCollections' from project 'swift-collections')
    cd /Users/kris/Epilogue/Epilogue/Epilogue.xcodeproj
    

SwiftCompile normal arm64 /Users/kris/Epilogue/build/SourcePackages/checkouts/swift-collections/Sources/OrderedCollections/HashTable/_HashTable+Constants.swift (in target 'OrderedCollections' from project 'swift-collections')
    cd /Users/kris/Epilogue/Epilogue/Epilogue.xcodeproj
    

SwiftCompile normal arm64 /Users/kris/Epilogue/build/SourcePackages/checkouts/swift-collections/Sources/OrderedCollections/HashTable/_HashTable+CustomStringConvertible.swift (in target 'OrderedCollections' from project 'swift-collections')
    cd /Users/kris/Epilogue/Epilogue/Epilogue.xcodeproj
    

SwiftCompile normal arm64 /Users/kris/Epilogue/build/SourcePackages/checkouts/swift-collections/Sources/OrderedCollections/HashTable/_HashTable+Testing.swift (in target 'OrderedCollections' from project 'swift-collections')
    cd /Users/kris/Epilogue/Epilogue/Epilogue.xcodeproj
    

SwiftCompile normal arm64 /Users/kris/Epilogue/build/SourcePackages/checkouts/swift-collections/Sources/OrderedCollections/HashTable/_HashTable+UnsafeHandle.swift (in target 'OrderedCollections' from project 'swift-collections')
    cd /Users/kris/Epilogue/Epilogue/Epilogue.xcodeproj
    

SwiftExplicitDependencyGeneratePcm x86_64 /Users/kris/Epilogue/build/ModuleCache.noindex/Metal-BP6JR7KYEU35FC0JV9TY3XFWK.pcm

SwiftDriver\ Compilation InternalCollectionsUtilities normal x86_64 com.apple.xcode.tools.swift.compiler (in target 'InternalCollectionsUtilities' from project 'swift-collections')
    cd /Users/kris/Epilogue/Epilogue/Epilogue.xcodeproj
    builtin-Swift-Compilation -- /Applications/Xcode-beta.app/Contents/Developer/Toolchains/XcodeDefault.xctoolchain/usr/bin/swiftc -module-name InternalCollectionsUtilities -Onone -enforce-exclusivity\=checked @/Users/kris/Epilogue/build/Build/Intermediates.noindex/swift-collections.build/Debug-iphonesimulator/InternalCollectionsUtilities.build/Objects-normal/x86_64/InternalCollectionsUtilities.SwiftFileList -DSWIFT_PACKAGE -DDEBUG -DSWIFT_MODULE_RESOURCE_BUNDLE_UNAVAILABLE -DCOLLECTIONS_RANDOMIZED_TESTING -DXcode -plugin-path /Applications/Xcode-beta.app/Contents/Developer/Toolchains/XcodeDefault.xctoolchain/usr/lib/swift/host/plugins/testing -enable-experimental-feature DebugDescriptionMacro -sdk /Applications/Xcode-beta.app/Contents/Developer/Platforms/iPhoneSimulator.platform/Developer/SDKs/iPhoneSimulator26.0.sdk -target x86_64-apple-ios12.0-simulator -g -module-cache-path /Users/kris/Epilogue/build/ModuleCache.noindex -Xfrontend -serialize-debugging-options -profile-coverage-mapping -profile-generate -enable-testing -suppress-warnings -index-store-path /Users/kris/Epilogue/build/Index.noindex/DataStore -Xcc -D_LIBCPP_HARDENING_MODE\=_LIBCPP_HARDENING_MODE_DEBUG -swift-version 5 -I /Users/kris/Epilogue/build/Build/Products/Debug-iphonesimulator -Isystem /Applications/Xcode-beta.app/Contents/Developer/Platforms/iPhoneSimulator.platform/Developer/usr/lib -F /Users/kris/Epilogue/build/Build/Products/Debug-iphonesimulator -F /Applications/Xcode-beta.app/Contents/Developer/Platforms/iPhoneSimulator.platform/Developer/Library/Frameworks -F /Applications/Xcode-beta.app/Contents/Developer/Platforms/iPhoneSimulator.platform/Developer/SDKs/iPhoneSimulator26.0.sdk/Developer/Library/Frameworks -c -j12 -enable-batch-mode -incremental -Xcc -ivfsstatcache -Xcc /Users/kris/Epilogue/build/SDKStatCaches.noindex/iphonesimulator26.0-23A5297f-3885c01c3e6b6a337905948deab2002efc862078e33f881139a9d2f83bd1a9d0.sdkstatcache -output-file-map /Users/kris/Epilogue/build/Build/Intermediates.noindex/swift-collections.build/Debug-iphonesimulator/InternalCollectionsUtilities.build/Objects-normal/x86_64/InternalCollectionsUtilities-OutputFileMap.json -use-frontend-parseable-output -save-temps -no-color-diagnostics -explicit-module-build -module-cache-path /Users/kris/Epilogue/build/Build/Intermediates.noindex/SwiftExplicitPrecompiledModules -clang-scanner-module-cache-path /Users/kris/Epilogue/build/ModuleCache.noindex -sdk-module-cache-path /Users/kris/Epilogue/build/ModuleCache.noindex -serialize-diagnostics -emit-dependencies -emit-module -emit-module-path /Users/kris/Epilogue/build/Build/Intermediates.noindex/swift-collections.build/Debug-iphonesimulator/InternalCollectionsUtilities.build/Objects-normal/x86_64/InternalCollectionsUtilities.swiftmodule -validate-clang-modules-once -clang-build-session-file /Users/kris/Epilogue/build/ModuleCache.noindex/Session.modulevalidation -package-name swift_collections -Xcc -I/Users/kris/Epilogue/build/Build/Intermediates.noindex/swift-collections.build/Debug-iphonesimulator/InternalCollectionsUtilities.build/swift-overrides.hmap -emit-const-values -Xfrontend -const-gather-protocols-file -Xfrontend /Users/kris/Epilogue/build/Build/Intermediates.noindex/swift-collections.build/Debug-iphonesimulator/InternalCollectionsUtilities.build/Objects-normal/x86_64/InternalCollectionsUtilities_const_extract_protocols.json -Xcc -I/Users/kris/Epilogue/build/Build/Products/Debug-iphonesimulator/include -Xcc -I/Users/kris/Epilogue/build/Build/Intermediates.noindex/swift-collections.build/Debug-iphonesimulator/InternalCollectionsUtilities.build/DerivedSources-normal/x86_64 -Xcc -I/Users/kris/Epilogue/build/Build/Intermediates.noindex/swift-collections.build/Debug-iphonesimulator/InternalCollectionsUtilities.build/DerivedSources/x86_64 -Xcc -I/Users/kris/Epilogue/build/Build/Intermediates.noindex/swift-collections.build/Debug-iphonesimulator/InternalCollectionsUtilities.build/DerivedSources -Xcc -DSWIFT_PACKAGE -Xcc -DDEBUG\=1 -emit-objc-header -emit-objc-header-path /Users/kris/Epilogue/build/Build/Intermediates.noindex/swift-collections.build/Debug-iphonesimulator/InternalCollectionsUtilities.build/Objects-normal/x86_64/InternalCollectionsUtilities-Swift.h -working-directory /Users/kris/Epilogue/Epilogue/Epilogue.xcodeproj -experimental-emit-module-separately -disable-cmo

SwiftCompile normal arm64 Compiling\ HubApi.swift /Users/kris/Epilogue/build/SourcePackages/checkouts/swift-transformers/Sources/Hub/HubApi.swift (in target 'Hub' from project 'swift-transformers')
SwiftCompile normal arm64 /Users/kris/Epilogue/build/SourcePackages/checkouts/swift-transformers/Sources/Hub/HubApi.swift (in target 'Hub' from project 'swift-transformers')
    cd /Users/kris/Epilogue/Epilogue/Epilogue.xcodeproj
    

Ld /Users/kris/Epilogue/build/Build/Intermediates.noindex/swift-collections.build/Debug-iphonesimulator/InternalCollectionsUtilities.build/Objects-normal/x86_64/Binary/InternalCollectionsUtilities.o normal x86_64 (in target 'InternalCollectionsUtilities' from project 'swift-collections')
    cd /Users/kris/Epilogue/build/SourcePackages/checkouts/swift-collections
    /Applications/Xcode-beta.app/Contents/Developer/Toolchains/XcodeDefault.xctoolchain/usr/bin/clang -Xlinker -reproducible -target x86_64-apple-ios12.0-simulator -r -isysroot /Applications/Xcode-beta.app/Contents/Developer/Platforms/iPhoneSimulator.platform/Developer/SDKs/iPhoneSimulator26.0.sdk -O0 -w -L/Users/kris/Epilogue/build/Build/Intermediates.noindex/EagerLinkingTBDs/Debug-iphonesimulator -L/Users/kris/Epilogue/build/Build/Products/Debug-iphonesimulator -L/Applications/Xcode-beta.app/Contents/Developer/Platforms/iPhoneSimulator.platform/Developer/usr/lib -F/Users/kris/Epilogue/build/Build/Intermediates.noindex/EagerLinkingTBDs/Debug-iphonesimulator -F/Users/kris/Epilogue/build/Build/Products/Debug-iphonesimulator -iframework /Applications/Xcode-beta.app/Contents/Developer/Platforms/iPhoneSimulator.platform/Developer/Library/Frameworks -iframework /Applications/Xcode-beta.app/Contents/Developer/Platforms/iPhoneSimulator.platform/Developer/SDKs/iPhoneSimulator26.0.sdk/Developer/Library/Frameworks -filelist /Users/kris/Epilogue/build/Build/Intermediates.noindex/swift-collections.build/Debug-iphonesimulator/InternalCollectionsUtilities.build/Objects-normal/x86_64/InternalCollectionsUtilities.LinkFileList -nostdlib -Xlinker -object_path_lto -Xlinker /Users/kris/Epilogue/build/Build/Intermediates.noindex/swift-collections.build/Debug-iphonesimulator/InternalCollectionsUtilities.build/Objects-normal/x86_64/InternalCollectionsUtilities_lto.o -rdynamic -Xlinker -no_deduplicate -Xlinker -objc_abi_version -Xlinker 2 -Xlinker -debug_variant -Xlinker -dependency_info -Xlinker /Users/kris/Epilogue/build/Build/Intermediates.noindex/swift-collections.build/Debug-iphonesimulator/InternalCollectionsUtilities.build/Objects-normal/x86_64/InternalCollectionsUtilities_dependency_info.dat -fobjc-link-runtime -L/Applications/Xcode-beta.app/Contents/Developer/Toolchains/XcodeDefault.xctoolchain/usr/lib/swift/iphonesimulator -L/usr/lib/swift -Xlinker -add_ast_path -Xlinker /Users/kris/Epilogue/build/Build/Intermediates.noindex/swift-collections.build/Debug-iphonesimulator/InternalCollectionsUtilities.build/Objects-normal/x86_64/InternalCollectionsUtilities.swiftmodule @/Users/kris/Epilogue/build/Build/Intermediates.noindex/swift-collections.build/Debug-iphonesimulator/InternalCollectionsUtilities.build/Objects-normal/x86_64/InternalCollectionsUtilities-linker-args.resp -o /Users/kris/Epilogue/build/Build/Intermediates.noindex/swift-collections.build/Debug-iphonesimulator/InternalCollectionsUtilities.build/Objects-normal/x86_64/Binary/InternalCollectionsUtilities.o

SwiftCompile normal arm64 Compiling\ Downloader.swift /Users/kris/Epilogue/build/SourcePackages/checkouts/swift-transformers/Sources/Hub/Downloader.swift (in target 'Hub' from project 'swift-transformers')

SwiftCompile normal arm64 /Users/kris/Epilogue/build/SourcePackages/checkouts/swift-transformers/Sources/Hub/Downloader.swift (in target 'Hub' from project 'swift-transformers')
    cd /Users/kris/Epilogue/Epilogue/Epilogue.xcodeproj
    

SwiftDriverJobDiscovery normal x86_64 Compiling _HashTable.swift, _Hashtable+Header.swift, OrderedDictionary+Codable.swift, OrderedDictionary+CustomReflectable.swift, OrderedDictionary+Deprecations.swift (in target 'OrderedCollections' from project 'swift-collections')

SwiftCompile normal x86_64 Compiling\ Hub.swift /Users/kris/Epilogue/build/SourcePackages/checkouts/swift-transformers/Sources/Hub/Hub.swift (in target 'Hub' from project 'swift-transformers')

SwiftCompile normal x86_64 /Users/kris/Epilogue/build/SourcePackages/checkouts/swift-transformers/Sources/Hub/Hub.swift (in target 'Hub' from project 'swift-transformers')
    cd /Users/kris/Epilogue/Epilogue/Epilogue.xcodeproj
    

SwiftCompile normal x86_64 Compiling\ HubApi.swift /Users/kris/Epilogue/build/SourcePackages/checkouts/swift-transformers/Sources/Hub/HubApi.swift (in target 'Hub' from project 'swift-transformers')

SwiftCompile normal x86_64 /Users/kris/Epilogue/build/SourcePackages/checkouts/swift-transformers/Sources/Hub/HubApi.swift (in target 'Hub' from project 'swift-transformers')
    cd /Users/kris/Epilogue/Epilogue/Epilogue.xcodeproj
    

CreateUniversalBinary /Users/kris/Epilogue/build/Build/Products/Debug-iphonesimulator/InternalCollectionsUtilities.o normal arm64\ x86_64 (in target 'InternalCollectionsUtilities' from project 'swift-collections')
    cd /Users/kris/Epilogue/build/SourcePackages/checkouts/swift-collections
    /Applications/Xcode-beta.app/Contents/Developer/Toolchains/XcodeDefault.xctoolchain/usr/bin/lipo -create /Users/kris/Epilogue/build/Build/Intermediates.noindex/swift-collections.build/Debug-iphonesimulator/InternalCollectionsUtilities.build/Objects-normal/arm64/Binary/InternalCollectionsUtilities.o /Users/kris/Epilogue/build/Build/Intermediates.noindex/swift-collections.build/Debug-iphonesimulator/InternalCollectionsUtilities.build/Objects-normal/x86_64/Binary/InternalCollectionsUtilities.o -output /Users/kris/Epilogue/build/Build/Products/Debug-iphonesimulator/InternalCollectionsUtilities.o

SwiftExplicitDependencyGeneratePcm arm64 /Users/kris/Epilogue/build/ModuleCache.noindex/CoreVideo-8COGDH267JVBFYUW2JJWB2DLY.pcm

SwiftExplicitDependencyGeneratePcm x86_64 /Users/kris/Epilogue/build/ModuleCache.noindex/CoreVideo-6ZHCDOCVNMG0SBURMCLFMJ2OB.pcm

SwiftCompile normal x86_64 Compiling\ resource_bundle_accessor.swift /Users/kris/Epilogue/build/Build/Intermediates.noindex/swift-transformers.build/Debug-iphonesimulator/Hub.build/DerivedSources/resource_bundle_accessor.swift (in target 'Hub' from project 'swift-transformers')

SwiftCompile normal x86_64 /Users/kris/Epilogue/build/Build/Intermediates.noindex/swift-transformers.build/Debug-iphonesimulator/Hub.build/DerivedSources/resource_bundle_accessor.swift (in target 'Hub' from project 'swift-transformers')
    cd /Users/kris/Epilogue/Epilogue/Epilogue.xcodeproj
    

SwiftDriverJobDiscovery normal x86_64 Compiling OrderedSet+CustomReflectable.swift, OrderedSet+Descriptions.swift, OrderedSet+Diffing.swift, OrderedSet+Equatable.swift, OrderedSet+ExpressibleByArrayLiteral.swift (in target 'OrderedCollections' from project 'swift-collections')

SwiftCompile normal x86_64 Compiling\ Downloader.swift /Users/kris/Epilogue/build/SourcePackages/checkouts/swift-transformers/Sources/Hub/Downloader.swift (in target 'Hub' from project 'swift-transformers')

SwiftCompile normal x86_64 /Users/kris/Epilogue/build/SourcePackages/checkouts/swift-transformers/Sources/Hub/Downloader.swift (in target 'Hub' from project 'swift-transformers')
    cd /Users/kris/Epilogue/Epilogue/Epilogue.xcodeproj
    

SwiftDriverJobDiscovery normal x86_64 Compiling _HashTable+Bucket.swift, _HashTable+BucketIterator.swift, _HashTable+Constants.swift, _HashTable+CustomStringConvertible.swift, _HashTable+Testing.swift, _HashTable+UnsafeHandle.swift (in target 'OrderedCollections' from project 'swift-collections')

SwiftCompile normal arm64 Compiling\ Hub.swift /Users/kris/Epilogue/build/SourcePackages/checkouts/swift-transformers/Sources/Hub/Hub.swift (in target 'Hub' from project 'swift-transformers')

SwiftCompile normal arm64 /Users/kris/Epilogue/build/SourcePackages/checkouts/swift-transformers/Sources/Hub/Hub.swift (in target 'Hub' from project 'swift-transformers')
    cd /Users/kris/Epilogue/Epilogue/Epilogue.xcodeproj
    

SwiftDriverJobDiscovery normal x86_64 Emitting module for ArgumentParser (in target 'ArgumentParser' from project 'swift-argument-parser')

SwiftDriver\ Compilation\ Requirements ArgumentParser normal x86_64 com.apple.xcode.tools.swift.compiler (in target 'ArgumentParser' from project 'swift-argument-parser')
    cd /Users/kris/Epilogue/Epilogue/Epilogue.xcodeproj
    builtin-Swift-Compilation-Requirements -- /Applications/Xcode-beta.app/Contents/Developer/Toolchains/XcodeDefault.xctoolchain/usr/bin/swiftc -module-name ArgumentParser -Onone -enforce-exclusivity\=checked @/Users/kris/Epilogue/build/Build/Intermediates.noindex/swift-argument-parser.build/Debug-iphonesimulator/ArgumentParser.build/Objects-normal/x86_64/ArgumentParser.SwiftFileList -DSWIFT_PACKAGE -DDEBUG -DSWIFT_MODULE_RESOURCE_BUNDLE_UNAVAILABLE -DXcode -enable-experimental-feature StrictConcurrency -plugin-path /Applications/Xcode-beta.app/Contents/Developer/Toolchains/XcodeDefault.xctoolchain/usr/lib/swift/host/plugins/testing -enable-experimental-feature DebugDescriptionMacro -sdk /Applications/Xcode-beta.app/Contents/Developer/Platforms/iPhoneSimulator.platform/Developer/SDKs/iPhoneSimulator26.0.sdk -target x86_64-apple-ios12.0-simulator -g -module-cache-path /Users/kris/Epilogue/build/ModuleCache.noindex -Xfrontend -serialize-debugging-options -profile-coverage-mapping -profile-generate -enable-testing -suppress-warnings -index-store-path /Users/kris/Epilogue/build/Index.noindex/DataStore -Xcc -D_LIBCPP_HARDENING_MODE\=_LIBCPP_HARDENING_MODE_DEBUG -swift-version 5 -I /Users/kris/Epilogue/build/Build/Products/Debug-iphonesimulator -Isystem /Applications/Xcode-beta.app/Contents/Developer/Platforms/iPhoneSimulator.platform/Developer/usr/lib -F /Users/kris/Epilogue/build/Build/Products/Debug-iphonesimulator/PackageFrameworks -F /Users/kris/Epilogue/build/Build/Products/Debug-iphonesimulator -F /Applications/Xcode-beta.app/Contents/Developer/Platforms/iPhoneSimulator.platform/Developer/Library/Frameworks -F /Applications/Xcode-beta.app/Contents/Developer/Platforms/iPhoneSimulator.platform/Developer/SDKs/iPhoneSimulator26.0.sdk/Developer/Library/Frameworks -c -j12 -enable-batch-mode -incremental -Xcc -ivfsstatcache -Xcc /Users/kris/Epilogue/build/SDKStatCaches.noindex/iphonesimulator26.0-23A5297f-3885c01c3e6b6a337905948deab2002efc862078e33f881139a9d2f83bd1a9d0.sdkstatcache -output-file-map /Users/kris/Epilogue/build/Build/Intermediates.noindex/swift-argument-parser.build/Debug-iphonesimulator/ArgumentParser.build/Objects-normal/x86_64/ArgumentParser-OutputFileMap.json -use-frontend-parseable-output -save-temps -no-color-diagnostics -explicit-module-build -module-cache-path /Users/kris/Epilogue/build/Build/Intermediates.noindex/SwiftExplicitPrecompiledModules -clang-scanner-module-cache-path /Users/kris/Epilogue/build/ModuleCache.noindex -sdk-module-cache-path /Users/kris/Epilogue/build/ModuleCache.noindex -serialize-diagnostics -emit-dependencies -emit-module -emit-module-path /Users/kris/Epilogue/build/Build/Intermediates.noindex/swift-argument-parser.build/Debug-iphonesimulator/ArgumentParser.build/Objects-normal/x86_64/ArgumentParser.swiftmodule -validate-clang-modules-once -clang-build-session-file /Users/kris/Epilogue/build/ModuleCache.noindex/Session.modulevalidation -Xcc -I/Users/kris/Epilogue/build/Build/Intermediates.noindex/swift-argument-parser.build/Debug-iphonesimulator/ArgumentParser.build/swift-overrides.hmap -emit-const-values -Xfrontend -const-gather-protocols-file -Xfrontend /Users/kris/Epilogue/build/Build/Intermediates.noindex/swift-argument-parser.build/Debug-iphonesimulator/ArgumentParser.build/Objects-normal/x86_64/ArgumentParser_const_extract_protocols.json -Xcc -I/Users/kris/Epilogue/build/Build/Products/Debug-iphonesimulator/include -Xcc -I/Users/kris/Epilogue/build/Build/Intermediates.noindex/swift-argument-parser.build/Debug-iphonesimulator/ArgumentParser.build/DerivedSources-normal/x86_64 -Xcc -I/Users/kris/Epilogue/build/Build/Intermediates.noindex/swift-argument-parser.build/Debug-iphonesimulator/ArgumentParser.build/DerivedSources/x86_64 -Xcc -I/Users/kris/Epilogue/build/Build/Intermediates.noindex/swift-argument-parser.build/Debug-iphonesimulator/ArgumentParser.build/DerivedSources -Xcc -DSWIFT_PACKAGE -Xcc -DDEBUG\=1 -emit-objc-header -emit-objc-header-path /Users/kris/Epilogue/build/Build/Intermediates.noindex/swift-argument-parser.build/Debug-iphonesimulator/ArgumentParser.build/Objects-normal/x86_64/ArgumentParser-Swift.h -working-directory /Users/kris/Epilogue/Epilogue/Epilogue.xcodeproj -experimental-emit-module-separately -disable-cmo

SwiftExplicitDependencyGeneratePcm arm64 /Users/kris/Epilogue/build/ModuleCache.noindex/CoreML-CRPIQ495GJELEXNE4B2HL502S.pcm

Copy /Users/kris/Epilogue/build/Build/Products/Debug-iphonesimulator/ArgumentParser.swiftmodule/x86_64-apple-ios-simulator.swiftmodule /Users/kris/Epilogue/build/Build/Intermediates.noindex/swift-argument-parser.build/Debug-iphonesimulator/ArgumentParser.build/Objects-normal/x86_64/ArgumentParser.swiftmodule (in target 'ArgumentParser' from project 'swift-argument-parser')
    cd /Users/kris/Epilogue/build/SourcePackages/checkouts/swift-argument-parser
    builtin-copy -exclude .DS_Store -exclude CVS -exclude .svn -exclude .git -exclude .hg -resolve-src-symlinks -rename /Users/kris/Epilogue/build/Build/Intermediates.noindex/swift-argument-parser.build/Debug-iphonesimulator/ArgumentParser.build/Objects-normal/x86_64/ArgumentParser.swiftmodule /Users/kris/Epilogue/build/Build/Products/Debug-iphonesimulator/ArgumentParser.swiftmodule/x86_64-apple-ios-simulator.swiftmodule

Copy /Users/kris/Epilogue/build/Build/Products/Debug-iphonesimulator/ArgumentParser.swiftmodule/x86_64-apple-ios-simulator.swiftdoc /Users/kris/Epilogue/build/Build/Intermediates.noindex/swift-argument-parser.build/Debug-iphonesimulator/ArgumentParser.build/Objects-normal/x86_64/ArgumentParser.swiftdoc (in target 'ArgumentParser' from project 'swift-argument-parser')
    cd /Users/kris/Epilogue/build/SourcePackages/checkouts/swift-argument-parser
    builtin-copy -exclude .DS_Store -exclude CVS -exclude .svn -exclude .git -exclude .hg -resolve-src-symlinks -rename /Users/kris/Epilogue/build/Build/Intermediates.noindex/swift-argument-parser.build/Debug-iphonesimulator/ArgumentParser.build/Objects-normal/x86_64/ArgumentParser.swiftdoc /Users/kris/Epilogue/build/Build/Products/Debug-iphonesimulator/ArgumentParser.swiftmodule/x86_64-apple-ios-simulator.swiftdoc

Copy /Users/kris/Epilogue/build/Build/Products/Debug-iphonesimulator/ArgumentParser.swiftmodule/x86_64-apple-ios-simulator.abi.json /Users/kris/Epilogue/build/Build/Intermediates.noindex/swift-argument-parser.build/Debug-iphonesimulator/ArgumentParser.build/Objects-normal/x86_64/ArgumentParser.abi.json (in target 'ArgumentParser' from project 'swift-argument-parser')
    cd /Users/kris/Epilogue/build/SourcePackages/checkouts/swift-argument-parser
    builtin-copy -exclude .DS_Store -exclude CVS -exclude .svn -exclude .git -exclude .hg -resolve-src-symlinks -rename /Users/kris/Epilogue/build/Build/Intermediates.noindex/swift-argument-parser.build/Debug-iphonesimulator/ArgumentParser.build/Objects-normal/x86_64/ArgumentParser.abi.json /Users/kris/Epilogue/build/Build/Products/Debug-iphonesimulator/ArgumentParser.swiftmodule/x86_64-apple-ios-simulator.abi.json

SwiftDriverJobDiscovery normal arm64 Emitting module for ArgumentParser (in target 'ArgumentParser' from project 'swift-argument-parser')

SwiftDriver\ Compilation\ Requirements ArgumentParser normal arm64 com.apple.xcode.tools.swift.compiler (in target 'ArgumentParser' from project 'swift-argument-parser')
    cd /Users/kris/Epilogue/Epilogue/Epilogue.xcodeproj
    builtin-Swift-Compilation-Requirements -- /Applications/Xcode-beta.app/Contents/Developer/Toolchains/XcodeDefault.xctoolchain/usr/bin/swiftc -module-name ArgumentParser -Onone -enforce-exclusivity\=checked @/Users/kris/Epilogue/build/Build/Intermediates.noindex/swift-argument-parser.build/Debug-iphonesimulator/ArgumentParser.build/Objects-normal/arm64/ArgumentParser.SwiftFileList -DSWIFT_PACKAGE -DDEBUG -DSWIFT_MODULE_RESOURCE_BUNDLE_UNAVAILABLE -DXcode -enable-experimental-feature StrictConcurrency -plugin-path /Applications/Xcode-beta.app/Contents/Developer/Toolchains/XcodeDefault.xctoolchain/usr/lib/swift/host/plugins/testing -enable-experimental-feature DebugDescriptionMacro -sdk /Applications/Xcode-beta.app/Contents/Developer/Platforms/iPhoneSimulator.platform/Developer/SDKs/iPhoneSimulator26.0.sdk -target arm64-apple-ios12.0-simulator -g -module-cache-path /Users/kris/Epilogue/build/ModuleCache.noindex -Xfrontend -serialize-debugging-options -profile-coverage-mapping -profile-generate -enable-testing -suppress-warnings -index-store-path /Users/kris/Epilogue/build/Index.noindex/DataStore -Xcc -D_LIBCPP_HARDENING_MODE\=_LIBCPP_HARDENING_MODE_DEBUG -swift-version 5 -I /Users/kris/Epilogue/build/Build/Products/Debug-iphonesimulator -Isystem /Applications/Xcode-beta.app/Contents/Developer/Platforms/iPhoneSimulator.platform/Developer/usr/lib -F /Users/kris/Epilogue/build/Build/Products/Debug-iphonesimulator/PackageFrameworks -F /Users/kris/Epilogue/build/Build/Products/Debug-iphonesimulator -F /Applications/Xcode-beta.app/Contents/Developer/Platforms/iPhoneSimulator.platform/Developer/Library/Frameworks -F /Applications/Xcode-beta.app/Contents/Developer/Platforms/iPhoneSimulator.platform/Developer/SDKs/iPhoneSimulator26.0.sdk/Developer/Library/Frameworks -c -j12 -enable-batch-mode -incremental -Xcc -ivfsstatcache -Xcc /Users/kris/Epilogue/build/SDKStatCaches.noindex/iphonesimulator26.0-23A5297f-3885c01c3e6b6a337905948deab2002efc862078e33f881139a9d2f83bd1a9d0.sdkstatcache -output-file-map /Users/kris/Epilogue/build/Build/Intermediates.noindex/swift-argument-parser.build/Debug-iphonesimulator/ArgumentParser.build/Objects-normal/arm64/ArgumentParser-OutputFileMap.json -use-frontend-parseable-output -save-temps -no-color-diagnostics -explicit-module-build -module-cache-path /Users/kris/Epilogue/build/Build/Intermediates.noindex/SwiftExplicitPrecompiledModules -clang-scanner-module-cache-path /Users/kris/Epilogue/build/ModuleCache.noindex -sdk-module-cache-path /Users/kris/Epilogue/build/ModuleCache.noindex -serialize-diagnostics -emit-dependencies -emit-module -emit-module-path /Users/kris/Epilogue/build/Build/Intermediates.noindex/swift-argument-parser.build/Debug-iphonesimulator/ArgumentParser.build/Objects-normal/arm64/ArgumentParser.swiftmodule -validate-clang-modules-once -clang-build-session-file /Users/kris/Epilogue/build/ModuleCache.noindex/Session.modulevalidation -Xcc -I/Users/kris/Epilogue/build/Build/Intermediates.noindex/swift-argument-parser.build/Debug-iphonesimulator/ArgumentParser.build/swift-overrides.hmap -emit-const-values -Xfrontend -const-gather-protocols-file -Xfrontend /Users/kris/Epilogue/build/Build/Intermediates.noindex/swift-argument-parser.build/Debug-iphonesimulator/ArgumentParser.build/Objects-normal/arm64/ArgumentParser_const_extract_protocols.json -Xcc -I/Users/kris/Epilogue/build/Build/Products/Debug-iphonesimulator/include -Xcc -I/Users/kris/Epilogue/build/Build/Intermediates.noindex/swift-argument-parser.build/Debug-iphonesimulator/ArgumentParser.build/DerivedSources-normal/arm64 -Xcc -I/Users/kris/Epilogue/build/Build/Intermediates.noindex/swift-argument-parser.build/Debug-iphonesimulator/ArgumentParser.build/DerivedSources/arm64 -Xcc -I/Users/kris/Epilogue/build/Build/Intermediates.noindex/swift-argument-parser.build/Debug-iphonesimulator/ArgumentParser.build/DerivedSources -Xcc -DSWIFT_PACKAGE -Xcc -DDEBUG\=1 -emit-objc-header -emit-objc-header-path /Users/kris/Epilogue/build/Build/Intermediates.noindex/swift-argument-parser.build/Debug-iphonesimulator/ArgumentParser.build/Objects-normal/arm64/ArgumentParser-Swift.h -working-directory /Users/kris/Epilogue/Epilogue/Epilogue.xcodeproj -experimental-emit-module-separately -disable-cmo

Copy /Users/kris/Epilogue/build/Build/Products/Debug-iphonesimulator/ArgumentParser.swiftmodule/Project/x86_64-apple-ios-simulator.swiftsourceinfo /Users/kris/Epilogue/build/Build/Intermediates.noindex/swift-argument-parser.build/Debug-iphonesimulator/ArgumentParser.build/Objects-normal/x86_64/ArgumentParser.swiftsourceinfo (in target 'ArgumentParser' from project 'swift-argument-parser')
    cd /Users/kris/Epilogue/build/SourcePackages/checkouts/swift-argument-parser
    builtin-copy -exclude .DS_Store -exclude CVS -exclude .svn -exclude .git -exclude .hg -resolve-src-symlinks -rename /Users/kris/Epilogue/build/Build/Intermediates.noindex/swift-argument-parser.build/Debug-iphonesimulator/ArgumentParser.build/Objects-normal/x86_64/ArgumentParser.swiftsourceinfo /Users/kris/Epilogue/build/Build/Products/Debug-iphonesimulator/ArgumentParser.swiftmodule/Project/x86_64-apple-ios-simulator.swiftsourceinfo

SwiftExplicitDependencyGeneratePcm x86_64 /Users/kris/Epilogue/build/ModuleCache.noindex/CoreImage-5DPWS3ZFY2ZQJ6HCK49AWQERE.pcm

SwiftMergeGeneratedHeaders /Users/kris/Epilogue/build/Build/Intermediates.noindex/GeneratedModuleMaps-iphonesimulator/ArgumentParser-Swift.h /Users/kris/Epilogue/build/Build/Intermediates.noindex/swift-argument-parser.build/Debug-iphonesimulator/ArgumentParser.build/Objects-normal/arm64/ArgumentParser-Swift.h /Users/kris/Epilogue/build/Build/Intermediates.noindex/swift-argument-parser.build/Debug-iphonesimulator/ArgumentParser.build/Objects-normal/x86_64/ArgumentParser-Swift.h (in target 'ArgumentParser' from project 'swift-argument-parser')
    cd /Users/kris/Epilogue/build/SourcePackages/checkouts/swift-argument-parser
    builtin-swiftHeaderTool -arch arm64 /Users/kris/Epilogue/build/Build/Intermediates.noindex/swift-argument-parser.build/Debug-iphonesimulator/ArgumentParser.build/Objects-normal/arm64/ArgumentParser-Swift.h -arch x86_64 /Users/kris/Epilogue/build/Build/Intermediates.noindex/swift-argument-parser.build/Debug-iphonesimulator/ArgumentParser.build/Objects-normal/x86_64/ArgumentParser-Swift.h -o /Users/kris/Epilogue/build/Build/Intermediates.noindex/GeneratedModuleMaps-iphonesimulator/ArgumentParser-Swift.h

Copy /Users/kris/Epilogue/build/Build/Products/Debug-iphonesimulator/ArgumentParser.swiftmodule/arm64-apple-ios-simulator.swiftmodule /Users/kris/Epilogue/build/Build/Intermediates.noindex/swift-argument-parser.build/Debug-iphonesimulator/ArgumentParser.build/Objects-normal/arm64/ArgumentParser.swiftmodule (in target 'ArgumentParser' from project 'swift-argument-parser')
    cd /Users/kris/Epilogue/build/SourcePackages/checkouts/swift-argument-parser
    builtin-copy -exclude .DS_Store -exclude CVS -exclude .svn -exclude .git -exclude .hg -resolve-src-symlinks -rename /Users/kris/Epilogue/build/Build/Intermediates.noindex/swift-argument-parser.build/Debug-iphonesimulator/ArgumentParser.build/Objects-normal/arm64/ArgumentParser.swiftmodule /Users/kris/Epilogue/build/Build/Products/Debug-iphonesimulator/ArgumentParser.swiftmodule/arm64-apple-ios-simulator.swiftmodule

Copy /Users/kris/Epilogue/build/Build/Products/Debug-iphonesimulator/ArgumentParser.swiftmodule/arm64-apple-ios-simulator.swiftdoc /Users/kris/Epilogue/build/Build/Intermediates.noindex/swift-argument-parser.build/Debug-iphonesimulator/ArgumentParser.build/Objects-normal/arm64/ArgumentParser.swiftdoc (in target 'ArgumentParser' from project 'swift-argument-parser')
    cd /Users/kris/Epilogue/build/SourcePackages/checkouts/swift-argument-parser
    builtin-copy -exclude .DS_Store -exclude CVS -exclude .svn -exclude .git -exclude .hg -resolve-src-symlinks -rename /Users/kris/Epilogue/build/Build/Intermediates.noindex/swift-argument-parser.build/Debug-iphonesimulator/ArgumentParser.build/Objects-normal/arm64/ArgumentParser.swiftdoc /Users/kris/Epilogue/build/Build/Products/Debug-iphonesimulator/ArgumentParser.swiftmodule/arm64-apple-ios-simulator.swiftdoc

Copy /Users/kris/Epilogue/build/Build/Products/Debug-iphonesimulator/ArgumentParser.swiftmodule/arm64-apple-ios-simulator.abi.json /Users/kris/Epilogue/build/Build/Intermediates.noindex/swift-argument-parser.build/Debug-iphonesimulator/ArgumentParser.build/Objects-normal/arm64/ArgumentParser.abi.json (in target 'ArgumentParser' from project 'swift-argument-parser')
    cd /Users/kris/Epilogue/build/SourcePackages/checkouts/swift-argument-parser
    builtin-copy -exclude .DS_Store -exclude CVS -exclude .svn -exclude .git -exclude .hg -resolve-src-symlinks -rename /Users/kris/Epilogue/build/Build/Intermediates.noindex/swift-argument-parser.build/Debug-iphonesimulator/ArgumentParser.build/Objects-normal/arm64/ArgumentParser.abi.json /Users/kris/Epilogue/build/Build/Products/Debug-iphonesimulator/ArgumentParser.swiftmodule/arm64-apple-ios-simulator.abi.json

Copy /Users/kris/Epilogue/build/Build/Products/Debug-iphonesimulator/ArgumentParser.swiftmodule/Project/arm64-apple-ios-simulator.swiftsourceinfo /Users/kris/Epilogue/build/Build/Intermediates.noindex/swift-argument-parser.build/Debug-iphonesimulator/ArgumentParser.build/Objects-normal/arm64/ArgumentParser.swiftsourceinfo (in target 'ArgumentParser' from project 'swift-argument-parser')
    cd /Users/kris/Epilogue/build/SourcePackages/checkouts/swift-argument-parser
    builtin-copy -exclude .DS_Store -exclude CVS -exclude .svn -exclude .git -exclude .hg -resolve-src-symlinks -rename /Users/kris/Epilogue/build/Build/Intermediates.noindex/swift-argument-parser.build/Debug-iphonesimulator/ArgumentParser.build/Objects-normal/arm64/ArgumentParser.swiftsourceinfo /Users/kris/Epilogue/build/Build/Products/Debug-iphonesimulator/ArgumentParser.swiftmodule/Project/arm64-apple-ios-simulator.swiftsourceinfo

SwiftExplicitDependencyGeneratePcm arm64 /Users/kris/Epilogue/build/ModuleCache.noindex/Accelerate-6I4O25499LENB2X5CK49ENFQI.pcm

SwiftExplicitDependencyGeneratePcm x86_64 /Users/kris/Epilogue/build/ModuleCache.noindex/QuartzCore-BL1NLYZFR5SKAYQFM8WY72GJZ.pcm

SwiftExplicitDependencyGeneratePcm x86_64 /Users/kris/Epilogue/build/ModuleCache.noindex/CoreML-CZDBQM4Q1IP8YFXZD61AQ0BRS.pcm

SwiftDriverJobDiscovery normal arm64 Compiling OrderedSet+Partial SetAlgebra isDisjoint.swift, OrderedSet+Partial SetAlgebra isEqualSet.swift, OrderedSet+Partial SetAlgebra isStrictSubset.swift, OrderedSet+Partial SetAlgebra isStrictSuperset.swift, OrderedSet+Partial SetAlgebra isSubset.swift (in target 'OrderedCollections' from project 'swift-collections')

SwiftExplicitDependencyGeneratePcm arm64 /Users/kris/Epilogue/build/ModuleCache.noindex/CoreImage-13QRQ36PNWCJXN8K9W2JF8FHH.pcm

SwiftExplicitDependencyGeneratePcm x86_64 /Users/kris/Epilogue/build/ModuleCache.noindex/Accelerate-6FLBVHO1155ZYE4MT6NB4RONM.pcm

SwiftExplicitDependencyGeneratePcm x86_64 /Users/kris/Epilogue/build/ModuleCache.noindex/SwiftUICore-2P5EZV9TOG2KS6PC0RTFCWPB3.pcm

SwiftExplicitDependencyGeneratePcm x86_64 /Users/kris/Epilogue/build/ModuleCache.noindex/UIKit-DBXF5Y6AI16DHVVHWHIRZOUP7.pcm

SwiftExplicitDependencyGeneratePcm arm64 /Users/kris/Epilogue/build/ModuleCache.noindex/QuartzCore-3CE378UNANSZTHYQTG8LJEDS.pcm

SwiftDriver\ Compilation OrderedCollections normal x86_64 com.apple.xcode.tools.swift.compiler (in target 'OrderedCollections' from project 'swift-collections')
    cd /Users/kris/Epilogue/Epilogue/Epilogue.xcodeproj
    builtin-Swift-Compilation -- /Applications/Xcode-beta.app/Contents/Developer/Toolchains/XcodeDefault.xctoolchain/usr/bin/swiftc -module-name OrderedCollections -Onone -enforce-exclusivity\=checked @/Users/kris/Epilogue/build/Build/Intermediates.noindex/swift-collections.build/Debug-iphonesimulator/OrderedCollections.build/Objects-normal/x86_64/OrderedCollections.SwiftFileList -DSWIFT_PACKAGE -DDEBUG -DSWIFT_MODULE_RESOURCE_BUNDLE_UNAVAILABLE -DCOLLECTIONS_RANDOMIZED_TESTING -DXcode -plugin-path /Applications/Xcode-beta.app/Contents/Developer/Toolchains/XcodeDefault.xctoolchain/usr/lib/swift/host/plugins/testing -enable-experimental-feature DebugDescriptionMacro -sdk /Applications/Xcode-beta.app/Contents/Developer/Platforms/iPhoneSimulator.platform/Developer/SDKs/iPhoneSimulator26.0.sdk -target x86_64-apple-ios12.0-simulator -g -module-cache-path /Users/kris/Epilogue/build/ModuleCache.noindex -Xfrontend -serialize-debugging-options -profile-coverage-mapping -profile-generate -enable-testing -suppress-warnings -index-store-path /Users/kris/Epilogue/build/Index.noindex/DataStore -Xcc -D_LIBCPP_HARDENING_MODE\=_LIBCPP_HARDENING_MODE_DEBUG -swift-version 5 -I /Users/kris/Epilogue/build/Build/Products/Debug-iphonesimulator -Isystem /Applications/Xcode-beta.app/Contents/Developer/Platforms/iPhoneSimulator.platform/Developer/usr/lib -F /Users/kris/Epilogue/build/Build/Products/Debug-iphonesimulator/PackageFrameworks -F /Users/kris/Epilogue/build/Build/Products/Debug-iphonesimulator -F /Applications/Xcode-beta.app/Contents/Developer/Platforms/iPhoneSimulator.platform/Developer/Library/Frameworks -F /Applications/Xcode-beta.app/Contents/Developer/Platforms/iPhoneSimulator.platform/Developer/SDKs/iPhoneSimulator26.0.sdk/Developer/Library/Frameworks -c -j12 -enable-batch-mode -incremental -Xcc -ivfsstatcache -Xcc /Users/kris/Epilogue/build/SDKStatCaches.noindex/iphonesimulator26.0-23A5297f-3885c01c3e6b6a337905948deab2002efc862078e33f881139a9d2f83bd1a9d0.sdkstatcache -output-file-map /Users/kris/Epilogue/build/Build/Intermediates.noindex/swift-collections.build/Debug-iphonesimulator/OrderedCollections.build/Objects-normal/x86_64/OrderedCollections-OutputFileMap.json -use-frontend-parseable-output -save-temps -no-color-diagnostics -explicit-module-build -module-cache-path /Users/kris/Epilogue/build/Build/Intermediates.noindex/SwiftExplicitPrecompiledModules -clang-scanner-module-cache-path /Users/kris/Epilogue/build/ModuleCache.noindex -sdk-module-cache-path /Users/kris/Epilogue/build/ModuleCache.noindex -serialize-diagnostics -emit-dependencies -emit-module -emit-module-path /Users/kris/Epilogue/build/Build/Intermediates.noindex/swift-collections.build/Debug-iphonesimulator/OrderedCollections.build/Objects-normal/x86_64/OrderedCollections.swiftmodule -validate-clang-modules-once -clang-build-session-file /Users/kris/Epilogue/build/ModuleCache.noindex/Session.modulevalidation -package-name swift_collections -Xcc -I/Users/kris/Epilogue/build/Build/Intermediates.noindex/swift-collections.build/Debug-iphonesimulator/OrderedCollections.build/swift-overrides.hmap -emit-const-values -Xfrontend -const-gather-protocols-file -Xfrontend /Users/kris/Epilogue/build/Build/Intermediates.noindex/swift-collections.build/Debug-iphonesimulator/OrderedCollections.build/Objects-normal/x86_64/OrderedCollections_const_extract_protocols.json -Xcc -I/Users/kris/Epilogue/build/Build/Products/Debug-iphonesimulator/include -Xcc -I/Users/kris/Epilogue/build/Build/Intermediates.noindex/swift-collections.build/Debug-iphonesimulator/OrderedCollections.build/DerivedSources-normal/x86_64 -Xcc -I/Users/kris/Epilogue/build/Build/Intermediates.noindex/swift-collections.build/Debug-iphonesimulator/OrderedCollections.build/DerivedSources/x86_64 -Xcc -I/Users/kris/Epilogue/build/Build/Intermediates.noindex/swift-collections.build/Debug-iphonesimulator/OrderedCollections.build/DerivedSources -Xcc -DSWIFT_PACKAGE -Xcc -DDEBUG\=1 -emit-objc-header -emit-objc-header-path /Users/kris/Epilogue/build/Build/Intermediates.noindex/swift-collections.build/Debug-iphonesimulator/OrderedCollections.build/Objects-normal/x86_64/OrderedCollections-Swift.h -working-directory /Users/kris/Epilogue/Epilogue/Epilogue.xcodeproj -experimental-emit-module-separately -disable-cmo

SwiftExplicitDependencyGeneratePcm arm64 /Users/kris/Epilogue/build/ModuleCache.noindex/SwiftUICore-EWMMBF8NM7RV5EJQ18S7H7W3I.pcm

SwiftExplicitDependencyGeneratePcm arm64 /Users/kris/Epilogue/build/ModuleCache.noindex/UIKit-8XOK9PM9F89DKD69V4ML3K5RT.pcm

SwiftCompile normal arm64 Compiling\ resource_bundle_accessor.swift /Users/kris/Epilogue/build/Build/Intermediates.noindex/swift-transformers.build/Debug-iphonesimulator/Hub.build/DerivedSources/resource_bundle_accessor.swift (in target 'Hub' from project 'swift-transformers')

SwiftCompile normal arm64 /Users/kris/Epilogue/build/Build/Intermediates.noindex/swift-transformers.build/Debug-iphonesimulator/Hub.build/DerivedSources/resource_bundle_accessor.swift (in target 'Hub' from project 'swift-transformers')
    cd /Users/kris/Epilogue/Epilogue/Epilogue.xcodeproj
    

SwiftDriverJobDiscovery normal arm64 Compiling _HashTable+Bucket.swift, _HashTable+BucketIterator.swift, _HashTable+Constants.swift, _HashTable+CustomStringConvertible.swift, _HashTable+Testing.swift, _HashTable+UnsafeHandle.swift (in target 'OrderedCollections' from project 'swift-collections')

SwiftDriver\ Compilation OrderedCollections normal arm64 com.apple.xcode.tools.swift.compiler (in target 'OrderedCollections' from project 'swift-collections')
    cd /Users/kris/Epilogue/Epilogue/Epilogue.xcodeproj
    builtin-Swift-Compilation -- /Applications/Xcode-beta.app/Contents/Developer/Toolchains/XcodeDefault.xctoolchain/usr/bin/swiftc -module-name OrderedCollections -Onone -enforce-exclusivity\=checked @/Users/kris/Epilogue/build/Build/Intermediates.noindex/swift-collections.build/Debug-iphonesimulator/OrderedCollections.build/Objects-normal/arm64/OrderedCollections.SwiftFileList -DSWIFT_PACKAGE -DDEBUG -DSWIFT_MODULE_RESOURCE_BUNDLE_UNAVAILABLE -DCOLLECTIONS_RANDOMIZED_TESTING -DXcode -plugin-path /Applications/Xcode-beta.app/Contents/Developer/Toolchains/XcodeDefault.xctoolchain/usr/lib/swift/host/plugins/testing -enable-experimental-feature DebugDescriptionMacro -sdk /Applications/Xcode-beta.app/Contents/Developer/Platforms/iPhoneSimulator.platform/Developer/SDKs/iPhoneSimulator26.0.sdk -target arm64-apple-ios12.0-simulator -g -module-cache-path /Users/kris/Epilogue/build/ModuleCache.noindex -Xfrontend -serialize-debugging-options -profile-coverage-mapping -profile-generate -enable-testing -suppress-warnings -index-store-path /Users/kris/Epilogue/build/Index.noindex/DataStore -Xcc -D_LIBCPP_HARDENING_MODE\=_LIBCPP_HARDENING_MODE_DEBUG -swift-version 5 -I /Users/kris/Epilogue/build/Build/Products/Debug-iphonesimulator -Isystem /Applications/Xcode-beta.app/Contents/Developer/Platforms/iPhoneSimulator.platform/Developer/usr/lib -F /Users/kris/Epilogue/build/Build/Products/Debug-iphonesimulator/PackageFrameworks -F /Users/kris/Epilogue/build/Build/Products/Debug-iphonesimulator -F /Applications/Xcode-beta.app/Contents/Developer/Platforms/iPhoneSimulator.platform/Developer/Library/Frameworks -F /Applications/Xcode-beta.app/Contents/Developer/Platforms/iPhoneSimulator.platform/Developer/SDKs/iPhoneSimulator26.0.sdk/Developer/Library/Frameworks -c -j12 -enable-batch-mode -incremental -Xcc -ivfsstatcache -Xcc /Users/kris/Epilogue/build/SDKStatCaches.noindex/iphonesimulator26.0-23A5297f-3885c01c3e6b6a337905948deab2002efc862078e33f881139a9d2f83bd1a9d0.sdkstatcache -output-file-map /Users/kris/Epilogue/build/Build/Intermediates.noindex/swift-collections.build/Debug-iphonesimulator/OrderedCollections.build/Objects-normal/arm64/OrderedCollections-OutputFileMap.json -use-frontend-parseable-output -save-temps -no-color-diagnostics -explicit-module-build -module-cache-path /Users/kris/Epilogue/build/Build/Intermediates.noindex/SwiftExplicitPrecompiledModules -clang-scanner-module-cache-path /Users/kris/Epilogue/build/ModuleCache.noindex -sdk-module-cache-path /Users/kris/Epilogue/build/ModuleCache.noindex -serialize-diagnostics -emit-dependencies -emit-module -emit-module-path /Users/kris/Epilogue/build/Build/Intermediates.noindex/swift-collections.build/Debug-iphonesimulator/OrderedCollections.build/Objects-normal/arm64/OrderedCollections.swiftmodule -validate-clang-modules-once -clang-build-session-file /Users/kris/Epilogue/build/ModuleCache.noindex/Session.modulevalidation -package-name swift_collections -Xcc -I/Users/kris/Epilogue/build/Build/Intermediates.noindex/swift-collections.build/Debug-iphonesimulator/OrderedCollections.build/swift-overrides.hmap -emit-const-values -Xfrontend -const-gather-protocols-file -Xfrontend /Users/kris/Epilogue/build/Build/Intermediates.noindex/swift-collections.build/Debug-iphonesimulator/OrderedCollections.build/Objects-normal/arm64/OrderedCollections_const_extract_protocols.json -Xcc -I/Users/kris/Epilogue/build/Build/Products/Debug-iphonesimulator/include -Xcc -I/Users/kris/Epilogue/build/Build/Intermediates.noindex/swift-collections.build/Debug-iphonesimulator/OrderedCollections.build/DerivedSources-normal/arm64 -Xcc -I/Users/kris/Epilogue/build/Build/Intermediates.noindex/swift-collections.build/Debug-iphonesimulator/OrderedCollections.build/DerivedSources/arm64 -Xcc -I/Users/kris/Epilogue/build/Build/Intermediates.noindex/swift-collections.build/Debug-iphonesimulator/OrderedCollections.build/DerivedSources -Xcc -DSWIFT_PACKAGE -Xcc -DDEBUG\=1 -emit-objc-header -emit-objc-header-path /Users/kris/Epilogue/build/Build/Intermediates.noindex/swift-collections.build/Debug-iphonesimulator/OrderedCollections.build/Objects-normal/arm64/OrderedCollections-Swift.h -working-directory /Users/kris/Epilogue/Epilogue/Epilogue.xcodeproj -experimental-emit-module-separately -disable-cmo

SwiftEmitModule normal arm64 Emitting\ module\ for\ TensorUtils (in target 'TensorUtils' from project 'swift-transformers')

EmitSwiftModule normal arm64 (in target 'TensorUtils' from project 'swift-transformers')
    cd /Users/kris/Epilogue/Epilogue/Epilogue.xcodeproj
    

SwiftCompile normal arm64 Compiling\ MLShapedArray+Utils.swift /Users/kris/Epilogue/build/SourcePackages/checkouts/swift-transformers/Sources/TensorUtils/MLShapedArray+Utils.swift (in target 'TensorUtils' from project 'swift-transformers')
SwiftCompile normal arm64 /Users/kris/Epilogue/build/SourcePackages/checkouts/swift-transformers/Sources/TensorUtils/MLShapedArray+Utils.swift (in target 'TensorUtils' from project 'swift-transformers')
    cd /Users/kris/Epilogue/Epilogue/Epilogue.xcodeproj
    

SwiftEmitModule normal x86_64 Emitting\ module\ for\ TensorUtils (in target 'TensorUtils' from project 'swift-transformers')

EmitSwiftModule normal x86_64 (in target 'TensorUtils' from project 'swift-transformers')
    cd /Users/kris/Epilogue/Epilogue/Epilogue.xcodeproj
    

SwiftDriverJobDiscovery normal arm64 Emitting module for TensorUtils (in target 'TensorUtils' from project 'swift-transformers')

SwiftDriver\ Compilation\ Requirements TensorUtils normal arm64 com.apple.xcode.tools.swift.compiler (in target 'TensorUtils' from project 'swift-transformers')
    cd /Users/kris/Epilogue/Epilogue/Epilogue.xcodeproj
    builtin-Swift-Compilation-Requirements -- /Applications/Xcode-beta.app/Contents/Developer/Toolchains/XcodeDefault.xctoolchain/usr/bin/swiftc -module-name TensorUtils -Onone -enforce-exclusivity\=checked @/Users/kris/Epilogue/build/Build/Intermediates.noindex/swift-transformers.build/Debug-iphonesimulator/TensorUtils.build/Objects-normal/arm64/TensorUtils.SwiftFileList -DSWIFT_PACKAGE -DDEBUG -DSWIFT_MODULE_RESOURCE_BUNDLE_UNAVAILABLE -DXcode -plugin-path /Applications/Xcode-beta.app/Contents/Developer/Toolchains/XcodeDefault.xctoolchain/usr/lib/swift/host/plugins/testing -enable-experimental-feature DebugDescriptionMacro -sdk /Applications/Xcode-beta.app/Contents/Developer/Platforms/iPhoneSimulator.platform/Developer/SDKs/iPhoneSimulator26.0.sdk -target arm64-apple-ios16.0-simulator -g -module-cache-path /Users/kris/Epilogue/build/ModuleCache.noindex -Xfrontend -serialize-debugging-options -profile-coverage-mapping -profile-generate -enable-testing -suppress-warnings -index-store-path /Users/kris/Epilogue/build/Index.noindex/DataStore -Xcc -D_LIBCPP_HARDENING_MODE\=_LIBCPP_HARDENING_MODE_DEBUG -swift-version 5 -I /Users/kris/Epilogue/build/Build/Products/Debug-iphonesimulator -Isystem /Applications/Xcode-beta.app/Contents/Developer/Platforms/iPhoneSimulator.platform/Developer/usr/lib -F /Users/kris/Epilogue/build/Build/Products/Debug-iphonesimulator -F /Applications/Xcode-beta.app/Contents/Developer/Platforms/iPhoneSimulator.platform/Developer/Library/Frameworks -F /Applications/Xcode-beta.app/Contents/Developer/Platforms/iPhoneSimulator.platform/Developer/SDKs/iPhoneSimulator26.0.sdk/Developer/Library/Frameworks -c -j12 -enable-batch-mode -incremental -Xcc -ivfsstatcache -Xcc /Users/kris/Epilogue/build/SDKStatCaches.noindex/iphonesimulator26.0-23A5297f-3885c01c3e6b6a337905948deab2002efc862078e33f881139a9d2f83bd1a9d0.sdkstatcache -output-file-map /Users/kris/Epilogue/build/Build/Intermediates.noindex/swift-transformers.build/Debug-iphonesimulator/TensorUtils.build/Objects-normal/arm64/TensorUtils-OutputFileMap.json -use-frontend-parseable-output -save-temps -no-color-diagnostics -explicit-module-build -module-cache-path /Users/kris/Epilogue/build/Build/Intermediates.noindex/SwiftExplicitPrecompiledModules -clang-scanner-module-cache-path /Users/kris/Epilogue/build/ModuleCache.noindex -sdk-module-cache-path /Users/kris/Epilogue/build/ModuleCache.noindex -serialize-diagnostics -emit-dependencies -emit-module -emit-module-path /Users/kris/Epilogue/build/Build/Intermediates.noindex/swift-transformers.build/Debug-iphonesimulator/TensorUtils.build/Objects-normal/arm64/TensorUtils.swiftmodule -validate-clang-modules-once -clang-build-session-file /Users/kris/Epilogue/build/ModuleCache.noindex/Session.modulevalidation -Xcc -I/Users/kris/Epilogue/build/Build/Intermediates.noindex/swift-transformers.build/Debug-iphonesimulator/TensorUtils.build/swift-overrides.hmap -emit-const-values -Xfrontend -const-gather-protocols-file -Xfrontend /Users/kris/Epilogue/build/Build/Intermediates.noindex/swift-transformers.build/Debug-iphonesimulator/TensorUtils.build/Objects-normal/arm64/TensorUtils_const_extract_protocols.json -Xcc -I/Users/kris/Epilogue/build/Build/Products/Debug-iphonesimulator/include -Xcc -I/Users/kris/Epilogue/build/Build/Intermediates.noindex/swift-transformers.build/Debug-iphonesimulator/TensorUtils.build/DerivedSources-normal/arm64 -Xcc -I/Users/kris/Epilogue/build/Build/Intermediates.noindex/swift-transformers.build/Debug-iphonesimulator/TensorUtils.build/DerivedSources/arm64 -Xcc -I/Users/kris/Epilogue/build/Build/Intermediates.noindex/swift-transformers.build/Debug-iphonesimulator/TensorUtils.build/DerivedSources -Xcc -DSWIFT_PACKAGE -Xcc -DDEBUG\=1 -emit-objc-header -emit-objc-header-path /Users/kris/Epilogue/build/Build/Intermediates.noindex/swift-transformers.build/Debug-iphonesimulator/TensorUtils.build/Objects-normal/arm64/TensorUtils-Swift.h -working-directory /Users/kris/Epilogue/Epilogue/Epilogue.xcodeproj -experimental-emit-module-separately -disable-cmo

SwiftDriverJobDiscovery normal x86_64 Compiling resource_bundle_accessor.swift (in target 'Hub' from project 'swift-transformers')

SwiftCompile normal x86_64 Compiling\ LogitsProcessor.swift /Users/kris/Epilogue/build/SourcePackages/checkouts/swift-transformers/Sources/TensorUtils/LogitsWarper/LogitsProcessor.swift (in target 'TensorUtils' from project 'swift-transformers')

SwiftCompile normal x86_64 /Users/kris/Epilogue/build/SourcePackages/checkouts/swift-transformers/Sources/TensorUtils/LogitsWarper/LogitsProcessor.swift (in target 'TensorUtils' from project 'swift-transformers')
    cd /Users/kris/Epilogue/Epilogue/Epilogue.xcodeproj
    

Copy /Users/kris/Epilogue/build/Build/Products/Debug-iphonesimulator/TensorUtils.swiftmodule/arm64-apple-ios-simulator.swiftmodule /Users/kris/Epilogue/build/Build/Intermediates.noindex/swift-transformers.build/Debug-iphonesimulator/TensorUtils.build/Objects-normal/arm64/TensorUtils.swiftmodule (in target 'TensorUtils' from project 'swift-transformers')
    cd /Users/kris/Epilogue/build/SourcePackages/checkouts/swift-transformers
    builtin-copy -exclude .DS_Store -exclude CVS -exclude .svn -exclude .git -exclude .hg -resolve-src-symlinks -rename /Users/kris/Epilogue/build/Build/Intermediates.noindex/swift-transformers.build/Debug-iphonesimulator/TensorUtils.build/Objects-normal/arm64/TensorUtils.swiftmodule /Users/kris/Epilogue/build/Build/Products/Debug-iphonesimulator/TensorUtils.swiftmodule/arm64-apple-ios-simulator.swiftmodule

SwiftDriverJobDiscovery normal arm64 Compiling resource_bundle_accessor.swift (in target 'Hub' from project 'swift-transformers')

Copy /Users/kris/Epilogue/build/Build/Products/Debug-iphonesimulator/TensorUtils.swiftmodule/arm64-apple-ios-simulator.swiftdoc /Users/kris/Epilogue/build/Build/Intermediates.noindex/swift-transformers.build/Debug-iphonesimulator/TensorUtils.build/Objects-normal/arm64/TensorUtils.swiftdoc (in target 'TensorUtils' from project 'swift-transformers')
    cd /Users/kris/Epilogue/build/SourcePackages/checkouts/swift-transformers
    builtin-copy -exclude .DS_Store -exclude CVS -exclude .svn -exclude .git -exclude .hg -resolve-src-symlinks -rename /Users/kris/Epilogue/build/Build/Intermediates.noindex/swift-transformers.build/Debug-iphonesimulator/TensorUtils.build/Objects-normal/arm64/TensorUtils.swiftdoc /Users/kris/Epilogue/build/Build/Products/Debug-iphonesimulator/TensorUtils.swiftmodule/arm64-apple-ios-simulator.swiftdoc

Copy /Users/kris/Epilogue/build/Build/Products/Debug-iphonesimulator/TensorUtils.swiftmodule/arm64-apple-ios-simulator.abi.json /Users/kris/Epilogue/build/Build/Intermediates.noindex/swift-transformers.build/Debug-iphonesimulator/TensorUtils.build/Objects-normal/arm64/TensorUtils.abi.json (in target 'TensorUtils' from project 'swift-transformers')
    cd /Users/kris/Epilogue/build/SourcePackages/checkouts/swift-transformers
    builtin-copy -exclude .DS_Store -exclude CVS -exclude .svn -exclude .git -exclude .hg -resolve-src-symlinks -rename /Users/kris/Epilogue/build/Build/Intermediates.noindex/swift-transformers.build/Debug-iphonesimulator/TensorUtils.build/Objects-normal/arm64/TensorUtils.abi.json /Users/kris/Epilogue/build/Build/Products/Debug-iphonesimulator/TensorUtils.swiftmodule/arm64-apple-ios-simulator.abi.json

Copy /Users/kris/Epilogue/build/Build/Products/Debug-iphonesimulator/TensorUtils.swiftmodule/Project/arm64-apple-ios-simulator.swiftsourceinfo /Users/kris/Epilogue/build/Build/Intermediates.noindex/swift-transformers.build/Debug-iphonesimulator/TensorUtils.build/Objects-normal/arm64/TensorUtils.swiftsourceinfo (in target 'TensorUtils' from project 'swift-transformers')
    cd /Users/kris/Epilogue/build/SourcePackages/checkouts/swift-transformers
    builtin-copy -exclude .DS_Store -exclude CVS -exclude .svn -exclude .git -exclude .hg -resolve-src-symlinks -rename /Users/kris/Epilogue/build/Build/Intermediates.noindex/swift-transformers.build/Debug-iphonesimulator/TensorUtils.build/Objects-normal/arm64/TensorUtils.swiftsourceinfo /Users/kris/Epilogue/build/Build/Products/Debug-iphonesimulator/TensorUtils.swiftmodule/Project/arm64-apple-ios-simulator.swiftsourceinfo

SwiftDriverJobDiscovery normal x86_64 Emitting module for TensorUtils (in target 'TensorUtils' from project 'swift-transformers')

SwiftCompile normal arm64 Compiling\ TopKLogitsWarper.swift /Users/kris/Epilogue/build/SourcePackages/checkouts/swift-transformers/Sources/TensorUtils/LogitsWarper/TopKLogitsWarper.swift (in target 'TensorUtils' from project 'swift-transformers')
SwiftCompile normal arm64 /Users/kris/Epilogue/build/SourcePackages/checkouts/swift-transformers/Sources/TensorUtils/LogitsWarper/TopKLogitsWarper.swift (in target 'TensorUtils' from project 'swift-transformers')
    cd /Users/kris/Epilogue/Epilogue/Epilogue.xcodeproj
    

SwiftDriver\ Compilation\ Requirements TensorUtils normal x86_64 com.apple.xcode.tools.swift.compiler (in target 'TensorUtils' from project 'swift-transformers')
    cd /Users/kris/Epilogue/Epilogue/Epilogue.xcodeproj
    builtin-Swift-Compilation-Requirements -- /Applications/Xcode-beta.app/Contents/Developer/Toolchains/XcodeDefault.xctoolchain/usr/bin/swiftc -module-name TensorUtils -Onone -enforce-exclusivity\=checked @/Users/kris/Epilogue/build/Build/Intermediates.noindex/swift-transformers.build/Debug-iphonesimulator/TensorUtils.build/Objects-normal/x86_64/TensorUtils.SwiftFileList -DSWIFT_PACKAGE -DDEBUG -DSWIFT_MODULE_RESOURCE_BUNDLE_UNAVAILABLE -DXcode -plugin-path /Applications/Xcode-beta.app/Contents/Developer/Toolchains/XcodeDefault.xctoolchain/usr/lib/swift/host/plugins/testing -enable-experimental-feature DebugDescriptionMacro -sdk /Applications/Xcode-beta.app/Contents/Developer/Platforms/iPhoneSimulator.platform/Developer/SDKs/iPhoneSimulator26.0.sdk -target x86_64-apple-ios16.0-simulator -g -module-cache-path /Users/kris/Epilogue/build/ModuleCache.noindex -Xfrontend -serialize-debugging-options -profile-coverage-mapping -profile-generate -enable-testing -suppress-warnings -index-store-path /Users/kris/Epilogue/build/Index.noindex/DataStore -Xcc -D_LIBCPP_HARDENING_MODE\=_LIBCPP_HARDENING_MODE_DEBUG -swift-version 5 -I /Users/kris/Epilogue/build/Build/Products/Debug-iphonesimulator -Isystem /Applications/Xcode-beta.app/Contents/Developer/Platforms/iPhoneSimulator.platform/Developer/usr/lib -F /Users/kris/Epilogue/build/Build/Products/Debug-iphonesimulator -F /Applications/Xcode-beta.app/Contents/Developer/Platforms/iPhoneSimulator.platform/Developer/Library/Frameworks -F /Applications/Xcode-beta.app/Contents/Developer/Platforms/iPhoneSimulator.platform/Developer/SDKs/iPhoneSimulator26.0.sdk/Developer/Library/Frameworks -c -j12 -enable-batch-mode -incremental -Xcc -ivfsstatcache -Xcc /Users/kris/Epilogue/build/SDKStatCaches.noindex/iphonesimulator26.0-23A5297f-3885c01c3e6b6a337905948deab2002efc862078e33f881139a9d2f83bd1a9d0.sdkstatcache -output-file-map /Users/kris/Epilogue/build/Build/Intermediates.noindex/swift-transformers.build/Debug-iphonesimulator/TensorUtils.build/Objects-normal/x86_64/TensorUtils-OutputFileMap.json -use-frontend-parseable-output -save-temps -no-color-diagnostics -explicit-module-build -module-cache-path /Users/kris/Epilogue/build/Build/Intermediates.noindex/SwiftExplicitPrecompiledModules -clang-scanner-module-cache-path /Users/kris/Epilogue/build/ModuleCache.noindex -sdk-module-cache-path /Users/kris/Epilogue/build/ModuleCache.noindex -serialize-diagnostics -emit-dependencies -emit-module -emit-module-path /Users/kris/Epilogue/build/Build/Intermediates.noindex/swift-transformers.build/Debug-iphonesimulator/TensorUtils.build/Objects-normal/x86_64/TensorUtils.swiftmodule -validate-clang-modules-once -clang-build-session-file /Users/kris/Epilogue/build/ModuleCache.noindex/Session.modulevalidation -Xcc -I/Users/kris/Epilogue/build/Build/Intermediates.noindex/swift-transformers.build/Debug-iphonesimulator/TensorUtils.build/swift-overrides.hmap -emit-const-values -Xfrontend -const-gather-protocols-file -Xfrontend /Users/kris/Epilogue/build/Build/Intermediates.noindex/swift-transformers.build/Debug-iphonesimulator/TensorUtils.build/Objects-normal/x86_64/TensorUtils_const_extract_protocols.json -Xcc -I/Users/kris/Epilogue/build/Build/Products/Debug-iphonesimulator/include -Xcc -I/Users/kris/Epilogue/build/Build/Intermediates.noindex/swift-transformers.build/Debug-iphonesimulator/TensorUtils.build/DerivedSources-normal/x86_64 -Xcc -I/Users/kris/Epilogue/build/Build/Intermediates.noindex/swift-transformers.build/Debug-iphonesimulator/TensorUtils.build/DerivedSources/x86_64 -Xcc -I/Users/kris/Epilogue/build/Build/Intermediates.noindex/swift-transformers.build/Debug-iphonesimulator/TensorUtils.build/DerivedSources -Xcc -DSWIFT_PACKAGE -Xcc -DDEBUG\=1 -emit-objc-header -emit-objc-header-path /Users/kris/Epilogue/build/Build/Intermediates.noindex/swift-transformers.build/Debug-iphonesimulator/TensorUtils.build/Objects-normal/x86_64/TensorUtils-Swift.h -working-directory /Users/kris/Epilogue/Epilogue/Epilogue.xcodeproj -experimental-emit-module-separately -disable-cmo

SwiftCompile normal x86_64 Compiling\ MLShapedArray+Utils.swift /Users/kris/Epilogue/build/SourcePackages/checkouts/swift-transformers/Sources/TensorUtils/MLShapedArray+Utils.swift (in target 'TensorUtils' from project 'swift-transformers')

SwiftCompile normal x86_64 /Users/kris/Epilogue/build/SourcePackages/checkouts/swift-transformers/Sources/TensorUtils/MLShapedArray+Utils.swift (in target 'TensorUtils' from project 'swift-transformers')
    cd /Users/kris/Epilogue/Epilogue/Epilogue.xcodeproj
    

SwiftEmitModule normal x86_64 Emitting\ module\ for\ UIImageColors (in target 'UIImageColors' from project 'UIImageColors')

SwiftCompile normal x86_64 /Users/kris/Epilogue/build/SourcePackages/checkouts/UIImageColors/UIImageColors/Sources/UIImageColors.swift (in target 'UIImageColors' from project 'UIImageColors')
    cd /Users/kris/Epilogue/Epilogue/Epilogue.xcodeproj
    

SwiftMergeGeneratedHeaders /Users/kris/Epilogue/build/Build/Intermediates.noindex/GeneratedModuleMaps-iphonesimulator/TensorUtils-Swift.h /Users/kris/Epilogue/build/Build/Intermediates.noindex/swift-transformers.build/Debug-iphonesimulator/TensorUtils.build/Objects-normal/arm64/TensorUtils-Swift.h /Users/kris/Epilogue/build/Build/Intermediates.noindex/swift-transformers.build/Debug-iphonesimulator/TensorUtils.build/Objects-normal/x86_64/TensorUtils-Swift.h (in target 'TensorUtils' from project 'swift-transformers')
    cd /Users/kris/Epilogue/build/SourcePackages/checkouts/swift-transformers
    builtin-swiftHeaderTool -arch arm64 /Users/kris/Epilogue/build/Build/Intermediates.noindex/swift-transformers.build/Debug-iphonesimulator/TensorUtils.build/Objects-normal/arm64/TensorUtils-Swift.h -arch x86_64 /Users/kris/Epilogue/build/Build/Intermediates.noindex/swift-transformers.build/Debug-iphonesimulator/TensorUtils.build/Objects-normal/x86_64/TensorUtils-Swift.h -o /Users/kris/Epilogue/build/Build/Intermediates.noindex/GeneratedModuleMaps-iphonesimulator/TensorUtils-Swift.h

SwiftDriverJobDiscovery normal x86_64 Compiling Downloader.swift (in target 'Hub' from project 'swift-transformers')

Copy /Users/kris/Epilogue/build/Build/Products/Debug-iphonesimulator/TensorUtils.swiftmodule/x86_64-apple-ios-simulator.swiftmodule /Users/kris/Epilogue/build/Build/Intermediates.noindex/swift-transformers.build/Debug-iphonesimulator/TensorUtils.build/Objects-normal/x86_64/TensorUtils.swiftmodule (in target 'TensorUtils' from project 'swift-transformers')
    cd /Users/kris/Epilogue/build/SourcePackages/checkouts/swift-transformers
    builtin-copy -exclude .DS_Store -exclude CVS -exclude .svn -exclude .git -exclude .hg -resolve-src-symlinks -rename /Users/kris/Epilogue/build/Build/Intermediates.noindex/swift-transformers.build/Debug-iphonesimulator/TensorUtils.build/Objects-normal/x86_64/TensorUtils.swiftmodule /Users/kris/Epilogue/build/Build/Products/Debug-iphonesimulator/TensorUtils.swiftmodule/x86_64-apple-ios-simulator.swiftmodule

Copy /Users/kris/Epilogue/build/Build/Products/Debug-iphonesimulator/TensorUtils.swiftmodule/x86_64-apple-ios-simulator.swiftdoc /Users/kris/Epilogue/build/Build/Intermediates.noindex/swift-transformers.build/Debug-iphonesimulator/TensorUtils.build/Objects-normal/x86_64/TensorUtils.swiftdoc (in target 'TensorUtils' from project 'swift-transformers')
    cd /Users/kris/Epilogue/build/SourcePackages/checkouts/swift-transformers
    builtin-copy -exclude .DS_Store -exclude CVS -exclude .svn -exclude .git -exclude .hg -resolve-src-symlinks -rename /Users/kris/Epilogue/build/Build/Intermediates.noindex/swift-transformers.build/Debug-iphonesimulator/TensorUtils.build/Objects-normal/x86_64/TensorUtils.swiftdoc /Users/kris/Epilogue/build/Build/Products/Debug-iphonesimulator/TensorUtils.swiftmodule/x86_64-apple-ios-simulator.swiftdoc

Copy /Users/kris/Epilogue/build/Build/Products/Debug-iphonesimulator/TensorUtils.swiftmodule/x86_64-apple-ios-simulator.abi.json /Users/kris/Epilogue/build/Build/Intermediates.noindex/swift-transformers.build/Debug-iphonesimulator/TensorUtils.build/Objects-normal/x86_64/TensorUtils.abi.json (in target 'TensorUtils' from project 'swift-transformers')
    cd /Users/kris/Epilogue/build/SourcePackages/checkouts/swift-transformers
    builtin-copy -exclude .DS_Store -exclude CVS -exclude .svn -exclude .git -exclude .hg -resolve-src-symlinks -rename /Users/kris/Epilogue/build/Build/Intermediates.noindex/swift-transformers.build/Debug-iphonesimulator/TensorUtils.build/Objects-normal/x86_64/TensorUtils.abi.json /Users/kris/Epilogue/build/Build/Products/Debug-iphonesimulator/TensorUtils.swiftmodule/x86_64-apple-ios-simulator.abi.json

Copy /Users/kris/Epilogue/build/Build/Products/Debug-iphonesimulator/TensorUtils.swiftmodule/Project/x86_64-apple-ios-simulator.swiftsourceinfo /Users/kris/Epilogue/build/Build/Intermediates.noindex/swift-transformers.build/Debug-iphonesimulator/TensorUtils.build/Objects-normal/x86_64/TensorUtils.swiftsourceinfo (in target 'TensorUtils' from project 'swift-transformers')
    cd /Users/kris/Epilogue/build/SourcePackages/checkouts/swift-transformers
    builtin-copy -exclude .DS_Store -exclude CVS -exclude .svn -exclude .git -exclude .hg -resolve-src-symlinks -rename /Users/kris/Epilogue/build/Build/Intermediates.noindex/swift-transformers.build/Debug-iphonesimulator/TensorUtils.build/Objects-normal/x86_64/TensorUtils.swiftsourceinfo /Users/kris/Epilogue/build/Build/Products/Debug-iphonesimulator/TensorUtils.swiftmodule/Project/x86_64-apple-ios-simulator.swiftsourceinfo

SwiftCompile normal x86_64 Compiling\ UIImageColors.swift /Users/kris/Epilogue/build/SourcePackages/checkouts/UIImageColors/UIImageColors/Sources/UIImageColors.swift (in target 'UIImageColors' from project 'UIImageColors')
SwiftCompile normal x86_64 /Users/kris/Epilogue/build/SourcePackages/checkouts/UIImageColors/UIImageColors/Sources/UIImageColors.swift (in target 'UIImageColors' from project 'UIImageColors')
    cd /Users/kris/Epilogue/Epilogue/Epilogue.xcodeproj
    

SwiftCompile normal arm64 Compiling\ LogitsWarper.swift /Users/kris/Epilogue/build/SourcePackages/checkouts/swift-transformers/Sources/TensorUtils/LogitsWarper/LogitsWarper.swift (in target 'TensorUtils' from project 'swift-transformers')

SwiftCompile normal arm64 /Users/kris/Epilogue/build/SourcePackages/checkouts/swift-transformers/Sources/TensorUtils/LogitsWarper/LogitsWarper.swift (in target 'TensorUtils' from project 'swift-transformers')
    cd /Users/kris/Epilogue/Epilogue/Epilogue.xcodeproj
    

SwiftDriverJobDiscovery normal arm64 Compiling Downloader.swift (in target 'Hub' from project 'swift-transformers')

SwiftCompile normal arm64 Compiling\ Weights.swift /Users/kris/Epilogue/build/SourcePackages/checkouts/swift-transformers/Sources/TensorUtils/Weights.swift (in target 'TensorUtils' from project 'swift-transformers')

SwiftCompile normal arm64 /Users/kris/Epilogue/build/SourcePackages/checkouts/swift-transformers/Sources/TensorUtils/Weights.swift (in target 'TensorUtils' from project 'swift-transformers')
    cd /Users/kris/Epilogue/Epilogue/Epilogue.xcodeproj
    

SwiftDriverJobDiscovery normal x86_64 Compiling LogitsProcessor.swift (in target 'TensorUtils' from project 'swift-transformers')

SwiftCompile normal x86_64 Compiling\ MLMultiArray+Utils.swift /Users/kris/Epilogue/build/SourcePackages/checkouts/swift-transformers/Sources/TensorUtils/MLMultiArray+Utils.swift (in target 'TensorUtils' from project 'swift-transformers')

SwiftCompile normal x86_64 /Users/kris/Epilogue/build/SourcePackages/checkouts/swift-transformers/Sources/TensorUtils/MLMultiArray+Utils.swift (in target 'TensorUtils' from project 'swift-transformers')
    cd /Users/kris/Epilogue/Epilogue/Epilogue.xcodeproj
    

SwiftDriverJobDiscovery normal x86_64 Emitting module for UIImageColors (in target 'UIImageColors' from project 'UIImageColors')

SwiftDriver\ Compilation\ Requirements UIImageColors normal x86_64 com.apple.xcode.tools.swift.compiler (in target 'UIImageColors' from project 'UIImageColors')
    cd /Users/kris/Epilogue/Epilogue/Epilogue.xcodeproj
    builtin-Swift-Compilation-Requirements -- /Applications/Xcode-beta.app/Contents/Developer/Toolchains/XcodeDefault.xctoolchain/usr/bin/swiftc -module-name UIImageColors -Onone -enforce-exclusivity\=checked @/Users/kris/Epilogue/build/Build/Intermediates.noindex/UIImageColors.build/Debug-iphonesimulator/UIImageColors.build/Objects-normal/x86_64/UIImageColors.SwiftFileList -DSWIFT_PACKAGE -DDEBUG -DSWIFT_MODULE_RESOURCE_BUNDLE_UNAVAILABLE -DXcode -plugin-path /Applications/Xcode-beta.app/Contents/Developer/Toolchains/XcodeDefault.xctoolchain/usr/lib/swift/host/plugins/testing -enable-experimental-feature DebugDescriptionMacro -sdk /Applications/Xcode-beta.app/Contents/Developer/Platforms/iPhoneSimulator.platform/Developer/SDKs/iPhoneSimulator26.0.sdk -target x86_64-apple-ios12.0-simulator -g -module-cache-path /Users/kris/Epilogue/build/ModuleCache.noindex -Xfrontend -serialize-debugging-options -profile-coverage-mapping -profile-generate -enable-testing -suppress-warnings -index-store-path /Users/kris/Epilogue/build/Index.noindex/DataStore -Xcc -D_LIBCPP_HARDENING_MODE\=_LIBCPP_HARDENING_MODE_DEBUG -swift-version 5 -I /Users/kris/Epilogue/build/Build/Products/Debug-iphonesimulator -Isystem /Applications/Xcode-beta.app/Contents/Developer/Platforms/iPhoneSimulator.platform/Developer/usr/lib -F /Users/kris/Epilogue/build/Build/Products/Debug-iphonesimulator -F /Applications/Xcode-beta.app/Contents/Developer/Platforms/iPhoneSimulator.platform/Developer/Library/Frameworks -F /Applications/Xcode-beta.app/Contents/Developer/Platforms/iPhoneSimulator.platform/Developer/SDKs/iPhoneSimulator26.0.sdk/Developer/Library/Frameworks -parse-as-library -c -j12 -enable-batch-mode -incremental -Xcc -ivfsstatcache -Xcc /Users/kris/Epilogue/build/SDKStatCaches.noindex/iphonesimulator26.0-23A5297f-3885c01c3e6b6a337905948deab2002efc862078e33f881139a9d2f83bd1a9d0.sdkstatcache -output-file-map /Users/kris/Epilogue/build/Build/Intermediates.noindex/UIImageColors.build/Debug-iphonesimulator/UIImageColors.build/Objects-normal/x86_64/UIImageColors-OutputFileMap.json -use-frontend-parseable-output -save-temps -no-color-diagnostics -explicit-module-build -module-cache-path /Users/kris/Epilogue/build/Build/Intermediates.noindex/SwiftExplicitPrecompiledModules -clang-scanner-module-cache-path /Users/kris/Epilogue/build/ModuleCache.noindex -sdk-module-cache-path /Users/kris/Epilogue/build/ModuleCache.noindex -serialize-diagnostics -emit-dependencies -emit-module -emit-module-path /Users/kris/Epilogue/build/Build/Intermediates.noindex/UIImageColors.build/Debug-iphonesimulator/UIImageColors.build/Objects-normal/x86_64/UIImageColors.swiftmodule -validate-clang-modules-once -clang-build-session-file /Users/kris/Epilogue/build/ModuleCache.noindex/Session.modulevalidation -Xcc -I/Users/kris/Epilogue/build/Build/Intermediates.noindex/UIImageColors.build/Debug-iphonesimulator/UIImageColors.build/swift-overrides.hmap -emit-const-values -Xfrontend -const-gather-protocols-file -Xfrontend /Users/kris/Epilogue/build/Build/Intermediates.noindex/UIImageColors.build/Debug-iphonesimulator/UIImageColors.build/Objects-normal/x86_64/UIImageColors_const_extract_protocols.json -Xcc -I/Users/kris/Epilogue/build/Build/Products/Debug-iphonesimulator/include -Xcc -I/Users/kris/Epilogue/build/Build/Intermediates.noindex/UIImageColors.build/Debug-iphonesimulator/UIImageColors.build/DerivedSources-normal/x86_64 -Xcc -I/Users/kris/Epilogue/build/Build/Intermediates.noindex/UIImageColors.build/Debug-iphonesimulator/UIImageColors.build/DerivedSources/x86_64 -Xcc -I/Users/kris/Epilogue/build/Build/Intermediates.noindex/UIImageColors.build/Debug-iphonesimulator/UIImageColors.build/DerivedSources -Xcc -DSWIFT_PACKAGE -Xcc -DDEBUG\=1 -emit-objc-header -emit-objc-header-path /Users/kris/Epilogue/build/Build/Intermediates.noindex/UIImageColors.build/Debug-iphonesimulator/UIImageColors.build/Objects-normal/x86_64/UIImageColors-Swift.h -working-directory /Users/kris/Epilogue/Epilogue/Epilogue.xcodeproj -experimental-emit-module-separately -disable-cmo

SwiftDriverJobDiscovery normal arm64 Compiling LogitsWarper.swift (in target 'TensorUtils' from project 'swift-transformers')

SwiftCompile normal x86_64 Compiling\ RepetitionPenaltyWarper.swift /Users/kris/Epilogue/build/SourcePackages/checkouts/swift-transformers/Sources/TensorUtils/LogitsWarper/RepetitionPenaltyWarper.swift (in target 'TensorUtils' from project 'swift-transformers')

SwiftCompile normal x86_64 /Users/kris/Epilogue/build/SourcePackages/checkouts/swift-transformers/Sources/TensorUtils/LogitsWarper/RepetitionPenaltyWarper.swift (in target 'TensorUtils' from project 'swift-transformers')
    cd /Users/kris/Epilogue/Epilogue/Epilogue.xcodeproj
    

Copy /Users/kris/Epilogue/build/Build/Products/Debug-iphonesimulator/UIImageColors.swiftmodule/x86_64-apple-ios-simulator.swiftmodule /Users/kris/Epilogue/build/Build/Intermediates.noindex/UIImageColors.build/Debug-iphonesimulator/UIImageColors.build/Objects-normal/x86_64/UIImageColors.swiftmodule (in target 'UIImageColors' from project 'UIImageColors')
    cd /Users/kris/Epilogue/build/SourcePackages/checkouts/UIImageColors
    builtin-copy -exclude .DS_Store -exclude CVS -exclude .svn -exclude .git -exclude .hg -resolve-src-symlinks -rename /Users/kris/Epilogue/build/Build/Intermediates.noindex/UIImageColors.build/Debug-iphonesimulator/UIImageColors.build/Objects-normal/x86_64/UIImageColors.swiftmodule /Users/kris/Epilogue/build/Build/Products/Debug-iphonesimulator/UIImageColors.swiftmodule/x86_64-apple-ios-simulator.swiftmodule

SwiftDriverJobDiscovery normal arm64 Compiling Hub.swift (in target 'Hub' from project 'swift-transformers')

Copy /Users/kris/Epilogue/build/Build/Products/Debug-iphonesimulator/UIImageColors.swiftmodule/x86_64-apple-ios-simulator.swiftdoc /Users/kris/Epilogue/build/Build/Intermediates.noindex/UIImageColors.build/Debug-iphonesimulator/UIImageColors.build/Objects-normal/x86_64/UIImageColors.swiftdoc (in target 'UIImageColors' from project 'UIImageColors')
    cd /Users/kris/Epilogue/build/SourcePackages/checkouts/UIImageColors
    builtin-copy -exclude .DS_Store -exclude CVS -exclude .svn -exclude .git -exclude .hg -resolve-src-symlinks -rename /Users/kris/Epilogue/build/Build/Intermediates.noindex/UIImageColors.build/Debug-iphonesimulator/UIImageColors.build/Objects-normal/x86_64/UIImageColors.swiftdoc /Users/kris/Epilogue/build/Build/Products/Debug-iphonesimulator/UIImageColors.swiftmodule/x86_64-apple-ios-simulator.swiftdoc

Copy /Users/kris/Epilogue/build/Build/Products/Debug-iphonesimulator/UIImageColors.swiftmodule/x86_64-apple-ios-simulator.abi.json /Users/kris/Epilogue/build/Build/Intermediates.noindex/UIImageColors.build/Debug-iphonesimulator/UIImageColors.build/Objects-normal/x86_64/UIImageColors.abi.json (in target 'UIImageColors' from project 'UIImageColors')
    cd /Users/kris/Epilogue/build/SourcePackages/checkouts/UIImageColors
    builtin-copy -exclude .DS_Store -exclude CVS -exclude .svn -exclude .git -exclude .hg -resolve-src-symlinks -rename /Users/kris/Epilogue/build/Build/Intermediates.noindex/UIImageColors.build/Debug-iphonesimulator/UIImageColors.build/Objects-normal/x86_64/UIImageColors.abi.json /Users/kris/Epilogue/build/Build/Products/Debug-iphonesimulator/UIImageColors.swiftmodule/x86_64-apple-ios-simulator.abi.json

Copy /Users/kris/Epilogue/build/Build/Products/Debug-iphonesimulator/UIImageColors.swiftmodule/Project/x86_64-apple-ios-simulator.swiftsourceinfo /Users/kris/Epilogue/build/Build/Intermediates.noindex/UIImageColors.build/Debug-iphonesimulator/UIImageColors.build/Objects-normal/x86_64/UIImageColors.swiftsourceinfo (in target 'UIImageColors' from project 'UIImageColors')
    cd /Users/kris/Epilogue/build/SourcePackages/checkouts/UIImageColors
    builtin-copy -exclude .DS_Store -exclude CVS -exclude .svn -exclude .git -exclude .hg -resolve-src-symlinks -rename /Users/kris/Epilogue/build/Build/Intermediates.noindex/UIImageColors.build/Debug-iphonesimulator/UIImageColors.build/Objects-normal/x86_64/UIImageColors.swiftsourceinfo /Users/kris/Epilogue/build/Build/Products/Debug-iphonesimulator/UIImageColors.swiftmodule/Project/x86_64-apple-ios-simulator.swiftsourceinfo

SwiftCompile normal x86_64 Compiling\ Weights.swift /Users/kris/Epilogue/build/SourcePackages/checkouts/swift-transformers/Sources/TensorUtils/Weights.swift (in target 'TensorUtils' from project 'swift-transformers')

SwiftCompile normal x86_64 /Users/kris/Epilogue/build/SourcePackages/checkouts/swift-transformers/Sources/TensorUtils/Weights.swift (in target 'TensorUtils' from project 'swift-transformers')
    cd /Users/kris/Epilogue/Epilogue/Epilogue.xcodeproj
    

SwiftCompile normal x86_64 Compiling\ TopPLogitsWarper.swift /Users/kris/Epilogue/build/SourcePackages/checkouts/swift-transformers/Sources/TensorUtils/LogitsWarper/TopPLogitsWarper.swift (in target 'TensorUtils' from project 'swift-transformers')

SwiftCompile normal x86_64 /Users/kris/Epilogue/build/SourcePackages/checkouts/swift-transformers/Sources/TensorUtils/LogitsWarper/TopPLogitsWarper.swift (in target 'TensorUtils' from project 'swift-transformers')
    cd /Users/kris/Epilogue/Epilogue/Epilogue.xcodeproj
    

SwiftDriverJobDiscovery normal x86_64 Compiling Hub.swift (in target 'Hub' from project 'swift-transformers')

SwiftCompile normal arm64 Compiling\ TemperatureLogitsWarper.swift /Users/kris/Epilogue/build/SourcePackages/checkouts/swift-transformers/Sources/TensorUtils/LogitsWarper/TemperatureLogitsWarper.swift (in target 'TensorUtils' from project 'swift-transformers')

SwiftCompile normal arm64 /Users/kris/Epilogue/build/SourcePackages/checkouts/swift-transformers/Sources/TensorUtils/LogitsWarper/TemperatureLogitsWarper.swift (in target 'TensorUtils' from project 'swift-transformers')
    cd /Users/kris/Epilogue/Epilogue/Epilogue.xcodeproj
    

SwiftDriverJobDiscovery normal x86_64 Compiling HubApi.swift (in target 'Hub' from project 'swift-transformers')

SwiftCompile normal arm64 Compiling\ RepetitionPenaltyWarper.swift /Users/kris/Epilogue/build/SourcePackages/checkouts/swift-transformers/Sources/TensorUtils/LogitsWarper/RepetitionPenaltyWarper.swift (in target 'TensorUtils' from project 'swift-transformers')

SwiftCompile normal arm64 /Users/kris/Epilogue/build/SourcePackages/checkouts/swift-transformers/Sources/TensorUtils/LogitsWarper/RepetitionPenaltyWarper.swift (in target 'TensorUtils' from project 'swift-transformers')
    cd /Users/kris/Epilogue/Epilogue/Epilogue.xcodeproj
    

SwiftDriverJobDiscovery normal x86_64 Compiling RepetitionPenaltyWarper.swift (in target 'TensorUtils' from project 'swift-transformers')

SwiftCompile normal x86_64 Compiling\ LogitsWarper.swift /Users/kris/Epilogue/build/SourcePackages/checkouts/swift-transformers/Sources/TensorUtils/LogitsWarper/LogitsWarper.swift (in target 'TensorUtils' from project 'swift-transformers')

SwiftCompile normal x86_64 /Users/kris/Epilogue/build/SourcePackages/checkouts/swift-transformers/Sources/TensorUtils/LogitsWarper/LogitsWarper.swift (in target 'TensorUtils' from project 'swift-transformers')
    cd /Users/kris/Epilogue/Epilogue/Epilogue.xcodeproj
    

SwiftEmitModule normal arm64 Emitting\ module\ for\ UIImageColors (in target 'UIImageColors' from project 'UIImageColors')

SwiftCompile normal arm64 /Users/kris/Epilogue/build/SourcePackages/checkouts/UIImageColors/UIImageColors/Sources/UIImageColors.swift (in target 'UIImageColors' from project 'UIImageColors')
    cd /Users/kris/Epilogue/Epilogue/Epilogue.xcodeproj
    

SwiftDriverJobDiscovery normal arm64 Compiling HubApi.swift (in target 'Hub' from project 'swift-transformers')

SwiftCompile normal arm64 Compiling\ UIImageColors.swift /Users/kris/Epilogue/build/SourcePackages/checkouts/UIImageColors/UIImageColors/Sources/UIImageColors.swift (in target 'UIImageColors' from project 'UIImageColors')
SwiftCompile normal arm64 /Users/kris/Epilogue/build/SourcePackages/checkouts/UIImageColors/UIImageColors/Sources/UIImageColors.swift (in target 'UIImageColors' from project 'UIImageColors')
    cd /Users/kris/Epilogue/Epilogue/Epilogue.xcodeproj
    

SwiftDriverJobDiscovery normal x86_64 Compiling LogitsWarper.swift (in target 'TensorUtils' from project 'swift-transformers')

SwiftCompile normal arm64 Compiling\ Math.swift /Users/kris/Epilogue/build/SourcePackages/checkouts/swift-transformers/Sources/TensorUtils/Math.swift (in target 'TensorUtils' from project 'swift-transformers')

SwiftCompile normal arm64 /Users/kris/Epilogue/build/SourcePackages/checkouts/swift-transformers/Sources/TensorUtils/Math.swift (in target 'TensorUtils' from project 'swift-transformers')
    cd /Users/kris/Epilogue/Epilogue/Epilogue.xcodeproj
    

SwiftDriverJobDiscovery normal arm64 Compiling TemperatureLogitsWarper.swift (in target 'TensorUtils' from project 'swift-transformers')

SwiftCompile normal x86_64 Compiling\ TopKLogitsWarper.swift /Users/kris/Epilogue/build/SourcePackages/checkouts/swift-transformers/Sources/TensorUtils/LogitsWarper/TopKLogitsWarper.swift (in target 'TensorUtils' from project 'swift-transformers')

SwiftCompile normal x86_64 /Users/kris/Epilogue/build/SourcePackages/checkouts/swift-transformers/Sources/TensorUtils/LogitsWarper/TopKLogitsWarper.swift (in target 'TensorUtils' from project 'swift-transformers')
    cd /Users/kris/Epilogue/Epilogue/Epilogue.xcodeproj
    

SwiftDriverJobDiscovery normal x86_64 Compiling TopPLogitsWarper.swift (in target 'TensorUtils' from project 'swift-transformers')

SwiftCompile normal x86_64 Compiling\ TemperatureLogitsWarper.swift /Users/kris/Epilogue/build/SourcePackages/checkouts/swift-transformers/Sources/TensorUtils/LogitsWarper/TemperatureLogitsWarper.swift (in target 'TensorUtils' from project 'swift-transformers')

SwiftCompile normal x86_64 /Users/kris/Epilogue/build/SourcePackages/checkouts/swift-transformers/Sources/TensorUtils/LogitsWarper/TemperatureLogitsWarper.swift (in target 'TensorUtils' from project 'swift-transformers')
    cd /Users/kris/Epilogue/Epilogue/Epilogue.xcodeproj
    

SwiftDriverJobDiscovery normal arm64 Compiling RepetitionPenaltyWarper.swift (in target 'TensorUtils' from project 'swift-transformers')

SwiftCompile normal arm64 Compiling\ LogitsProcessor.swift /Users/kris/Epilogue/build/SourcePackages/checkouts/swift-transformers/Sources/TensorUtils/LogitsWarper/LogitsProcessor.swift (in target 'TensorUtils' from project 'swift-transformers')

SwiftCompile normal arm64 /Users/kris/Epilogue/build/SourcePackages/checkouts/swift-transformers/Sources/TensorUtils/LogitsWarper/LogitsProcessor.swift (in target 'TensorUtils' from project 'swift-transformers')
    cd /Users/kris/Epilogue/Epilogue/Epilogue.xcodeproj
    

SwiftDriverJobDiscovery normal arm64 Emitting module for UIImageColors (in target 'UIImageColors' from project 'UIImageColors')

SwiftDriver\ Compilation\ Requirements UIImageColors normal arm64 com.apple.xcode.tools.swift.compiler (in target 'UIImageColors' from project 'UIImageColors')
    cd /Users/kris/Epilogue/Epilogue/Epilogue.xcodeproj
    builtin-Swift-Compilation-Requirements -- /Applications/Xcode-beta.app/Contents/Developer/Toolchains/XcodeDefault.xctoolchain/usr/bin/swiftc -module-name UIImageColors -Onone -enforce-exclusivity\=checked @/Users/kris/Epilogue/build/Build/Intermediates.noindex/UIImageColors.build/Debug-iphonesimulator/UIImageColors.build/Objects-normal/arm64/UIImageColors.SwiftFileList -DSWIFT_PACKAGE -DDEBUG -DSWIFT_MODULE_RESOURCE_BUNDLE_UNAVAILABLE -DXcode -plugin-path /Applications/Xcode-beta.app/Contents/Developer/Toolchains/XcodeDefault.xctoolchain/usr/lib/swift/host/plugins/testing -enable-experimental-feature DebugDescriptionMacro -sdk /Applications/Xcode-beta.app/Contents/Developer/Platforms/iPhoneSimulator.platform/Developer/SDKs/iPhoneSimulator26.0.sdk -target arm64-apple-ios12.0-simulator -g -module-cache-path /Users/kris/Epilogue/build/ModuleCache.noindex -Xfrontend -serialize-debugging-options -profile-coverage-mapping -profile-generate -enable-testing -suppress-warnings -index-store-path /Users/kris/Epilogue/build/Index.noindex/DataStore -Xcc -D_LIBCPP_HARDENING_MODE\=_LIBCPP_HARDENING_MODE_DEBUG -swift-version 5 -I /Users/kris/Epilogue/build/Build/Products/Debug-iphonesimulator -Isystem /Applications/Xcode-beta.app/Contents/Developer/Platforms/iPhoneSimulator.platform/Developer/usr/lib -F /Users/kris/Epilogue/build/Build/Products/Debug-iphonesimulator -F /Applications/Xcode-beta.app/Contents/Developer/Platforms/iPhoneSimulator.platform/Developer/Library/Frameworks -F /Applications/Xcode-beta.app/Contents/Developer/Platforms/iPhoneSimulator.platform/Developer/SDKs/iPhoneSimulator26.0.sdk/Developer/Library/Frameworks -parse-as-library -c -j12 -enable-batch-mode -incremental -Xcc -ivfsstatcache -Xcc /Users/kris/Epilogue/build/SDKStatCaches.noindex/iphonesimulator26.0-23A5297f-3885c01c3e6b6a337905948deab2002efc862078e33f881139a9d2f83bd1a9d0.sdkstatcache -output-file-map /Users/kris/Epilogue/build/Build/Intermediates.noindex/UIImageColors.build/Debug-iphonesimulator/UIImageColors.build/Objects-normal/arm64/UIImageColors-OutputFileMap.json -use-frontend-parseable-output -save-temps -no-color-diagnostics -explicit-module-build -module-cache-path /Users/kris/Epilogue/build/Build/Intermediates.noindex/SwiftExplicitPrecompiledModules -clang-scanner-module-cache-path /Users/kris/Epilogue/build/ModuleCache.noindex -sdk-module-cache-path /Users/kris/Epilogue/build/ModuleCache.noindex -serialize-diagnostics -emit-dependencies -emit-module -emit-module-path /Users/kris/Epilogue/build/Build/Intermediates.noindex/UIImageColors.build/Debug-iphonesimulator/UIImageColors.build/Objects-normal/arm64/UIImageColors.swiftmodule -validate-clang-modules-once -clang-build-session-file /Users/kris/Epilogue/build/ModuleCache.noindex/Session.modulevalidation -Xcc -I/Users/kris/Epilogue/build/Build/Intermediates.noindex/UIImageColors.build/Debug-iphonesimulator/UIImageColors.build/swift-overrides.hmap -emit-const-values -Xfrontend -const-gather-protocols-file -Xfrontend /Users/kris/Epilogue/build/Build/Intermediates.noindex/UIImageColors.build/Debug-iphonesimulator/UIImageColors.build/Objects-normal/arm64/UIImageColors_const_extract_protocols.json -Xcc -I/Users/kris/Epilogue/build/Build/Products/Debug-iphonesimulator/include -Xcc -I/Users/kris/Epilogue/build/Build/Intermediates.noindex/UIImageColors.build/Debug-iphonesimulator/UIImageColors.build/DerivedSources-normal/arm64 -Xcc -I/Users/kris/Epilogue/build/Build/Intermediates.noindex/UIImageColors.build/Debug-iphonesimulator/UIImageColors.build/DerivedSources/arm64 -Xcc -I/Users/kris/Epilogue/build/Build/Intermediates.noindex/UIImageColors.build/Debug-iphonesimulator/UIImageColors.build/DerivedSources -Xcc -DSWIFT_PACKAGE -Xcc -DDEBUG\=1 -emit-objc-header -emit-objc-header-path /Users/kris/Epilogue/build/Build/Intermediates.noindex/UIImageColors.build/Debug-iphonesimulator/UIImageColors.build/Objects-normal/arm64/UIImageColors-Swift.h -working-directory /Users/kris/Epilogue/Epilogue/Epilogue.xcodeproj -experimental-emit-module-separately -disable-cmo

SwiftDriverJobDiscovery normal arm64 Compiling MLShapedArray+Utils.swift (in target 'TensorUtils' from project 'swift-transformers')

SwiftCompile normal arm64 Compiling\ TopPLogitsWarper.swift /Users/kris/Epilogue/build/SourcePackages/checkouts/swift-transformers/Sources/TensorUtils/LogitsWarper/TopPLogitsWarper.swift (in target 'TensorUtils' from project 'swift-transformers')

SwiftCompile normal arm64 /Users/kris/Epilogue/build/SourcePackages/checkouts/swift-transformers/Sources/TensorUtils/LogitsWarper/TopPLogitsWarper.swift (in target 'TensorUtils' from project 'swift-transformers')
    cd /Users/kris/Epilogue/Epilogue/Epilogue.xcodeproj
    

SwiftMergeGeneratedHeaders /Users/kris/Epilogue/build/Build/Intermediates.noindex/GeneratedModuleMaps-iphonesimulator/UIImageColors-Swift.h /Users/kris/Epilogue/build/Build/Intermediates.noindex/UIImageColors.build/Debug-iphonesimulator/UIImageColors.build/Objects-normal/arm64/UIImageColors-Swift.h /Users/kris/Epilogue/build/Build/Intermediates.noindex/UIImageColors.build/Debug-iphonesimulator/UIImageColors.build/Objects-normal/x86_64/UIImageColors-Swift.h (in target 'UIImageColors' from project 'UIImageColors')
    cd /Users/kris/Epilogue/build/SourcePackages/checkouts/UIImageColors
    builtin-swiftHeaderTool -arch arm64 /Users/kris/Epilogue/build/Build/Intermediates.noindex/UIImageColors.build/Debug-iphonesimulator/UIImageColors.build/Objects-normal/arm64/UIImageColors-Swift.h -arch x86_64 /Users/kris/Epilogue/build/Build/Intermediates.noindex/UIImageColors.build/Debug-iphonesimulator/UIImageColors.build/Objects-normal/x86_64/UIImageColors-Swift.h -o /Users/kris/Epilogue/build/Build/Intermediates.noindex/GeneratedModuleMaps-iphonesimulator/UIImageColors-Swift.h

SwiftDriverJobDiscovery normal x86_64 Compiling TemperatureLogitsWarper.swift (in target 'TensorUtils' from project 'swift-transformers')

Copy /Users/kris/Epilogue/build/Build/Products/Debug-iphonesimulator/UIImageColors.swiftmodule/arm64-apple-ios-simulator.swiftmodule /Users/kris/Epilogue/build/Build/Intermediates.noindex/UIImageColors.build/Debug-iphonesimulator/UIImageColors.build/Objects-normal/arm64/UIImageColors.swiftmodule (in target 'UIImageColors' from project 'UIImageColors')
    cd /Users/kris/Epilogue/build/SourcePackages/checkouts/UIImageColors
    builtin-copy -exclude .DS_Store -exclude CVS -exclude .svn -exclude .git -exclude .hg -resolve-src-symlinks -rename /Users/kris/Epilogue/build/Build/Intermediates.noindex/UIImageColors.build/Debug-iphonesimulator/UIImageColors.build/Objects-normal/arm64/UIImageColors.swiftmodule /Users/kris/Epilogue/build/Build/Products/Debug-iphonesimulator/UIImageColors.swiftmodule/arm64-apple-ios-simulator.swiftmodule

Copy /Users/kris/Epilogue/build/Build/Products/Debug-iphonesimulator/UIImageColors.swiftmodule/arm64-apple-ios-simulator.swiftdoc /Users/kris/Epilogue/build/Build/Intermediates.noindex/UIImageColors.build/Debug-iphonesimulator/UIImageColors.build/Objects-normal/arm64/UIImageColors.swiftdoc (in target 'UIImageColors' from project 'UIImageColors')
    cd /Users/kris/Epilogue/build/SourcePackages/checkouts/UIImageColors
    builtin-copy -exclude .DS_Store -exclude CVS -exclude .svn -exclude .git -exclude .hg -resolve-src-symlinks -rename /Users/kris/Epilogue/build/Build/Intermediates.noindex/UIImageColors.build/Debug-iphonesimulator/UIImageColors.build/Objects-normal/arm64/UIImageColors.swiftdoc /Users/kris/Epilogue/build/Build/Products/Debug-iphonesimulator/UIImageColors.swiftmodule/arm64-apple-ios-simulator.swiftdoc

Copy /Users/kris/Epilogue/build/Build/Products/Debug-iphonesimulator/UIImageColors.swiftmodule/arm64-apple-ios-simulator.abi.json /Users/kris/Epilogue/build/Build/Intermediates.noindex/UIImageColors.build/Debug-iphonesimulator/UIImageColors.build/Objects-normal/arm64/UIImageColors.abi.json (in target 'UIImageColors' from project 'UIImageColors')
    cd /Users/kris/Epilogue/build/SourcePackages/checkouts/UIImageColors
    builtin-copy -exclude .DS_Store -exclude CVS -exclude .svn -exclude .git -exclude .hg -resolve-src-symlinks -rename /Users/kris/Epilogue/build/Build/Intermediates.noindex/UIImageColors.build/Debug-iphonesimulator/UIImageColors.build/Objects-normal/arm64/UIImageColors.abi.json /Users/kris/Epilogue/build/Build/Products/Debug-iphonesimulator/UIImageColors.swiftmodule/arm64-apple-ios-simulator.abi.json

Copy /Users/kris/Epilogue/build/Build/Products/Debug-iphonesimulator/UIImageColors.swiftmodule/Project/arm64-apple-ios-simulator.swiftsourceinfo /Users/kris/Epilogue/build/Build/Intermediates.noindex/UIImageColors.build/Debug-iphonesimulator/UIImageColors.build/Objects-normal/arm64/UIImageColors.swiftsourceinfo (in target 'UIImageColors' from project 'UIImageColors')
    cd /Users/kris/Epilogue/build/SourcePackages/checkouts/UIImageColors
    builtin-copy -exclude .DS_Store -exclude CVS -exclude .svn -exclude .git -exclude .hg -resolve-src-symlinks -rename /Users/kris/Epilogue/build/Build/Intermediates.noindex/UIImageColors.build/Debug-iphonesimulator/UIImageColors.build/Objects-normal/arm64/UIImageColors.swiftsourceinfo /Users/kris/Epilogue/build/Build/Products/Debug-iphonesimulator/UIImageColors.swiftmodule/Project/arm64-apple-ios-simulator.swiftsourceinfo

SwiftCompile normal arm64 Compiling\ MLMultiArray+Utils.swift /Users/kris/Epilogue/build/SourcePackages/checkouts/swift-transformers/Sources/TensorUtils/MLMultiArray+Utils.swift (in target 'TensorUtils' from project 'swift-transformers')

SwiftCompile normal arm64 /Users/kris/Epilogue/build/SourcePackages/checkouts/swift-transformers/Sources/TensorUtils/MLMultiArray+Utils.swift (in target 'TensorUtils' from project 'swift-transformers')
    cd /Users/kris/Epilogue/Epilogue/Epilogue.xcodeproj
    

SwiftDriverJobDiscovery normal arm64 Compiling LogitsProcessor.swift (in target 'TensorUtils' from project 'swift-transformers')

SwiftCompile normal x86_64 Compiling\ Math.swift /Users/kris/Epilogue/build/SourcePackages/checkouts/swift-transformers/Sources/TensorUtils/Math.swift (in target 'TensorUtils' from project 'swift-transformers')

SwiftCompile normal x86_64 /Users/kris/Epilogue/build/SourcePackages/checkouts/swift-transformers/Sources/TensorUtils/Math.swift (in target 'TensorUtils' from project 'swift-transformers')
    cd /Users/kris/Epilogue/Epilogue/Epilogue.xcodeproj
    

SwiftDriverJobDiscovery normal x86_64 Compiling MLShapedArray+Utils.swift (in target 'TensorUtils' from project 'swift-transformers')

SwiftDriver\ Compilation Hub normal x86_64 com.apple.xcode.tools.swift.compiler (in target 'Hub' from project 'swift-transformers')
    cd /Users/kris/Epilogue/Epilogue/Epilogue.xcodeproj
    builtin-Swift-Compilation -- /Applications/Xcode-beta.app/Contents/Developer/Toolchains/XcodeDefault.xctoolchain/usr/bin/swiftc -module-name Hub -Onone -enforce-exclusivity\=checked @/Users/kris/Epilogue/build/Build/Intermediates.noindex/swift-transformers.build/Debug-iphonesimulator/Hub.build/Objects-normal/x86_64/Hub.SwiftFileList -DSWIFT_PACKAGE -DDEBUG -DSWIFT_MODULE_RESOURCE_BUNDLE_AVAILABLE -DXcode -plugin-path /Applications/Xcode-beta.app/Contents/Developer/Toolchains/XcodeDefault.xctoolchain/usr/lib/swift/host/plugins/testing -enable-experimental-feature DebugDescriptionMacro -sdk /Applications/Xcode-beta.app/Contents/Developer/Platforms/iPhoneSimulator.platform/Developer/SDKs/iPhoneSimulator26.0.sdk -target x86_64-apple-ios16.0-simulator -g -module-cache-path /Users/kris/Epilogue/build/ModuleCache.noindex -Xfrontend -serialize-debugging-options -profile-coverage-mapping -profile-generate -enable-testing -suppress-warnings -index-store-path /Users/kris/Epilogue/build/Index.noindex/DataStore -Xcc -D_LIBCPP_HARDENING_MODE\=_LIBCPP_HARDENING_MODE_DEBUG -swift-version 5 -I /Users/kris/Epilogue/build/Build/Products/Debug-iphonesimulator -Isystem /Applications/Xcode-beta.app/Contents/Developer/Platforms/iPhoneSimulator.platform/Developer/usr/lib -F /Users/kris/Epilogue/build/Build/Products/Debug-iphonesimulator -F /Applications/Xcode-beta.app/Contents/Developer/Platforms/iPhoneSimulator.platform/Developer/Library/Frameworks -F /Applications/Xcode-beta.app/Contents/Developer/Platforms/iPhoneSimulator.platform/Developer/SDKs/iPhoneSimulator26.0.sdk/Developer/Library/Frameworks -c -j12 -enable-batch-mode -incremental -Xcc -ivfsstatcache -Xcc /Users/kris/Epilogue/build/SDKStatCaches.noindex/iphonesimulator26.0-23A5297f-3885c01c3e6b6a337905948deab2002efc862078e33f881139a9d2f83bd1a9d0.sdkstatcache -output-file-map /Users/kris/Epilogue/build/Build/Intermediates.noindex/swift-transformers.build/Debug-iphonesimulator/Hub.build/Objects-normal/x86_64/Hub-OutputFileMap.json -use-frontend-parseable-output -save-temps -no-color-diagnostics -explicit-module-build -module-cache-path /Users/kris/Epilogue/build/Build/Intermediates.noindex/SwiftExplicitPrecompiledModules -clang-scanner-module-cache-path /Users/kris/Epilogue/build/ModuleCache.noindex -sdk-module-cache-path /Users/kris/Epilogue/build/ModuleCache.noindex -serialize-diagnostics -emit-dependencies -emit-module -emit-module-path /Users/kris/Epilogue/build/Build/Intermediates.noindex/swift-transformers.build/Debug-iphonesimulator/Hub.build/Objects-normal/x86_64/Hub.swiftmodule -validate-clang-modules-once -clang-build-session-file /Users/kris/Epilogue/build/ModuleCache.noindex/Session.modulevalidation -Xcc -I/Users/kris/Epilogue/build/Build/Intermediates.noindex/swift-transformers.build/Debug-iphonesimulator/Hub.build/swift-overrides.hmap -emit-const-values -Xfrontend -const-gather-protocols-file -Xfrontend /Users/kris/Epilogue/build/Build/Intermediates.noindex/swift-transformers.build/Debug-iphonesimulator/Hub.build/Objects-normal/x86_64/Hub_const_extract_protocols.json -Xcc -I/Users/kris/Epilogue/build/Build/Products/Debug-iphonesimulator/include -Xcc -I/Users/kris/Epilogue/build/Build/Intermediates.noindex/swift-transformers.build/Debug-iphonesimulator/Hub.build/DerivedSources-normal/x86_64 -Xcc -I/Users/kris/Epilogue/build/Build/Intermediates.noindex/swift-transformers.build/Debug-iphonesimulator/Hub.build/DerivedSources/x86_64 -Xcc -I/Users/kris/Epilogue/build/Build/Intermediates.noindex/swift-transformers.build/Debug-iphonesimulator/Hub.build/DerivedSources -Xcc -DSWIFT_PACKAGE -Xcc -DDEBUG\=1 -emit-objc-header -emit-objc-header-path /Users/kris/Epilogue/build/Build/Intermediates.noindex/swift-transformers.build/Debug-iphonesimulator/Hub.build/Objects-normal/x86_64/Hub-Swift.h -working-directory /Users/kris/Epilogue/Epilogue/Epilogue.xcodeproj -experimental-emit-module-separately -disable-cmo

SwiftDriver\ Compilation Hub normal arm64 com.apple.xcode.tools.swift.compiler (in target 'Hub' from project 'swift-transformers')
    cd /Users/kris/Epilogue/Epilogue/Epilogue.xcodeproj
    builtin-Swift-Compilation -- /Applications/Xcode-beta.app/Contents/Developer/Toolchains/XcodeDefault.xctoolchain/usr/bin/swiftc -module-name Hub -Onone -enforce-exclusivity\=checked @/Users/kris/Epilogue/build/Build/Intermediates.noindex/swift-transformers.build/Debug-iphonesimulator/Hub.build/Objects-normal/arm64/Hub.SwiftFileList -DSWIFT_PACKAGE -DDEBUG -DSWIFT_MODULE_RESOURCE_BUNDLE_AVAILABLE -DXcode -plugin-path /Applications/Xcode-beta.app/Contents/Developer/Toolchains/XcodeDefault.xctoolchain/usr/lib/swift/host/plugins/testing -enable-experimental-feature DebugDescriptionMacro -sdk /Applications/Xcode-beta.app/Contents/Developer/Platforms/iPhoneSimulator.platform/Developer/SDKs/iPhoneSimulator26.0.sdk -target arm64-apple-ios16.0-simulator -g -module-cache-path /Users/kris/Epilogue/build/ModuleCache.noindex -Xfrontend -serialize-debugging-options -profile-coverage-mapping -profile-generate -enable-testing -suppress-warnings -index-store-path /Users/kris/Epilogue/build/Index.noindex/DataStore -Xcc -D_LIBCPP_HARDENING_MODE\=_LIBCPP_HARDENING_MODE_DEBUG -swift-version 5 -I /Users/kris/Epilogue/build/Build/Products/Debug-iphonesimulator -Isystem /Applications/Xcode-beta.app/Contents/Developer/Platforms/iPhoneSimulator.platform/Developer/usr/lib -F /Users/kris/Epilogue/build/Build/Products/Debug-iphonesimulator -F /Applications/Xcode-beta.app/Contents/Developer/Platforms/iPhoneSimulator.platform/Developer/Library/Frameworks -F /Applications/Xcode-beta.app/Contents/Developer/Platforms/iPhoneSimulator.platform/Developer/SDKs/iPhoneSimulator26.0.sdk/Developer/Library/Frameworks -c -j12 -enable-batch-mode -incremental -Xcc -ivfsstatcache -Xcc /Users/kris/Epilogue/build/SDKStatCaches.noindex/iphonesimulator26.0-23A5297f-3885c01c3e6b6a337905948deab2002efc862078e33f881139a9d2f83bd1a9d0.sdkstatcache -output-file-map /Users/kris/Epilogue/build/Build/Intermediates.noindex/swift-transformers.build/Debug-iphonesimulator/Hub.build/Objects-normal/arm64/Hub-OutputFileMap.json -use-frontend-parseable-output -save-temps -no-color-diagnostics -explicit-module-build -module-cache-path /Users/kris/Epilogue/build/Build/Intermediates.noindex/SwiftExplicitPrecompiledModules -clang-scanner-module-cache-path /Users/kris/Epilogue/build/ModuleCache.noindex -sdk-module-cache-path /Users/kris/Epilogue/build/ModuleCache.noindex -serialize-diagnostics -emit-dependencies -emit-module -emit-module-path /Users/kris/Epilogue/build/Build/Intermediates.noindex/swift-transformers.build/Debug-iphonesimulator/Hub.build/Objects-normal/arm64/Hub.swiftmodule -validate-clang-modules-once -clang-build-session-file /Users/kris/Epilogue/build/ModuleCache.noindex/Session.modulevalidation -Xcc -I/Users/kris/Epilogue/build/Build/Intermediates.noindex/swift-transformers.build/Debug-iphonesimulator/Hub.build/swift-overrides.hmap -emit-const-values -Xfrontend -const-gather-protocols-file -Xfrontend /Users/kris/Epilogue/build/Build/Intermediates.noindex/swift-transformers.build/Debug-iphonesimulator/Hub.build/Objects-normal/arm64/Hub_const_extract_protocols.json -Xcc -I/Users/kris/Epilogue/build/Build/Products/Debug-iphonesimulator/include -Xcc -I/Users/kris/Epilogue/build/Build/Intermediates.noindex/swift-transformers.build/Debug-iphonesimulator/Hub.build/DerivedSources-normal/arm64 -Xcc -I/Users/kris/Epilogue/build/Build/Intermediates.noindex/swift-transformers.build/Debug-iphonesimulator/Hub.build/DerivedSources/arm64 -Xcc -I/Users/kris/Epilogue/build/Build/Intermediates.noindex/swift-transformers.build/Debug-iphonesimulator/Hub.build/DerivedSources -Xcc -DSWIFT_PACKAGE -Xcc -DDEBUG\=1 -emit-objc-header -emit-objc-header-path /Users/kris/Epilogue/build/Build/Intermediates.noindex/swift-transformers.build/Debug-iphonesimulator/Hub.build/Objects-normal/arm64/Hub-Swift.h -working-directory /Users/kris/Epilogue/Epilogue/Epilogue.xcodeproj -experimental-emit-module-separately -disable-cmo

SwiftDriver\ Compilation ArgumentParserToolInfo normal x86_64 com.apple.xcode.tools.swift.compiler (in target 'ArgumentParserToolInfo' from project 'swift-argument-parser')
    cd /Users/kris/Epilogue/Epilogue/Epilogue.xcodeproj
    builtin-Swift-Compilation -- /Applications/Xcode-beta.app/Contents/Developer/Toolchains/XcodeDefault.xctoolchain/usr/bin/swiftc -module-name ArgumentParserToolInfo -Onone -enforce-exclusivity\=checked @/Users/kris/Epilogue/build/Build/Intermediates.noindex/swift-argument-parser.build/Debug-iphonesimulator/ArgumentParserToolInfo.build/Objects-normal/x86_64/ArgumentParserToolInfo.SwiftFileList -DSWIFT_PACKAGE -DDEBUG -DSWIFT_MODULE_RESOURCE_BUNDLE_UNAVAILABLE -DXcode -plugin-path /Applications/Xcode-beta.app/Contents/Developer/Toolchains/XcodeDefault.xctoolchain/usr/lib/swift/host/plugins/testing -enable-experimental-feature DebugDescriptionMacro -sdk /Applications/Xcode-beta.app/Contents/Developer/Platforms/iPhoneSimulator.platform/Developer/SDKs/iPhoneSimulator26.0.sdk -target x86_64-apple-ios12.0-simulator -g -module-cache-path /Users/kris/Epilogue/build/ModuleCache.noindex -Xfrontend -serialize-debugging-options -profile-coverage-mapping -profile-generate -enable-testing -suppress-warnings -index-store-path /Users/kris/Epilogue/build/Index.noindex/DataStore -Xcc -D_LIBCPP_HARDENING_MODE\=_LIBCPP_HARDENING_MODE_DEBUG -swift-version 5 -I /Users/kris/Epilogue/build/Build/Products/Debug-iphonesimulator -Isystem /Applications/Xcode-beta.app/Contents/Developer/Platforms/iPhoneSimulator.platform/Developer/usr/lib -F /Users/kris/Epilogue/build/Build/Products/Debug-iphonesimulator -F /Applications/Xcode-beta.app/Contents/Developer/Platforms/iPhoneSimulator.platform/Developer/Library/Frameworks -F /Applications/Xcode-beta.app/Contents/Developer/Platforms/iPhoneSimulator.platform/Developer/SDKs/iPhoneSimulator26.0.sdk/Developer/Library/Frameworks -parse-as-library -c -j12 -enable-batch-mode -incremental -Xcc -ivfsstatcache -Xcc /Users/kris/Epilogue/build/SDKStatCaches.noindex/iphonesimulator26.0-23A5297f-3885c01c3e6b6a337905948deab2002efc862078e33f881139a9d2f83bd1a9d0.sdkstatcache -output-file-map /Users/kris/Epilogue/build/Build/Intermediates.noindex/swift-argument-parser.build/Debug-iphonesimulator/ArgumentParserToolInfo.build/Objects-normal/x86_64/ArgumentParserToolInfo-OutputFileMap.json -use-frontend-parseable-output -save-temps -no-color-diagnostics -explicit-module-build -module-cache-path /Users/kris/Epilogue/build/Build/Intermediates.noindex/SwiftExplicitPrecompiledModules -clang-scanner-module-cache-path /Users/kris/Epilogue/build/ModuleCache.noindex -sdk-module-cache-path /Users/kris/Epilogue/build/ModuleCache.noindex -serialize-diagnostics -emit-dependencies -emit-module -emit-module-path /Users/kris/Epilogue/build/Build/Intermediates.noindex/swift-argument-parser.build/Debug-iphonesimulator/ArgumentParserToolInfo.build/Objects-normal/x86_64/ArgumentParserToolInfo.swiftmodule -validate-clang-modules-once -clang-build-session-file /Users/kris/Epilogue/build/ModuleCache.noindex/Session.modulevalidation -Xcc -I/Users/kris/Epilogue/build/Build/Intermediates.noindex/swift-argument-parser.build/Debug-iphonesimulator/ArgumentParserToolInfo.build/swift-overrides.hmap -emit-const-values -Xfrontend -const-gather-protocols-file -Xfrontend /Users/kris/Epilogue/build/Build/Intermediates.noindex/swift-argument-parser.build/Debug-iphonesimulator/ArgumentParserToolInfo.build/Objects-normal/x86_64/ArgumentParserToolInfo_const_extract_protocols.json -Xcc -I/Users/kris/Epilogue/build/Build/Products/Debug-iphonesimulator/include -Xcc -I/Users/kris/Epilogue/build/Build/Intermediates.noindex/swift-argument-parser.build/Debug-iphonesimulator/ArgumentParserToolInfo.build/DerivedSources-normal/x86_64 -Xcc -I/Users/kris/Epilogue/build/Build/Intermediates.noindex/swift-argument-parser.build/Debug-iphonesimulator/ArgumentParserToolInfo.build/DerivedSources/x86_64 -Xcc -I/Users/kris/Epilogue/build/Build/Intermediates.noindex/swift-argument-parser.build/Debug-iphonesimulator/ArgumentParserToolInfo.build/DerivedSources -Xcc -DSWIFT_PACKAGE -Xcc -DDEBUG\=1 -emit-objc-header -emit-objc-header-path /Users/kris/Epilogue/build/Build/Intermediates.noindex/swift-argument-parser.build/Debug-iphonesimulator/ArgumentParserToolInfo.build/Objects-normal/x86_64/ArgumentParserToolInfo-Swift.h -working-directory /Users/kris/Epilogue/Epilogue/Epilogue.xcodeproj -experimental-emit-module-separately -disable-cmo

SwiftDriver\ Compilation ArgumentParserToolInfo normal arm64 com.apple.xcode.tools.swift.compiler (in target 'ArgumentParserToolInfo' from project 'swift-argument-parser')
    cd /Users/kris/Epilogue/Epilogue/Epilogue.xcodeproj
    builtin-Swift-Compilation -- /Applications/Xcode-beta.app/Contents/Developer/Toolchains/XcodeDefault.xctoolchain/usr/bin/swiftc -module-name ArgumentParserToolInfo -Onone -enforce-exclusivity\=checked @/Users/kris/Epilogue/build/Build/Intermediates.noindex/swift-argument-parser.build/Debug-iphonesimulator/ArgumentParserToolInfo.build/Objects-normal/arm64/ArgumentParserToolInfo.SwiftFileList -DSWIFT_PACKAGE -DDEBUG -DSWIFT_MODULE_RESOURCE_BUNDLE_UNAVAILABLE -DXcode -plugin-path /Applications/Xcode-beta.app/Contents/Developer/Toolchains/XcodeDefault.xctoolchain/usr/lib/swift/host/plugins/testing -enable-experimental-feature DebugDescriptionMacro -sdk /Applications/Xcode-beta.app/Contents/Developer/Platforms/iPhoneSimulator.platform/Developer/SDKs/iPhoneSimulator26.0.sdk -target arm64-apple-ios12.0-simulator -g -module-cache-path /Users/kris/Epilogue/build/ModuleCache.noindex -Xfrontend -serialize-debugging-options -profile-coverage-mapping -profile-generate -enable-testing -suppress-warnings -index-store-path /Users/kris/Epilogue/build/Index.noindex/DataStore -Xcc -D_LIBCPP_HARDENING_MODE\=_LIBCPP_HARDENING_MODE_DEBUG -swift-version 5 -I /Users/kris/Epilogue/build/Build/Products/Debug-iphonesimulator -Isystem /Applications/Xcode-beta.app/Contents/Developer/Platforms/iPhoneSimulator.platform/Developer/usr/lib -F /Users/kris/Epilogue/build/Build/Products/Debug-iphonesimulator -F /Applications/Xcode-beta.app/Contents/Developer/Platforms/iPhoneSimulator.platform/Developer/Library/Frameworks -F /Applications/Xcode-beta.app/Contents/Developer/Platforms/iPhoneSimulator.platform/Developer/SDKs/iPhoneSimulator26.0.sdk/Developer/Library/Frameworks -parse-as-library -c -j12 -enable-batch-mode -incremental -Xcc -ivfsstatcache -Xcc /Users/kris/Epilogue/build/SDKStatCaches.noindex/iphonesimulator26.0-23A5297f-3885c01c3e6b6a337905948deab2002efc862078e33f881139a9d2f83bd1a9d0.sdkstatcache -output-file-map /Users/kris/Epilogue/build/Build/Intermediates.noindex/swift-argument-parser.build/Debug-iphonesimulator/ArgumentParserToolInfo.build/Objects-normal/arm64/ArgumentParserToolInfo-OutputFileMap.json -use-frontend-parseable-output -save-temps -no-color-diagnostics -explicit-module-build -module-cache-path /Users/kris/Epilogue/build/Build/Intermediates.noindex/SwiftExplicitPrecompiledModules -clang-scanner-module-cache-path /Users/kris/Epilogue/build/ModuleCache.noindex -sdk-module-cache-path /Users/kris/Epilogue/build/ModuleCache.noindex -serialize-diagnostics -emit-dependencies -emit-module -emit-module-path /Users/kris/Epilogue/build/Build/Intermediates.noindex/swift-argument-parser.build/Debug-iphonesimulator/ArgumentParserToolInfo.build/Objects-normal/arm64/ArgumentParserToolInfo.swiftmodule -validate-clang-modules-once -clang-build-session-file /Users/kris/Epilogue/build/ModuleCache.noindex/Session.modulevalidation -Xcc -I/Users/kris/Epilogue/build/Build/Intermediates.noindex/swift-argument-parser.build/Debug-iphonesimulator/ArgumentParserToolInfo.build/swift-overrides.hmap -emit-const-values -Xfrontend -const-gather-protocols-file -Xfrontend /Users/kris/Epilogue/build/Build/Intermediates.noindex/swift-argument-parser.build/Debug-iphonesimulator/ArgumentParserToolInfo.build/Objects-normal/arm64/ArgumentParserToolInfo_const_extract_protocols.json -Xcc -I/Users/kris/Epilogue/build/Build/Products/Debug-iphonesimulator/include -Xcc -I/Users/kris/Epilogue/build/Build/Intermediates.noindex/swift-argument-parser.build/Debug-iphonesimulator/ArgumentParserToolInfo.build/DerivedSources-normal/arm64 -Xcc -I/Users/kris/Epilogue/build/Build/Intermediates.noindex/swift-argument-parser.build/Debug-iphonesimulator/ArgumentParserToolInfo.build/DerivedSources/arm64 -Xcc -I/Users/kris/Epilogue/build/Build/Intermediates.noindex/swift-argument-parser.build/Debug-iphonesimulator/ArgumentParserToolInfo.build/DerivedSources -Xcc -DSWIFT_PACKAGE -Xcc -DDEBUG\=1 -emit-objc-header -emit-objc-header-path /Users/kris/Epilogue/build/Build/Intermediates.noindex/swift-argument-parser.build/Debug-iphonesimulator/ArgumentParserToolInfo.build/Objects-normal/arm64/ArgumentParserToolInfo-Swift.h -working-directory /Users/kris/Epilogue/Epilogue/Epilogue.xcodeproj -experimental-emit-module-separately -disable-cmo

Ld /Users/kris/Epilogue/build/Build/Intermediates.noindex/swift-argument-parser.build/Debug-iphonesimulator/ArgumentParserToolInfo.build/Objects-normal/x86_64/Binary/ArgumentParserToolInfo.o normal x86_64 (in target 'ArgumentParserToolInfo' from project 'swift-argument-parser')
    cd /Users/kris/Epilogue/build/SourcePackages/checkouts/swift-argument-parser
    /Applications/Xcode-beta.app/Contents/Developer/Toolchains/XcodeDefault.xctoolchain/usr/bin/clang -Xlinker -reproducible -target x86_64-apple-ios12.0-simulator -r -isysroot /Applications/Xcode-beta.app/Contents/Developer/Platforms/iPhoneSimulator.platform/Developer/SDKs/iPhoneSimulator26.0.sdk -O0 -w -L/Users/kris/Epilogue/build/Build/Intermediates.noindex/EagerLinkingTBDs/Debug-iphonesimulator -L/Users/kris/Epilogue/build/Build/Products/Debug-iphonesimulator -L/Applications/Xcode-beta.app/Contents/Developer/Platforms/iPhoneSimulator.platform/Developer/usr/lib -F/Users/kris/Epilogue/build/Build/Intermediates.noindex/EagerLinkingTBDs/Debug-iphonesimulator -F/Users/kris/Epilogue/build/Build/Products/Debug-iphonesimulator -iframework /Applications/Xcode-beta.app/Contents/Developer/Platforms/iPhoneSimulator.platform/Developer/Library/Frameworks -iframework /Applications/Xcode-beta.app/Contents/Developer/Platforms/iPhoneSimulator.platform/Developer/SDKs/iPhoneSimulator26.0.sdk/Developer/Library/Frameworks -filelist /Users/kris/Epilogue/build/Build/Intermediates.noindex/swift-argument-parser.build/Debug-iphonesimulator/ArgumentParserToolInfo.build/Objects-normal/x86_64/ArgumentParserToolInfo.LinkFileList -nostdlib -Xlinker -object_path_lto -Xlinker /Users/kris/Epilogue/build/Build/Intermediates.noindex/swift-argument-parser.build/Debug-iphonesimulator/ArgumentParserToolInfo.build/Objects-normal/x86_64/ArgumentParserToolInfo_lto.o -rdynamic -Xlinker -no_deduplicate -Xlinker -objc_abi_version -Xlinker 2 -Xlinker -debug_variant -Xlinker -dependency_info -Xlinker /Users/kris/Epilogue/build/Build/Intermediates.noindex/swift-argument-parser.build/Debug-iphonesimulator/ArgumentParserToolInfo.build/Objects-normal/x86_64/ArgumentParserToolInfo_dependency_info.dat -fobjc-link-runtime -L/Applications/Xcode-beta.app/Contents/Developer/Toolchains/XcodeDefault.xctoolchain/usr/lib/swift/iphonesimulator -L/usr/lib/swift -Xlinker -add_ast_path -Xlinker /Users/kris/Epilogue/build/Build/Intermediates.noindex/swift-argument-parser.build/Debug-iphonesimulator/ArgumentParserToolInfo.build/Objects-normal/x86_64/ArgumentParserToolInfo.swiftmodule @/Users/kris/Epilogue/build/Build/Intermediates.noindex/swift-argument-parser.build/Debug-iphonesimulator/ArgumentParserToolInfo.build/Objects-normal/x86_64/ArgumentParserToolInfo-linker-args.resp -o /Users/kris/Epilogue/build/Build/Intermediates.noindex/swift-argument-parser.build/Debug-iphonesimulator/ArgumentParserToolInfo.build/Objects-normal/x86_64/Binary/ArgumentParserToolInfo.o

SwiftDriverJobDiscovery normal arm64 Compiling Weights.swift (in target 'TensorUtils' from project 'swift-transformers')

Ld /Users/kris/Epilogue/build/Build/Intermediates.noindex/swift-argument-parser.build/Debug-iphonesimulator/ArgumentParserToolInfo.build/Objects-normal/arm64/Binary/ArgumentParserToolInfo.o normal arm64 (in target 'ArgumentParserToolInfo' from project 'swift-argument-parser')
    cd /Users/kris/Epilogue/build/SourcePackages/checkouts/swift-argument-parser
    /Applications/Xcode-beta.app/Contents/Developer/Toolchains/XcodeDefault.xctoolchain/usr/bin/clang -Xlinker -reproducible -target arm64-apple-ios12.0-simulator -r -isysroot /Applications/Xcode-beta.app/Contents/Developer/Platforms/iPhoneSimulator.platform/Developer/SDKs/iPhoneSimulator26.0.sdk -O0 -w -L/Users/kris/Epilogue/build/Build/Intermediates.noindex/EagerLinkingTBDs/Debug-iphonesimulator -L/Users/kris/Epilogue/build/Build/Products/Debug-iphonesimulator -L/Applications/Xcode-beta.app/Contents/Developer/Platforms/iPhoneSimulator.platform/Developer/usr/lib -F/Users/kris/Epilogue/build/Build/Intermediates.noindex/EagerLinkingTBDs/Debug-iphonesimulator -F/Users/kris/Epilogue/build/Build/Products/Debug-iphonesimulator -iframework /Applications/Xcode-beta.app/Contents/Developer/Platforms/iPhoneSimulator.platform/Developer/Library/Frameworks -iframework /Applications/Xcode-beta.app/Contents/Developer/Platforms/iPhoneSimulator.platform/Developer/SDKs/iPhoneSimulator26.0.sdk/Developer/Library/Frameworks -filelist /Users/kris/Epilogue/build/Build/Intermediates.noindex/swift-argument-parser.build/Debug-iphonesimulator/ArgumentParserToolInfo.build/Objects-normal/arm64/ArgumentParserToolInfo.LinkFileList -nostdlib -Xlinker -object_path_lto -Xlinker /Users/kris/Epilogue/build/Build/Intermediates.noindex/swift-argument-parser.build/Debug-iphonesimulator/ArgumentParserToolInfo.build/Objects-normal/arm64/ArgumentParserToolInfo_lto.o -rdynamic -Xlinker -no_deduplicate -Xlinker -objc_abi_version -Xlinker 2 -Xlinker -debug_variant -Xlinker -dependency_info -Xlinker /Users/kris/Epilogue/build/Build/Intermediates.noindex/swift-argument-parser.build/Debug-iphonesimulator/ArgumentParserToolInfo.build/Objects-normal/arm64/ArgumentParserToolInfo_dependency_info.dat -fobjc-link-runtime -L/Applications/Xcode-beta.app/Contents/Developer/Toolchains/XcodeDefault.xctoolchain/usr/lib/swift/iphonesimulator -L/usr/lib/swift -Xlinker -add_ast_path -Xlinker /Users/kris/Epilogue/build/Build/Intermediates.noindex/swift-argument-parser.build/Debug-iphonesimulator/ArgumentParserToolInfo.build/Objects-normal/arm64/ArgumentParserToolInfo.swiftmodule @/Users/kris/Epilogue/build/Build/Intermediates.noindex/swift-argument-parser.build/Debug-iphonesimulator/ArgumentParserToolInfo.build/Objects-normal/arm64/ArgumentParserToolInfo-linker-args.resp -o /Users/kris/Epilogue/build/Build/Intermediates.noindex/swift-argument-parser.build/Debug-iphonesimulator/ArgumentParserToolInfo.build/Objects-normal/arm64/Binary/ArgumentParserToolInfo.o

SwiftCompile normal x86_64 Compiling\ OptionGroup.swift,\ AsyncParsableCommand.swift,\ CommandConfiguration.swift,\ CommandGroup.swift /Users/kris/Epilogue/build/SourcePackages/checkouts/swift-argument-parser/Sources/ArgumentParser/Parsable\ Properties/OptionGroup.swift /Users/kris/Epilogue/build/SourcePackages/checkouts/swift-argument-parser/Sources/ArgumentParser/Parsable\ Types/AsyncParsableCommand.swift /Users/kris/Epilogue/build/SourcePackages/checkouts/swift-argument-parser/Sources/ArgumentParser/Parsable\ Types/CommandConfiguration.swift /Users/kris/Epilogue/build/SourcePackages/checkouts/swift-argument-parser/Sources/ArgumentParser/Parsable\ Types/CommandGroup.swift (in target 'ArgumentParser' from project 'swift-argument-parser')

SwiftCompile normal x86_64 /Users/kris/Epilogue/build/SourcePackages/checkouts/swift-argument-parser/Sources/ArgumentParser/Parsable\ Properties/OptionGroup.swift (in target 'ArgumentParser' from project 'swift-argument-parser')
    cd /Users/kris/Epilogue/Epilogue/Epilogue.xcodeproj
    

SwiftCompile normal x86_64 /Users/kris/Epilogue/build/SourcePackages/checkouts/swift-argument-parser/Sources/ArgumentParser/Parsable\ Types/AsyncParsableCommand.swift (in target 'ArgumentParser' from project 'swift-argument-parser')
    cd /Users/kris/Epilogue/Epilogue/Epilogue.xcodeproj
    

SwiftCompile normal x86_64 /Users/kris/Epilogue/build/SourcePackages/checkouts/swift-argument-parser/Sources/ArgumentParser/Parsable\ Types/CommandConfiguration.swift (in target 'ArgumentParser' from project 'swift-argument-parser')
    cd /Users/kris/Epilogue/Epilogue/Epilogue.xcodeproj
    

SwiftCompile normal x86_64 /Users/kris/Epilogue/build/SourcePackages/checkouts/swift-argument-parser/Sources/ArgumentParser/Parsable\ Types/CommandGroup.swift (in target 'ArgumentParser' from project 'swift-argument-parser')
    cd /Users/kris/Epilogue/Epilogue/Epilogue.xcodeproj
    

SwiftCompile normal arm64 Compiling\ InputKey.swift,\ InputOrigin.swift,\ Name.swift,\ Parsed.swift /Users/kris/Epilogue/build/SourcePackages/checkouts/swift-argument-parser/Sources/ArgumentParser/Parsing/InputKey.swift /Users/kris/Epilogue/build/SourcePackages/checkouts/swift-argument-parser/Sources/ArgumentParser/Parsing/InputOrigin.swift /Users/kris/Epilogue/build/SourcePackages/checkouts/swift-argument-parser/Sources/ArgumentParser/Parsing/Name.swift /Users/kris/Epilogue/build/SourcePackages/checkouts/swift-argument-parser/Sources/ArgumentParser/Parsing/Parsed.swift (in target 'ArgumentParser' from project 'swift-argument-parser')

SwiftCompile normal arm64 /Users/kris/Epilogue/build/SourcePackages/checkouts/swift-argument-parser/Sources/ArgumentParser/Parsing/InputKey.swift (in target 'ArgumentParser' from project 'swift-argument-parser')
    cd /Users/kris/Epilogue/Epilogue/Epilogue.xcodeproj
    

SwiftCompile normal arm64 /Users/kris/Epilogue/build/SourcePackages/checkouts/swift-argument-parser/Sources/ArgumentParser/Parsing/InputOrigin.swift (in target 'ArgumentParser' from project 'swift-argument-parser')
    cd /Users/kris/Epilogue/Epilogue/Epilogue.xcodeproj
    

SwiftCompile normal arm64 /Users/kris/Epilogue/build/SourcePackages/checkouts/swift-argument-parser/Sources/ArgumentParser/Parsing/Name.swift (in target 'ArgumentParser' from project 'swift-argument-parser')
    cd /Users/kris/Epilogue/Epilogue/Epilogue.xcodeproj
    

SwiftCompile normal arm64 /Users/kris/Epilogue/build/SourcePackages/checkouts/swift-argument-parser/Sources/ArgumentParser/Parsing/Parsed.swift (in target 'ArgumentParser' from project 'swift-argument-parser')
    cd /Users/kris/Epilogue/Epilogue/Epilogue.xcodeproj
    

CreateUniversalBinary /Users/kris/Epilogue/build/Build/Products/Debug-iphonesimulator/ArgumentParserToolInfo.o normal arm64\ x86_64 (in target 'ArgumentParserToolInfo' from project 'swift-argument-parser')
    cd /Users/kris/Epilogue/build/SourcePackages/checkouts/swift-argument-parser
    /Applications/Xcode-beta.app/Contents/Developer/Toolchains/XcodeDefault.xctoolchain/usr/bin/lipo -create /Users/kris/Epilogue/build/Build/Intermediates.noindex/swift-argument-parser.build/Debug-iphonesimulator/ArgumentParserToolInfo.build/Objects-normal/arm64/Binary/ArgumentParserToolInfo.o /Users/kris/Epilogue/build/Build/Intermediates.noindex/swift-argument-parser.build/Debug-iphonesimulator/ArgumentParserToolInfo.build/Objects-normal/x86_64/Binary/ArgumentParserToolInfo.o -output /Users/kris/Epilogue/build/Build/Products/Debug-iphonesimulator/ArgumentParserToolInfo.o

SwiftDriverJobDiscovery normal arm64 Compiling TopPLogitsWarper.swift (in target 'TensorUtils' from project 'swift-transformers')

SwiftCompile normal x86_64 Compiling\ ArgumentDecoder.swift,\ ArgumentDefinition.swift,\ ArgumentSet.swift,\ CommandParser.swift /Users/kris/Epilogue/build/SourcePackages/checkouts/swift-argument-parser/Sources/ArgumentParser/Parsing/ArgumentDecoder.swift /Users/kris/Epilogue/build/SourcePackages/checkouts/swift-argument-parser/Sources/ArgumentParser/Parsing/ArgumentDefinition.swift /Users/kris/Epilogue/build/SourcePackages/checkouts/swift-argument-parser/Sources/ArgumentParser/Parsing/ArgumentSet.swift /Users/kris/Epilogue/build/SourcePackages/checkouts/swift-argument-parser/Sources/ArgumentParser/Parsing/CommandParser.swift (in target 'ArgumentParser' from project 'swift-argument-parser')
SwiftCompile normal x86_64 /Users/kris/Epilogue/build/SourcePackages/checkouts/swift-argument-parser/Sources/ArgumentParser/Parsing/ArgumentDecoder.swift (in target 'ArgumentParser' from project 'swift-argument-parser')
    cd /Users/kris/Epilogue/Epilogue/Epilogue.xcodeproj
    

SwiftCompile normal x86_64 /Users/kris/Epilogue/build/SourcePackages/checkouts/swift-argument-parser/Sources/ArgumentParser/Parsing/ArgumentDefinition.swift (in target 'ArgumentParser' from project 'swift-argument-parser')
    cd /Users/kris/Epilogue/Epilogue/Epilogue.xcodeproj
    

SwiftCompile normal x86_64 /Users/kris/Epilogue/build/SourcePackages/checkouts/swift-argument-parser/Sources/ArgumentParser/Parsing/ArgumentSet.swift (in target 'ArgumentParser' from project 'swift-argument-parser')
    cd /Users/kris/Epilogue/Epilogue/Epilogue.xcodeproj
    

SwiftCompile normal x86_64 /Users/kris/Epilogue/build/SourcePackages/checkouts/swift-argument-parser/Sources/ArgumentParser/Parsing/CommandParser.swift (in target 'ArgumentParser' from project 'swift-argument-parser')
    cd /Users/kris/Epilogue/Epilogue/Epilogue.xcodeproj
    

SwiftDriverJobDiscovery normal x86_64 Compiling MLMultiArray+Utils.swift (in target 'TensorUtils' from project 'swift-transformers')

SwiftCompile normal arm64 Compiling\ HelpCommand.swift,\ HelpGenerator.swift,\ MessageInfo.swift,\ UsageGenerator.swift /Users/kris/Epilogue/build/SourcePackages/checkouts/swift-argument-parser/Sources/ArgumentParser/Usage/HelpCommand.swift /Users/kris/Epilogue/build/SourcePackages/checkouts/swift-argument-parser/Sources/ArgumentParser/Usage/HelpGenerator.swift /Users/kris/Epilogue/build/SourcePackages/checkouts/swift-argument-parser/Sources/ArgumentParser/Usage/MessageInfo.swift /Users/kris/Epilogue/build/SourcePackages/checkouts/swift-argument-parser/Sources/ArgumentParser/Usage/UsageGenerator.swift (in target 'ArgumentParser' from project 'swift-argument-parser')

SwiftCompile normal arm64 /Users/kris/Epilogue/build/SourcePackages/checkouts/swift-argument-parser/Sources/ArgumentParser/Usage/HelpCommand.swift (in target 'ArgumentParser' from project 'swift-argument-parser')
    cd /Users/kris/Epilogue/Epilogue/Epilogue.xcodeproj
    

SwiftCompile normal arm64 /Users/kris/Epilogue/build/SourcePackages/checkouts/swift-argument-parser/Sources/ArgumentParser/Usage/HelpGenerator.swift (in target 'ArgumentParser' from project 'swift-argument-parser')
    cd /Users/kris/Epilogue/Epilogue/Epilogue.xcodeproj
    

SwiftCompile normal arm64 /Users/kris/Epilogue/build/SourcePackages/checkouts/swift-argument-parser/Sources/ArgumentParser/Usage/MessageInfo.swift (in target 'ArgumentParser' from project 'swift-argument-parser')
    cd /Users/kris/Epilogue/Epilogue/Epilogue.xcodeproj
    

SwiftCompile normal arm64 /Users/kris/Epilogue/build/SourcePackages/checkouts/swift-argument-parser/Sources/ArgumentParser/Usage/UsageGenerator.swift (in target 'ArgumentParser' from project 'swift-argument-parser')
    cd /Users/kris/Epilogue/Epilogue/Epilogue.xcodeproj
    

SwiftCompile normal arm64 Compiling\ ArgumentDecoder.swift,\ ArgumentDefinition.swift,\ ArgumentSet.swift,\ CommandParser.swift /Users/kris/Epilogue/build/SourcePackages/checkouts/swift-argument-parser/Sources/ArgumentParser/Parsing/ArgumentDecoder.swift /Users/kris/Epilogue/build/SourcePackages/checkouts/swift-argument-parser/Sources/ArgumentParser/Parsing/ArgumentDefinition.swift /Users/kris/Epilogue/build/SourcePackages/checkouts/swift-argument-parser/Sources/ArgumentParser/Parsing/ArgumentSet.swift /Users/kris/Epilogue/build/SourcePackages/checkouts/swift-argument-parser/Sources/ArgumentParser/Parsing/CommandParser.swift (in target 'ArgumentParser' from project 'swift-argument-parser')
SwiftCompile normal arm64 /Users/kris/Epilogue/build/SourcePackages/checkouts/swift-argument-parser/Sources/ArgumentParser/Parsing/ArgumentDecoder.swift (in target 'ArgumentParser' from project 'swift-argument-parser')
    cd /Users/kris/Epilogue/Epilogue/Epilogue.xcodeproj
    

SwiftCompile normal arm64 /Users/kris/Epilogue/build/SourcePackages/checkouts/swift-argument-parser/Sources/ArgumentParser/Parsing/ArgumentDefinition.swift (in target 'ArgumentParser' from project 'swift-argument-parser')
    cd /Users/kris/Epilogue/Epilogue/Epilogue.xcodeproj
    

SwiftCompile normal arm64 /Users/kris/Epilogue/build/SourcePackages/checkouts/swift-argument-parser/Sources/ArgumentParser/Parsing/ArgumentSet.swift (in target 'ArgumentParser' from project 'swift-argument-parser')
    cd /Users/kris/Epilogue/Epilogue/Epilogue.xcodeproj
    

SwiftCompile normal arm64 /Users/kris/Epilogue/build/SourcePackages/checkouts/swift-argument-parser/Sources/ArgumentParser/Parsing/CommandParser.swift (in target 'ArgumentParser' from project 'swift-argument-parser')
    cd /Users/kris/Epilogue/Epilogue/Epilogue.xcodeproj
    

SwiftDriverJobDiscovery normal x86_64 Compiling Weights.swift (in target 'TensorUtils' from project 'swift-transformers')

SwiftCompile normal x86_64 Compiling\ BashCompletionsGenerator.swift,\ CompletionsGenerator.swift,\ FishCompletionsGenerator.swift,\ ZshCompletionsGenerator.swift,\ Argument.swift /Users/kris/Epilogue/build/SourcePackages/checkouts/swift-argument-parser/Sources/ArgumentParser/Completions/BashCompletionsGenerator.swift /Users/kris/Epilogue/build/SourcePackages/checkouts/swift-argument-parser/Sources/ArgumentParser/Completions/CompletionsGenerator.swift /Users/kris/Epilogue/build/SourcePackages/checkouts/swift-argument-parser/Sources/ArgumentParser/Completions/FishCompletionsGenerator.swift /Users/kris/Epilogue/build/SourcePackages/checkouts/swift-argument-parser/Sources/ArgumentParser/Completions/ZshCompletionsGenerator.swift /Users/kris/Epilogue/build/SourcePackages/checkouts/swift-argument-parser/Sources/ArgumentParser/Parsable\ Properties/Argument.swift (in target 'ArgumentParser' from project 'swift-argument-parser')

SwiftCompile normal x86_64 /Users/kris/Epilogue/build/SourcePackages/checkouts/swift-argument-parser/Sources/ArgumentParser/Completions/BashCompletionsGenerator.swift (in target 'ArgumentParser' from project 'swift-argument-parser')
    cd /Users/kris/Epilogue/Epilogue/Epilogue.xcodeproj
    

SwiftCompile normal x86_64 /Users/kris/Epilogue/build/SourcePackages/checkouts/swift-argument-parser/Sources/ArgumentParser/Completions/CompletionsGenerator.swift (in target 'ArgumentParser' from project 'swift-argument-parser')
    cd /Users/kris/Epilogue/Epilogue/Epilogue.xcodeproj
    

SwiftCompile normal x86_64 /Users/kris/Epilogue/build/SourcePackages/checkouts/swift-argument-parser/Sources/ArgumentParser/Completions/FishCompletionsGenerator.swift (in target 'ArgumentParser' from project 'swift-argument-parser')
    cd /Users/kris/Epilogue/Epilogue/Epilogue.xcodeproj
    

SwiftCompile normal x86_64 /Users/kris/Epilogue/build/SourcePackages/checkouts/swift-argument-parser/Sources/ArgumentParser/Completions/ZshCompletionsGenerator.swift (in target 'ArgumentParser' from project 'swift-argument-parser')
    cd /Users/kris/Epilogue/Epilogue/Epilogue.xcodeproj
    

SwiftCompile normal x86_64 /Users/kris/Epilogue/build/SourcePackages/checkouts/swift-argument-parser/Sources/ArgumentParser/Parsable\ Properties/Argument.swift (in target 'ArgumentParser' from project 'swift-argument-parser')
    cd /Users/kris/Epilogue/Epilogue/Epilogue.xcodeproj
    

SwiftDriverJobDiscovery normal x86_64 Compiling OptionGroup.swift, AsyncParsableCommand.swift, CommandConfiguration.swift, CommandGroup.swift (in target 'ArgumentParser' from project 'swift-argument-parser')

SwiftCompile normal arm64 Compiling\ StringExtensions.swift,\ SwiftExtensions.swift,\ Tree.swift,\ CodingKeyValidator.swift /Users/kris/Epilogue/build/SourcePackages/checkouts/swift-argument-parser/Sources/ArgumentParser/Utilities/StringExtensions.swift /Users/kris/Epilogue/build/SourcePackages/checkouts/swift-argument-parser/Sources/ArgumentParser/Utilities/SwiftExtensions.swift /Users/kris/Epilogue/build/SourcePackages/checkouts/swift-argument-parser/Sources/ArgumentParser/Utilities/Tree.swift /Users/kris/Epilogue/build/SourcePackages/checkouts/swift-argument-parser/Sources/ArgumentParser/Validators/CodingKeyValidator.swift (in target 'ArgumentParser' from project 'swift-argument-parser')

SwiftCompile normal arm64 /Users/kris/Epilogue/build/SourcePackages/checkouts/swift-argument-parser/Sources/ArgumentParser/Utilities/StringExtensions.swift (in target 'ArgumentParser' from project 'swift-argument-parser')
    cd /Users/kris/Epilogue/Epilogue/Epilogue.xcodeproj
    

SwiftCompile normal arm64 /Users/kris/Epilogue/build/SourcePackages/checkouts/swift-argument-parser/Sources/ArgumentParser/Utilities/SwiftExtensions.swift (in target 'ArgumentParser' from project 'swift-argument-parser')
    cd /Users/kris/Epilogue/Epilogue/Epilogue.xcodeproj
    

SwiftCompile normal arm64 /Users/kris/Epilogue/build/SourcePackages/checkouts/swift-argument-parser/Sources/ArgumentParser/Utilities/Tree.swift (in target 'ArgumentParser' from project 'swift-argument-parser')
    cd /Users/kris/Epilogue/Epilogue/Epilogue.xcodeproj
    

SwiftCompile normal arm64 /Users/kris/Epilogue/build/SourcePackages/checkouts/swift-argument-parser/Sources/ArgumentParser/Validators/CodingKeyValidator.swift (in target 'ArgumentParser' from project 'swift-argument-parser')
    cd /Users/kris/Epilogue/Epilogue/Epilogue.xcodeproj
    

SwiftDriverJobDiscovery normal arm64 Compiling InputKey.swift, InputOrigin.swift, Name.swift, Parsed.swift (in target 'ArgumentParser' from project 'swift-argument-parser')

SwiftCompile normal x86_64 Compiling\ EnumerableFlag.swift,\ ExpressibleByArgument.swift,\ ParsableArguments.swift,\ ParsableCommand.swift /Users/kris/Epilogue/build/SourcePackages/checkouts/swift-argument-parser/Sources/ArgumentParser/Parsable\ Types/EnumerableFlag.swift /Users/kris/Epilogue/build/SourcePackages/checkouts/swift-argument-parser/Sources/ArgumentParser/Parsable\ Types/ExpressibleByArgument.swift /Users/kris/Epilogue/build/SourcePackages/checkouts/swift-argument-parser/Sources/ArgumentParser/Parsable\ Types/ParsableArguments.swift /Users/kris/Epilogue/build/SourcePackages/checkouts/swift-argument-parser/Sources/ArgumentParser/Parsable\ Types/ParsableCommand.swift (in target 'ArgumentParser' from project 'swift-argument-parser')

SwiftCompile normal x86_64 /Users/kris/Epilogue/build/SourcePackages/checkouts/swift-argument-parser/Sources/ArgumentParser/Parsable\ Types/EnumerableFlag.swift (in target 'ArgumentParser' from project 'swift-argument-parser')
    cd /Users/kris/Epilogue/Epilogue/Epilogue.xcodeproj
    

SwiftCompile normal x86_64 /Users/kris/Epilogue/build/SourcePackages/checkouts/swift-argument-parser/Sources/ArgumentParser/Parsable\ Types/ExpressibleByArgument.swift (in target 'ArgumentParser' from project 'swift-argument-parser')
    cd /Users/kris/Epilogue/Epilogue/Epilogue.xcodeproj
    

SwiftCompile normal x86_64 /Users/kris/Epilogue/build/SourcePackages/checkouts/swift-argument-parser/Sources/ArgumentParser/Parsable\ Types/ParsableArguments.swift (in target 'ArgumentParser' from project 'swift-argument-parser')
    cd /Users/kris/Epilogue/Epilogue/Epilogue.xcodeproj
    

SwiftCompile normal x86_64 /Users/kris/Epilogue/build/SourcePackages/checkouts/swift-argument-parser/Sources/ArgumentParser/Parsable\ Types/ParsableCommand.swift (in target 'ArgumentParser' from project 'swift-argument-parser')
    cd /Users/kris/Epilogue/Epilogue/Epilogue.xcodeproj
    

SwiftDriverJobDiscovery normal arm64 Compiling MLMultiArray+Utils.swift (in target 'TensorUtils' from project 'swift-transformers')

SwiftCompile normal arm64 Compiling\ Errors.swift,\ Flag.swift,\ NameSpecification.swift,\ Option.swift /Users/kris/Epilogue/build/SourcePackages/checkouts/swift-argument-parser/Sources/ArgumentParser/Parsable\ Properties/Errors.swift /Users/kris/Epilogue/build/SourcePackages/checkouts/swift-argument-parser/Sources/ArgumentParser/Parsable\ Properties/Flag.swift /Users/kris/Epilogue/build/SourcePackages/checkouts/swift-argument-parser/Sources/ArgumentParser/Parsable\ Properties/NameSpecification.swift /Users/kris/Epilogue/build/SourcePackages/checkouts/swift-argument-parser/Sources/ArgumentParser/Parsable\ Properties/Option.swift (in target 'ArgumentParser' from project 'swift-argument-parser')

SwiftCompile normal arm64 /Users/kris/Epilogue/build/SourcePackages/checkouts/swift-argument-parser/Sources/ArgumentParser/Parsable\ Properties/Errors.swift (in target 'ArgumentParser' from project 'swift-argument-parser')
    cd /Users/kris/Epilogue/Epilogue/Epilogue.xcodeproj
    

SwiftCompile normal arm64 /Users/kris/Epilogue/build/SourcePackages/checkouts/swift-argument-parser/Sources/ArgumentParser/Parsable\ Properties/Flag.swift (in target 'ArgumentParser' from project 'swift-argument-parser')
    cd /Users/kris/Epilogue/Epilogue/Epilogue.xcodeproj
    

SwiftCompile normal arm64 /Users/kris/Epilogue/build/SourcePackages/checkouts/swift-argument-parser/Sources/ArgumentParser/Parsable\ Properties/NameSpecification.swift (in target 'ArgumentParser' from project 'swift-argument-parser')
    cd /Users/kris/Epilogue/Epilogue/Epilogue.xcodeproj
    

SwiftCompile normal arm64 /Users/kris/Epilogue/build/SourcePackages/checkouts/swift-argument-parser/Sources/ArgumentParser/Parsable\ Properties/Option.swift (in target 'ArgumentParser' from project 'swift-argument-parser')
    cd /Users/kris/Epilogue/Epilogue/Epilogue.xcodeproj
    

SwiftDriverJobDiscovery normal arm64 Compiling TopKLogitsWarper.swift (in target 'TensorUtils' from project 'swift-transformers')

SwiftDriverJobDiscovery normal arm64 Compiling Math.swift (in target 'TensorUtils' from project 'swift-transformers')

SwiftCompile normal arm64 Compiling\ NonsenseFlagsValidator.swift,\ ParsableArgumentsValidation.swift,\ PositionalArgumentsValidator.swift,\ UniqueNamesValidator.swift /Users/kris/Epilogue/build/SourcePackages/checkouts/swift-argument-parser/Sources/ArgumentParser/Validators/NonsenseFlagsValidator.swift /Users/kris/Epilogue/build/SourcePackages/checkouts/swift-argument-parser/Sources/ArgumentParser/Validators/ParsableArgumentsValidation.swift /Users/kris/Epilogue/build/SourcePackages/checkouts/swift-argument-parser/Sources/ArgumentParser/Validators/PositionalArgumentsValidator.swift /Users/kris/Epilogue/build/SourcePackages/checkouts/swift-argument-parser/Sources/ArgumentParser/Validators/UniqueNamesValidator.swift (in target 'ArgumentParser' from project 'swift-argument-parser')

SwiftCompile normal arm64 /Users/kris/Epilogue/build/SourcePackages/checkouts/swift-argument-parser/Sources/ArgumentParser/Validators/NonsenseFlagsValidator.swift (in target 'ArgumentParser' from project 'swift-argument-parser')
    cd /Users/kris/Epilogue/Epilogue/Epilogue.xcodeproj
    

SwiftCompile normal arm64 /Users/kris/Epilogue/build/SourcePackages/checkouts/swift-argument-parser/Sources/ArgumentParser/Validators/ParsableArgumentsValidation.swift (in target 'ArgumentParser' from project 'swift-argument-parser')
    cd /Users/kris/Epilogue/Epilogue/Epilogue.xcodeproj
    

SwiftCompile normal arm64 /Users/kris/Epilogue/build/SourcePackages/checkouts/swift-argument-parser/Sources/ArgumentParser/Validators/PositionalArgumentsValidator.swift (in target 'ArgumentParser' from project 'swift-argument-parser')
    cd /Users/kris/Epilogue/Epilogue/Epilogue.xcodeproj
    

SwiftCompile normal arm64 /Users/kris/Epilogue/build/SourcePackages/checkouts/swift-argument-parser/Sources/ArgumentParser/Validators/UniqueNamesValidator.swift (in target 'ArgumentParser' from project 'swift-argument-parser')
    cd /Users/kris/Epilogue/Epilogue/Epilogue.xcodeproj
    

SwiftDriver\ Compilation TensorUtils normal arm64 com.apple.xcode.tools.swift.compiler (in target 'TensorUtils' from project 'swift-transformers')
    cd /Users/kris/Epilogue/Epilogue/Epilogue.xcodeproj
    builtin-Swift-Compilation -- /Applications/Xcode-beta.app/Contents/Developer/Toolchains/XcodeDefault.xctoolchain/usr/bin/swiftc -module-name TensorUtils -Onone -enforce-exclusivity\=checked @/Users/kris/Epilogue/build/Build/Intermediates.noindex/swift-transformers.build/Debug-iphonesimulator/TensorUtils.build/Objects-normal/arm64/TensorUtils.SwiftFileList -DSWIFT_PACKAGE -DDEBUG -DSWIFT_MODULE_RESOURCE_BUNDLE_UNAVAILABLE -DXcode -plugin-path /Applications/Xcode-beta.app/Contents/Developer/Toolchains/XcodeDefault.xctoolchain/usr/lib/swift/host/plugins/testing -enable-experimental-feature DebugDescriptionMacro -sdk /Applications/Xcode-beta.app/Contents/Developer/Platforms/iPhoneSimulator.platform/Developer/SDKs/iPhoneSimulator26.0.sdk -target arm64-apple-ios16.0-simulator -g -module-cache-path /Users/kris/Epilogue/build/ModuleCache.noindex -Xfrontend -serialize-debugging-options -profile-coverage-mapping -profile-generate -enable-testing -suppress-warnings -index-store-path /Users/kris/Epilogue/build/Index.noindex/DataStore -Xcc -D_LIBCPP_HARDENING_MODE\=_LIBCPP_HARDENING_MODE_DEBUG -swift-version 5 -I /Users/kris/Epilogue/build/Build/Products/Debug-iphonesimulator -Isystem /Applications/Xcode-beta.app/Contents/Developer/Platforms/iPhoneSimulator.platform/Developer/usr/lib -F /Users/kris/Epilogue/build/Build/Products/Debug-iphonesimulator -F /Applications/Xcode-beta.app/Contents/Developer/Platforms/iPhoneSimulator.platform/Developer/Library/Frameworks -F /Applications/Xcode-beta.app/Contents/Developer/Platforms/iPhoneSimulator.platform/Developer/SDKs/iPhoneSimulator26.0.sdk/Developer/Library/Frameworks -c -j12 -enable-batch-mode -incremental -Xcc -ivfsstatcache -Xcc /Users/kris/Epilogue/build/SDKStatCaches.noindex/iphonesimulator26.0-23A5297f-3885c01c3e6b6a337905948deab2002efc862078e33f881139a9d2f83bd1a9d0.sdkstatcache -output-file-map /Users/kris/Epilogue/build/Build/Intermediates.noindex/swift-transformers.build/Debug-iphonesimulator/TensorUtils.build/Objects-normal/arm64/TensorUtils-OutputFileMap.json -use-frontend-parseable-output -save-temps -no-color-diagnostics -explicit-module-build -module-cache-path /Users/kris/Epilogue/build/Build/Intermediates.noindex/SwiftExplicitPrecompiledModules -clang-scanner-module-cache-path /Users/kris/Epilogue/build/ModuleCache.noindex -sdk-module-cache-path /Users/kris/Epilogue/build/ModuleCache.noindex -serialize-diagnostics -emit-dependencies -emit-module -emit-module-path /Users/kris/Epilogue/build/Build/Intermediates.noindex/swift-transformers.build/Debug-iphonesimulator/TensorUtils.build/Objects-normal/arm64/TensorUtils.swiftmodule -validate-clang-modules-once -clang-build-session-file /Users/kris/Epilogue/build/ModuleCache.noindex/Session.modulevalidation -Xcc -I/Users/kris/Epilogue/build/Build/Intermediates.noindex/swift-transformers.build/Debug-iphonesimulator/TensorUtils.build/swift-overrides.hmap -emit-const-values -Xfrontend -const-gather-protocols-file -Xfrontend /Users/kris/Epilogue/build/Build/Intermediates.noindex/swift-transformers.build/Debug-iphonesimulator/TensorUtils.build/Objects-normal/arm64/TensorUtils_const_extract_protocols.json -Xcc -I/Users/kris/Epilogue/build/Build/Products/Debug-iphonesimulator/include -Xcc -I/Users/kris/Epilogue/build/Build/Intermediates.noindex/swift-transformers.build/Debug-iphonesimulator/TensorUtils.build/DerivedSources-normal/arm64 -Xcc -I/Users/kris/Epilogue/build/Build/Intermediates.noindex/swift-transformers.build/Debug-iphonesimulator/TensorUtils.build/DerivedSources/arm64 -Xcc -I/Users/kris/Epilogue/build/Build/Intermediates.noindex/swift-transformers.build/Debug-iphonesimulator/TensorUtils.build/DerivedSources -Xcc -DSWIFT_PACKAGE -Xcc -DDEBUG\=1 -emit-objc-header -emit-objc-header-path /Users/kris/Epilogue/build/Build/Intermediates.noindex/swift-transformers.build/Debug-iphonesimulator/TensorUtils.build/Objects-normal/arm64/TensorUtils-Swift.h -working-directory /Users/kris/Epilogue/Epilogue/Epilogue.xcodeproj -experimental-emit-module-separately -disable-cmo

SwiftDriverJobDiscovery normal x86_64 Compiling TopKLogitsWarper.swift (in target 'TensorUtils' from project 'swift-transformers')

SwiftCompile normal arm64 Compiling\ OptionGroup.swift,\ AsyncParsableCommand.swift,\ CommandConfiguration.swift,\ CommandGroup.swift /Users/kris/Epilogue/build/SourcePackages/checkouts/swift-argument-parser/Sources/ArgumentParser/Parsable\ Properties/OptionGroup.swift /Users/kris/Epilogue/build/SourcePackages/checkouts/swift-argument-parser/Sources/ArgumentParser/Parsable\ Types/AsyncParsableCommand.swift /Users/kris/Epilogue/build/SourcePackages/checkouts/swift-argument-parser/Sources/ArgumentParser/Parsable\ Types/CommandConfiguration.swift /Users/kris/Epilogue/build/SourcePackages/checkouts/swift-argument-parser/Sources/ArgumentParser/Parsable\ Types/CommandGroup.swift (in target 'ArgumentParser' from project 'swift-argument-parser')

SwiftCompile normal arm64 /Users/kris/Epilogue/build/SourcePackages/checkouts/swift-argument-parser/Sources/ArgumentParser/Parsable\ Properties/OptionGroup.swift (in target 'ArgumentParser' from project 'swift-argument-parser')
    cd /Users/kris/Epilogue/Epilogue/Epilogue.xcodeproj
    

SwiftCompile normal arm64 /Users/kris/Epilogue/build/SourcePackages/checkouts/swift-argument-parser/Sources/ArgumentParser/Parsable\ Types/AsyncParsableCommand.swift (in target 'ArgumentParser' from project 'swift-argument-parser')
    cd /Users/kris/Epilogue/Epilogue/Epilogue.xcodeproj
    

SwiftCompile normal arm64 /Users/kris/Epilogue/build/SourcePackages/checkouts/swift-argument-parser/Sources/ArgumentParser/Parsable\ Types/CommandConfiguration.swift (in target 'ArgumentParser' from project 'swift-argument-parser')
    cd /Users/kris/Epilogue/Epilogue/Epilogue.xcodeproj
    

SwiftCompile normal arm64 /Users/kris/Epilogue/build/SourcePackages/checkouts/swift-argument-parser/Sources/ArgumentParser/Parsable\ Types/CommandGroup.swift (in target 'ArgumentParser' from project 'swift-argument-parser')
    cd /Users/kris/Epilogue/Epilogue/Epilogue.xcodeproj
    

SwiftCompile normal x86_64 Compiling\ ArgumentDiscussion.swift,\ ArgumentHelp.swift,\ ArgumentVisibility.swift,\ CompletionKind.swift /Users/kris/Epilogue/build/SourcePackages/checkouts/swift-argument-parser/Sources/ArgumentParser/Parsable\ Properties/ArgumentDiscussion.swift /Users/kris/Epilogue/build/SourcePackages/checkouts/swift-argument-parser/Sources/ArgumentParser/Parsable\ Properties/ArgumentHelp.swift /Users/kris/Epilogue/build/SourcePackages/checkouts/swift-argument-parser/Sources/ArgumentParser/Parsable\ Properties/ArgumentVisibility.swift /Users/kris/Epilogue/build/SourcePackages/checkouts/swift-argument-parser/Sources/ArgumentParser/Parsable\ Properties/CompletionKind.swift (in target 'ArgumentParser' from project 'swift-argument-parser')

SwiftCompile normal x86_64 /Users/kris/Epilogue/build/SourcePackages/checkouts/swift-argument-parser/Sources/ArgumentParser/Parsable\ Properties/ArgumentDiscussion.swift (in target 'ArgumentParser' from project 'swift-argument-parser')
    cd /Users/kris/Epilogue/Epilogue/Epilogue.xcodeproj
    

SwiftCompile normal x86_64 /Users/kris/Epilogue/build/SourcePackages/checkouts/swift-argument-parser/Sources/ArgumentParser/Parsable\ Properties/ArgumentHelp.swift (in target 'ArgumentParser' from project 'swift-argument-parser')
    cd /Users/kris/Epilogue/Epilogue/Epilogue.xcodeproj
    

SwiftCompile normal x86_64 /Users/kris/Epilogue/build/SourcePackages/checkouts/swift-argument-parser/Sources/ArgumentParser/Parsable\ Properties/ArgumentVisibility.swift (in target 'ArgumentParser' from project 'swift-argument-parser')
    cd /Users/kris/Epilogue/Epilogue/Epilogue.xcodeproj
    

SwiftCompile normal x86_64 /Users/kris/Epilogue/build/SourcePackages/checkouts/swift-argument-parser/Sources/ArgumentParser/Parsable\ Properties/CompletionKind.swift (in target 'ArgumentParser' from project 'swift-argument-parser')
    cd /Users/kris/Epilogue/Epilogue/Epilogue.xcodeproj
    

SwiftDriverJobDiscovery normal x86_64 Compiling Math.swift (in target 'TensorUtils' from project 'swift-transformers')

SwiftDriver\ Compilation TensorUtils normal x86_64 com.apple.xcode.tools.swift.compiler (in target 'TensorUtils' from project 'swift-transformers')
    cd /Users/kris/Epilogue/Epilogue/Epilogue.xcodeproj
    builtin-Swift-Compilation -- /Applications/Xcode-beta.app/Contents/Developer/Toolchains/XcodeDefault.xctoolchain/usr/bin/swiftc -module-name TensorUtils -Onone -enforce-exclusivity\=checked @/Users/kris/Epilogue/build/Build/Intermediates.noindex/swift-transformers.build/Debug-iphonesimulator/TensorUtils.build/Objects-normal/x86_64/TensorUtils.SwiftFileList -DSWIFT_PACKAGE -DDEBUG -DSWIFT_MODULE_RESOURCE_BUNDLE_UNAVAILABLE -DXcode -plugin-path /Applications/Xcode-beta.app/Contents/Developer/Toolchains/XcodeDefault.xctoolchain/usr/lib/swift/host/plugins/testing -enable-experimental-feature DebugDescriptionMacro -sdk /Applications/Xcode-beta.app/Contents/Developer/Platforms/iPhoneSimulator.platform/Developer/SDKs/iPhoneSimulator26.0.sdk -target x86_64-apple-ios16.0-simulator -g -module-cache-path /Users/kris/Epilogue/build/ModuleCache.noindex -Xfrontend -serialize-debugging-options -profile-coverage-mapping -profile-generate -enable-testing -suppress-warnings -index-store-path /Users/kris/Epilogue/build/Index.noindex/DataStore -Xcc -D_LIBCPP_HARDENING_MODE\=_LIBCPP_HARDENING_MODE_DEBUG -swift-version 5 -I /Users/kris/Epilogue/build/Build/Products/Debug-iphonesimulator -Isystem /Applications/Xcode-beta.app/Contents/Developer/Platforms/iPhoneSimulator.platform/Developer/usr/lib -F /Users/kris/Epilogue/build/Build/Products/Debug-iphonesimulator -F /Applications/Xcode-beta.app/Contents/Developer/Platforms/iPhoneSimulator.platform/Developer/Library/Frameworks -F /Applications/Xcode-beta.app/Contents/Developer/Platforms/iPhoneSimulator.platform/Developer/SDKs/iPhoneSimulator26.0.sdk/Developer/Library/Frameworks -c -j12 -enable-batch-mode -incremental -Xcc -ivfsstatcache -Xcc /Users/kris/Epilogue/build/SDKStatCaches.noindex/iphonesimulator26.0-23A5297f-3885c01c3e6b6a337905948deab2002efc862078e33f881139a9d2f83bd1a9d0.sdkstatcache -output-file-map /Users/kris/Epilogue/build/Build/Intermediates.noindex/swift-transformers.build/Debug-iphonesimulator/TensorUtils.build/Objects-normal/x86_64/TensorUtils-OutputFileMap.json -use-frontend-parseable-output -save-temps -no-color-diagnostics -explicit-module-build -module-cache-path /Users/kris/Epilogue/build/Build/Intermediates.noindex/SwiftExplicitPrecompiledModules -clang-scanner-module-cache-path /Users/kris/Epilogue/build/ModuleCache.noindex -sdk-module-cache-path /Users/kris/Epilogue/build/ModuleCache.noindex -serialize-diagnostics -emit-dependencies -emit-module -emit-module-path /Users/kris/Epilogue/build/Build/Intermediates.noindex/swift-transformers.build/Debug-iphonesimulator/TensorUtils.build/Objects-normal/x86_64/TensorUtils.swiftmodule -validate-clang-modules-once -clang-build-session-file /Users/kris/Epilogue/build/ModuleCache.noindex/Session.modulevalidation -Xcc -I/Users/kris/Epilogue/build/Build/Intermediates.noindex/swift-transformers.build/Debug-iphonesimulator/TensorUtils.build/swift-overrides.hmap -emit-const-values -Xfrontend -const-gather-protocols-file -Xfrontend /Users/kris/Epilogue/build/Build/Intermediates.noindex/swift-transformers.build/Debug-iphonesimulator/TensorUtils.build/Objects-normal/x86_64/TensorUtils_const_extract_protocols.json -Xcc -I/Users/kris/Epilogue/build/Build/Products/Debug-iphonesimulator/include -Xcc -I/Users/kris/Epilogue/build/Build/Intermediates.noindex/swift-transformers.build/Debug-iphonesimulator/TensorUtils.build/DerivedSources-normal/x86_64 -Xcc -I/Users/kris/Epilogue/build/Build/Intermediates.noindex/swift-transformers.build/Debug-iphonesimulator/TensorUtils.build/DerivedSources/x86_64 -Xcc -I/Users/kris/Epilogue/build/Build/Intermediates.noindex/swift-transformers.build/Debug-iphonesimulator/TensorUtils.build/DerivedSources -Xcc -DSWIFT_PACKAGE -Xcc -DDEBUG\=1 -emit-objc-header -emit-objc-header-path /Users/kris/Epilogue/build/Build/Intermediates.noindex/swift-transformers.build/Debug-iphonesimulator/TensorUtils.build/Objects-normal/x86_64/TensorUtils-Swift.h -working-directory /Users/kris/Epilogue/Epilogue/Epilogue.xcodeproj -experimental-emit-module-separately -disable-cmo

SwiftDriverJobDiscovery normal arm64 Compiling StringExtensions.swift, SwiftExtensions.swift, Tree.swift, CodingKeyValidator.swift (in target 'ArgumentParser' from project 'swift-argument-parser')

SwiftCompile normal x86_64 Compiling\ StringExtensions.swift,\ SwiftExtensions.swift,\ Tree.swift,\ CodingKeyValidator.swift /Users/kris/Epilogue/build/SourcePackages/checkouts/swift-argument-parser/Sources/ArgumentParser/Utilities/StringExtensions.swift /Users/kris/Epilogue/build/SourcePackages/checkouts/swift-argument-parser/Sources/ArgumentParser/Utilities/SwiftExtensions.swift /Users/kris/Epilogue/build/SourcePackages/checkouts/swift-argument-parser/Sources/ArgumentParser/Utilities/Tree.swift /Users/kris/Epilogue/build/SourcePackages/checkouts/swift-argument-parser/Sources/ArgumentParser/Validators/CodingKeyValidator.swift (in target 'ArgumentParser' from project 'swift-argument-parser')

SwiftCompile normal x86_64 /Users/kris/Epilogue/build/SourcePackages/checkouts/swift-argument-parser/Sources/ArgumentParser/Utilities/StringExtensions.swift (in target 'ArgumentParser' from project 'swift-argument-parser')
    cd /Users/kris/Epilogue/Epilogue/Epilogue.xcodeproj
    

SwiftCompile normal x86_64 /Users/kris/Epilogue/build/SourcePackages/checkouts/swift-argument-parser/Sources/ArgumentParser/Utilities/SwiftExtensions.swift (in target 'ArgumentParser' from project 'swift-argument-parser')
    cd /Users/kris/Epilogue/Epilogue/Epilogue.xcodeproj
    

SwiftCompile normal x86_64 /Users/kris/Epilogue/build/SourcePackages/checkouts/swift-argument-parser/Sources/ArgumentParser/Utilities/Tree.swift (in target 'ArgumentParser' from project 'swift-argument-parser')
    cd /Users/kris/Epilogue/Epilogue/Epilogue.xcodeproj
    

SwiftCompile normal x86_64 /Users/kris/Epilogue/build/SourcePackages/checkouts/swift-argument-parser/Sources/ArgumentParser/Validators/CodingKeyValidator.swift (in target 'ArgumentParser' from project 'swift-argument-parser')
    cd /Users/kris/Epilogue/Epilogue/Epilogue.xcodeproj
    

SwiftCompile normal arm64 Compiling\ BashCompletionsGenerator.swift,\ CompletionsGenerator.swift,\ FishCompletionsGenerator.swift,\ ZshCompletionsGenerator.swift,\ Argument.swift /Users/kris/Epilogue/build/SourcePackages/checkouts/swift-argument-parser/Sources/ArgumentParser/Completions/BashCompletionsGenerator.swift /Users/kris/Epilogue/build/SourcePackages/checkouts/swift-argument-parser/Sources/ArgumentParser/Completions/CompletionsGenerator.swift /Users/kris/Epilogue/build/SourcePackages/checkouts/swift-argument-parser/Sources/ArgumentParser/Completions/FishCompletionsGenerator.swift /Users/kris/Epilogue/build/SourcePackages/checkouts/swift-argument-parser/Sources/ArgumentParser/Completions/ZshCompletionsGenerator.swift /Users/kris/Epilogue/build/SourcePackages/checkouts/swift-argument-parser/Sources/ArgumentParser/Parsable\ Properties/Argument.swift (in target 'ArgumentParser' from project 'swift-argument-parser')
SwiftCompile normal arm64 /Users/kris/Epilogue/build/SourcePackages/checkouts/swift-argument-parser/Sources/ArgumentParser/Completions/BashCompletionsGenerator.swift (in target 'ArgumentParser' from project 'swift-argument-parser')
    cd /Users/kris/Epilogue/Epilogue/Epilogue.xcodeproj
    

SwiftCompile normal arm64 /Users/kris/Epilogue/build/SourcePackages/checkouts/swift-argument-parser/Sources/ArgumentParser/Completions/CompletionsGenerator.swift (in target 'ArgumentParser' from project 'swift-argument-parser')
    cd /Users/kris/Epilogue/Epilogue/Epilogue.xcodeproj
    

SwiftCompile normal arm64 /Users/kris/Epilogue/build/SourcePackages/checkouts/swift-argument-parser/Sources/ArgumentParser/Completions/FishCompletionsGenerator.swift (in target 'ArgumentParser' from project 'swift-argument-parser')
    cd /Users/kris/Epilogue/Epilogue/Epilogue.xcodeproj
    

SwiftCompile normal arm64 /Users/kris/Epilogue/build/SourcePackages/checkouts/swift-argument-parser/Sources/ArgumentParser/Completions/ZshCompletionsGenerator.swift (in target 'ArgumentParser' from project 'swift-argument-parser')
    cd /Users/kris/Epilogue/Epilogue/Epilogue.xcodeproj
    

SwiftCompile normal arm64 /Users/kris/Epilogue/build/SourcePackages/checkouts/swift-argument-parser/Sources/ArgumentParser/Parsable\ Properties/Argument.swift (in target 'ArgumentParser' from project 'swift-argument-parser')
    cd /Users/kris/Epilogue/Epilogue/Epilogue.xcodeproj
    

SwiftDriverJobDiscovery normal x86_64 Compiling EnumerableFlag.swift, ExpressibleByArgument.swift, ParsableArguments.swift, ParsableCommand.swift (in target 'ArgumentParser' from project 'swift-argument-parser')

SwiftCompile normal arm64 Compiling\ CollectionExtensions.swift,\ Mutex.swift,\ Platform.swift,\ SequenceExtensions.swift /Users/kris/Epilogue/build/SourcePackages/checkouts/swift-argument-parser/Sources/ArgumentParser/Utilities/CollectionExtensions.swift /Users/kris/Epilogue/build/SourcePackages/checkouts/swift-argument-parser/Sources/ArgumentParser/Utilities/Mutex.swift /Users/kris/Epilogue/build/SourcePackages/checkouts/swift-argument-parser/Sources/ArgumentParser/Utilities/Platform.swift /Users/kris/Epilogue/build/SourcePackages/checkouts/swift-argument-parser/Sources/ArgumentParser/Utilities/SequenceExtensions.swift (in target 'ArgumentParser' from project 'swift-argument-parser')

SwiftCompile normal arm64 /Users/kris/Epilogue/build/SourcePackages/checkouts/swift-argument-parser/Sources/ArgumentParser/Utilities/CollectionExtensions.swift (in target 'ArgumentParser' from project 'swift-argument-parser')
    cd /Users/kris/Epilogue/Epilogue/Epilogue.xcodeproj
    

SwiftCompile normal arm64 /Users/kris/Epilogue/build/SourcePackages/checkouts/swift-argument-parser/Sources/ArgumentParser/Utilities/Mutex.swift (in target 'ArgumentParser' from project 'swift-argument-parser')
    cd /Users/kris/Epilogue/Epilogue/Epilogue.xcodeproj
    

SwiftCompile normal arm64 /Users/kris/Epilogue/build/SourcePackages/checkouts/swift-argument-parser/Sources/ArgumentParser/Utilities/Platform.swift (in target 'ArgumentParser' from project 'swift-argument-parser')
    cd /Users/kris/Epilogue/Epilogue/Epilogue.xcodeproj
    

SwiftCompile normal arm64 /Users/kris/Epilogue/build/SourcePackages/checkouts/swift-argument-parser/Sources/ArgumentParser/Utilities/SequenceExtensions.swift (in target 'ArgumentParser' from project 'swift-argument-parser')
    cd /Users/kris/Epilogue/Epilogue/Epilogue.xcodeproj
    

SwiftDriverJobDiscovery normal arm64 Compiling OptionGroup.swift, AsyncParsableCommand.swift, CommandConfiguration.swift, CommandGroup.swift (in target 'ArgumentParser' from project 'swift-argument-parser')

SwiftCompile normal arm64 Compiling\ ArgumentDiscussion.swift,\ ArgumentHelp.swift,\ ArgumentVisibility.swift,\ CompletionKind.swift /Users/kris/Epilogue/build/SourcePackages/checkouts/swift-argument-parser/Sources/ArgumentParser/Parsable\ Properties/ArgumentDiscussion.swift /Users/kris/Epilogue/build/SourcePackages/checkouts/swift-argument-parser/Sources/ArgumentParser/Parsable\ Properties/ArgumentHelp.swift /Users/kris/Epilogue/build/SourcePackages/checkouts/swift-argument-parser/Sources/ArgumentParser/Parsable\ Properties/ArgumentVisibility.swift /Users/kris/Epilogue/build/SourcePackages/checkouts/swift-argument-parser/Sources/ArgumentParser/Parsable\ Properties/CompletionKind.swift (in target 'ArgumentParser' from project 'swift-argument-parser')

SwiftCompile normal arm64 /Users/kris/Epilogue/build/SourcePackages/checkouts/swift-argument-parser/Sources/ArgumentParser/Parsable\ Properties/ArgumentDiscussion.swift (in target 'ArgumentParser' from project 'swift-argument-parser')
    cd /Users/kris/Epilogue/Epilogue/Epilogue.xcodeproj
    

SwiftCompile normal arm64 /Users/kris/Epilogue/build/SourcePackages/checkouts/swift-argument-parser/Sources/ArgumentParser/Parsable\ Properties/ArgumentHelp.swift (in target 'ArgumentParser' from project 'swift-argument-parser')
    cd /Users/kris/Epilogue/Epilogue/Epilogue.xcodeproj
    

SwiftCompile normal arm64 /Users/kris/Epilogue/build/SourcePackages/checkouts/swift-argument-parser/Sources/ArgumentParser/Parsable\ Properties/ArgumentVisibility.swift (in target 'ArgumentParser' from project 'swift-argument-parser')
    cd /Users/kris/Epilogue/Epilogue/Epilogue.xcodeproj
    

SwiftCompile normal arm64 /Users/kris/Epilogue/build/SourcePackages/checkouts/swift-argument-parser/Sources/ArgumentParser/Parsable\ Properties/CompletionKind.swift (in target 'ArgumentParser' from project 'swift-argument-parser')
    cd /Users/kris/Epilogue/Epilogue/Epilogue.xcodeproj
    

SwiftDriverJobDiscovery normal x86_64 Compiling ArgumentDiscussion.swift, ArgumentHelp.swift, ArgumentVisibility.swift, CompletionKind.swift (in target 'ArgumentParser' from project 'swift-argument-parser')

SwiftCompile normal x86_64 Compiling\ HelpCommand.swift,\ HelpGenerator.swift,\ MessageInfo.swift,\ UsageGenerator.swift /Users/kris/Epilogue/build/SourcePackages/checkouts/swift-argument-parser/Sources/ArgumentParser/Usage/HelpCommand.swift /Users/kris/Epilogue/build/SourcePackages/checkouts/swift-argument-parser/Sources/ArgumentParser/Usage/HelpGenerator.swift /Users/kris/Epilogue/build/SourcePackages/checkouts/swift-argument-parser/Sources/ArgumentParser/Usage/MessageInfo.swift /Users/kris/Epilogue/build/SourcePackages/checkouts/swift-argument-parser/Sources/ArgumentParser/Usage/UsageGenerator.swift (in target 'ArgumentParser' from project 'swift-argument-parser')
SwiftCompile normal x86_64 /Users/kris/Epilogue/build/SourcePackages/checkouts/swift-argument-parser/Sources/ArgumentParser/Usage/HelpCommand.swift (in target 'ArgumentParser' from project 'swift-argument-parser')
    cd /Users/kris/Epilogue/Epilogue/Epilogue.xcodeproj
    

SwiftCompile normal x86_64 /Users/kris/Epilogue/build/SourcePackages/checkouts/swift-argument-parser/Sources/ArgumentParser/Usage/HelpGenerator.swift (in target 'ArgumentParser' from project 'swift-argument-parser')
    cd /Users/kris/Epilogue/Epilogue/Epilogue.xcodeproj
    

SwiftCompile normal x86_64 /Users/kris/Epilogue/build/SourcePackages/checkouts/swift-argument-parser/Sources/ArgumentParser/Usage/MessageInfo.swift (in target 'ArgumentParser' from project 'swift-argument-parser')
    cd /Users/kris/Epilogue/Epilogue/Epilogue.xcodeproj
    

SwiftCompile normal x86_64 /Users/kris/Epilogue/build/SourcePackages/checkouts/swift-argument-parser/Sources/ArgumentParser/Usage/UsageGenerator.swift (in target 'ArgumentParser' from project 'swift-argument-parser')
    cd /Users/kris/Epilogue/Epilogue/Epilogue.xcodeproj
    

SwiftDriverJobDiscovery normal arm64 Compiling NonsenseFlagsValidator.swift, ParsableArgumentsValidation.swift, PositionalArgumentsValidator.swift, UniqueNamesValidator.swift (in target 'ArgumentParser' from project 'swift-argument-parser')

SwiftCompile normal x86_64 Compiling\ InputKey.swift,\ InputOrigin.swift,\ Name.swift,\ Parsed.swift /Users/kris/Epilogue/build/SourcePackages/checkouts/swift-argument-parser/Sources/ArgumentParser/Parsing/InputKey.swift /Users/kris/Epilogue/build/SourcePackages/checkouts/swift-argument-parser/Sources/ArgumentParser/Parsing/InputOrigin.swift /Users/kris/Epilogue/build/SourcePackages/checkouts/swift-argument-parser/Sources/ArgumentParser/Parsing/Name.swift /Users/kris/Epilogue/build/SourcePackages/checkouts/swift-argument-parser/Sources/ArgumentParser/Parsing/Parsed.swift (in target 'ArgumentParser' from project 'swift-argument-parser')

SwiftCompile normal x86_64 /Users/kris/Epilogue/build/SourcePackages/checkouts/swift-argument-parser/Sources/ArgumentParser/Parsing/InputKey.swift (in target 'ArgumentParser' from project 'swift-argument-parser')
    cd /Users/kris/Epilogue/Epilogue/Epilogue.xcodeproj
    

SwiftCompile normal x86_64 /Users/kris/Epilogue/build/SourcePackages/checkouts/swift-argument-parser/Sources/ArgumentParser/Parsing/InputOrigin.swift (in target 'ArgumentParser' from project 'swift-argument-parser')
    cd /Users/kris/Epilogue/Epilogue/Epilogue.xcodeproj
    

SwiftCompile normal x86_64 /Users/kris/Epilogue/build/SourcePackages/checkouts/swift-argument-parser/Sources/ArgumentParser/Parsing/Name.swift (in target 'ArgumentParser' from project 'swift-argument-parser')
    cd /Users/kris/Epilogue/Epilogue/Epilogue.xcodeproj
    

SwiftCompile normal x86_64 /Users/kris/Epilogue/build/SourcePackages/checkouts/swift-argument-parser/Sources/ArgumentParser/Parsing/Parsed.swift (in target 'ArgumentParser' from project 'swift-argument-parser')
    cd /Users/kris/Epilogue/Epilogue/Epilogue.xcodeproj
    

SwiftDriverJobDiscovery normal arm64 Compiling ArgumentDiscussion.swift, ArgumentHelp.swift, ArgumentVisibility.swift, CompletionKind.swift (in target 'ArgumentParser' from project 'swift-argument-parser')

SwiftCompile normal x86_64 Compiling\ ParsedValues.swift,\ ParserError.swift,\ SplitArguments.swift,\ DumpHelpGenerator.swift /Users/kris/Epilogue/build/SourcePackages/checkouts/swift-argument-parser/Sources/ArgumentParser/Parsing/ParsedValues.swift /Users/kris/Epilogue/build/SourcePackages/checkouts/swift-argument-parser/Sources/ArgumentParser/Parsing/ParserError.swift /Users/kris/Epilogue/build/SourcePackages/checkouts/swift-argument-parser/Sources/ArgumentParser/Parsing/SplitArguments.swift /Users/kris/Epilogue/build/SourcePackages/checkouts/swift-argument-parser/Sources/ArgumentParser/Usage/DumpHelpGenerator.swift (in target 'ArgumentParser' from project 'swift-argument-parser')

SwiftCompile normal x86_64 /Users/kris/Epilogue/build/SourcePackages/checkouts/swift-argument-parser/Sources/ArgumentParser/Parsing/ParsedValues.swift (in target 'ArgumentParser' from project 'swift-argument-parser')
    cd /Users/kris/Epilogue/Epilogue/Epilogue.xcodeproj
    

SwiftCompile normal x86_64 /Users/kris/Epilogue/build/SourcePackages/checkouts/swift-argument-parser/Sources/ArgumentParser/Parsing/ParserError.swift (in target 'ArgumentParser' from project 'swift-argument-parser')
    cd /Users/kris/Epilogue/Epilogue/Epilogue.xcodeproj
    

SwiftCompile normal x86_64 /Users/kris/Epilogue/build/SourcePackages/checkouts/swift-argument-parser/Sources/ArgumentParser/Parsing/SplitArguments.swift (in target 'ArgumentParser' from project 'swift-argument-parser')
    cd /Users/kris/Epilogue/Epilogue/Epilogue.xcodeproj
    

SwiftCompile normal x86_64 /Users/kris/Epilogue/build/SourcePackages/checkouts/swift-argument-parser/Sources/ArgumentParser/Usage/DumpHelpGenerator.swift (in target 'ArgumentParser' from project 'swift-argument-parser')
    cd /Users/kris/Epilogue/Epilogue/Epilogue.xcodeproj
    

SwiftDriverJobDiscovery normal arm64 Compiling HelpCommand.swift, HelpGenerator.swift, MessageInfo.swift, UsageGenerator.swift (in target 'ArgumentParser' from project 'swift-argument-parser')

SwiftCompile normal x86_64 Compiling\ CollectionExtensions.swift,\ Mutex.swift,\ Platform.swift,\ SequenceExtensions.swift /Users/kris/Epilogue/build/SourcePackages/checkouts/swift-argument-parser/Sources/ArgumentParser/Utilities/CollectionExtensions.swift /Users/kris/Epilogue/build/SourcePackages/checkouts/swift-argument-parser/Sources/ArgumentParser/Utilities/Mutex.swift /Users/kris/Epilogue/build/SourcePackages/checkouts/swift-argument-parser/Sources/ArgumentParser/Utilities/Platform.swift /Users/kris/Epilogue/build/SourcePackages/checkouts/swift-argument-parser/Sources/ArgumentParser/Utilities/SequenceExtensions.swift (in target 'ArgumentParser' from project 'swift-argument-parser')

SwiftCompile normal x86_64 /Users/kris/Epilogue/build/SourcePackages/checkouts/swift-argument-parser/Sources/ArgumentParser/Utilities/CollectionExtensions.swift (in target 'ArgumentParser' from project 'swift-argument-parser')
    cd /Users/kris/Epilogue/Epilogue/Epilogue.xcodeproj
    

SwiftCompile normal x86_64 /Users/kris/Epilogue/build/SourcePackages/checkouts/swift-argument-parser/Sources/ArgumentParser/Utilities/Mutex.swift (in target 'ArgumentParser' from project 'swift-argument-parser')
    cd /Users/kris/Epilogue/Epilogue/Epilogue.xcodeproj
    

SwiftCompile normal x86_64 /Users/kris/Epilogue/build/SourcePackages/checkouts/swift-argument-parser/Sources/ArgumentParser/Utilities/Platform.swift (in target 'ArgumentParser' from project 'swift-argument-parser')
    cd /Users/kris/Epilogue/Epilogue/Epilogue.xcodeproj
    

SwiftCompile normal x86_64 /Users/kris/Epilogue/build/SourcePackages/checkouts/swift-argument-parser/Sources/ArgumentParser/Utilities/SequenceExtensions.swift (in target 'ArgumentParser' from project 'swift-argument-parser')
    cd /Users/kris/Epilogue/Epilogue/Epilogue.xcodeproj
    

SwiftDriverJobDiscovery normal arm64 Compiling CollectionExtensions.swift, Mutex.swift, Platform.swift, SequenceExtensions.swift (in target 'ArgumentParser' from project 'swift-argument-parser')

SwiftCompile normal x86_64 Compiling\ NonsenseFlagsValidator.swift,\ ParsableArgumentsValidation.swift,\ PositionalArgumentsValidator.swift,\ UniqueNamesValidator.swift /Users/kris/Epilogue/build/SourcePackages/checkouts/swift-argument-parser/Sources/ArgumentParser/Validators/NonsenseFlagsValidator.swift /Users/kris/Epilogue/build/SourcePackages/checkouts/swift-argument-parser/Sources/ArgumentParser/Validators/ParsableArgumentsValidation.swift /Users/kris/Epilogue/build/SourcePackages/checkouts/swift-argument-parser/Sources/ArgumentParser/Validators/PositionalArgumentsValidator.swift /Users/kris/Epilogue/build/SourcePackages/checkouts/swift-argument-parser/Sources/ArgumentParser/Validators/UniqueNamesValidator.swift (in target 'ArgumentParser' from project 'swift-argument-parser')

SwiftCompile normal x86_64 /Users/kris/Epilogue/build/SourcePackages/checkouts/swift-argument-parser/Sources/ArgumentParser/Validators/NonsenseFlagsValidator.swift (in target 'ArgumentParser' from project 'swift-argument-parser')
    cd /Users/kris/Epilogue/Epilogue/Epilogue.xcodeproj
    

SwiftCompile normal x86_64 /Users/kris/Epilogue/build/SourcePackages/checkouts/swift-argument-parser/Sources/ArgumentParser/Validators/ParsableArgumentsValidation.swift (in target 'ArgumentParser' from project 'swift-argument-parser')
    cd /Users/kris/Epilogue/Epilogue/Epilogue.xcodeproj
    

SwiftCompile normal x86_64 /Users/kris/Epilogue/build/SourcePackages/checkouts/swift-argument-parser/Sources/ArgumentParser/Validators/PositionalArgumentsValidator.swift (in target 'ArgumentParser' from project 'swift-argument-parser')
    cd /Users/kris/Epilogue/Epilogue/Epilogue.xcodeproj
    

SwiftCompile normal x86_64 /Users/kris/Epilogue/build/SourcePackages/checkouts/swift-argument-parser/Sources/ArgumentParser/Validators/UniqueNamesValidator.swift (in target 'ArgumentParser' from project 'swift-argument-parser')
    cd /Users/kris/Epilogue/Epilogue/Epilogue.xcodeproj
    

SwiftDriverJobDiscovery normal x86_64 Compiling UIImageColors.swift (in target 'UIImageColors' from project 'UIImageColors')

SwiftDriver\ Compilation UIImageColors normal x86_64 com.apple.xcode.tools.swift.compiler (in target 'UIImageColors' from project 'UIImageColors')
    cd /Users/kris/Epilogue/Epilogue/Epilogue.xcodeproj
    builtin-Swift-Compilation -- /Applications/Xcode-beta.app/Contents/Developer/Toolchains/XcodeDefault.xctoolchain/usr/bin/swiftc -module-name UIImageColors -Onone -enforce-exclusivity\=checked @/Users/kris/Epilogue/build/Build/Intermediates.noindex/UIImageColors.build/Debug-iphonesimulator/UIImageColors.build/Objects-normal/x86_64/UIImageColors.SwiftFileList -DSWIFT_PACKAGE -DDEBUG -DSWIFT_MODULE_RESOURCE_BUNDLE_UNAVAILABLE -DXcode -plugin-path /Applications/Xcode-beta.app/Contents/Developer/Toolchains/XcodeDefault.xctoolchain/usr/lib/swift/host/plugins/testing -enable-experimental-feature DebugDescriptionMacro -sdk /Applications/Xcode-beta.app/Contents/Developer/Platforms/iPhoneSimulator.platform/Developer/SDKs/iPhoneSimulator26.0.sdk -target x86_64-apple-ios12.0-simulator -g -module-cache-path /Users/kris/Epilogue/build/ModuleCache.noindex -Xfrontend -serialize-debugging-options -profile-coverage-mapping -profile-generate -enable-testing -suppress-warnings -index-store-path /Users/kris/Epilogue/build/Index.noindex/DataStore -Xcc -D_LIBCPP_HARDENING_MODE\=_LIBCPP_HARDENING_MODE_DEBUG -swift-version 5 -I /Users/kris/Epilogue/build/Build/Products/Debug-iphonesimulator -Isystem /Applications/Xcode-beta.app/Contents/Developer/Platforms/iPhoneSimulator.platform/Developer/usr/lib -F /Users/kris/Epilogue/build/Build/Products/Debug-iphonesimulator -F /Applications/Xcode-beta.app/Contents/Developer/Platforms/iPhoneSimulator.platform/Developer/Library/Frameworks -F /Applications/Xcode-beta.app/Contents/Developer/Platforms/iPhoneSimulator.platform/Developer/SDKs/iPhoneSimulator26.0.sdk/Developer/Library/Frameworks -parse-as-library -c -j12 -enable-batch-mode -incremental -Xcc -ivfsstatcache -Xcc /Users/kris/Epilogue/build/SDKStatCaches.noindex/iphonesimulator26.0-23A5297f-3885c01c3e6b6a337905948deab2002efc862078e33f881139a9d2f83bd1a9d0.sdkstatcache -output-file-map /Users/kris/Epilogue/build/Build/Intermediates.noindex/UIImageColors.build/Debug-iphonesimulator/UIImageColors.build/Objects-normal/x86_64/UIImageColors-OutputFileMap.json -use-frontend-parseable-output -save-temps -no-color-diagnostics -explicit-module-build -module-cache-path /Users/kris/Epilogue/build/Build/Intermediates.noindex/SwiftExplicitPrecompiledModules -clang-scanner-module-cache-path /Users/kris/Epilogue/build/ModuleCache.noindex -sdk-module-cache-path /Users/kris/Epilogue/build/ModuleCache.noindex -serialize-diagnostics -emit-dependencies -emit-module -emit-module-path /Users/kris/Epilogue/build/Build/Intermediates.noindex/UIImageColors.build/Debug-iphonesimulator/UIImageColors.build/Objects-normal/x86_64/UIImageColors.swiftmodule -validate-clang-modules-once -clang-build-session-file /Users/kris/Epilogue/build/ModuleCache.noindex/Session.modulevalidation -Xcc -I/Users/kris/Epilogue/build/Build/Intermediates.noindex/UIImageColors.build/Debug-iphonesimulator/UIImageColors.build/swift-overrides.hmap -emit-const-values -Xfrontend -const-gather-protocols-file -Xfrontend /Users/kris/Epilogue/build/Build/Intermediates.noindex/UIImageColors.build/Debug-iphonesimulator/UIImageColors.build/Objects-normal/x86_64/UIImageColors_const_extract_protocols.json -Xcc -I/Users/kris/Epilogue/build/Build/Products/Debug-iphonesimulator/include -Xcc -I/Users/kris/Epilogue/build/Build/Intermediates.noindex/UIImageColors.build/Debug-iphonesimulator/UIImageColors.build/DerivedSources-normal/x86_64 -Xcc -I/Users/kris/Epilogue/build/Build/Intermediates.noindex/UIImageColors.build/Debug-iphonesimulator/UIImageColors.build/DerivedSources/x86_64 -Xcc -I/Users/kris/Epilogue/build/Build/Intermediates.noindex/UIImageColors.build/Debug-iphonesimulator/UIImageColors.build/DerivedSources -Xcc -DSWIFT_PACKAGE -Xcc -DDEBUG\=1 -emit-objc-header -emit-objc-header-path /Users/kris/Epilogue/build/Build/Intermediates.noindex/UIImageColors.build/Debug-iphonesimulator/UIImageColors.build/Objects-normal/x86_64/UIImageColors-Swift.h -working-directory /Users/kris/Epilogue/Epilogue/Epilogue.xcodeproj -experimental-emit-module-separately -disable-cmo

SwiftDriverJobDiscovery normal x86_64 Compiling BashCompletionsGenerator.swift, CompletionsGenerator.swift, FishCompletionsGenerator.swift, ZshCompletionsGenerator.swift, Argument.swift (in target 'ArgumentParser' from project 'swift-argument-parser')

SwiftCompile normal x86_64 Compiling\ Errors.swift,\ Flag.swift,\ NameSpecification.swift,\ Option.swift /Users/kris/Epilogue/build/SourcePackages/checkouts/swift-argument-parser/Sources/ArgumentParser/Parsable\ Properties/Errors.swift /Users/kris/Epilogue/build/SourcePackages/checkouts/swift-argument-parser/Sources/ArgumentParser/Parsable\ Properties/Flag.swift /Users/kris/Epilogue/build/SourcePackages/checkouts/swift-argument-parser/Sources/ArgumentParser/Parsable\ Properties/NameSpecification.swift /Users/kris/Epilogue/build/SourcePackages/checkouts/swift-argument-parser/Sources/ArgumentParser/Parsable\ Properties/Option.swift (in target 'ArgumentParser' from project 'swift-argument-parser')
SwiftCompile normal x86_64 /Users/kris/Epilogue/build/SourcePackages/checkouts/swift-argument-parser/Sources/ArgumentParser/Parsable\ Properties/Errors.swift (in target 'ArgumentParser' from project 'swift-argument-parser')
    cd /Users/kris/Epilogue/Epilogue/Epilogue.xcodeproj
    

SwiftCompile normal x86_64 /Users/kris/Epilogue/build/SourcePackages/checkouts/swift-argument-parser/Sources/ArgumentParser/Parsable\ Properties/Flag.swift (in target 'ArgumentParser' from project 'swift-argument-parser')
    cd /Users/kris/Epilogue/Epilogue/Epilogue.xcodeproj
    

SwiftCompile normal x86_64 /Users/kris/Epilogue/build/SourcePackages/checkouts/swift-argument-parser/Sources/ArgumentParser/Parsable\ Properties/NameSpecification.swift (in target 'ArgumentParser' from project 'swift-argument-parser')
    cd /Users/kris/Epilogue/Epilogue/Epilogue.xcodeproj
    

SwiftCompile normal x86_64 /Users/kris/Epilogue/build/SourcePackages/checkouts/swift-argument-parser/Sources/ArgumentParser/Parsable\ Properties/Option.swift (in target 'ArgumentParser' from project 'swift-argument-parser')
    cd /Users/kris/Epilogue/Epilogue/Epilogue.xcodeproj
    

SwiftCompile normal arm64 Compiling\ EnumerableFlag.swift,\ ExpressibleByArgument.swift,\ ParsableArguments.swift,\ ParsableCommand.swift /Users/kris/Epilogue/build/SourcePackages/checkouts/swift-argument-parser/Sources/ArgumentParser/Parsable\ Types/EnumerableFlag.swift /Users/kris/Epilogue/build/SourcePackages/checkouts/swift-argument-parser/Sources/ArgumentParser/Parsable\ Types/ExpressibleByArgument.swift /Users/kris/Epilogue/build/SourcePackages/checkouts/swift-argument-parser/Sources/ArgumentParser/Parsable\ Types/ParsableArguments.swift /Users/kris/Epilogue/build/SourcePackages/checkouts/swift-argument-parser/Sources/ArgumentParser/Parsable\ Types/ParsableCommand.swift (in target 'ArgumentParser' from project 'swift-argument-parser')

SwiftCompile normal arm64 /Users/kris/Epilogue/build/SourcePackages/checkouts/swift-argument-parser/Sources/ArgumentParser/Parsable\ Types/EnumerableFlag.swift (in target 'ArgumentParser' from project 'swift-argument-parser')
    cd /Users/kris/Epilogue/Epilogue/Epilogue.xcodeproj
    

SwiftCompile normal arm64 /Users/kris/Epilogue/build/SourcePackages/checkouts/swift-argument-parser/Sources/ArgumentParser/Parsable\ Types/ExpressibleByArgument.swift (in target 'ArgumentParser' from project 'swift-argument-parser')
    cd /Users/kris/Epilogue/Epilogue/Epilogue.xcodeproj
    

SwiftCompile normal arm64 /Users/kris/Epilogue/build/SourcePackages/checkouts/swift-argument-parser/Sources/ArgumentParser/Parsable\ Types/ParsableArguments.swift (in target 'ArgumentParser' from project 'swift-argument-parser')
    cd /Users/kris/Epilogue/Epilogue/Epilogue.xcodeproj
    

SwiftCompile normal arm64 /Users/kris/Epilogue/build/SourcePackages/checkouts/swift-argument-parser/Sources/ArgumentParser/Parsable\ Types/ParsableCommand.swift (in target 'ArgumentParser' from project 'swift-argument-parser')
    cd /Users/kris/Epilogue/Epilogue/Epilogue.xcodeproj
    

SwiftDriverJobDiscovery normal arm64 Compiling UIImageColors.swift (in target 'UIImageColors' from project 'UIImageColors')

SwiftDriver\ Compilation UIImageColors normal arm64 com.apple.xcode.tools.swift.compiler (in target 'UIImageColors' from project 'UIImageColors')
    cd /Users/kris/Epilogue/Epilogue/Epilogue.xcodeproj
    builtin-Swift-Compilation -- /Applications/Xcode-beta.app/Contents/Developer/Toolchains/XcodeDefault.xctoolchain/usr/bin/swiftc -module-name UIImageColors -Onone -enforce-exclusivity\=checked @/Users/kris/Epilogue/build/Build/Intermediates.noindex/UIImageColors.build/Debug-iphonesimulator/UIImageColors.build/Objects-normal/arm64/UIImageColors.SwiftFileList -DSWIFT_PACKAGE -DDEBUG -DSWIFT_MODULE_RESOURCE_BUNDLE_UNAVAILABLE -DXcode -plugin-path /Applications/Xcode-beta.app/Contents/Developer/Toolchains/XcodeDefault.xctoolchain/usr/lib/swift/host/plugins/testing -enable-experimental-feature DebugDescriptionMacro -sdk /Applications/Xcode-beta.app/Contents/Developer/Platforms/iPhoneSimulator.platform/Developer/SDKs/iPhoneSimulator26.0.sdk -target arm64-apple-ios12.0-simulator -g -module-cache-path /Users/kris/Epilogue/build/ModuleCache.noindex -Xfrontend -serialize-debugging-options -profile-coverage-mapping -profile-generate -enable-testing -suppress-warnings -index-store-path /Users/kris/Epilogue/build/Index.noindex/DataStore -Xcc -D_LIBCPP_HARDENING_MODE\=_LIBCPP_HARDENING_MODE_DEBUG -swift-version 5 -I /Users/kris/Epilogue/build/Build/Products/Debug-iphonesimulator -Isystem /Applications/Xcode-beta.app/Contents/Developer/Platforms/iPhoneSimulator.platform/Developer/usr/lib -F /Users/kris/Epilogue/build/Build/Products/Debug-iphonesimulator -F /Applications/Xcode-beta.app/Contents/Developer/Platforms/iPhoneSimulator.platform/Developer/Library/Frameworks -F /Applications/Xcode-beta.app/Contents/Developer/Platforms/iPhoneSimulator.platform/Developer/SDKs/iPhoneSimulator26.0.sdk/Developer/Library/Frameworks -parse-as-library -c -j12 -enable-batch-mode -incremental -Xcc -ivfsstatcache -Xcc /Users/kris/Epilogue/build/SDKStatCaches.noindex/iphonesimulator26.0-23A5297f-3885c01c3e6b6a337905948deab2002efc862078e33f881139a9d2f83bd1a9d0.sdkstatcache -output-file-map /Users/kris/Epilogue/build/Build/Intermediates.noindex/UIImageColors.build/Debug-iphonesimulator/UIImageColors.build/Objects-normal/arm64/UIImageColors-OutputFileMap.json -use-frontend-parseable-output -save-temps -no-color-diagnostics -explicit-module-build -module-cache-path /Users/kris/Epilogue/build/Build/Intermediates.noindex/SwiftExplicitPrecompiledModules -clang-scanner-module-cache-path /Users/kris/Epilogue/build/ModuleCache.noindex -sdk-module-cache-path /Users/kris/Epilogue/build/ModuleCache.noindex -serialize-diagnostics -emit-dependencies -emit-module -emit-module-path /Users/kris/Epilogue/build/Build/Intermediates.noindex/UIImageColors.build/Debug-iphonesimulator/UIImageColors.build/Objects-normal/arm64/UIImageColors.swiftmodule -validate-clang-modules-once -clang-build-session-file /Users/kris/Epilogue/build/ModuleCache.noindex/Session.modulevalidation -Xcc -I/Users/kris/Epilogue/build/Build/Intermediates.noindex/UIImageColors.build/Debug-iphonesimulator/UIImageColors.build/swift-overrides.hmap -emit-const-values -Xfrontend -const-gather-protocols-file -Xfrontend /Users/kris/Epilogue/build/Build/Intermediates.noindex/UIImageColors.build/Debug-iphonesimulator/UIImageColors.build/Objects-normal/arm64/UIImageColors_const_extract_protocols.json -Xcc -I/Users/kris/Epilogue/build/Build/Products/Debug-iphonesimulator/include -Xcc -I/Users/kris/Epilogue/build/Build/Intermediates.noindex/UIImageColors.build/Debug-iphonesimulator/UIImageColors.build/DerivedSources-normal/arm64 -Xcc -I/Users/kris/Epilogue/build/Build/Intermediates.noindex/UIImageColors.build/Debug-iphonesimulator/UIImageColors.build/DerivedSources/arm64 -Xcc -I/Users/kris/Epilogue/build/Build/Intermediates.noindex/UIImageColors.build/Debug-iphonesimulator/UIImageColors.build/DerivedSources -Xcc -DSWIFT_PACKAGE -Xcc -DDEBUG\=1 -emit-objc-header -emit-objc-header-path /Users/kris/Epilogue/build/Build/Intermediates.noindex/UIImageColors.build/Debug-iphonesimulator/UIImageColors.build/Objects-normal/arm64/UIImageColors-Swift.h -working-directory /Users/kris/Epilogue/Epilogue/Epilogue.xcodeproj -experimental-emit-module-separately -disable-cmo

SwiftDriverJobDiscovery normal x86_64 Compiling InputKey.swift, InputOrigin.swift, Name.swift, Parsed.swift (in target 'ArgumentParser' from project 'swift-argument-parser')

SwiftCompile normal arm64 Compiling\ ParsedValues.swift,\ ParserError.swift,\ SplitArguments.swift,\ DumpHelpGenerator.swift /Users/kris/Epilogue/build/SourcePackages/checkouts/swift-argument-parser/Sources/ArgumentParser/Parsing/ParsedValues.swift /Users/kris/Epilogue/build/SourcePackages/checkouts/swift-argument-parser/Sources/ArgumentParser/Parsing/ParserError.swift /Users/kris/Epilogue/build/SourcePackages/checkouts/swift-argument-parser/Sources/ArgumentParser/Parsing/SplitArguments.swift /Users/kris/Epilogue/build/SourcePackages/checkouts/swift-argument-parser/Sources/ArgumentParser/Usage/DumpHelpGenerator.swift (in target 'ArgumentParser' from project 'swift-argument-parser')
SwiftCompile normal arm64 /Users/kris/Epilogue/build/SourcePackages/checkouts/swift-argument-parser/Sources/ArgumentParser/Parsing/ParsedValues.swift (in target 'ArgumentParser' from project 'swift-argument-parser')
    cd /Users/kris/Epilogue/Epilogue/Epilogue.xcodeproj
    

SwiftCompile normal arm64 /Users/kris/Epilogue/build/SourcePackages/checkouts/swift-argument-parser/Sources/ArgumentParser/Parsing/ParserError.swift (in target 'ArgumentParser' from project 'swift-argument-parser')
    cd /Users/kris/Epilogue/Epilogue/Epilogue.xcodeproj
    

SwiftCompile normal arm64 /Users/kris/Epilogue/build/SourcePackages/checkouts/swift-argument-parser/Sources/ArgumentParser/Parsing/SplitArguments.swift (in target 'ArgumentParser' from project 'swift-argument-parser')
    cd /Users/kris/Epilogue/Epilogue/Epilogue.xcodeproj
    

SwiftCompile normal arm64 /Users/kris/Epilogue/build/SourcePackages/checkouts/swift-argument-parser/Sources/ArgumentParser/Usage/DumpHelpGenerator.swift (in target 'ArgumentParser' from project 'swift-argument-parser')
    cd /Users/kris/Epilogue/Epilogue/Epilogue.xcodeproj
    

SwiftDriverJobDiscovery normal arm64 Compiling Errors.swift, Flag.swift, NameSpecification.swift, Option.swift (in target 'ArgumentParser' from project 'swift-argument-parser')

Ld /Users/kris/Epilogue/build/Build/Intermediates.noindex/UIImageColors.build/Debug-iphonesimulator/UIImageColors.build/Objects-normal/x86_64/Binary/UIImageColors.o normal x86_64 (in target 'UIImageColors' from project 'UIImageColors')
    cd /Users/kris/Epilogue/build/SourcePackages/checkouts/UIImageColors
    /Applications/Xcode-beta.app/Contents/Developer/Toolchains/XcodeDefault.xctoolchain/usr/bin/clang -Xlinker -reproducible -target x86_64-apple-ios12.0-simulator -r -isysroot /Applications/Xcode-beta.app/Contents/Developer/Platforms/iPhoneSimulator.platform/Developer/SDKs/iPhoneSimulator26.0.sdk -O0 -w -L/Users/kris/Epilogue/build/Build/Intermediates.noindex/EagerLinkingTBDs/Debug-iphonesimulator -L/Users/kris/Epilogue/build/Build/Products/Debug-iphonesimulator -L/Applications/Xcode-beta.app/Contents/Developer/Platforms/iPhoneSimulator.platform/Developer/usr/lib -F/Users/kris/Epilogue/build/Build/Intermediates.noindex/EagerLinkingTBDs/Debug-iphonesimulator -F/Users/kris/Epilogue/build/Build/Products/Debug-iphonesimulator -iframework /Applications/Xcode-beta.app/Contents/Developer/Platforms/iPhoneSimulator.platform/Developer/Library/Frameworks -iframework /Applications/Xcode-beta.app/Contents/Developer/Platforms/iPhoneSimulator.platform/Developer/SDKs/iPhoneSimulator26.0.sdk/Developer/Library/Frameworks -filelist /Users/kris/Epilogue/build/Build/Intermediates.noindex/UIImageColors.build/Debug-iphonesimulator/UIImageColors.build/Objects-normal/x86_64/UIImageColors.LinkFileList -nostdlib -Xlinker -object_path_lto -Xlinker /Users/kris/Epilogue/build/Build/Intermediates.noindex/UIImageColors.build/Debug-iphonesimulator/UIImageColors.build/Objects-normal/x86_64/UIImageColors_lto.o -rdynamic -Xlinker -no_deduplicate -Xlinker -objc_abi_version -Xlinker 2 -Xlinker -debug_variant -Xlinker -dependency_info -Xlinker /Users/kris/Epilogue/build/Build/Intermediates.noindex/UIImageColors.build/Debug-iphonesimulator/UIImageColors.build/Objects-normal/x86_64/UIImageColors_dependency_info.dat -fobjc-link-runtime -L/Applications/Xcode-beta.app/Contents/Developer/Toolchains/XcodeDefault.xctoolchain/usr/lib/swift/iphonesimulator -L/usr/lib/swift -Xlinker -add_ast_path -Xlinker /Users/kris/Epilogue/build/Build/Intermediates.noindex/UIImageColors.build/Debug-iphonesimulator/UIImageColors.build/Objects-normal/x86_64/UIImageColors.swiftmodule @/Users/kris/Epilogue/build/Build/Intermediates.noindex/UIImageColors.build/Debug-iphonesimulator/UIImageColors.build/Objects-normal/x86_64/UIImageColors-linker-args.resp -o /Users/kris/Epilogue/build/Build/Intermediates.noindex/UIImageColors.build/Debug-iphonesimulator/UIImageColors.build/Objects-normal/x86_64/Binary/UIImageColors.o

SwiftDriverJobDiscovery normal x86_64 Compiling CollectionExtensions.swift, Mutex.swift, Platform.swift, SequenceExtensions.swift (in target 'ArgumentParser' from project 'swift-argument-parser')

Ld /Users/kris/Epilogue/build/Build/Intermediates.noindex/UIImageColors.build/Debug-iphonesimulator/UIImageColors.build/Objects-normal/arm64/Binary/UIImageColors.o normal arm64 (in target 'UIImageColors' from project 'UIImageColors')
    cd /Users/kris/Epilogue/build/SourcePackages/checkouts/UIImageColors
    /Applications/Xcode-beta.app/Contents/Developer/Toolchains/XcodeDefault.xctoolchain/usr/bin/clang -Xlinker -reproducible -target arm64-apple-ios12.0-simulator -r -isysroot /Applications/Xcode-beta.app/Contents/Developer/Platforms/iPhoneSimulator.platform/Developer/SDKs/iPhoneSimulator26.0.sdk -O0 -w -L/Users/kris/Epilogue/build/Build/Intermediates.noindex/EagerLinkingTBDs/Debug-iphonesimulator -L/Users/kris/Epilogue/build/Build/Products/Debug-iphonesimulator -L/Applications/Xcode-beta.app/Contents/Developer/Platforms/iPhoneSimulator.platform/Developer/usr/lib -F/Users/kris/Epilogue/build/Build/Intermediates.noindex/EagerLinkingTBDs/Debug-iphonesimulator -F/Users/kris/Epilogue/build/Build/Products/Debug-iphonesimulator -iframework /Applications/Xcode-beta.app/Contents/Developer/Platforms/iPhoneSimulator.platform/Developer/Library/Frameworks -iframework /Applications/Xcode-beta.app/Contents/Developer/Platforms/iPhoneSimulator.platform/Developer/SDKs/iPhoneSimulator26.0.sdk/Developer/Library/Frameworks -filelist /Users/kris/Epilogue/build/Build/Intermediates.noindex/UIImageColors.build/Debug-iphonesimulator/UIImageColors.build/Objects-normal/arm64/UIImageColors.LinkFileList -nostdlib -Xlinker -object_path_lto -Xlinker /Users/kris/Epilogue/build/Build/Intermediates.noindex/UIImageColors.build/Debug-iphonesimulator/UIImageColors.build/Objects-normal/arm64/UIImageColors_lto.o -rdynamic -Xlinker -no_deduplicate -Xlinker -objc_abi_version -Xlinker 2 -Xlinker -debug_variant -Xlinker -dependency_info -Xlinker /Users/kris/Epilogue/build/Build/Intermediates.noindex/UIImageColors.build/Debug-iphonesimulator/UIImageColors.build/Objects-normal/arm64/UIImageColors_dependency_info.dat -fobjc-link-runtime -L/Applications/Xcode-beta.app/Contents/Developer/Toolchains/XcodeDefault.xctoolchain/usr/lib/swift/iphonesimulator -L/usr/lib/swift -Xlinker -add_ast_path -Xlinker /Users/kris/Epilogue/build/Build/Intermediates.noindex/UIImageColors.build/Debug-iphonesimulator/UIImageColors.build/Objects-normal/arm64/UIImageColors.swiftmodule @/Users/kris/Epilogue/build/Build/Intermediates.noindex/UIImageColors.build/Debug-iphonesimulator/UIImageColors.build/Objects-normal/arm64/UIImageColors-linker-args.resp -o /Users/kris/Epilogue/build/Build/Intermediates.noindex/UIImageColors.build/Debug-iphonesimulator/UIImageColors.build/Objects-normal/arm64/Binary/UIImageColors.o

Ld /Users/kris/Epilogue/build/Build/Intermediates.noindex/swift-transformers.build/Debug-iphonesimulator/TensorUtils.build/Objects-normal/x86_64/Binary/TensorUtils.o normal x86_64 (in target 'TensorUtils' from project 'swift-transformers')
    cd /Users/kris/Epilogue/build/SourcePackages/checkouts/swift-transformers
    /Applications/Xcode-beta.app/Contents/Developer/Toolchains/XcodeDefault.xctoolchain/usr/bin/clang -Xlinker -reproducible -target x86_64-apple-ios16.0-simulator -r -isysroot /Applications/Xcode-beta.app/Contents/Developer/Platforms/iPhoneSimulator.platform/Developer/SDKs/iPhoneSimulator26.0.sdk -O0 -w -L/Users/kris/Epilogue/build/Build/Intermediates.noindex/EagerLinkingTBDs/Debug-iphonesimulator -L/Users/kris/Epilogue/build/Build/Products/Debug-iphonesimulator -L/Applications/Xcode-beta.app/Contents/Developer/Platforms/iPhoneSimulator.platform/Developer/usr/lib -F/Users/kris/Epilogue/build/Build/Intermediates.noindex/EagerLinkingTBDs/Debug-iphonesimulator -F/Users/kris/Epilogue/build/Build/Products/Debug-iphonesimulator -iframework /Applications/Xcode-beta.app/Contents/Developer/Platforms/iPhoneSimulator.platform/Developer/Library/Frameworks -iframework /Applications/Xcode-beta.app/Contents/Developer/Platforms/iPhoneSimulator.platform/Developer/SDKs/iPhoneSimulator26.0.sdk/Developer/Library/Frameworks -filelist /Users/kris/Epilogue/build/Build/Intermediates.noindex/swift-transformers.build/Debug-iphonesimulator/TensorUtils.build/Objects-normal/x86_64/TensorUtils.LinkFileList -nostdlib -Xlinker -object_path_lto -Xlinker /Users/kris/Epilogue/build/Build/Intermediates.noindex/swift-transformers.build/Debug-iphonesimulator/TensorUtils.build/Objects-normal/x86_64/TensorUtils_lto.o -rdynamic -Xlinker -no_deduplicate -Xlinker -objc_abi_version -Xlinker 2 -Xlinker -debug_variant -Xlinker -dependency_info -Xlinker /Users/kris/Epilogue/build/Build/Intermediates.noindex/swift-transformers.build/Debug-iphonesimulator/TensorUtils.build/Objects-normal/x86_64/TensorUtils_dependency_info.dat -fobjc-link-runtime -L/Applications/Xcode-beta.app/Contents/Developer/Toolchains/XcodeDefault.xctoolchain/usr/lib/swift/iphonesimulator -L/usr/lib/swift -Xlinker -add_ast_path -Xlinker /Users/kris/Epilogue/build/Build/Intermediates.noindex/swift-transformers.build/Debug-iphonesimulator/TensorUtils.build/Objects-normal/x86_64/TensorUtils.swiftmodule @/Users/kris/Epilogue/build/Build/Intermediates.noindex/swift-transformers.build/Debug-iphonesimulator/TensorUtils.build/Objects-normal/x86_64/TensorUtils-linker-args.resp -o /Users/kris/Epilogue/build/Build/Intermediates.noindex/swift-transformers.build/Debug-iphonesimulator/TensorUtils.build/Objects-normal/x86_64/Binary/TensorUtils.o

SwiftDriverJobDiscovery normal x86_64 Compiling StringExtensions.swift, SwiftExtensions.swift, Tree.swift, CodingKeyValidator.swift (in target 'ArgumentParser' from project 'swift-argument-parser')

Ld /Users/kris/Epilogue/build/Build/Intermediates.noindex/swift-transformers.build/Debug-iphonesimulator/TensorUtils.build/Objects-normal/arm64/Binary/TensorUtils.o normal arm64 (in target 'TensorUtils' from project 'swift-transformers')
    cd /Users/kris/Epilogue/build/SourcePackages/checkouts/swift-transformers
    /Applications/Xcode-beta.app/Contents/Developer/Toolchains/XcodeDefault.xctoolchain/usr/bin/clang -Xlinker -reproducible -target arm64-apple-ios16.0-simulator -r -isysroot /Applications/Xcode-beta.app/Contents/Developer/Platforms/iPhoneSimulator.platform/Developer/SDKs/iPhoneSimulator26.0.sdk -O0 -w -L/Users/kris/Epilogue/build/Build/Intermediates.noindex/EagerLinkingTBDs/Debug-iphonesimulator -L/Users/kris/Epilogue/build/Build/Products/Debug-iphonesimulator -L/Applications/Xcode-beta.app/Contents/Developer/Platforms/iPhoneSimulator.platform/Developer/usr/lib -F/Users/kris/Epilogue/build/Build/Intermediates.noindex/EagerLinkingTBDs/Debug-iphonesimulator -F/Users/kris/Epilogue/build/Build/Products/Debug-iphonesimulator -iframework /Applications/Xcode-beta.app/Contents/Developer/Platforms/iPhoneSimulator.platform/Developer/Library/Frameworks -iframework /Applications/Xcode-beta.app/Contents/Developer/Platforms/iPhoneSimulator.platform/Developer/SDKs/iPhoneSimulator26.0.sdk/Developer/Library/Frameworks -filelist /Users/kris/Epilogue/build/Build/Intermediates.noindex/swift-transformers.build/Debug-iphonesimulator/TensorUtils.build/Objects-normal/arm64/TensorUtils.LinkFileList -nostdlib -Xlinker -object_path_lto -Xlinker /Users/kris/Epilogue/build/Build/Intermediates.noindex/swift-transformers.build/Debug-iphonesimulator/TensorUtils.build/Objects-normal/arm64/TensorUtils_lto.o -rdynamic -Xlinker -no_deduplicate -Xlinker -objc_abi_version -Xlinker 2 -Xlinker -debug_variant -Xlinker -dependency_info -Xlinker /Users/kris/Epilogue/build/Build/Intermediates.noindex/swift-transformers.build/Debug-iphonesimulator/TensorUtils.build/Objects-normal/arm64/TensorUtils_dependency_info.dat -fobjc-link-runtime -L/Applications/Xcode-beta.app/Contents/Developer/Toolchains/XcodeDefault.xctoolchain/usr/lib/swift/iphonesimulator -L/usr/lib/swift -Xlinker -add_ast_path -Xlinker /Users/kris/Epilogue/build/Build/Intermediates.noindex/swift-transformers.build/Debug-iphonesimulator/TensorUtils.build/Objects-normal/arm64/TensorUtils.swiftmodule @/Users/kris/Epilogue/build/Build/Intermediates.noindex/swift-transformers.build/Debug-iphonesimulator/TensorUtils.build/Objects-normal/arm64/TensorUtils-linker-args.resp -o /Users/kris/Epilogue/build/Build/Intermediates.noindex/swift-transformers.build/Debug-iphonesimulator/TensorUtils.build/Objects-normal/arm64/Binary/TensorUtils.o

Ld /Users/kris/Epilogue/build/Build/Intermediates.noindex/swift-transformers.build/Debug-iphonesimulator/Hub.build/Objects-normal/x86_64/Binary/Hub.o normal x86_64 (in target 'Hub' from project 'swift-transformers')
    cd /Users/kris/Epilogue/build/SourcePackages/checkouts/swift-transformers
    /Applications/Xcode-beta.app/Contents/Developer/Toolchains/XcodeDefault.xctoolchain/usr/bin/clang -Xlinker -reproducible -target x86_64-apple-ios16.0-simulator -r -isysroot /Applications/Xcode-beta.app/Contents/Developer/Platforms/iPhoneSimulator.platform/Developer/SDKs/iPhoneSimulator26.0.sdk -O0 -w -L/Users/kris/Epilogue/build/Build/Intermediates.noindex/EagerLinkingTBDs/Debug-iphonesimulator -L/Users/kris/Epilogue/build/Build/Products/Debug-iphonesimulator -L/Applications/Xcode-beta.app/Contents/Developer/Platforms/iPhoneSimulator.platform/Developer/usr/lib -F/Users/kris/Epilogue/build/Build/Intermediates.noindex/EagerLinkingTBDs/Debug-iphonesimulator -F/Users/kris/Epilogue/build/Build/Products/Debug-iphonesimulator -iframework /Applications/Xcode-beta.app/Contents/Developer/Platforms/iPhoneSimulator.platform/Developer/Library/Frameworks -iframework /Applications/Xcode-beta.app/Contents/Developer/Platforms/iPhoneSimulator.platform/Developer/SDKs/iPhoneSimulator26.0.sdk/Developer/Library/Frameworks -filelist /Users/kris/Epilogue/build/Build/Intermediates.noindex/swift-transformers.build/Debug-iphonesimulator/Hub.build/Objects-normal/x86_64/Hub.LinkFileList -nostdlib -Xlinker -object_path_lto -Xlinker /Users/kris/Epilogue/build/Build/Intermediates.noindex/swift-transformers.build/Debug-iphonesimulator/Hub.build/Objects-normal/x86_64/Hub_lto.o -rdynamic -Xlinker -no_deduplicate -Xlinker -objc_abi_version -Xlinker 2 -Xlinker -debug_variant -Xlinker -dependency_info -Xlinker /Users/kris/Epilogue/build/Build/Intermediates.noindex/swift-transformers.build/Debug-iphonesimulator/Hub.build/Objects-normal/x86_64/Hub_dependency_info.dat -fobjc-link-runtime -L/Applications/Xcode-beta.app/Contents/Developer/Toolchains/XcodeDefault.xctoolchain/usr/lib/swift/iphonesimulator -L/usr/lib/swift -Xlinker -add_ast_path -Xlinker /Users/kris/Epilogue/build/Build/Intermediates.noindex/swift-transformers.build/Debug-iphonesimulator/Hub.build/Objects-normal/x86_64/Hub.swiftmodule @/Users/kris/Epilogue/build/Build/Intermediates.noindex/swift-transformers.build/Debug-iphonesimulator/Hub.build/Objects-normal/x86_64/Hub-linker-args.resp -o /Users/kris/Epilogue/build/Build/Intermediates.noindex/swift-transformers.build/Debug-iphonesimulator/Hub.build/Objects-normal/x86_64/Binary/Hub.o

CreateUniversalBinary /Users/kris/Epilogue/build/Build/Products/Debug-iphonesimulator/UIImageColors.o normal arm64\ x86_64 (in target 'UIImageColors' from project 'UIImageColors')
    cd /Users/kris/Epilogue/build/SourcePackages/checkouts/UIImageColors
    /Applications/Xcode-beta.app/Contents/Developer/Toolchains/XcodeDefault.xctoolchain/usr/bin/lipo -create /Users/kris/Epilogue/build/Build/Intermediates.noindex/UIImageColors.build/Debug-iphonesimulator/UIImageColors.build/Objects-normal/arm64/Binary/UIImageColors.o /Users/kris/Epilogue/build/Build/Intermediates.noindex/UIImageColors.build/Debug-iphonesimulator/UIImageColors.build/Objects-normal/x86_64/Binary/UIImageColors.o -output /Users/kris/Epilogue/build/Build/Products/Debug-iphonesimulator/UIImageColors.o

Ld /Users/kris/Epilogue/build/Build/Intermediates.noindex/swift-transformers.build/Debug-iphonesimulator/Hub.build/Objects-normal/arm64/Binary/Hub.o normal arm64 (in target 'Hub' from project 'swift-transformers')
    cd /Users/kris/Epilogue/build/SourcePackages/checkouts/swift-transformers
    /Applications/Xcode-beta.app/Contents/Developer/Toolchains/XcodeDefault.xctoolchain/usr/bin/clang -Xlinker -reproducible -target arm64-apple-ios16.0-simulator -r -isysroot /Applications/Xcode-beta.app/Contents/Developer/Platforms/iPhoneSimulator.platform/Developer/SDKs/iPhoneSimulator26.0.sdk -O0 -w -L/Users/kris/Epilogue/build/Build/Intermediates.noindex/EagerLinkingTBDs/Debug-iphonesimulator -L/Users/kris/Epilogue/build/Build/Products/Debug-iphonesimulator -L/Applications/Xcode-beta.app/Contents/Developer/Platforms/iPhoneSimulator.platform/Developer/usr/lib -F/Users/kris/Epilogue/build/Build/Intermediates.noindex/EagerLinkingTBDs/Debug-iphonesimulator -F/Users/kris/Epilogue/build/Build/Products/Debug-iphonesimulator -iframework /Applications/Xcode-beta.app/Contents/Developer/Platforms/iPhoneSimulator.platform/Developer/Library/Frameworks -iframework /Applications/Xcode-beta.app/Contents/Developer/Platforms/iPhoneSimulator.platform/Developer/SDKs/iPhoneSimulator26.0.sdk/Developer/Library/Frameworks -filelist /Users/kris/Epilogue/build/Build/Intermediates.noindex/swift-transformers.build/Debug-iphonesimulator/Hub.build/Objects-normal/arm64/Hub.LinkFileList -nostdlib -Xlinker -object_path_lto -Xlinker /Users/kris/Epilogue/build/Build/Intermediates.noindex/swift-transformers.build/Debug-iphonesimulator/Hub.build/Objects-normal/arm64/Hub_lto.o -rdynamic -Xlinker -no_deduplicate -Xlinker -objc_abi_version -Xlinker 2 -Xlinker -debug_variant -Xlinker -dependency_info -Xlinker /Users/kris/Epilogue/build/Build/Intermediates.noindex/swift-transformers.build/Debug-iphonesimulator/Hub.build/Objects-normal/arm64/Hub_dependency_info.dat -fobjc-link-runtime -L/Applications/Xcode-beta.app/Contents/Developer/Toolchains/XcodeDefault.xctoolchain/usr/lib/swift/iphonesimulator -L/usr/lib/swift -Xlinker -add_ast_path -Xlinker /Users/kris/Epilogue/build/Build/Intermediates.noindex/swift-transformers.build/Debug-iphonesimulator/Hub.build/Objects-normal/arm64/Hub.swiftmodule @/Users/kris/Epilogue/build/Build/Intermediates.noindex/swift-transformers.build/Debug-iphonesimulator/Hub.build/Objects-normal/arm64/Hub-linker-args.resp -o /Users/kris/Epilogue/build/Build/Intermediates.noindex/swift-transformers.build/Debug-iphonesimulator/Hub.build/Objects-normal/arm64/Binary/Hub.o

SwiftDriverJobDiscovery normal x86_64 Compiling ArgumentDecoder.swift, ArgumentDefinition.swift, ArgumentSet.swift, CommandParser.swift (in target 'ArgumentParser' from project 'swift-argument-parser')

ExtractAppIntentsMetadata (in target 'InternalCollectionsUtilities' from project 'swift-collections')
    cd /Users/kris/Epilogue/build/SourcePackages/checkouts/swift-collections
    /Applications/Xcode-beta.app/Contents/Developer/Toolchains/XcodeDefault.xctoolchain/usr/bin/appintentsmetadataprocessor --toolchain-dir /var/run/com.apple.security.cryptexd/mnt/com.apple.MobileAsset.MetalToolchain-v17.1.5285.9.RYKCRc/Metal.xctoolchain --module-name InternalCollectionsUtilities --sdk-root /Applications/Xcode-beta.app/Contents/Developer/Platforms/iPhoneSimulator.platform/Developer/SDKs/iPhoneSimulator26.0.sdk --xcode-version 17A5285i --platform-family iOS --deployment-target 12.0 --bundle-identifier swift-collections.InternalCollectionsUtilities --output /Users/kris/Epilogue/build/Build/Products/Debug-iphonesimulator/InternalCollectionsUtilities.appintents --target-triple arm64-apple-ios12.0-simulator --target-triple x86_64-apple-ios12.0-simulator --binary-file /Users/kris/Epilogue/build/Build/Products/Debug-iphonesimulator/InternalCollectionsUtilities.o --dependency-file /Users/kris/Epilogue/build/Build/Intermediates.noindex/swift-collections.build/Debug-iphonesimulator/InternalCollectionsUtilities.build/Objects-normal/arm64/InternalCollectionsUtilities_dependency_info.dat --dependency-file /Users/kris/Epilogue/build/Build/Intermediates.noindex/swift-collections.build/Debug-iphonesimulator/InternalCollectionsUtilities.build/Objects-normal/x86_64/InternalCollectionsUtilities_dependency_info.dat --stringsdata-file /Users/kris/Epilogue/build/Build/Intermediates.noindex/swift-collections.build/Debug-iphonesimulator/InternalCollectionsUtilities.build/Objects-normal/arm64/ExtractedAppShortcutsMetadata.stringsdata --stringsdata-file /Users/kris/Epilogue/build/Build/Intermediates.noindex/swift-collections.build/Debug-iphonesimulator/InternalCollectionsUtilities.build/Objects-normal/x86_64/ExtractedAppShortcutsMetadata.stringsdata --source-file-list /Users/kris/Epilogue/build/Build/Intermediates.noindex/swift-collections.build/Debug-iphonesimulator/InternalCollectionsUtilities.build/Objects-normal/arm64/InternalCollectionsUtilities.SwiftFileList --source-file-list /Users/kris/Epilogue/build/Build/Intermediates.noindex/swift-collections.build/Debug-iphonesimulator/InternalCollectionsUtilities.build/Objects-normal/x86_64/InternalCollectionsUtilities.SwiftFileList --metadata-file-list /Users/kris/Epilogue/build/Build/Intermediates.noindex/swift-collections.build/Debug-iphonesimulator/InternalCollectionsUtilities.build/InternalCollectionsUtilities.DependencyMetadataFileList --static-metadata-file-list /Users/kris/Epilogue/build/Build/Intermediates.noindex/swift-collections.build/Debug-iphonesimulator/InternalCollectionsUtilities.build/InternalCollectionsUtilities.DependencyStaticMetadataFileList --swift-const-vals-list /Users/kris/Epilogue/build/Build/Intermediates.noindex/swift-collections.build/Debug-iphonesimulator/InternalCollectionsUtilities.build/Objects-normal/arm64/InternalCollectionsUtilities.SwiftConstValuesFileList --swift-const-vals-list /Users/kris/Epilogue/build/Build/Intermediates.noindex/swift-collections.build/Debug-iphonesimulator/InternalCollectionsUtilities.build/Objects-normal/x86_64/InternalCollectionsUtilities.SwiftConstValuesFileList --force --compile-time-extraction --deployment-aware-processing --validate-assistant-intents --no-app-shortcuts-localization
2025-07-29 08:25:47.576 appintentsmetadataprocessor[95896:46760068] Starting appintentsmetadataprocessor export
2025-07-29 08:25:47.753 appintentsmetadataprocessor[95896:46760068] Extracted no relevant App Intents symbols, skipping writing output

ExtractAppIntentsMetadata (in target 'ArgumentParserToolInfo' from project 'swift-argument-parser')
    cd /Users/kris/Epilogue/build/SourcePackages/checkouts/swift-argument-parser
    /Applications/Xcode-beta.app/Contents/Developer/Toolchains/XcodeDefault.xctoolchain/usr/bin/appintentsmetadataprocessor --toolchain-dir /var/run/com.apple.security.cryptexd/mnt/com.apple.MobileAsset.MetalToolchain-v17.1.5285.9.RYKCRc/Metal.xctoolchain --module-name ArgumentParserToolInfo --sdk-root /Applications/Xcode-beta.app/Contents/Developer/Platforms/iPhoneSimulator.platform/Developer/SDKs/iPhoneSimulator26.0.sdk --xcode-version 17A5285i --platform-family iOS --deployment-target 12.0 --bundle-identifier swift-argument-parser.ArgumentParserToolInfo --output /Users/kris/Epilogue/build/Build/Products/Debug-iphonesimulator/ArgumentParserToolInfo.appintents --target-triple arm64-apple-ios12.0-simulator --target-triple x86_64-apple-ios12.0-simulator --binary-file /Users/kris/Epilogue/build/Build/Products/Debug-iphonesimulator/ArgumentParserToolInfo.o --dependency-file /Users/kris/Epilogue/build/Build/Intermediates.noindex/swift-argument-parser.build/Debug-iphonesimulator/ArgumentParserToolInfo.build/Objects-normal/arm64/ArgumentParserToolInfo_dependency_info.dat --dependency-file /Users/kris/Epilogue/build/Build/Intermediates.noindex/swift-argument-parser.build/Debug-iphonesimulator/ArgumentParserToolInfo.build/Objects-normal/x86_64/ArgumentParserToolInfo_dependency_info.dat --stringsdata-file /Users/kris/Epilogue/build/Build/Intermediates.noindex/swift-argument-parser.build/Debug-iphonesimulator/ArgumentParserToolInfo.build/Objects-normal/arm64/ExtractedAppShortcutsMetadata.stringsdata --stringsdata-file /Users/kris/Epilogue/build/Build/Intermediates.noindex/swift-argument-parser.build/Debug-iphonesimulator/ArgumentParserToolInfo.build/Objects-normal/x86_64/ExtractedAppShortcutsMetadata.stringsdata --source-file-list /Users/kris/Epilogue/build/Build/Intermediates.noindex/swift-argument-parser.build/Debug-iphonesimulator/ArgumentParserToolInfo.build/Objects-normal/arm64/ArgumentParserToolInfo.SwiftFileList --source-file-list /Users/kris/Epilogue/build/Build/Intermediates.noindex/swift-argument-parser.build/Debug-iphonesimulator/ArgumentParserToolInfo.build/Objects-normal/x86_64/ArgumentParserToolInfo.SwiftFileList --metadata-file-list /Users/kris/Epilogue/build/Build/Intermediates.noindex/swift-argument-parser.build/Debug-iphonesimulator/ArgumentParserToolInfo.build/ArgumentParserToolInfo.DependencyMetadataFileList --static-metadata-file-list /Users/kris/Epilogue/build/Build/Intermediates.noindex/swift-argument-parser.build/Debug-iphonesimulator/ArgumentParserToolInfo.build/ArgumentParserToolInfo.DependencyStaticMetadataFileList --swift-const-vals-list /Users/kris/Epilogue/build/Build/Intermediates.noindex/swift-argument-parser.build/Debug-iphonesimulator/ArgumentParserToolInfo.build/Objects-normal/arm64/ArgumentParserToolInfo.SwiftConstValuesFileList --swift-const-vals-list /Users/kris/Epilogue/build/Build/Intermediates.noindex/swift-argument-parser.build/Debug-iphonesimulator/ArgumentParserToolInfo.build/Objects-normal/x86_64/ArgumentParserToolInfo.SwiftConstValuesFileList --force --compile-time-extraction --deployment-aware-processing --validate-assistant-intents --no-app-shortcuts-localization
2025-07-29 08:25:47.576 appintentsmetadataprocessor[95899:46760083] Starting appintentsmetadataprocessor export
2025-07-29 08:25:47.777 appintentsmetadataprocessor[95899:46760083] Extracted no relevant App Intents symbols, skipping writing output

CreateUniversalBinary /Users/kris/Epilogue/build/Build/Products/Debug-iphonesimulator/TensorUtils.o normal arm64\ x86_64 (in target 'TensorUtils' from project 'swift-transformers')
    cd /Users/kris/Epilogue/build/SourcePackages/checkouts/swift-transformers
    /Applications/Xcode-beta.app/Contents/Developer/Toolchains/XcodeDefault.xctoolchain/usr/bin/lipo -create /Users/kris/Epilogue/build/Build/Intermediates.noindex/swift-transformers.build/Debug-iphonesimulator/TensorUtils.build/Objects-normal/arm64/Binary/TensorUtils.o /Users/kris/Epilogue/build/Build/Intermediates.noindex/swift-transformers.build/Debug-iphonesimulator/TensorUtils.build/Objects-normal/x86_64/Binary/TensorUtils.o -output /Users/kris/Epilogue/build/Build/Products/Debug-iphonesimulator/TensorUtils.o

ExtractAppIntentsMetadata (in target 'UIImageColors' from project 'UIImageColors')
    cd /Users/kris/Epilogue/build/SourcePackages/checkouts/UIImageColors
    /Applications/Xcode-beta.app/Contents/Developer/Toolchains/XcodeDefault.xctoolchain/usr/bin/appintentsmetadataprocessor --toolchain-dir /var/run/com.apple.security.cryptexd/mnt/com.apple.MobileAsset.MetalToolchain-v17.1.5285.9.RYKCRc/Metal.xctoolchain --module-name UIImageColors --sdk-root /Applications/Xcode-beta.app/Contents/Developer/Platforms/iPhoneSimulator.platform/Developer/SDKs/iPhoneSimulator26.0.sdk --xcode-version 17A5285i --platform-family iOS --deployment-target 12.0 --bundle-identifier uiimagecolors.UIImageColors --output /Users/kris/Epilogue/build/Build/Products/Debug-iphonesimulator/UIImageColors.appintents --target-triple arm64-apple-ios12.0-simulator --target-triple x86_64-apple-ios12.0-simulator --binary-file /Users/kris/Epilogue/build/Build/Products/Debug-iphonesimulator/UIImageColors.o --dependency-file /Users/kris/Epilogue/build/Build/Intermediates.noindex/UIImageColors.build/Debug-iphonesimulator/UIImageColors.build/Objects-normal/arm64/UIImageColors_dependency_info.dat --dependency-file /Users/kris/Epilogue/build/Build/Intermediates.noindex/UIImageColors.build/Debug-iphonesimulator/UIImageColors.build/Objects-normal/x86_64/UIImageColors_dependency_info.dat --stringsdata-file /Users/kris/Epilogue/build/Build/Intermediates.noindex/UIImageColors.build/Debug-iphonesimulator/UIImageColors.build/Objects-normal/arm64/ExtractedAppShortcutsMetadata.stringsdata --stringsdata-file /Users/kris/Epilogue/build/Build/Intermediates.noindex/UIImageColors.build/Debug-iphonesimulator/UIImageColors.build/Objects-normal/x86_64/ExtractedAppShortcutsMetadata.stringsdata --source-file-list /Users/kris/Epilogue/build/Build/Intermediates.noindex/UIImageColors.build/Debug-iphonesimulator/UIImageColors.build/Objects-normal/arm64/UIImageColors.SwiftFileList --source-file-list /Users/kris/Epilogue/build/Build/Intermediates.noindex/UIImageColors.build/Debug-iphonesimulator/UIImageColors.build/Objects-normal/x86_64/UIImageColors.SwiftFileList --metadata-file-list /Users/kris/Epilogue/build/Build/Intermediates.noindex/UIImageColors.build/Debug-iphonesimulator/UIImageColors.build/UIImageColors.DependencyMetadataFileList --static-metadata-file-list /Users/kris/Epilogue/build/Build/Intermediates.noindex/UIImageColors.build/Debug-iphonesimulator/UIImageColors.build/UIImageColors.DependencyStaticMetadataFileList --swift-const-vals-list /Users/kris/Epilogue/build/Build/Intermediates.noindex/UIImageColors.build/Debug-iphonesimulator/UIImageColors.build/Objects-normal/arm64/UIImageColors.SwiftConstValuesFileList --swift-const-vals-list /Users/kris/Epilogue/build/Build/Intermediates.noindex/UIImageColors.build/Debug-iphonesimulator/UIImageColors.build/Objects-normal/x86_64/UIImageColors.SwiftConstValuesFileList --force --compile-time-extraction --deployment-aware-processing --validate-assistant-intents --no-app-shortcuts-localization
2025-07-29 08:25:47.590 appintentsmetadataprocessor[95901:46760093] Starting appintentsmetadataprocessor export
2025-07-29 08:25:47.790 appintentsmetadataprocessor[95901:46760093] Extracted no relevant App Intents symbols, skipping writing output

ExtractAppIntentsMetadata (in target 'TensorUtils' from project 'swift-transformers')
    cd /Users/kris/Epilogue/build/SourcePackages/checkouts/swift-transformers
    /Applications/Xcode-beta.app/Contents/Developer/Toolchains/XcodeDefault.xctoolchain/usr/bin/appintentsmetadataprocessor --toolchain-dir /var/run/com.apple.security.cryptexd/mnt/com.apple.MobileAsset.MetalToolchain-v17.1.5285.9.RYKCRc/Metal.xctoolchain --module-name TensorUtils --sdk-root /Applications/Xcode-beta.app/Contents/Developer/Platforms/iPhoneSimulator.platform/Developer/SDKs/iPhoneSimulator26.0.sdk --xcode-version 17A5285i --platform-family iOS --deployment-target 16.0 --bundle-identifier swift-transformers.TensorUtils --output /Users/kris/Epilogue/build/Build/Products/Debug-iphonesimulator/TensorUtils.appintents --target-triple arm64-apple-ios16.0-simulator --target-triple x86_64-apple-ios16.0-simulator --binary-file /Users/kris/Epilogue/build/Build/Products/Debug-iphonesimulator/TensorUtils.o --dependency-file /Users/kris/Epilogue/build/Build/Intermediates.noindex/swift-transformers.build/Debug-iphonesimulator/TensorUtils.build/Objects-normal/arm64/TensorUtils_dependency_info.dat --dependency-file /Users/kris/Epilogue/build/Build/Intermediates.noindex/swift-transformers.build/Debug-iphonesimulator/TensorUtils.build/Objects-normal/x86_64/TensorUtils_dependency_info.dat --stringsdata-file /Users/kris/Epilogue/build/Build/Intermediates.noindex/swift-transformers.build/Debug-iphonesimulator/TensorUtils.build/Objects-normal/arm64/ExtractedAppShortcutsMetadata.stringsdata --stringsdata-file /Users/kris/Epilogue/build/Build/Intermediates.noindex/swift-transformers.build/Debug-iphonesimulator/TensorUtils.build/Objects-normal/x86_64/ExtractedAppShortcutsMetadata.stringsdata --source-file-list /Users/kris/Epilogue/build/Build/Intermediates.noindex/swift-transformers.build/Debug-iphonesimulator/TensorUtils.build/Objects-normal/arm64/TensorUtils.SwiftFileList --source-file-list /Users/kris/Epilogue/build/Build/Intermediates.noindex/swift-transformers.build/Debug-iphonesimulator/TensorUtils.build/Objects-normal/x86_64/TensorUtils.SwiftFileList --metadata-file-list /Users/kris/Epilogue/build/Build/Intermediates.noindex/swift-transformers.build/Debug-iphonesimulator/TensorUtils.build/TensorUtils.DependencyMetadataFileList --static-metadata-file-list /Users/kris/Epilogue/build/Build/Intermediates.noindex/swift-transformers.build/Debug-iphonesimulator/TensorUtils.build/TensorUtils.DependencyStaticMetadataFileList --swift-const-vals-list /Users/kris/Epilogue/build/Build/Intermediates.noindex/swift-transformers.build/Debug-iphonesimulator/TensorUtils.build/Objects-normal/arm64/TensorUtils.SwiftConstValuesFileList --swift-const-vals-list /Users/kris/Epilogue/build/Build/Intermediates.noindex/swift-transformers.build/Debug-iphonesimulator/TensorUtils.build/Objects-normal/x86_64/TensorUtils.SwiftConstValuesFileList --force --compile-time-extraction --deployment-aware-processing --validate-assistant-intents --no-app-shortcuts-localization
2025-07-29 08:25:47.605 appintentsmetadataprocessor[95903:46760107] Starting appintentsmetadataprocessor export
2025-07-29 08:25:47.820 appintentsmetadataprocessor[95903:46760107] Extracted no relevant App Intents symbols, skipping writing output

CreateUniversalBinary /Users/kris/Epilogue/build/Build/Products/Debug-iphonesimulator/Hub.o normal arm64\ x86_64 (in target 'Hub' from project 'swift-transformers')
    cd /Users/kris/Epilogue/build/SourcePackages/checkouts/swift-transformers
    /Applications/Xcode-beta.app/Contents/Developer/Toolchains/XcodeDefault.xctoolchain/usr/bin/lipo -create /Users/kris/Epilogue/build/Build/Intermediates.noindex/swift-transformers.build/Debug-iphonesimulator/Hub.build/Objects-normal/arm64/Binary/Hub.o /Users/kris/Epilogue/build/Build/Intermediates.noindex/swift-transformers.build/Debug-iphonesimulator/Hub.build/Objects-normal/x86_64/Binary/Hub.o -output /Users/kris/Epilogue/build/Build/Products/Debug-iphonesimulator/Hub.o

SwiftDriverJobDiscovery normal x86_64 Compiling NonsenseFlagsValidator.swift, ParsableArgumentsValidation.swift, PositionalArgumentsValidator.swift, UniqueNamesValidator.swift (in target 'ArgumentParser' from project 'swift-argument-parser')

SwiftDriver Jinja normal arm64 com.apple.xcode.tools.swift.compiler (in target 'Jinja' from project 'Jinja')
    cd /Users/kris/Epilogue/Epilogue/Epilogue.xcodeproj
    builtin-SwiftDriver -- /Applications/Xcode-beta.app/Contents/Developer/Toolchains/XcodeDefault.xctoolchain/usr/bin/swiftc -module-name Jinja -Onone -enforce-exclusivity\=checked @/Users/kris/Epilogue/build/Build/Intermediates.noindex/Jinja.build/Debug-iphonesimulator/Jinja.build/Objects-normal/arm64/Jinja.SwiftFileList -DSWIFT_PACKAGE -DDEBUG -DSWIFT_MODULE_RESOURCE_BUNDLE_UNAVAILABLE -DXcode -enable-upcoming-feature BareSlashRegexLiterals -plugin-path /Applications/Xcode-beta.app/Contents/Developer/Toolchains/XcodeDefault.xctoolchain/usr/lib/swift/host/plugins/testing -enable-experimental-feature DebugDescriptionMacro -sdk /Applications/Xcode-beta.app/Contents/Developer/Platforms/iPhoneSimulator.platform/Developer/SDKs/iPhoneSimulator26.0.sdk -target arm64-apple-ios16.0-simulator -g -module-cache-path /Users/kris/Epilogue/build/ModuleCache.noindex -Xfrontend -serialize-debugging-options -profile-coverage-mapping -profile-generate -enable-testing -suppress-warnings -index-store-path /Users/kris/Epilogue/build/Index.noindex/DataStore -Xcc -D_LIBCPP_HARDENING_MODE\=_LIBCPP_HARDENING_MODE_DEBUG -swift-version 5 -I /Users/kris/Epilogue/build/Build/Products/Debug-iphonesimulator -Isystem /Applications/Xcode-beta.app/Contents/Developer/Platforms/iPhoneSimulator.platform/Developer/usr/lib -F /Users/kris/Epilogue/build/Build/Products/Debug-iphonesimulator/PackageFrameworks -F /Users/kris/Epilogue/build/Build/Products/Debug-iphonesimulator/PackageFrameworks -F /Users/kris/Epilogue/build/Build/Products/Debug-iphonesimulator -F /Applications/Xcode-beta.app/Contents/Developer/Platforms/iPhoneSimulator.platform/Developer/Library/Frameworks -F /Applications/Xcode-beta.app/Contents/Developer/Platforms/iPhoneSimulator.platform/Developer/SDKs/iPhoneSimulator26.0.sdk/Developer/Library/Frameworks -c -j12 -enable-batch-mode -incremental -Xcc -ivfsstatcache -Xcc /Users/kris/Epilogue/build/SDKStatCaches.noindex/iphonesimulator26.0-23A5297f-3885c01c3e6b6a337905948deab2002efc862078e33f881139a9d2f83bd1a9d0.sdkstatcache -output-file-map /Users/kris/Epilogue/build/Build/Intermediates.noindex/Jinja.build/Debug-iphonesimulator/Jinja.build/Objects-normal/arm64/Jinja-OutputFileMap.json -use-frontend-parseable-output -save-temps -no-color-diagnostics -explicit-module-build -module-cache-path /Users/kris/Epilogue/build/Build/Intermediates.noindex/SwiftExplicitPrecompiledModules -clang-scanner-module-cache-path /Users/kris/Epilogue/build/ModuleCache.noindex -sdk-module-cache-path /Users/kris/Epilogue/build/ModuleCache.noindex -serialize-diagnostics -emit-dependencies -emit-module -emit-module-path /Users/kris/Epilogue/build/Build/Intermediates.noindex/Jinja.build/Debug-iphonesimulator/Jinja.build/Objects-normal/arm64/Jinja.swiftmodule -validate-clang-modules-once -clang-build-session-file /Users/kris/Epilogue/build/ModuleCache.noindex/Session.modulevalidation -Xcc -I/Users/kris/Epilogue/build/Build/Intermediates.noindex/Jinja.build/Debug-iphonesimulator/Jinja.build/swift-overrides.hmap -emit-const-values -Xfrontend -const-gather-protocols-file -Xfrontend /Users/kris/Epilogue/build/Build/Intermediates.noindex/Jinja.build/Debug-iphonesimulator/Jinja.build/Objects-normal/arm64/Jinja_const_extract_protocols.json -Xcc -I/Users/kris/Epilogue/build/Build/Products/Debug-iphonesimulator/include -Xcc -I/Users/kris/Epilogue/build/Build/Intermediates.noindex/Jinja.build/Debug-iphonesimulator/Jinja.build/DerivedSources-normal/arm64 -Xcc -I/Users/kris/Epilogue/build/Build/Intermediates.noindex/Jinja.build/Debug-iphonesimulator/Jinja.build/DerivedSources/arm64 -Xcc -I/Users/kris/Epilogue/build/Build/Intermediates.noindex/Jinja.build/Debug-iphonesimulator/Jinja.build/DerivedSources -Xcc -DSWIFT_PACKAGE -Xcc -DDEBUG\=1 -emit-objc-header -emit-objc-header-path /Users/kris/Epilogue/build/Build/Intermediates.noindex/Jinja.build/Debug-iphonesimulator/Jinja.build/Objects-normal/arm64/Jinja-Swift.h -working-directory /Users/kris/Epilogue/Epilogue/Epilogue.xcodeproj -experimental-emit-module-separately -disable-cmo

SwiftDriver Jinja normal x86_64 com.apple.xcode.tools.swift.compiler (in target 'Jinja' from project 'Jinja')
    cd /Users/kris/Epilogue/Epilogue/Epilogue.xcodeproj
    builtin-SwiftDriver -- /Applications/Xcode-beta.app/Contents/Developer/Toolchains/XcodeDefault.xctoolchain/usr/bin/swiftc -module-name Jinja -Onone -enforce-exclusivity\=checked @/Users/kris/Epilogue/build/Build/Intermediates.noindex/Jinja.build/Debug-iphonesimulator/Jinja.build/Objects-normal/x86_64/Jinja.SwiftFileList -DSWIFT_PACKAGE -DDEBUG -DSWIFT_MODULE_RESOURCE_BUNDLE_UNAVAILABLE -DXcode -enable-upcoming-feature BareSlashRegexLiterals -plugin-path /Applications/Xcode-beta.app/Contents/Developer/Toolchains/XcodeDefault.xctoolchain/usr/lib/swift/host/plugins/testing -enable-experimental-feature DebugDescriptionMacro -sdk /Applications/Xcode-beta.app/Contents/Developer/Platforms/iPhoneSimulator.platform/Developer/SDKs/iPhoneSimulator26.0.sdk -target x86_64-apple-ios16.0-simulator -g -module-cache-path /Users/kris/Epilogue/build/ModuleCache.noindex -Xfrontend -serialize-debugging-options -profile-coverage-mapping -profile-generate -enable-testing -suppress-warnings -index-store-path /Users/kris/Epilogue/build/Index.noindex/DataStore -Xcc -D_LIBCPP_HARDENING_MODE\=_LIBCPP_HARDENING_MODE_DEBUG -swift-version 5 -I /Users/kris/Epilogue/build/Build/Products/Debug-iphonesimulator -Isystem /Applications/Xcode-beta.app/Contents/Developer/Platforms/iPhoneSimulator.platform/Developer/usr/lib -F /Users/kris/Epilogue/build/Build/Products/Debug-iphonesimulator/PackageFrameworks -F /Users/kris/Epilogue/build/Build/Products/Debug-iphonesimulator/PackageFrameworks -F /Users/kris/Epilogue/build/Build/Products/Debug-iphonesimulator -F /Applications/Xcode-beta.app/Contents/Developer/Platforms/iPhoneSimulator.platform/Developer/Library/Frameworks -F /Applications/Xcode-beta.app/Contents/Developer/Platforms/iPhoneSimulator.platform/Developer/SDKs/iPhoneSimulator26.0.sdk/Developer/Library/Frameworks -c -j12 -enable-batch-mode -incremental -Xcc -ivfsstatcache -Xcc /Users/kris/Epilogue/build/SDKStatCaches.noindex/iphonesimulator26.0-23A5297f-3885c01c3e6b6a337905948deab2002efc862078e33f881139a9d2f83bd1a9d0.sdkstatcache -output-file-map /Users/kris/Epilogue/build/Build/Intermediates.noindex/Jinja.build/Debug-iphonesimulator/Jinja.build/Objects-normal/x86_64/Jinja-OutputFileMap.json -use-frontend-parseable-output -save-temps -no-color-diagnostics -explicit-module-build -module-cache-path /Users/kris/Epilogue/build/Build/Intermediates.noindex/SwiftExplicitPrecompiledModules -clang-scanner-module-cache-path /Users/kris/Epilogue/build/ModuleCache.noindex -sdk-module-cache-path /Users/kris/Epilogue/build/ModuleCache.noindex -serialize-diagnostics -emit-dependencies -emit-module -emit-module-path /Users/kris/Epilogue/build/Build/Intermediates.noindex/Jinja.build/Debug-iphonesimulator/Jinja.build/Objects-normal/x86_64/Jinja.swiftmodule -validate-clang-modules-once -clang-build-session-file /Users/kris/Epilogue/build/ModuleCache.noindex/Session.modulevalidation -Xcc -I/Users/kris/Epilogue/build/Build/Intermediates.noindex/Jinja.build/Debug-iphonesimulator/Jinja.build/swift-overrides.hmap -emit-const-values -Xfrontend -const-gather-protocols-file -Xfrontend /Users/kris/Epilogue/build/Build/Intermediates.noindex/Jinja.build/Debug-iphonesimulator/Jinja.build/Objects-normal/x86_64/Jinja_const_extract_protocols.json -Xcc -I/Users/kris/Epilogue/build/Build/Products/Debug-iphonesimulator/include -Xcc -I/Users/kris/Epilogue/build/Build/Intermediates.noindex/Jinja.build/Debug-iphonesimulator/Jinja.build/DerivedSources-normal/x86_64 -Xcc -I/Users/kris/Epilogue/build/Build/Intermediates.noindex/Jinja.build/Debug-iphonesimulator/Jinja.build/DerivedSources/x86_64 -Xcc -I/Users/kris/Epilogue/build/Build/Intermediates.noindex/Jinja.build/Debug-iphonesimulator/Jinja.build/DerivedSources -Xcc -DSWIFT_PACKAGE -Xcc -DDEBUG\=1 -emit-objc-header -emit-objc-header-path /Users/kris/Epilogue/build/Build/Intermediates.noindex/Jinja.build/Debug-iphonesimulator/Jinja.build/Objects-normal/x86_64/Jinja-Swift.h -working-directory /Users/kris/Epilogue/Epilogue/Epilogue.xcodeproj -experimental-emit-module-separately -disable-cmo

SwiftDriverJobDiscovery normal arm64 Compiling ArgumentDecoder.swift, ArgumentDefinition.swift, ArgumentSet.swift, CommandParser.swift (in target 'ArgumentParser' from project 'swift-argument-parser')

ExtractAppIntentsMetadata (in target 'Hub' from project 'swift-transformers')
    cd /Users/kris/Epilogue/build/SourcePackages/checkouts/swift-transformers
    /Applications/Xcode-beta.app/Contents/Developer/Toolchains/XcodeDefault.xctoolchain/usr/bin/appintentsmetadataprocessor --toolchain-dir /var/run/com.apple.security.cryptexd/mnt/com.apple.MobileAsset.MetalToolchain-v17.1.5285.9.RYKCRc/Metal.xctoolchain --module-name Hub --sdk-root /Applications/Xcode-beta.app/Contents/Developer/Platforms/iPhoneSimulator.platform/Developer/SDKs/iPhoneSimulator26.0.sdk --xcode-version 17A5285i --platform-family iOS --deployment-target 16.0 --bundle-identifier swift-transformers.Hub --output /Users/kris/Epilogue/build/Build/Products/Debug-iphonesimulator/Hub.appintents --target-triple arm64-apple-ios16.0-simulator --target-triple x86_64-apple-ios16.0-simulator --binary-file /Users/kris/Epilogue/build/Build/Products/Debug-iphonesimulator/Hub.o --dependency-file /Users/kris/Epilogue/build/Build/Intermediates.noindex/swift-transformers.build/Debug-iphonesimulator/Hub.build/Objects-normal/arm64/Hub_dependency_info.dat --dependency-file /Users/kris/Epilogue/build/Build/Intermediates.noindex/swift-transformers.build/Debug-iphonesimulator/Hub.build/Objects-normal/x86_64/Hub_dependency_info.dat --stringsdata-file /Users/kris/Epilogue/build/Build/Intermediates.noindex/swift-transformers.build/Debug-iphonesimulator/Hub.build/Objects-normal/arm64/ExtractedAppShortcutsMetadata.stringsdata --stringsdata-file /Users/kris/Epilogue/build/Build/Intermediates.noindex/swift-transformers.build/Debug-iphonesimulator/Hub.build/Objects-normal/x86_64/ExtractedAppShortcutsMetadata.stringsdata --source-file-list /Users/kris/Epilogue/build/Build/Intermediates.noindex/swift-transformers.build/Debug-iphonesimulator/Hub.build/Objects-normal/arm64/Hub.SwiftFileList --source-file-list /Users/kris/Epilogue/build/Build/Intermediates.noindex/swift-transformers.build/Debug-iphonesimulator/Hub.build/Objects-normal/x86_64/Hub.SwiftFileList --metadata-file-list /Users/kris/Epilogue/build/Build/Intermediates.noindex/swift-transformers.build/Debug-iphonesimulator/Hub.build/Hub.DependencyMetadataFileList --static-metadata-file-list /Users/kris/Epilogue/build/Build/Intermediates.noindex/swift-transformers.build/Debug-iphonesimulator/Hub.build/Hub.DependencyStaticMetadataFileList --swift-const-vals-list /Users/kris/Epilogue/build/Build/Intermediates.noindex/swift-transformers.build/Debug-iphonesimulator/Hub.build/Objects-normal/arm64/Hub.SwiftConstValuesFileList --swift-const-vals-list /Users/kris/Epilogue/build/Build/Intermediates.noindex/swift-transformers.build/Debug-iphonesimulator/Hub.build/Objects-normal/x86_64/Hub.SwiftConstValuesFileList --force --compile-time-extraction --deployment-aware-processing --validate-assistant-intents --no-app-shortcuts-localization
2025-07-29 08:25:47.772 appintentsmetadataprocessor[95911:46760177] Starting appintentsmetadataprocessor export
2025-07-29 08:25:47.921 appintentsmetadataprocessor[95911:46760177] Extracted no relevant App Intents symbols, skipping writing output

RegisterExecutionPolicyException /Users/kris/Epilogue/build/Build/Products/Debug-iphonesimulator/InternalCollectionsUtilities.o (in target 'InternalCollectionsUtilities' from project 'swift-collections')
    cd /Users/kris/Epilogue/build/SourcePackages/checkouts/swift-collections
    builtin-RegisterExecutionPolicyException /Users/kris/Epilogue/build/Build/Products/Debug-iphonesimulator/InternalCollectionsUtilities.o

RegisterExecutionPolicyException /Users/kris/Epilogue/build/Build/Products/Debug-iphonesimulator/ArgumentParserToolInfo.o (in target 'ArgumentParserToolInfo' from project 'swift-argument-parser')
    cd /Users/kris/Epilogue/build/SourcePackages/checkouts/swift-argument-parser
    builtin-RegisterExecutionPolicyException /Users/kris/Epilogue/build/Build/Products/Debug-iphonesimulator/ArgumentParserToolInfo.o

Ld /Users/kris/Epilogue/build/Build/Intermediates.noindex/swift-collections.build/Debug-iphonesimulator/OrderedCollections.build/Objects-normal/x86_64/Binary/OrderedCollections.o normal x86_64 (in target 'OrderedCollections' from project 'swift-collections')
    cd /Users/kris/Epilogue/build/SourcePackages/checkouts/swift-collections
    /Applications/Xcode-beta.app/Contents/Developer/Toolchains/XcodeDefault.xctoolchain/usr/bin/clang -Xlinker -reproducible -target x86_64-apple-ios12.0-simulator -r -isysroot /Applications/Xcode-beta.app/Contents/Developer/Platforms/iPhoneSimulator.platform/Developer/SDKs/iPhoneSimulator26.0.sdk -O0 -w -L/Users/kris/Epilogue/build/Build/Intermediates.noindex/EagerLinkingTBDs/Debug-iphonesimulator -L/Users/kris/Epilogue/build/Build/Products/Debug-iphonesimulator -L/Applications/Xcode-beta.app/Contents/Developer/Platforms/iPhoneSimulator.platform/Developer/usr/lib -F/Users/kris/Epilogue/build/Build/Intermediates.noindex/EagerLinkingTBDs/Debug-iphonesimulator -F/Users/kris/Epilogue/build/Build/Products/Debug-iphonesimulator/PackageFrameworks -F/Users/kris/Epilogue/build/Build/Products/Debug-iphonesimulator -iframework /Applications/Xcode-beta.app/Contents/Developer/Platforms/iPhoneSimulator.platform/Developer/Library/Frameworks -iframework /Applications/Xcode-beta.app/Contents/Developer/Platforms/iPhoneSimulator.platform/Developer/SDKs/iPhoneSimulator26.0.sdk/Developer/Library/Frameworks -filelist /Users/kris/Epilogue/build/Build/Intermediates.noindex/swift-collections.build/Debug-iphonesimulator/OrderedCollections.build/Objects-normal/x86_64/OrderedCollections.LinkFileList -nostdlib -Xlinker -object_path_lto -Xlinker /Users/kris/Epilogue/build/Build/Intermediates.noindex/swift-collections.build/Debug-iphonesimulator/OrderedCollections.build/Objects-normal/x86_64/OrderedCollections_lto.o -rdynamic -Xlinker -no_deduplicate -Xlinker -objc_abi_version -Xlinker 2 -Xlinker -debug_variant -Xlinker -dependency_info -Xlinker /Users/kris/Epilogue/build/Build/Intermediates.noindex/swift-collections.build/Debug-iphonesimulator/OrderedCollections.build/Objects-normal/x86_64/OrderedCollections_dependency_info.dat -fobjc-link-runtime -L/Applications/Xcode-beta.app/Contents/Developer/Toolchains/XcodeDefault.xctoolchain/usr/lib/swift/iphonesimulator -L/usr/lib/swift -Xlinker -add_ast_path -Xlinker /Users/kris/Epilogue/build/Build/Intermediates.noindex/swift-collections.build/Debug-iphonesimulator/OrderedCollections.build/Objects-normal/x86_64/OrderedCollections.swiftmodule @/Users/kris/Epilogue/build/Build/Intermediates.noindex/swift-collections.build/Debug-iphonesimulator/OrderedCollections.build/Objects-normal/x86_64/OrderedCollections-linker-args.resp -o /Users/kris/Epilogue/build/Build/Intermediates.noindex/swift-collections.build/Debug-iphonesimulator/OrderedCollections.build/Objects-normal/x86_64/Binary/OrderedCollections.o

Ld /Users/kris/Epilogue/build/Build/Intermediates.noindex/swift-collections.build/Debug-iphonesimulator/OrderedCollections.build/Objects-normal/arm64/Binary/OrderedCollections.o normal arm64 (in target 'OrderedCollections' from project 'swift-collections')
    cd /Users/kris/Epilogue/build/SourcePackages/checkouts/swift-collections
    /Applications/Xcode-beta.app/Contents/Developer/Toolchains/XcodeDefault.xctoolchain/usr/bin/clang -Xlinker -reproducible -target arm64-apple-ios12.0-simulator -r -isysroot /Applications/Xcode-beta.app/Contents/Developer/Platforms/iPhoneSimulator.platform/Developer/SDKs/iPhoneSimulator26.0.sdk -O0 -w -L/Users/kris/Epilogue/build/Build/Intermediates.noindex/EagerLinkingTBDs/Debug-iphonesimulator -L/Users/kris/Epilogue/build/Build/Products/Debug-iphonesimulator -L/Applications/Xcode-beta.app/Contents/Developer/Platforms/iPhoneSimulator.platform/Developer/usr/lib -F/Users/kris/Epilogue/build/Build/Intermediates.noindex/EagerLinkingTBDs/Debug-iphonesimulator -F/Users/kris/Epilogue/build/Build/Products/Debug-iphonesimulator/PackageFrameworks -F/Users/kris/Epilogue/build/Build/Products/Debug-iphonesimulator -iframework /Applications/Xcode-beta.app/Contents/Developer/Platforms/iPhoneSimulator.platform/Developer/Library/Frameworks -iframework /Applications/Xcode-beta.app/Contents/Developer/Platforms/iPhoneSimulator.platform/Developer/SDKs/iPhoneSimulator26.0.sdk/Developer/Library/Frameworks -filelist /Users/kris/Epilogue/build/Build/Intermediates.noindex/swift-collections.build/Debug-iphonesimulator/OrderedCollections.build/Objects-normal/arm64/OrderedCollections.LinkFileList -nostdlib -Xlinker -object_path_lto -Xlinker /Users/kris/Epilogue/build/Build/Intermediates.noindex/swift-collections.build/Debug-iphonesimulator/OrderedCollections.build/Objects-normal/arm64/OrderedCollections_lto.o -rdynamic -Xlinker -no_deduplicate -Xlinker -objc_abi_version -Xlinker 2 -Xlinker -debug_variant -Xlinker -dependency_info -Xlinker /Users/kris/Epilogue/build/Build/Intermediates.noindex/swift-collections.build/Debug-iphonesimulator/OrderedCollections.build/Objects-normal/arm64/OrderedCollections_dependency_info.dat -fobjc-link-runtime -L/Applications/Xcode-beta.app/Contents/Developer/Toolchains/XcodeDefault.xctoolchain/usr/lib/swift/iphonesimulator -L/usr/lib/swift -Xlinker -add_ast_path -Xlinker /Users/kris/Epilogue/build/Build/Intermediates.noindex/swift-collections.build/Debug-iphonesimulator/OrderedCollections.build/Objects-normal/arm64/OrderedCollections.swiftmodule @/Users/kris/Epilogue/build/Build/Intermediates.noindex/swift-collections.build/Debug-iphonesimulator/OrderedCollections.build/Objects-normal/arm64/OrderedCollections-linker-args.resp -o /Users/kris/Epilogue/build/Build/Intermediates.noindex/swift-collections.build/Debug-iphonesimulator/OrderedCollections.build/Objects-normal/arm64/Binary/OrderedCollections.o

RegisterExecutionPolicyException /Users/kris/Epilogue/build/Build/Products/Debug-iphonesimulator/UIImageColors.o (in target 'UIImageColors' from project 'UIImageColors')
    cd /Users/kris/Epilogue/build/SourcePackages/checkouts/UIImageColors
    builtin-RegisterExecutionPolicyException /Users/kris/Epilogue/build/Build/Products/Debug-iphonesimulator/UIImageColors.o

RegisterExecutionPolicyException /Users/kris/Epilogue/build/Build/Products/Debug-iphonesimulator/TensorUtils.o (in target 'TensorUtils' from project 'swift-transformers')
    cd /Users/kris/Epilogue/build/SourcePackages/checkouts/swift-transformers
    builtin-RegisterExecutionPolicyException /Users/kris/Epilogue/build/Build/Products/Debug-iphonesimulator/TensorUtils.o

CreateUniversalBinary /Users/kris/Epilogue/build/Build/Products/Debug-iphonesimulator/OrderedCollections.o normal arm64\ x86_64 (in target 'OrderedCollections' from project 'swift-collections')
    cd /Users/kris/Epilogue/build/SourcePackages/checkouts/swift-collections
    /Applications/Xcode-beta.app/Contents/Developer/Toolchains/XcodeDefault.xctoolchain/usr/bin/lipo -create /Users/kris/Epilogue/build/Build/Intermediates.noindex/swift-collections.build/Debug-iphonesimulator/OrderedCollections.build/Objects-normal/arm64/Binary/OrderedCollections.o /Users/kris/Epilogue/build/Build/Intermediates.noindex/swift-collections.build/Debug-iphonesimulator/OrderedCollections.build/Objects-normal/x86_64/Binary/OrderedCollections.o -output /Users/kris/Epilogue/build/Build/Products/Debug-iphonesimulator/OrderedCollections.o

ExtractAppIntentsMetadata (in target 'OrderedCollections' from project 'swift-collections')
    cd /Users/kris/Epilogue/build/SourcePackages/checkouts/swift-collections
    /Applications/Xcode-beta.app/Contents/Developer/Toolchains/XcodeDefault.xctoolchain/usr/bin/appintentsmetadataprocessor --toolchain-dir /var/run/com.apple.security.cryptexd/mnt/com.apple.MobileAsset.MetalToolchain-v17.1.5285.9.RYKCRc/Metal.xctoolchain --module-name OrderedCollections --sdk-root /Applications/Xcode-beta.app/Contents/Developer/Platforms/iPhoneSimulator.platform/Developer/SDKs/iPhoneSimulator26.0.sdk --xcode-version 17A5285i --platform-family iOS --deployment-target 12.0 --bundle-identifier swift-collections.OrderedCollections --output /Users/kris/Epilogue/build/Build/Products/Debug-iphonesimulator/OrderedCollections.appintents --target-triple arm64-apple-ios12.0-simulator --target-triple x86_64-apple-ios12.0-simulator --binary-file /Users/kris/Epilogue/build/Build/Products/Debug-iphonesimulator/OrderedCollections.o --dependency-file /Users/kris/Epilogue/build/Build/Intermediates.noindex/swift-collections.build/Debug-iphonesimulator/OrderedCollections.build/Objects-normal/arm64/OrderedCollections_dependency_info.dat --dependency-file /Users/kris/Epilogue/build/Build/Intermediates.noindex/swift-collections.build/Debug-iphonesimulator/OrderedCollections.build/Objects-normal/x86_64/OrderedCollections_dependency_info.dat --stringsdata-file /Users/kris/Epilogue/build/Build/Intermediates.noindex/swift-collections.build/Debug-iphonesimulator/OrderedCollections.build/Objects-normal/arm64/ExtractedAppShortcutsMetadata.stringsdata --stringsdata-file /Users/kris/Epilogue/build/Build/Intermediates.noindex/swift-collections.build/Debug-iphonesimulator/OrderedCollections.build/Objects-normal/x86_64/ExtractedAppShortcutsMetadata.stringsdata --source-file-list /Users/kris/Epilogue/build/Build/Intermediates.noindex/swift-collections.build/Debug-iphonesimulator/OrderedCollections.build/Objects-normal/arm64/OrderedCollections.SwiftFileList --source-file-list /Users/kris/Epilogue/build/Build/Intermediates.noindex/swift-collections.build/Debug-iphonesimulator/OrderedCollections.build/Objects-normal/x86_64/OrderedCollections.SwiftFileList --metadata-file-list /Users/kris/Epilogue/build/Build/Intermediates.noindex/swift-collections.build/Debug-iphonesimulator/OrderedCollections.build/OrderedCollections.DependencyMetadataFileList --static-metadata-file-list /Users/kris/Epilogue/build/Build/Intermediates.noindex/swift-collections.build/Debug-iphonesimulator/OrderedCollections.build/OrderedCollections.DependencyStaticMetadataFileList --swift-const-vals-list /Users/kris/Epilogue/build/Build/Intermediates.noindex/swift-collections.build/Debug-iphonesimulator/OrderedCollections.build/Objects-normal/arm64/OrderedCollections.SwiftConstValuesFileList --swift-const-vals-list /Users/kris/Epilogue/build/Build/Intermediates.noindex/swift-collections.build/Debug-iphonesimulator/OrderedCollections.build/Objects-normal/x86_64/OrderedCollections.SwiftConstValuesFileList --force --compile-time-extraction --deployment-aware-processing --validate-assistant-intents --no-app-shortcuts-localization
2025-07-29 08:25:47.869 appintentsmetadataprocessor[95919:46760232] Starting appintentsmetadataprocessor export
2025-07-29 08:25:48.011 appintentsmetadataprocessor[95919:46760232] Extracted no relevant App Intents symbols, skipping writing output

SwiftDriverJobDiscovery normal arm64 Compiling BashCompletionsGenerator.swift, CompletionsGenerator.swift, FishCompletionsGenerator.swift, ZshCompletionsGenerator.swift, Argument.swift (in target 'ArgumentParser' from project 'swift-argument-parser')

SwiftEmitModule normal x86_64 Emitting\ module\ for\ Jinja (in target 'Jinja' from project 'Jinja')
EmitSwiftModule normal x86_64 (in target 'Jinja' from project 'Jinja')
    cd /Users/kris/Epilogue/Epilogue/Epilogue.xcodeproj
    

SwiftCompile normal x86_64 Compiling\ Parser.swift /Users/kris/Epilogue/build/SourcePackages/checkouts/Jinja/Sources/Parser.swift (in target 'Jinja' from project 'Jinja')
SwiftCompile normal x86_64 /Users/kris/Epilogue/build/SourcePackages/checkouts/Jinja/Sources/Parser.swift (in target 'Jinja' from project 'Jinja')
    cd /Users/kris/Epilogue/Epilogue/Epilogue.xcodeproj
    

SwiftCompile normal x86_64 Compiling\ StringExtension.swift /Users/kris/Epilogue/build/SourcePackages/checkouts/Jinja/Sources/Extensions/StringExtension.swift (in target 'Jinja' from project 'Jinja')

SwiftCompile normal x86_64 /Users/kris/Epilogue/build/SourcePackages/checkouts/Jinja/Sources/Extensions/StringExtension.swift (in target 'Jinja' from project 'Jinja')
    cd /Users/kris/Epilogue/Epilogue/Epilogue.xcodeproj
    

SwiftCompile normal x86_64 Compiling\ Template.swift /Users/kris/Epilogue/build/SourcePackages/checkouts/Jinja/Sources/Template.swift (in target 'Jinja' from project 'Jinja')

SwiftCompile normal x86_64 /Users/kris/Epilogue/build/SourcePackages/checkouts/Jinja/Sources/Template.swift (in target 'Jinja' from project 'Jinja')
    cd /Users/kris/Epilogue/Epilogue/Epilogue.xcodeproj
    

SwiftCompile normal x86_64 Compiling\ Lexer.swift /Users/kris/Epilogue/build/SourcePackages/checkouts/Jinja/Sources/Lexer.swift (in target 'Jinja' from project 'Jinja')

SwiftCompile normal x86_64 /Users/kris/Epilogue/build/SourcePackages/checkouts/Jinja/Sources/Lexer.swift (in target 'Jinja' from project 'Jinja')
    cd /Users/kris/Epilogue/Epilogue/Epilogue.xcodeproj
    

SwiftEmitModule normal arm64 Emitting\ module\ for\ Jinja (in target 'Jinja' from project 'Jinja')
EmitSwiftModule normal arm64 (in target 'Jinja' from project 'Jinja')
    cd /Users/kris/Epilogue/Epilogue/Epilogue.xcodeproj
    

SwiftDriverJobDiscovery normal arm64 Compiling EnumerableFlag.swift, ExpressibleByArgument.swift, ParsableArguments.swift, ParsableCommand.swift (in target 'ArgumentParser' from project 'swift-argument-parser')

SwiftCompile normal arm64 Compiling\ Error.swift /Users/kris/Epilogue/build/SourcePackages/checkouts/Jinja/Sources/Error.swift (in target 'Jinja' from project 'Jinja')

SwiftCompile normal arm64 /Users/kris/Epilogue/build/SourcePackages/checkouts/Jinja/Sources/Error.swift (in target 'Jinja' from project 'Jinja')
    cd /Users/kris/Epilogue/Epilogue/Epilogue.xcodeproj
    

SwiftCompile normal arm64 Compiling\ Lexer.swift /Users/kris/Epilogue/build/SourcePackages/checkouts/Jinja/Sources/Lexer.swift (in target 'Jinja' from project 'Jinja')

SwiftCompile normal arm64 /Users/kris/Epilogue/build/SourcePackages/checkouts/Jinja/Sources/Lexer.swift (in target 'Jinja' from project 'Jinja')
    cd /Users/kris/Epilogue/Epilogue/Epilogue.xcodeproj
    

SwiftDriverJobDiscovery normal x86_64 Compiling ParsedValues.swift, ParserError.swift, SplitArguments.swift, DumpHelpGenerator.swift (in target 'ArgumentParser' from project 'swift-argument-parser')

SwiftCompile normal arm64 Compiling\ Parser.swift /Users/kris/Epilogue/build/SourcePackages/checkouts/Jinja/Sources/Parser.swift (in target 'Jinja' from project 'Jinja')
SwiftCompile normal arm64 /Users/kris/Epilogue/build/SourcePackages/checkouts/Jinja/Sources/Parser.swift (in target 'Jinja' from project 'Jinja')
    cd /Users/kris/Epilogue/Epilogue/Epilogue.xcodeproj
    

SwiftCompile normal arm64 Compiling\ StringExtension.swift /Users/kris/Epilogue/build/SourcePackages/checkouts/Jinja/Sources/Extensions/StringExtension.swift (in target 'Jinja' from project 'Jinja')

SwiftCompile normal arm64 /Users/kris/Epilogue/build/SourcePackages/checkouts/Jinja/Sources/Extensions/StringExtension.swift (in target 'Jinja' from project 'Jinja')
    cd /Users/kris/Epilogue/Epilogue/Epilogue.xcodeproj
    

SwiftDriverJobDiscovery normal x86_64 Compiling Template.swift (in target 'Jinja' from project 'Jinja')

SwiftCompile normal arm64 Compiling\ Template.swift /Users/kris/Epilogue/build/SourcePackages/checkouts/Jinja/Sources/Template.swift (in target 'Jinja' from project 'Jinja')

SwiftCompile normal arm64 /Users/kris/Epilogue/build/SourcePackages/checkouts/Jinja/Sources/Template.swift (in target 'Jinja' from project 'Jinja')
    cd /Users/kris/Epilogue/Epilogue/Epilogue.xcodeproj
    

SwiftDriverJobDiscovery normal x86_64 Compiling StringExtension.swift (in target 'Jinja' from project 'Jinja')

SwiftCompile normal arm64 Compiling\ Ast.swift /Users/kris/Epilogue/build/SourcePackages/checkouts/Jinja/Sources/Ast.swift (in target 'Jinja' from project 'Jinja')

SwiftCompile normal arm64 /Users/kris/Epilogue/build/SourcePackages/checkouts/Jinja/Sources/Ast.swift (in target 'Jinja' from project 'Jinja')
    cd /Users/kris/Epilogue/Epilogue/Epilogue.xcodeproj
    

SwiftDriverJobDiscovery normal arm64 Compiling Error.swift (in target 'Jinja' from project 'Jinja')

SwiftCompile normal arm64 Compiling\ Utilities.swift /Users/kris/Epilogue/build/SourcePackages/checkouts/Jinja/Sources/Utilities.swift (in target 'Jinja' from project 'Jinja')

SwiftCompile normal arm64 /Users/kris/Epilogue/build/SourcePackages/checkouts/Jinja/Sources/Utilities.swift (in target 'Jinja' from project 'Jinja')
    cd /Users/kris/Epilogue/Epilogue/Epilogue.xcodeproj
    

SwiftDriverJobDiscovery normal x86_64 Compiling HelpCommand.swift, HelpGenerator.swift, MessageInfo.swift, UsageGenerator.swift (in target 'ArgumentParser' from project 'swift-argument-parser')

SwiftCompile normal arm64 Compiling\ Environment.swift /Users/kris/Epilogue/build/SourcePackages/checkouts/Jinja/Sources/Environment.swift (in target 'Jinja' from project 'Jinja')
SwiftCompile normal arm64 /Users/kris/Epilogue/build/SourcePackages/checkouts/Jinja/Sources/Environment.swift (in target 'Jinja' from project 'Jinja')
    cd /Users/kris/Epilogue/Epilogue/Epilogue.xcodeproj
    

SwiftDriverJobDiscovery normal arm64 Compiling StringExtension.swift (in target 'Jinja' from project 'Jinja')

SwiftCompile normal x86_64 Compiling\ Environment.swift /Users/kris/Epilogue/build/SourcePackages/checkouts/Jinja/Sources/Environment.swift (in target 'Jinja' from project 'Jinja')
SwiftCompile normal x86_64 /Users/kris/Epilogue/build/SourcePackages/checkouts/Jinja/Sources/Environment.swift (in target 'Jinja' from project 'Jinja')
    cd /Users/kris/Epilogue/Epilogue/Epilogue.xcodeproj
    

SwiftDriverJobDiscovery normal arm64 Compiling Template.swift (in target 'Jinja' from project 'Jinja')

SwiftCompile normal x86_64 Compiling\ Ast.swift /Users/kris/Epilogue/build/SourcePackages/checkouts/Jinja/Sources/Ast.swift (in target 'Jinja' from project 'Jinja')

SwiftCompile normal x86_64 /Users/kris/Epilogue/build/SourcePackages/checkouts/Jinja/Sources/Ast.swift (in target 'Jinja' from project 'Jinja')
    cd /Users/kris/Epilogue/Epilogue/Epilogue.xcodeproj
    

SwiftDriverJobDiscovery normal x86_64 Compiling Lexer.swift (in target 'Jinja' from project 'Jinja')

SwiftCompile normal x86_64 Compiling\ Utilities.swift /Users/kris/Epilogue/build/SourcePackages/checkouts/Jinja/Sources/Utilities.swift (in target 'Jinja' from project 'Jinja')

SwiftCompile normal x86_64 /Users/kris/Epilogue/build/SourcePackages/checkouts/Jinja/Sources/Utilities.swift (in target 'Jinja' from project 'Jinja')
    cd /Users/kris/Epilogue/Epilogue/Epilogue.xcodeproj
    

SwiftDriverJobDiscovery normal arm64 Compiling Ast.swift (in target 'Jinja' from project 'Jinja')

SwiftCompile normal arm64 Compiling\ Runtime.swift /Users/kris/Epilogue/build/SourcePackages/checkouts/Jinja/Sources/Runtime.swift (in target 'Jinja' from project 'Jinja')

SwiftCompile normal arm64 /Users/kris/Epilogue/build/SourcePackages/checkouts/Jinja/Sources/Runtime.swift (in target 'Jinja' from project 'Jinja')
    cd /Users/kris/Epilogue/Epilogue/Epilogue.xcodeproj
    

SwiftDriverJobDiscovery normal x86_64 Compiling Errors.swift, Flag.swift, NameSpecification.swift, Option.swift (in target 'ArgumentParser' from project 'swift-argument-parser')

SwiftCompile normal x86_64 Compiling\ Runtime.swift /Users/kris/Epilogue/build/SourcePackages/checkouts/Jinja/Sources/Runtime.swift (in target 'Jinja' from project 'Jinja')

SwiftCompile normal x86_64 /Users/kris/Epilogue/build/SourcePackages/checkouts/Jinja/Sources/Runtime.swift (in target 'Jinja' from project 'Jinja')
    cd /Users/kris/Epilogue/Epilogue/Epilogue.xcodeproj
    

SwiftDriverJobDiscovery normal arm64 Compiling ParsedValues.swift, ParserError.swift, SplitArguments.swift, DumpHelpGenerator.swift (in target 'ArgumentParser' from project 'swift-argument-parser')

SwiftCompile normal x86_64 Compiling\ Error.swift /Users/kris/Epilogue/build/SourcePackages/checkouts/Jinja/Sources/Error.swift (in target 'Jinja' from project 'Jinja')

SwiftCompile normal x86_64 /Users/kris/Epilogue/build/SourcePackages/checkouts/Jinja/Sources/Error.swift (in target 'Jinja' from project 'Jinja')
    cd /Users/kris/Epilogue/Epilogue/Epilogue.xcodeproj
    

SwiftDriverJobDiscovery normal arm64 Compiling Lexer.swift (in target 'Jinja' from project 'Jinja')

SwiftDriver\ Compilation ArgumentParser normal x86_64 com.apple.xcode.tools.swift.compiler (in target 'ArgumentParser' from project 'swift-argument-parser')
    cd /Users/kris/Epilogue/Epilogue/Epilogue.xcodeproj
    builtin-Swift-Compilation -- /Applications/Xcode-beta.app/Contents/Developer/Toolchains/XcodeDefault.xctoolchain/usr/bin/swiftc -module-name ArgumentParser -Onone -enforce-exclusivity\=checked @/Users/kris/Epilogue/build/Build/Intermediates.noindex/swift-argument-parser.build/Debug-iphonesimulator/ArgumentParser.build/Objects-normal/x86_64/ArgumentParser.SwiftFileList -DSWIFT_PACKAGE -DDEBUG -DSWIFT_MODULE_RESOURCE_BUNDLE_UNAVAILABLE -DXcode -enable-experimental-feature StrictConcurrency -plugin-path /Applications/Xcode-beta.app/Contents/Developer/Toolchains/XcodeDefault.xctoolchain/usr/lib/swift/host/plugins/testing -enable-experimental-feature DebugDescriptionMacro -sdk /Applications/Xcode-beta.app/Contents/Developer/Platforms/iPhoneSimulator.platform/Developer/SDKs/iPhoneSimulator26.0.sdk -target x86_64-apple-ios12.0-simulator -g -module-cache-path /Users/kris/Epilogue/build/ModuleCache.noindex -Xfrontend -serialize-debugging-options -profile-coverage-mapping -profile-generate -enable-testing -suppress-warnings -index-store-path /Users/kris/Epilogue/build/Index.noindex/DataStore -Xcc -D_LIBCPP_HARDENING_MODE\=_LIBCPP_HARDENING_MODE_DEBUG -swift-version 5 -I /Users/kris/Epilogue/build/Build/Products/Debug-iphonesimulator -Isystem /Applications/Xcode-beta.app/Contents/Developer/Platforms/iPhoneSimulator.platform/Developer/usr/lib -F /Users/kris/Epilogue/build/Build/Products/Debug-iphonesimulator/PackageFrameworks -F /Users/kris/Epilogue/build/Build/Products/Debug-iphonesimulator -F /Applications/Xcode-beta.app/Contents/Developer/Platforms/iPhoneSimulator.platform/Developer/Library/Frameworks -F /Applications/Xcode-beta.app/Contents/Developer/Platforms/iPhoneSimulator.platform/Developer/SDKs/iPhoneSimulator26.0.sdk/Developer/Library/Frameworks -c -j12 -enable-batch-mode -incremental -Xcc -ivfsstatcache -Xcc /Users/kris/Epilogue/build/SDKStatCaches.noindex/iphonesimulator26.0-23A5297f-3885c01c3e6b6a337905948deab2002efc862078e33f881139a9d2f83bd1a9d0.sdkstatcache -output-file-map /Users/kris/Epilogue/build/Build/Intermediates.noindex/swift-argument-parser.build/Debug-iphonesimulator/ArgumentParser.build/Objects-normal/x86_64/ArgumentParser-OutputFileMap.json -use-frontend-parseable-output -save-temps -no-color-diagnostics -explicit-module-build -module-cache-path /Users/kris/Epilogue/build/Build/Intermediates.noindex/SwiftExplicitPrecompiledModules -clang-scanner-module-cache-path /Users/kris/Epilogue/build/ModuleCache.noindex -sdk-module-cache-path /Users/kris/Epilogue/build/ModuleCache.noindex -serialize-diagnostics -emit-dependencies -emit-module -emit-module-path /Users/kris/Epilogue/build/Build/Intermediates.noindex/swift-argument-parser.build/Debug-iphonesimulator/ArgumentParser.build/Objects-normal/x86_64/ArgumentParser.swiftmodule -validate-clang-modules-once -clang-build-session-file /Users/kris/Epilogue/build/ModuleCache.noindex/Session.modulevalidation -Xcc -I/Users/kris/Epilogue/build/Build/Intermediates.noindex/swift-argument-parser.build/Debug-iphonesimulator/ArgumentParser.build/swift-overrides.hmap -emit-const-values -Xfrontend -const-gather-protocols-file -Xfrontend /Users/kris/Epilogue/build/Build/Intermediates.noindex/swift-argument-parser.build/Debug-iphonesimulator/ArgumentParser.build/Objects-normal/x86_64/ArgumentParser_const_extract_protocols.json -Xcc -I/Users/kris/Epilogue/build/Build/Products/Debug-iphonesimulator/include -Xcc -I/Users/kris/Epilogue/build/Build/Intermediates.noindex/swift-argument-parser.build/Debug-iphonesimulator/ArgumentParser.build/DerivedSources-normal/x86_64 -Xcc -I/Users/kris/Epilogue/build/Build/Intermediates.noindex/swift-argument-parser.build/Debug-iphonesimulator/ArgumentParser.build/DerivedSources/x86_64 -Xcc -I/Users/kris/Epilogue/build/Build/Intermediates.noindex/swift-argument-parser.build/Debug-iphonesimulator/ArgumentParser.build/DerivedSources -Xcc -DSWIFT_PACKAGE -Xcc -DDEBUG\=1 -emit-objc-header -emit-objc-header-path /Users/kris/Epilogue/build/Build/Intermediates.noindex/swift-argument-parser.build/Debug-iphonesimulator/ArgumentParser.build/Objects-normal/x86_64/ArgumentParser-Swift.h -working-directory /Users/kris/Epilogue/Epilogue/Epilogue.xcodeproj -experimental-emit-module-separately -disable-cmo

SwiftDriverJobDiscovery normal x86_64 Emitting module for Jinja (in target 'Jinja' from project 'Jinja')

SwiftDriver\ Compilation\ Requirements Jinja normal x86_64 com.apple.xcode.tools.swift.compiler (in target 'Jinja' from project 'Jinja')
    cd /Users/kris/Epilogue/Epilogue/Epilogue.xcodeproj
    builtin-Swift-Compilation-Requirements -- /Applications/Xcode-beta.app/Contents/Developer/Toolchains/XcodeDefault.xctoolchain/usr/bin/swiftc -module-name Jinja -Onone -enforce-exclusivity\=checked @/Users/kris/Epilogue/build/Build/Intermediates.noindex/Jinja.build/Debug-iphonesimulator/Jinja.build/Objects-normal/x86_64/Jinja.SwiftFileList -DSWIFT_PACKAGE -DDEBUG -DSWIFT_MODULE_RESOURCE_BUNDLE_UNAVAILABLE -DXcode -enable-upcoming-feature BareSlashRegexLiterals -plugin-path /Applications/Xcode-beta.app/Contents/Developer/Toolchains/XcodeDefault.xctoolchain/usr/lib/swift/host/plugins/testing -enable-experimental-feature DebugDescriptionMacro -sdk /Applications/Xcode-beta.app/Contents/Developer/Platforms/iPhoneSimulator.platform/Developer/SDKs/iPhoneSimulator26.0.sdk -target x86_64-apple-ios16.0-simulator -g -module-cache-path /Users/kris/Epilogue/build/ModuleCache.noindex -Xfrontend -serialize-debugging-options -profile-coverage-mapping -profile-generate -enable-testing -suppress-warnings -index-store-path /Users/kris/Epilogue/build/Index.noindex/DataStore -Xcc -D_LIBCPP_HARDENING_MODE\=_LIBCPP_HARDENING_MODE_DEBUG -swift-version 5 -I /Users/kris/Epilogue/build/Build/Products/Debug-iphonesimulator -Isystem /Applications/Xcode-beta.app/Contents/Developer/Platforms/iPhoneSimulator.platform/Developer/usr/lib -F /Users/kris/Epilogue/build/Build/Products/Debug-iphonesimulator/PackageFrameworks -F /Users/kris/Epilogue/build/Build/Products/Debug-iphonesimulator/PackageFrameworks -F /Users/kris/Epilogue/build/Build/Products/Debug-iphonesimulator -F /Applications/Xcode-beta.app/Contents/Developer/Platforms/iPhoneSimulator.platform/Developer/Library/Frameworks -F /Applications/Xcode-beta.app/Contents/Developer/Platforms/iPhoneSimulator.platform/Developer/SDKs/iPhoneSimulator26.0.sdk/Developer/Library/Frameworks -c -j12 -enable-batch-mode -incremental -Xcc -ivfsstatcache -Xcc /Users/kris/Epilogue/build/SDKStatCaches.noindex/iphonesimulator26.0-23A5297f-3885c01c3e6b6a337905948deab2002efc862078e33f881139a9d2f83bd1a9d0.sdkstatcache -output-file-map /Users/kris/Epilogue/build/Build/Intermediates.noindex/Jinja.build/Debug-iphonesimulator/Jinja.build/Objects-normal/x86_64/Jinja-OutputFileMap.json -use-frontend-parseable-output -save-temps -no-color-diagnostics -explicit-module-build -module-cache-path /Users/kris/Epilogue/build/Build/Intermediates.noindex/SwiftExplicitPrecompiledModules -clang-scanner-module-cache-path /Users/kris/Epilogue/build/ModuleCache.noindex -sdk-module-cache-path /Users/kris/Epilogue/build/ModuleCache.noindex -serialize-diagnostics -emit-dependencies -emit-module -emit-module-path /Users/kris/Epilogue/build/Build/Intermediates.noindex/Jinja.build/Debug-iphonesimulator/Jinja.build/Objects-normal/x86_64/Jinja.swiftmodule -validate-clang-modules-once -clang-build-session-file /Users/kris/Epilogue/build/ModuleCache.noindex/Session.modulevalidation -Xcc -I/Users/kris/Epilogue/build/Build/Intermediates.noindex/Jinja.build/Debug-iphonesimulator/Jinja.build/swift-overrides.hmap -emit-const-values -Xfrontend -const-gather-protocols-file -Xfrontend /Users/kris/Epilogue/build/Build/Intermediates.noindex/Jinja.build/Debug-iphonesimulator/Jinja.build/Objects-normal/x86_64/Jinja_const_extract_protocols.json -Xcc -I/Users/kris/Epilogue/build/Build/Products/Debug-iphonesimulator/include -Xcc -I/Users/kris/Epilogue/build/Build/Intermediates.noindex/Jinja.build/Debug-iphonesimulator/Jinja.build/DerivedSources-normal/x86_64 -Xcc -I/Users/kris/Epilogue/build/Build/Intermediates.noindex/Jinja.build/Debug-iphonesimulator/Jinja.build/DerivedSources/x86_64 -Xcc -I/Users/kris/Epilogue/build/Build/Intermediates.noindex/Jinja.build/Debug-iphonesimulator/Jinja.build/DerivedSources -Xcc -DSWIFT_PACKAGE -Xcc -DDEBUG\=1 -emit-objc-header -emit-objc-header-path /Users/kris/Epilogue/build/Build/Intermediates.noindex/Jinja.build/Debug-iphonesimulator/Jinja.build/Objects-normal/x86_64/Jinja-Swift.h -working-directory /Users/kris/Epilogue/Epilogue/Epilogue.xcodeproj -experimental-emit-module-separately -disable-cmo

Ld /Users/kris/Epilogue/build/Build/Intermediates.noindex/swift-argument-parser.build/Debug-iphonesimulator/ArgumentParser.build/Objects-normal/x86_64/Binary/ArgumentParser.o normal x86_64 (in target 'ArgumentParser' from project 'swift-argument-parser')
    cd /Users/kris/Epilogue/build/SourcePackages/checkouts/swift-argument-parser
    /Applications/Xcode-beta.app/Contents/Developer/Toolchains/XcodeDefault.xctoolchain/usr/bin/clang -Xlinker -reproducible -target x86_64-apple-ios12.0-simulator -r -isysroot /Applications/Xcode-beta.app/Contents/Developer/Platforms/iPhoneSimulator.platform/Developer/SDKs/iPhoneSimulator26.0.sdk -O0 -w -L/Users/kris/Epilogue/build/Build/Intermediates.noindex/EagerLinkingTBDs/Debug-iphonesimulator -L/Users/kris/Epilogue/build/Build/Products/Debug-iphonesimulator -L/Applications/Xcode-beta.app/Contents/Developer/Platforms/iPhoneSimulator.platform/Developer/usr/lib -F/Users/kris/Epilogue/build/Build/Intermediates.noindex/EagerLinkingTBDs/Debug-iphonesimulator -F/Users/kris/Epilogue/build/Build/Products/Debug-iphonesimulator/PackageFrameworks -F/Users/kris/Epilogue/build/Build/Products/Debug-iphonesimulator -iframework /Applications/Xcode-beta.app/Contents/Developer/Platforms/iPhoneSimulator.platform/Developer/Library/Frameworks -iframework /Applications/Xcode-beta.app/Contents/Developer/Platforms/iPhoneSimulator.platform/Developer/SDKs/iPhoneSimulator26.0.sdk/Developer/Library/Frameworks -filelist /Users/kris/Epilogue/build/Build/Intermediates.noindex/swift-argument-parser.build/Debug-iphonesimulator/ArgumentParser.build/Objects-normal/x86_64/ArgumentParser.LinkFileList -nostdlib -Xlinker -object_path_lto -Xlinker /Users/kris/Epilogue/build/Build/Intermediates.noindex/swift-argument-parser.build/Debug-iphonesimulator/ArgumentParser.build/Objects-normal/x86_64/ArgumentParser_lto.o -rdynamic -Xlinker -no_deduplicate -Xlinker -objc_abi_version -Xlinker 2 -Xlinker -debug_variant -Xlinker -dependency_info -Xlinker /Users/kris/Epilogue/build/Build/Intermediates.noindex/swift-argument-parser.build/Debug-iphonesimulator/ArgumentParser.build/Objects-normal/x86_64/ArgumentParser_dependency_info.dat -fobjc-link-runtime -L/Applications/Xcode-beta.app/Contents/Developer/Toolchains/XcodeDefault.xctoolchain/usr/lib/swift/iphonesimulator -L/usr/lib/swift -Xlinker -add_ast_path -Xlinker /Users/kris/Epilogue/build/Build/Intermediates.noindex/swift-argument-parser.build/Debug-iphonesimulator/ArgumentParser.build/Objects-normal/x86_64/ArgumentParser.swiftmodule @/Users/kris/Epilogue/build/Build/Intermediates.noindex/swift-argument-parser.build/Debug-iphonesimulator/ArgumentParser.build/Objects-normal/x86_64/ArgumentParser-linker-args.resp -o /Users/kris/Epilogue/build/Build/Intermediates.noindex/swift-argument-parser.build/Debug-iphonesimulator/ArgumentParser.build/Objects-normal/x86_64/Binary/ArgumentParser.o

SwiftDriverJobDiscovery normal x86_64 Compiling Parser.swift (in target 'Jinja' from project 'Jinja')

SwiftDriver\ Compilation ArgumentParser normal arm64 com.apple.xcode.tools.swift.compiler (in target 'ArgumentParser' from project 'swift-argument-parser')
    cd /Users/kris/Epilogue/Epilogue/Epilogue.xcodeproj
    builtin-Swift-Compilation -- /Applications/Xcode-beta.app/Contents/Developer/Toolchains/XcodeDefault.xctoolchain/usr/bin/swiftc -module-name ArgumentParser -Onone -enforce-exclusivity\=checked @/Users/kris/Epilogue/build/Build/Intermediates.noindex/swift-argument-parser.build/Debug-iphonesimulator/ArgumentParser.build/Objects-normal/arm64/ArgumentParser.SwiftFileList -DSWIFT_PACKAGE -DDEBUG -DSWIFT_MODULE_RESOURCE_BUNDLE_UNAVAILABLE -DXcode -enable-experimental-feature StrictConcurrency -plugin-path /Applications/Xcode-beta.app/Contents/Developer/Toolchains/XcodeDefault.xctoolchain/usr/lib/swift/host/plugins/testing -enable-experimental-feature DebugDescriptionMacro -sdk /Applications/Xcode-beta.app/Contents/Developer/Platforms/iPhoneSimulator.platform/Developer/SDKs/iPhoneSimulator26.0.sdk -target arm64-apple-ios12.0-simulator -g -module-cache-path /Users/kris/Epilogue/build/ModuleCache.noindex -Xfrontend -serialize-debugging-options -profile-coverage-mapping -profile-generate -enable-testing -suppress-warnings -index-store-path /Users/kris/Epilogue/build/Index.noindex/DataStore -Xcc -D_LIBCPP_HARDENING_MODE\=_LIBCPP_HARDENING_MODE_DEBUG -swift-version 5 -I /Users/kris/Epilogue/build/Build/Products/Debug-iphonesimulator -Isystem /Applications/Xcode-beta.app/Contents/Developer/Platforms/iPhoneSimulator.platform/Developer/usr/lib -F /Users/kris/Epilogue/build/Build/Products/Debug-iphonesimulator/PackageFrameworks -F /Users/kris/Epilogue/build/Build/Products/Debug-iphonesimulator -F /Applications/Xcode-beta.app/Contents/Developer/Platforms/iPhoneSimulator.platform/Developer/Library/Frameworks -F /Applications/Xcode-beta.app/Contents/Developer/Platforms/iPhoneSimulator.platform/Developer/SDKs/iPhoneSimulator26.0.sdk/Developer/Library/Frameworks -c -j12 -enable-batch-mode -incremental -Xcc -ivfsstatcache -Xcc /Users/kris/Epilogue/build/SDKStatCaches.noindex/iphonesimulator26.0-23A5297f-3885c01c3e6b6a337905948deab2002efc862078e33f881139a9d2f83bd1a9d0.sdkstatcache -output-file-map /Users/kris/Epilogue/build/Build/Intermediates.noindex/swift-argument-parser.build/Debug-iphonesimulator/ArgumentParser.build/Objects-normal/arm64/ArgumentParser-OutputFileMap.json -use-frontend-parseable-output -save-temps -no-color-diagnostics -explicit-module-build -module-cache-path /Users/kris/Epilogue/build/Build/Intermediates.noindex/SwiftExplicitPrecompiledModules -clang-scanner-module-cache-path /Users/kris/Epilogue/build/ModuleCache.noindex -sdk-module-cache-path /Users/kris/Epilogue/build/ModuleCache.noindex -serialize-diagnostics -emit-dependencies -emit-module -emit-module-path /Users/kris/Epilogue/build/Build/Intermediates.noindex/swift-argument-parser.build/Debug-iphonesimulator/ArgumentParser.build/Objects-normal/arm64/ArgumentParser.swiftmodule -validate-clang-modules-once -clang-build-session-file /Users/kris/Epilogue/build/ModuleCache.noindex/Session.modulevalidation -Xcc -I/Users/kris/Epilogue/build/Build/Intermediates.noindex/swift-argument-parser.build/Debug-iphonesimulator/ArgumentParser.build/swift-overrides.hmap -emit-const-values -Xfrontend -const-gather-protocols-file -Xfrontend /Users/kris/Epilogue/build/Build/Intermediates.noindex/swift-argument-parser.build/Debug-iphonesimulator/ArgumentParser.build/Objects-normal/arm64/ArgumentParser_const_extract_protocols.json -Xcc -I/Users/kris/Epilogue/build/Build/Products/Debug-iphonesimulator/include -Xcc -I/Users/kris/Epilogue/build/Build/Intermediates.noindex/swift-argument-parser.build/Debug-iphonesimulator/ArgumentParser.build/DerivedSources-normal/arm64 -Xcc -I/Users/kris/Epilogue/build/Build/Intermediates.noindex/swift-argument-parser.build/Debug-iphonesimulator/ArgumentParser.build/DerivedSources/arm64 -Xcc -I/Users/kris/Epilogue/build/Build/Intermediates.noindex/swift-argument-parser.build/Debug-iphonesimulator/ArgumentParser.build/DerivedSources -Xcc -DSWIFT_PACKAGE -Xcc -DDEBUG\=1 -emit-objc-header -emit-objc-header-path /Users/kris/Epilogue/build/Build/Intermediates.noindex/swift-argument-parser.build/Debug-iphonesimulator/ArgumentParser.build/Objects-normal/arm64/ArgumentParser-Swift.h -working-directory /Users/kris/Epilogue/Epilogue/Epilogue.xcodeproj -experimental-emit-module-separately -disable-cmo

Copy /Users/kris/Epilogue/build/Build/Products/Debug-iphonesimulator/Jinja.swiftmodule/x86_64-apple-ios-simulator.swiftmodule /Users/kris/Epilogue/build/Build/Intermediates.noindex/Jinja.build/Debug-iphonesimulator/Jinja.build/Objects-normal/x86_64/Jinja.swiftmodule (in target 'Jinja' from project 'Jinja')
    cd /Users/kris/Epilogue/build/SourcePackages/checkouts/Jinja
    builtin-copy -exclude .DS_Store -exclude CVS -exclude .svn -exclude .git -exclude .hg -resolve-src-symlinks -rename /Users/kris/Epilogue/build/Build/Intermediates.noindex/Jinja.build/Debug-iphonesimulator/Jinja.build/Objects-normal/x86_64/Jinja.swiftmodule /Users/kris/Epilogue/build/Build/Products/Debug-iphonesimulator/Jinja.swiftmodule/x86_64-apple-ios-simulator.swiftmodule

Copy /Users/kris/Epilogue/build/Build/Products/Debug-iphonesimulator/Jinja.swiftmodule/x86_64-apple-ios-simulator.swiftdoc /Users/kris/Epilogue/build/Build/Intermediates.noindex/Jinja.build/Debug-iphonesimulator/Jinja.build/Objects-normal/x86_64/Jinja.swiftdoc (in target 'Jinja' from project 'Jinja')
    cd /Users/kris/Epilogue/build/SourcePackages/checkouts/Jinja
    builtin-copy -exclude .DS_Store -exclude CVS -exclude .svn -exclude .git -exclude .hg -resolve-src-symlinks -rename /Users/kris/Epilogue/build/Build/Intermediates.noindex/Jinja.build/Debug-iphonesimulator/Jinja.build/Objects-normal/x86_64/Jinja.swiftdoc /Users/kris/Epilogue/build/Build/Products/Debug-iphonesimulator/Jinja.swiftmodule/x86_64-apple-ios-simulator.swiftdoc

Copy /Users/kris/Epilogue/build/Build/Products/Debug-iphonesimulator/Jinja.swiftmodule/x86_64-apple-ios-simulator.abi.json /Users/kris/Epilogue/build/Build/Intermediates.noindex/Jinja.build/Debug-iphonesimulator/Jinja.build/Objects-normal/x86_64/Jinja.abi.json (in target 'Jinja' from project 'Jinja')
    cd /Users/kris/Epilogue/build/SourcePackages/checkouts/Jinja
    builtin-copy -exclude .DS_Store -exclude CVS -exclude .svn -exclude .git -exclude .hg -resolve-src-symlinks -rename /Users/kris/Epilogue/build/Build/Intermediates.noindex/Jinja.build/Debug-iphonesimulator/Jinja.build/Objects-normal/x86_64/Jinja.abi.json /Users/kris/Epilogue/build/Build/Products/Debug-iphonesimulator/Jinja.swiftmodule/x86_64-apple-ios-simulator.abi.json

SwiftDriverJobDiscovery normal arm64 Emitting module for Jinja (in target 'Jinja' from project 'Jinja')

Copy /Users/kris/Epilogue/build/Build/Products/Debug-iphonesimulator/Jinja.swiftmodule/Project/x86_64-apple-ios-simulator.swiftsourceinfo /Users/kris/Epilogue/build/Build/Intermediates.noindex/Jinja.build/Debug-iphonesimulator/Jinja.build/Objects-normal/x86_64/Jinja.swiftsourceinfo (in target 'Jinja' from project 'Jinja')
    cd /Users/kris/Epilogue/build/SourcePackages/checkouts/Jinja
    builtin-copy -exclude .DS_Store -exclude CVS -exclude .svn -exclude .git -exclude .hg -resolve-src-symlinks -rename /Users/kris/Epilogue/build/Build/Intermediates.noindex/Jinja.build/Debug-iphonesimulator/Jinja.build/Objects-normal/x86_64/Jinja.swiftsourceinfo /Users/kris/Epilogue/build/Build/Products/Debug-iphonesimulator/Jinja.swiftmodule/Project/x86_64-apple-ios-simulator.swiftsourceinfo

SwiftDriverJobDiscovery normal x86_64 Compiling Ast.swift (in target 'Jinja' from project 'Jinja')

SwiftDriver\ Compilation\ Requirements Jinja normal arm64 com.apple.xcode.tools.swift.compiler (in target 'Jinja' from project 'Jinja')
    cd /Users/kris/Epilogue/Epilogue/Epilogue.xcodeproj
    builtin-Swift-Compilation-Requirements -- /Applications/Xcode-beta.app/Contents/Developer/Toolchains/XcodeDefault.xctoolchain/usr/bin/swiftc -module-name Jinja -Onone -enforce-exclusivity\=checked @/Users/kris/Epilogue/build/Build/Intermediates.noindex/Jinja.build/Debug-iphonesimulator/Jinja.build/Objects-normal/arm64/Jinja.SwiftFileList -DSWIFT_PACKAGE -DDEBUG -DSWIFT_MODULE_RESOURCE_BUNDLE_UNAVAILABLE -DXcode -enable-upcoming-feature BareSlashRegexLiterals -plugin-path /Applications/Xcode-beta.app/Contents/Developer/Toolchains/XcodeDefault.xctoolchain/usr/lib/swift/host/plugins/testing -enable-experimental-feature DebugDescriptionMacro -sdk /Applications/Xcode-beta.app/Contents/Developer/Platforms/iPhoneSimulator.platform/Developer/SDKs/iPhoneSimulator26.0.sdk -target arm64-apple-ios16.0-simulator -g -module-cache-path /Users/kris/Epilogue/build/ModuleCache.noindex -Xfrontend -serialize-debugging-options -profile-coverage-mapping -profile-generate -enable-testing -suppress-warnings -index-store-path /Users/kris/Epilogue/build/Index.noindex/DataStore -Xcc -D_LIBCPP_HARDENING_MODE\=_LIBCPP_HARDENING_MODE_DEBUG -swift-version 5 -I /Users/kris/Epilogue/build/Build/Products/Debug-iphonesimulator -Isystem /Applications/Xcode-beta.app/Contents/Developer/Platforms/iPhoneSimulator.platform/Developer/usr/lib -F /Users/kris/Epilogue/build/Build/Products/Debug-iphonesimulator/PackageFrameworks -F /Users/kris/Epilogue/build/Build/Products/Debug-iphonesimulator/PackageFrameworks -F /Users/kris/Epilogue/build/Build/Products/Debug-iphonesimulator -F /Applications/Xcode-beta.app/Contents/Developer/Platforms/iPhoneSimulator.platform/Developer/Library/Frameworks -F /Applications/Xcode-beta.app/Contents/Developer/Platforms/iPhoneSimulator.platform/Developer/SDKs/iPhoneSimulator26.0.sdk/Developer/Library/Frameworks -c -j12 -enable-batch-mode -incremental -Xcc -ivfsstatcache -Xcc /Users/kris/Epilogue/build/SDKStatCaches.noindex/iphonesimulator26.0-23A5297f-3885c01c3e6b6a337905948deab2002efc862078e33f881139a9d2f83bd1a9d0.sdkstatcache -output-file-map /Users/kris/Epilogue/build/Build/Intermediates.noindex/Jinja.build/Debug-iphonesimulator/Jinja.build/Objects-normal/arm64/Jinja-OutputFileMap.json -use-frontend-parseable-output -save-temps -no-color-diagnostics -explicit-module-build -module-cache-path /Users/kris/Epilogue/build/Build/Intermediates.noindex/SwiftExplicitPrecompiledModules -clang-scanner-module-cache-path /Users/kris/Epilogue/build/ModuleCache.noindex -sdk-module-cache-path /Users/kris/Epilogue/build/ModuleCache.noindex -serialize-diagnostics -emit-dependencies -emit-module -emit-module-path /Users/kris/Epilogue/build/Build/Intermediates.noindex/Jinja.build/Debug-iphonesimulator/Jinja.build/Objects-normal/arm64/Jinja.swiftmodule -validate-clang-modules-once -clang-build-session-file /Users/kris/Epilogue/build/ModuleCache.noindex/Session.modulevalidation -Xcc -I/Users/kris/Epilogue/build/Build/Intermediates.noindex/Jinja.build/Debug-iphonesimulator/Jinja.build/swift-overrides.hmap -emit-const-values -Xfrontend -const-gather-protocols-file -Xfrontend /Users/kris/Epilogue/build/Build/Intermediates.noindex/Jinja.build/Debug-iphonesimulator/Jinja.build/Objects-normal/arm64/Jinja_const_extract_protocols.json -Xcc -I/Users/kris/Epilogue/build/Build/Products/Debug-iphonesimulator/include -Xcc -I/Users/kris/Epilogue/build/Build/Intermediates.noindex/Jinja.build/Debug-iphonesimulator/Jinja.build/DerivedSources-normal/arm64 -Xcc -I/Users/kris/Epilogue/build/Build/Intermediates.noindex/Jinja.build/Debug-iphonesimulator/Jinja.build/DerivedSources/arm64 -Xcc -I/Users/kris/Epilogue/build/Build/Intermediates.noindex/Jinja.build/Debug-iphonesimulator/Jinja.build/DerivedSources -Xcc -DSWIFT_PACKAGE -Xcc -DDEBUG\=1 -emit-objc-header -emit-objc-header-path /Users/kris/Epilogue/build/Build/Intermediates.noindex/Jinja.build/Debug-iphonesimulator/Jinja.build/Objects-normal/arm64/Jinja-Swift.h -working-directory /Users/kris/Epilogue/Epilogue/Epilogue.xcodeproj -experimental-emit-module-separately -disable-cmo

Ld /Users/kris/Epilogue/build/Build/Intermediates.noindex/swift-argument-parser.build/Debug-iphonesimulator/ArgumentParser.build/Objects-normal/arm64/Binary/ArgumentParser.o normal arm64 (in target 'ArgumentParser' from project 'swift-argument-parser')
    cd /Users/kris/Epilogue/build/SourcePackages/checkouts/swift-argument-parser
    /Applications/Xcode-beta.app/Contents/Developer/Toolchains/XcodeDefault.xctoolchain/usr/bin/clang -Xlinker -reproducible -target arm64-apple-ios12.0-simulator -r -isysroot /Applications/Xcode-beta.app/Contents/Developer/Platforms/iPhoneSimulator.platform/Developer/SDKs/iPhoneSimulator26.0.sdk -O0 -w -L/Users/kris/Epilogue/build/Build/Intermediates.noindex/EagerLinkingTBDs/Debug-iphonesimulator -L/Users/kris/Epilogue/build/Build/Products/Debug-iphonesimulator -L/Applications/Xcode-beta.app/Contents/Developer/Platforms/iPhoneSimulator.platform/Developer/usr/lib -F/Users/kris/Epilogue/build/Build/Intermediates.noindex/EagerLinkingTBDs/Debug-iphonesimulator -F/Users/kris/Epilogue/build/Build/Products/Debug-iphonesimulator/PackageFrameworks -F/Users/kris/Epilogue/build/Build/Products/Debug-iphonesimulator -iframework /Applications/Xcode-beta.app/Contents/Developer/Platforms/iPhoneSimulator.platform/Developer/Library/Frameworks -iframework /Applications/Xcode-beta.app/Contents/Developer/Platforms/iPhoneSimulator.platform/Developer/SDKs/iPhoneSimulator26.0.sdk/Developer/Library/Frameworks -filelist /Users/kris/Epilogue/build/Build/Intermediates.noindex/swift-argument-parser.build/Debug-iphonesimulator/ArgumentParser.build/Objects-normal/arm64/ArgumentParser.LinkFileList -nostdlib -Xlinker -object_path_lto -Xlinker /Users/kris/Epilogue/build/Build/Intermediates.noindex/swift-argument-parser.build/Debug-iphonesimulator/ArgumentParser.build/Objects-normal/arm64/ArgumentParser_lto.o -rdynamic -Xlinker -no_deduplicate -Xlinker -objc_abi_version -Xlinker 2 -Xlinker -debug_variant -Xlinker -dependency_info -Xlinker /Users/kris/Epilogue/build/Build/Intermediates.noindex/swift-argument-parser.build/Debug-iphonesimulator/ArgumentParser.build/Objects-normal/arm64/ArgumentParser_dependency_info.dat -fobjc-link-runtime -L/Applications/Xcode-beta.app/Contents/Developer/Toolchains/XcodeDefault.xctoolchain/usr/lib/swift/iphonesimulator -L/usr/lib/swift -Xlinker -add_ast_path -Xlinker /Users/kris/Epilogue/build/Build/Intermediates.noindex/swift-argument-parser.build/Debug-iphonesimulator/ArgumentParser.build/Objects-normal/arm64/ArgumentParser.swiftmodule @/Users/kris/Epilogue/build/Build/Intermediates.noindex/swift-argument-parser.build/Debug-iphonesimulator/ArgumentParser.build/Objects-normal/arm64/ArgumentParser-linker-args.resp -o /Users/kris/Epilogue/build/Build/Intermediates.noindex/swift-argument-parser.build/Debug-iphonesimulator/ArgumentParser.build/Objects-normal/arm64/Binary/ArgumentParser.o

SwiftMergeGeneratedHeaders /Users/kris/Epilogue/build/Build/Intermediates.noindex/GeneratedModuleMaps-iphonesimulator/Jinja-Swift.h /Users/kris/Epilogue/build/Build/Intermediates.noindex/Jinja.build/Debug-iphonesimulator/Jinja.build/Objects-normal/arm64/Jinja-Swift.h /Users/kris/Epilogue/build/Build/Intermediates.noindex/Jinja.build/Debug-iphonesimulator/Jinja.build/Objects-normal/x86_64/Jinja-Swift.h (in target 'Jinja' from project 'Jinja')
    cd /Users/kris/Epilogue/build/SourcePackages/checkouts/Jinja
    builtin-swiftHeaderTool -arch arm64 /Users/kris/Epilogue/build/Build/Intermediates.noindex/Jinja.build/Debug-iphonesimulator/Jinja.build/Objects-normal/arm64/Jinja-Swift.h -arch x86_64 /Users/kris/Epilogue/build/Build/Intermediates.noindex/Jinja.build/Debug-iphonesimulator/Jinja.build/Objects-normal/x86_64/Jinja-Swift.h -o /Users/kris/Epilogue/build/Build/Intermediates.noindex/GeneratedModuleMaps-iphonesimulator/Jinja-Swift.h

Copy /Users/kris/Epilogue/build/Build/Products/Debug-iphonesimulator/Jinja.swiftmodule/arm64-apple-ios-simulator.swiftmodule /Users/kris/Epilogue/build/Build/Intermediates.noindex/Jinja.build/Debug-iphonesimulator/Jinja.build/Objects-normal/arm64/Jinja.swiftmodule (in target 'Jinja' from project 'Jinja')
    cd /Users/kris/Epilogue/build/SourcePackages/checkouts/Jinja
    builtin-copy -exclude .DS_Store -exclude CVS -exclude .svn -exclude .git -exclude .hg -resolve-src-symlinks -rename /Users/kris/Epilogue/build/Build/Intermediates.noindex/Jinja.build/Debug-iphonesimulator/Jinja.build/Objects-normal/arm64/Jinja.swiftmodule /Users/kris/Epilogue/build/Build/Products/Debug-iphonesimulator/Jinja.swiftmodule/arm64-apple-ios-simulator.swiftmodule

Copy /Users/kris/Epilogue/build/Build/Products/Debug-iphonesimulator/Jinja.swiftmodule/arm64-apple-ios-simulator.swiftdoc /Users/kris/Epilogue/build/Build/Intermediates.noindex/Jinja.build/Debug-iphonesimulator/Jinja.build/Objects-normal/arm64/Jinja.swiftdoc (in target 'Jinja' from project 'Jinja')
    cd /Users/kris/Epilogue/build/SourcePackages/checkouts/Jinja
    builtin-copy -exclude .DS_Store -exclude CVS -exclude .svn -exclude .git -exclude .hg -resolve-src-symlinks -rename /Users/kris/Epilogue/build/Build/Intermediates.noindex/Jinja.build/Debug-iphonesimulator/Jinja.build/Objects-normal/arm64/Jinja.swiftdoc /Users/kris/Epilogue/build/Build/Products/Debug-iphonesimulator/Jinja.swiftmodule/arm64-apple-ios-simulator.swiftdoc

Copy /Users/kris/Epilogue/build/Build/Products/Debug-iphonesimulator/Jinja.swiftmodule/arm64-apple-ios-simulator.abi.json /Users/kris/Epilogue/build/Build/Intermediates.noindex/Jinja.build/Debug-iphonesimulator/Jinja.build/Objects-normal/arm64/Jinja.abi.json (in target 'Jinja' from project 'Jinja')
    cd /Users/kris/Epilogue/build/SourcePackages/checkouts/Jinja
    builtin-copy -exclude .DS_Store -exclude CVS -exclude .svn -exclude .git -exclude .hg -resolve-src-symlinks -rename /Users/kris/Epilogue/build/Build/Intermediates.noindex/Jinja.build/Debug-iphonesimulator/Jinja.build/Objects-normal/arm64/Jinja.abi.json /Users/kris/Epilogue/build/Build/Products/Debug-iphonesimulator/Jinja.swiftmodule/arm64-apple-ios-simulator.abi.json

Copy /Users/kris/Epilogue/build/Build/Products/Debug-iphonesimulator/Jinja.swiftmodule/Project/arm64-apple-ios-simulator.swiftsourceinfo /Users/kris/Epilogue/build/Build/Intermediates.noindex/Jinja.build/Debug-iphonesimulator/Jinja.build/Objects-normal/arm64/Jinja.swiftsourceinfo (in target 'Jinja' from project 'Jinja')
    cd /Users/kris/Epilogue/build/SourcePackages/checkouts/Jinja
    builtin-copy -exclude .DS_Store -exclude CVS -exclude .svn -exclude .git -exclude .hg -resolve-src-symlinks -rename /Users/kris/Epilogue/build/Build/Intermediates.noindex/Jinja.build/Debug-iphonesimulator/Jinja.build/Objects-normal/arm64/Jinja.swiftsourceinfo /Users/kris/Epilogue/build/Build/Products/Debug-iphonesimulator/Jinja.swiftmodule/Project/arm64-apple-ios-simulator.swiftsourceinfo

RegisterExecutionPolicyException /Users/kris/Epilogue/build/Build/Products/Debug-iphonesimulator/OrderedCollections.o (in target 'OrderedCollections' from project 'swift-collections')
    cd /Users/kris/Epilogue/build/SourcePackages/checkouts/swift-collections
    builtin-RegisterExecutionPolicyException /Users/kris/Epilogue/build/Build/Products/Debug-iphonesimulator/OrderedCollections.o

RegisterExecutionPolicyException /Users/kris/Epilogue/build/Build/Products/Debug-iphonesimulator/Hub.o (in target 'Hub' from project 'swift-transformers')
    cd /Users/kris/Epilogue/build/SourcePackages/checkouts/swift-transformers
    builtin-RegisterExecutionPolicyException /Users/kris/Epilogue/build/Build/Products/Debug-iphonesimulator/Hub.o

SwiftDriver Tokenizers normal arm64 com.apple.xcode.tools.swift.compiler (in target 'Tokenizers' from project 'swift-transformers')
    cd /Users/kris/Epilogue/Epilogue/Epilogue.xcodeproj
    builtin-SwiftDriver -- /Applications/Xcode-beta.app/Contents/Developer/Toolchains/XcodeDefault.xctoolchain/usr/bin/swiftc -module-name Tokenizers -Onone -enforce-exclusivity\=checked @/Users/kris/Epilogue/build/Build/Intermediates.noindex/swift-transformers.build/Debug-iphonesimulator/Tokenizers.build/Objects-normal/arm64/Tokenizers.SwiftFileList -DSWIFT_PACKAGE -DDEBUG -DSWIFT_MODULE_RESOURCE_BUNDLE_UNAVAILABLE -DXcode -plugin-path /Applications/Xcode-beta.app/Contents/Developer/Toolchains/XcodeDefault.xctoolchain/usr/lib/swift/host/plugins/testing -enable-experimental-feature DebugDescriptionMacro -sdk /Applications/Xcode-beta.app/Contents/Developer/Platforms/iPhoneSimulator.platform/Developer/SDKs/iPhoneSimulator26.0.sdk -target arm64-apple-ios16.0-simulator -g -module-cache-path /Users/kris/Epilogue/build/ModuleCache.noindex -Xfrontend -serialize-debugging-options -profile-coverage-mapping -profile-generate -enable-testing -suppress-warnings -index-store-path /Users/kris/Epilogue/build/Index.noindex/DataStore -Xcc -D_LIBCPP_HARDENING_MODE\=_LIBCPP_HARDENING_MODE_DEBUG -swift-version 5 -I /Users/kris/Epilogue/build/Build/Products/Debug-iphonesimulator -Isystem /Applications/Xcode-beta.app/Contents/Developer/Platforms/iPhoneSimulator.platform/Developer/usr/lib -F /Users/kris/Epilogue/build/Build/Products/Debug-iphonesimulator/PackageFrameworks -F /Users/kris/Epilogue/build/Build/Products/Debug-iphonesimulator/PackageFrameworks -F /Users/kris/Epilogue/build/Build/Products/Debug-iphonesimulator/PackageFrameworks -F /Users/kris/Epilogue/build/Build/Products/Debug-iphonesimulator/PackageFrameworks -F /Users/kris/Epilogue/build/Build/Products/Debug-iphonesimulator -F /Applications/Xcode-beta.app/Contents/Developer/Platforms/iPhoneSimulator.platform/Developer/Library/Frameworks -F /Applications/Xcode-beta.app/Contents/Developer/Platforms/iPhoneSimulator.platform/Developer/SDKs/iPhoneSimulator26.0.sdk/Developer/Library/Frameworks -c -j12 -enable-batch-mode -incremental -Xcc -ivfsstatcache -Xcc /Users/kris/Epilogue/build/SDKStatCaches.noindex/iphonesimulator26.0-23A5297f-3885c01c3e6b6a337905948deab2002efc862078e33f881139a9d2f83bd1a9d0.sdkstatcache -output-file-map /Users/kris/Epilogue/build/Build/Intermediates.noindex/swift-transformers.build/Debug-iphonesimulator/Tokenizers.build/Objects-normal/arm64/Tokenizers-OutputFileMap.json -use-frontend-parseable-output -save-temps -no-color-diagnostics -explicit-module-build -module-cache-path /Users/kris/Epilogue/build/Build/Intermediates.noindex/SwiftExplicitPrecompiledModules -clang-scanner-module-cache-path /Users/kris/Epilogue/build/ModuleCache.noindex -sdk-module-cache-path /Users/kris/Epilogue/build/ModuleCache.noindex -serialize-diagnostics -emit-dependencies -emit-module -emit-module-path /Users/kris/Epilogue/build/Build/Intermediates.noindex/swift-transformers.build/Debug-iphonesimulator/Tokenizers.build/Objects-normal/arm64/Tokenizers.swiftmodule -validate-clang-modules-once -clang-build-session-file /Users/kris/Epilogue/build/ModuleCache.noindex/Session.modulevalidation -Xcc -I/Users/kris/Epilogue/build/Build/Intermediates.noindex/swift-transformers.build/Debug-iphonesimulator/Tokenizers.build/swift-overrides.hmap -emit-const-values -Xfrontend -const-gather-protocols-file -Xfrontend /Users/kris/Epilogue/build/Build/Intermediates.noindex/swift-transformers.build/Debug-iphonesimulator/Tokenizers.build/Objects-normal/arm64/Tokenizers_const_extract_protocols.json -Xcc -I/Users/kris/Epilogue/build/Build/Products/Debug-iphonesimulator/include -Xcc -I/Users/kris/Epilogue/build/Build/Intermediates.noindex/swift-transformers.build/Debug-iphonesimulator/Tokenizers.build/DerivedSources-normal/arm64 -Xcc -I/Users/kris/Epilogue/build/Build/Intermediates.noindex/swift-transformers.build/Debug-iphonesimulator/Tokenizers.build/DerivedSources/arm64 -Xcc -I/Users/kris/Epilogue/build/Build/Intermediates.noindex/swift-transformers.build/Debug-iphonesimulator/Tokenizers.build/DerivedSources -Xcc -DSWIFT_PACKAGE -Xcc -DDEBUG\=1 -emit-objc-header -emit-objc-header-path /Users/kris/Epilogue/build/Build/Intermediates.noindex/swift-transformers.build/Debug-iphonesimulator/Tokenizers.build/Objects-normal/arm64/Tokenizers-Swift.h -working-directory /Users/kris/Epilogue/Epilogue/Epilogue.xcodeproj -experimental-emit-module-separately -disable-cmo

SwiftDriver Tokenizers normal x86_64 com.apple.xcode.tools.swift.compiler (in target 'Tokenizers' from project 'swift-transformers')
    cd /Users/kris/Epilogue/Epilogue/Epilogue.xcodeproj
    builtin-SwiftDriver -- /Applications/Xcode-beta.app/Contents/Developer/Toolchains/XcodeDefault.xctoolchain/usr/bin/swiftc -module-name Tokenizers -Onone -enforce-exclusivity\=checked @/Users/kris/Epilogue/build/Build/Intermediates.noindex/swift-transformers.build/Debug-iphonesimulator/Tokenizers.build/Objects-normal/x86_64/Tokenizers.SwiftFileList -DSWIFT_PACKAGE -DDEBUG -DSWIFT_MODULE_RESOURCE_BUNDLE_UNAVAILABLE -DXcode -plugin-path /Applications/Xcode-beta.app/Contents/Developer/Toolchains/XcodeDefault.xctoolchain/usr/lib/swift/host/plugins/testing -enable-experimental-feature DebugDescriptionMacro -sdk /Applications/Xcode-beta.app/Contents/Developer/Platforms/iPhoneSimulator.platform/Developer/SDKs/iPhoneSimulator26.0.sdk -target x86_64-apple-ios16.0-simulator -g -module-cache-path /Users/kris/Epilogue/build/ModuleCache.noindex -Xfrontend -serialize-debugging-options -profile-coverage-mapping -profile-generate -enable-testing -suppress-warnings -index-store-path /Users/kris/Epilogue/build/Index.noindex/DataStore -Xcc -D_LIBCPP_HARDENING_MODE\=_LIBCPP_HARDENING_MODE_DEBUG -swift-version 5 -I /Users/kris/Epilogue/build/Build/Products/Debug-iphonesimulator -Isystem /Applications/Xcode-beta.app/Contents/Developer/Platforms/iPhoneSimulator.platform/Developer/usr/lib -F /Users/kris/Epilogue/build/Build/Products/Debug-iphonesimulator/PackageFrameworks -F /Users/kris/Epilogue/build/Build/Products/Debug-iphonesimulator/PackageFrameworks -F /Users/kris/Epilogue/build/Build/Products/Debug-iphonesimulator/PackageFrameworks -F /Users/kris/Epilogue/build/Build/Products/Debug-iphonesimulator/PackageFrameworks -F /Users/kris/Epilogue/build/Build/Products/Debug-iphonesimulator -F /Applications/Xcode-beta.app/Contents/Developer/Platforms/iPhoneSimulator.platform/Developer/Library/Frameworks -F /Applications/Xcode-beta.app/Contents/Developer/Platforms/iPhoneSimulator.platform/Developer/SDKs/iPhoneSimulator26.0.sdk/Developer/Library/Frameworks -c -j12 -enable-batch-mode -incremental -Xcc -ivfsstatcache -Xcc /Users/kris/Epilogue/build/SDKStatCaches.noindex/iphonesimulator26.0-23A5297f-3885c01c3e6b6a337905948deab2002efc862078e33f881139a9d2f83bd1a9d0.sdkstatcache -output-file-map /Users/kris/Epilogue/build/Build/Intermediates.noindex/swift-transformers.build/Debug-iphonesimulator/Tokenizers.build/Objects-normal/x86_64/Tokenizers-OutputFileMap.json -use-frontend-parseable-output -save-temps -no-color-diagnostics -explicit-module-build -module-cache-path /Users/kris/Epilogue/build/Build/Intermediates.noindex/SwiftExplicitPrecompiledModules -clang-scanner-module-cache-path /Users/kris/Epilogue/build/ModuleCache.noindex -sdk-module-cache-path /Users/kris/Epilogue/build/ModuleCache.noindex -serialize-diagnostics -emit-dependencies -emit-module -emit-module-path /Users/kris/Epilogue/build/Build/Intermediates.noindex/swift-transformers.build/Debug-iphonesimulator/Tokenizers.build/Objects-normal/x86_64/Tokenizers.swiftmodule -validate-clang-modules-once -clang-build-session-file /Users/kris/Epilogue/build/ModuleCache.noindex/Session.modulevalidation -Xcc -I/Users/kris/Epilogue/build/Build/Intermediates.noindex/swift-transformers.build/Debug-iphonesimulator/Tokenizers.build/swift-overrides.hmap -emit-const-values -Xfrontend -const-gather-protocols-file -Xfrontend /Users/kris/Epilogue/build/Build/Intermediates.noindex/swift-transformers.build/Debug-iphonesimulator/Tokenizers.build/Objects-normal/x86_64/Tokenizers_const_extract_protocols.json -Xcc -I/Users/kris/Epilogue/build/Build/Products/Debug-iphonesimulator/include -Xcc -I/Users/kris/Epilogue/build/Build/Intermediates.noindex/swift-transformers.build/Debug-iphonesimulator/Tokenizers.build/DerivedSources-normal/x86_64 -Xcc -I/Users/kris/Epilogue/build/Build/Intermediates.noindex/swift-transformers.build/Debug-iphonesimulator/Tokenizers.build/DerivedSources/x86_64 -Xcc -I/Users/kris/Epilogue/build/Build/Intermediates.noindex/swift-transformers.build/Debug-iphonesimulator/Tokenizers.build/DerivedSources -Xcc -DSWIFT_PACKAGE -Xcc -DDEBUG\=1 -emit-objc-header -emit-objc-header-path /Users/kris/Epilogue/build/Build/Intermediates.noindex/swift-transformers.build/Debug-iphonesimulator/Tokenizers.build/Objects-normal/x86_64/Tokenizers-Swift.h -working-directory /Users/kris/Epilogue/Epilogue/Epilogue.xcodeproj -experimental-emit-module-separately -disable-cmo

SwiftDriverJobDiscovery normal arm64 Compiling Utilities.swift (in target 'Jinja' from project 'Jinja')

SwiftDriverJobDiscovery normal x86_64 Compiling Error.swift (in target 'Jinja' from project 'Jinja')

Ld /Users/kris/Epilogue/build/Build/Intermediates.noindex/swift-collections.build/Debug-iphonesimulator/OrderedCollections\ product.build/Objects-normal/x86_64/Binary/OrderedCollections_1222128174265B56_PackageProduct normal x86_64 (in target 'OrderedCollections' from project 'swift-collections')
    cd /Users/kris/Epilogue/build/SourcePackages/checkouts/swift-collections
    /Applications/Xcode-beta.app/Contents/Developer/Toolchains/XcodeDefault.xctoolchain/usr/bin/clang -Xlinker -reproducible -target x86_64-apple-ios12.0-simulator -dynamiclib -isysroot /Applications/Xcode-beta.app/Contents/Developer/Platforms/iPhoneSimulator.platform/Developer/SDKs/iPhoneSimulator26.0.sdk -O0 -w -L/Users/kris/Epilogue/build/Build/Intermediates.noindex/EagerLinkingTBDs/Debug-iphonesimulator -L/Users/kris/Epilogue/build/Build/Products/Debug-iphonesimulator -L/Applications/Xcode-beta.app/Contents/Developer/Platforms/iPhoneSimulator.platform/Developer/usr/lib -F/Users/kris/Epilogue/build/Build/Intermediates.noindex/EagerLinkingTBDs/Debug-iphonesimulator -F/Users/kris/Epilogue/build/Build/Products/Debug-iphonesimulator/PackageFrameworks -F/Users/kris/Epilogue/build/Build/Products/Debug-iphonesimulator/PackageFrameworks -F/Users/kris/Epilogue/build/Build/Products/Debug-iphonesimulator -iframework /Applications/Xcode-beta.app/Contents/Developer/Platforms/iPhoneSimulator.platform/Developer/Library/Frameworks -iframework /Applications/Xcode-beta.app/Contents/Developer/Platforms/iPhoneSimulator.platform/Developer/SDKs/iPhoneSimulator26.0.sdk/Developer/Library/Frameworks -filelist /Users/kris/Epilogue/build/Build/Intermediates.noindex/swift-collections.build/Debug-iphonesimulator/OrderedCollections\ product.build/Objects-normal/x86_64/OrderedCollections_1222128174265B56_PackageProduct.LinkFileList -install_name @rpath/OrderedCollections_1222128174265B56_PackageProduct.framework/OrderedCollections_1222128174265B56_PackageProduct -Xlinker -rpath -Xlinker /usr/lib/swift -Xlinker -rpath -Xlinker /Users/kris/Epilogue/build/Build/Products/Debug-iphonesimulator/PackageFrameworks -dead_strip -Xlinker -object_path_lto -Xlinker /Users/kris/Epilogue/build/Build/Intermediates.noindex/swift-collections.build/Debug-iphonesimulator/OrderedCollections\ product.build/Objects-normal/x86_64/OrderedCollections_1222128174265B56_PackageProduct_lto.o -rdynamic -Xlinker -no_deduplicate -Xlinker -objc_abi_version -Xlinker 2 -Xlinker -debug_variant -Xlinker -dependency_info -Xlinker /Users/kris/Epilogue/build/Build/Intermediates.noindex/swift-collections.build/Debug-iphonesimulator/OrderedCollections\ product.build/Objects-normal/x86_64/OrderedCollections_1222128174265B56_PackageProduct_dependency_info.dat -fobjc-link-runtime -fprofile-instr-generate -L/Applications/Xcode-beta.app/Contents/Developer/Toolchains/XcodeDefault.xctoolchain/usr/lib/swift/iphonesimulator -L/usr/lib/swift -Wl,-no_warn_duplicate_libraries -Wl,-no_warn_duplicate_libraries -o /Users/kris/Epilogue/build/Build/Intermediates.noindex/swift-collections.build/Debug-iphonesimulator/OrderedCollections\ product.build/Objects-normal/x86_64/Binary/OrderedCollections_1222128174265B56_PackageProduct -Xlinker -add_ast_path -Xlinker /Users/kris/Epilogue/build/Build/Intermediates.noindex/swift-collections.build/Debug-iphonesimulator/OrderedCollections.build/Objects-normal/x86_64/OrderedCollections.swiftmodule @/Users/kris/Epilogue/build/Build/Intermediates.noindex/swift-collections.build/Debug-iphonesimulator/OrderedCollections.build/Objects-normal/x86_64/OrderedCollections-linker-args.resp -Xlinker -add_ast_path -Xlinker /Users/kris/Epilogue/build/Build/Intermediates.noindex/swift-collections.build/Debug-iphonesimulator/InternalCollectionsUtilities.build/Objects-normal/x86_64/InternalCollectionsUtilities.swiftmodule @/Users/kris/Epilogue/build/Build/Intermediates.noindex/swift-collections.build/Debug-iphonesimulator/InternalCollectionsUtilities.build/Objects-normal/x86_64/InternalCollectionsUtilities-linker-args.resp

ProcessInfoPlistFile /Users/kris/Epilogue/build/Build/Products/Debug-iphonesimulator/PackageFrameworks/OrderedCollections_1222128174265B56_PackageProduct.framework/Info.plist /Users/kris/Epilogue/build/Build/Intermediates.noindex/swift-collections.build/Debug-iphonesimulator/OrderedCollections\ product.build/empty-OrderedCollections_1222128174265B56_PackageProduct.plist (in target 'OrderedCollections' from project 'swift-collections')
    cd /Users/kris/Epilogue/build/SourcePackages/checkouts/swift-collections
    builtin-infoPlistUtility /Users/kris/Epilogue/build/Build/Intermediates.noindex/swift-collections.build/Debug-iphonesimulator/OrderedCollections\ product.build/empty-OrderedCollections_1222128174265B56_PackageProduct.plist -producttype com.apple.product-type.framework -expandbuildsettings -format binary -platform iphonesimulator -o /Users/kris/Epilogue/build/Build/Products/Debug-iphonesimulator/PackageFrameworks/OrderedCollections_1222128174265B56_PackageProduct.framework/Info.plist

Ld /Users/kris/Epilogue/build/Build/Intermediates.noindex/swift-collections.build/Debug-iphonesimulator/OrderedCollections\ product.build/Objects-normal/arm64/Binary/OrderedCollections_1222128174265B56_PackageProduct normal arm64 (in target 'OrderedCollections' from project 'swift-collections')
    cd /Users/kris/Epilogue/build/SourcePackages/checkouts/swift-collections
    /Applications/Xcode-beta.app/Contents/Developer/Toolchains/XcodeDefault.xctoolchain/usr/bin/clang -Xlinker -reproducible -target arm64-apple-ios12.0-simulator -dynamiclib -isysroot /Applications/Xcode-beta.app/Contents/Developer/Platforms/iPhoneSimulator.platform/Developer/SDKs/iPhoneSimulator26.0.sdk -O0 -w -L/Users/kris/Epilogue/build/Build/Intermediates.noindex/EagerLinkingTBDs/Debug-iphonesimulator -L/Users/kris/Epilogue/build/Build/Products/Debug-iphonesimulator -L/Applications/Xcode-beta.app/Contents/Developer/Platforms/iPhoneSimulator.platform/Developer/usr/lib -F/Users/kris/Epilogue/build/Build/Intermediates.noindex/EagerLinkingTBDs/Debug-iphonesimulator -F/Users/kris/Epilogue/build/Build/Products/Debug-iphonesimulator/PackageFrameworks -F/Users/kris/Epilogue/build/Build/Products/Debug-iphonesimulator/PackageFrameworks -F/Users/kris/Epilogue/build/Build/Products/Debug-iphonesimulator -iframework /Applications/Xcode-beta.app/Contents/Developer/Platforms/iPhoneSimulator.platform/Developer/Library/Frameworks -iframework /Applications/Xcode-beta.app/Contents/Developer/Platforms/iPhoneSimulator.platform/Developer/SDKs/iPhoneSimulator26.0.sdk/Developer/Library/Frameworks -filelist /Users/kris/Epilogue/build/Build/Intermediates.noindex/swift-collections.build/Debug-iphonesimulator/OrderedCollections\ product.build/Objects-normal/arm64/OrderedCollections_1222128174265B56_PackageProduct.LinkFileList -install_name @rpath/OrderedCollections_1222128174265B56_PackageProduct.framework/OrderedCollections_1222128174265B56_PackageProduct -Xlinker -rpath -Xlinker /usr/lib/swift -Xlinker -rpath -Xlinker /Users/kris/Epilogue/build/Build/Products/Debug-iphonesimulator/PackageFrameworks -dead_strip -Xlinker -object_path_lto -Xlinker /Users/kris/Epilogue/build/Build/Intermediates.noindex/swift-collections.build/Debug-iphonesimulator/OrderedCollections\ product.build/Objects-normal/arm64/OrderedCollections_1222128174265B56_PackageProduct_lto.o -rdynamic -Xlinker -no_deduplicate -Xlinker -objc_abi_version -Xlinker 2 -Xlinker -debug_variant -Xlinker -dependency_info -Xlinker /Users/kris/Epilogue/build/Build/Intermediates.noindex/swift-collections.build/Debug-iphonesimulator/OrderedCollections\ product.build/Objects-normal/arm64/OrderedCollections_1222128174265B56_PackageProduct_dependency_info.dat -fobjc-link-runtime -fprofile-instr-generate -L/Applications/Xcode-beta.app/Contents/Developer/Toolchains/XcodeDefault.xctoolchain/usr/lib/swift/iphonesimulator -L/usr/lib/swift -Wl,-no_warn_duplicate_libraries -Wl,-no_warn_duplicate_libraries -o /Users/kris/Epilogue/build/Build/Intermediates.noindex/swift-collections.build/Debug-iphonesimulator/OrderedCollections\ product.build/Objects-normal/arm64/Binary/OrderedCollections_1222128174265B56_PackageProduct -Xlinker -add_ast_path -Xlinker /Users/kris/Epilogue/build/Build/Intermediates.noindex/swift-collections.build/Debug-iphonesimulator/OrderedCollections.build/Objects-normal/arm64/OrderedCollections.swiftmodule @/Users/kris/Epilogue/build/Build/Intermediates.noindex/swift-collections.build/Debug-iphonesimulator/OrderedCollections.build/Objects-normal/arm64/OrderedCollections-linker-args.resp -Xlinker -add_ast_path -Xlinker /Users/kris/Epilogue/build/Build/Intermediates.noindex/swift-collections.build/Debug-iphonesimulator/InternalCollectionsUtilities.build/Objects-normal/arm64/InternalCollectionsUtilities.swiftmodule @/Users/kris/Epilogue/build/Build/Intermediates.noindex/swift-collections.build/Debug-iphonesimulator/InternalCollectionsUtilities.build/Objects-normal/arm64/InternalCollectionsUtilities-linker-args.resp

CreateUniversalBinary /Users/kris/Epilogue/build/Build/Products/Debug-iphonesimulator/ArgumentParser.o normal arm64\ x86_64 (in target 'ArgumentParser' from project 'swift-argument-parser')
    cd /Users/kris/Epilogue/build/SourcePackages/checkouts/swift-argument-parser
    /Applications/Xcode-beta.app/Contents/Developer/Toolchains/XcodeDefault.xctoolchain/usr/bin/lipo -create /Users/kris/Epilogue/build/Build/Intermediates.noindex/swift-argument-parser.build/Debug-iphonesimulator/ArgumentParser.build/Objects-normal/arm64/Binary/ArgumentParser.o /Users/kris/Epilogue/build/Build/Intermediates.noindex/swift-argument-parser.build/Debug-iphonesimulator/ArgumentParser.build/Objects-normal/x86_64/Binary/ArgumentParser.o -output /Users/kris/Epilogue/build/Build/Products/Debug-iphonesimulator/ArgumentParser.o

ExtractAppIntentsMetadata (in target 'ArgumentParser' from project 'swift-argument-parser')
    cd /Users/kris/Epilogue/build/SourcePackages/checkouts/swift-argument-parser
    /Applications/Xcode-beta.app/Contents/Developer/Toolchains/XcodeDefault.xctoolchain/usr/bin/appintentsmetadataprocessor --toolchain-dir /var/run/com.apple.security.cryptexd/mnt/com.apple.MobileAsset.MetalToolchain-v17.1.5285.9.RYKCRc/Metal.xctoolchain --module-name ArgumentParser --sdk-root /Applications/Xcode-beta.app/Contents/Developer/Platforms/iPhoneSimulator.platform/Developer/SDKs/iPhoneSimulator26.0.sdk --xcode-version 17A5285i --platform-family iOS --deployment-target 12.0 --bundle-identifier swift-argument-parser.ArgumentParser --output /Users/kris/Epilogue/build/Build/Products/Debug-iphonesimulator/ArgumentParser.appintents --target-triple arm64-apple-ios12.0-simulator --target-triple x86_64-apple-ios12.0-simulator --binary-file /Users/kris/Epilogue/build/Build/Products/Debug-iphonesimulator/ArgumentParser.o --dependency-file /Users/kris/Epilogue/build/Build/Intermediates.noindex/swift-argument-parser.build/Debug-iphonesimulator/ArgumentParser.build/Objects-normal/arm64/ArgumentParser_dependency_info.dat --dependency-file /Users/kris/Epilogue/build/Build/Intermediates.noindex/swift-argument-parser.build/Debug-iphonesimulator/ArgumentParser.build/Objects-normal/x86_64/ArgumentParser_dependency_info.dat --stringsdata-file /Users/kris/Epilogue/build/Build/Intermediates.noindex/swift-argument-parser.build/Debug-iphonesimulator/ArgumentParser.build/Objects-normal/arm64/ExtractedAppShortcutsMetadata.stringsdata --stringsdata-file /Users/kris/Epilogue/build/Build/Intermediates.noindex/swift-argument-parser.build/Debug-iphonesimulator/ArgumentParser.build/Objects-normal/x86_64/ExtractedAppShortcutsMetadata.stringsdata --source-file-list /Users/kris/Epilogue/build/Build/Intermediates.noindex/swift-argument-parser.build/Debug-iphonesimulator/ArgumentParser.build/Objects-normal/arm64/ArgumentParser.SwiftFileList --source-file-list /Users/kris/Epilogue/build/Build/Intermediates.noindex/swift-argument-parser.build/Debug-iphonesimulator/ArgumentParser.build/Objects-normal/x86_64/ArgumentParser.SwiftFileList --metadata-file-list /Users/kris/Epilogue/build/Build/Intermediates.noindex/swift-argument-parser.build/Debug-iphonesimulator/ArgumentParser.build/ArgumentParser.DependencyMetadataFileList --static-metadata-file-list /Users/kris/Epilogue/build/Build/Intermediates.noindex/swift-argument-parser.build/Debug-iphonesimulator/ArgumentParser.build/ArgumentParser.DependencyStaticMetadataFileList --swift-const-vals-list /Users/kris/Epilogue/build/Build/Intermediates.noindex/swift-argument-parser.build/Debug-iphonesimulator/ArgumentParser.build/Objects-normal/arm64/ArgumentParser.SwiftConstValuesFileList --swift-const-vals-list /Users/kris/Epilogue/build/Build/Intermediates.noindex/swift-argument-parser.build/Debug-iphonesimulator/ArgumentParser.build/Objects-normal/x86_64/ArgumentParser.SwiftConstValuesFileList --force --compile-time-extraction --deployment-aware-processing --validate-assistant-intents --no-app-shortcuts-localization
2025-07-29 08:25:48.639 appintentsmetadataprocessor[95971:46760496] Starting appintentsmetadataprocessor export
2025-07-29 08:25:48.830 appintentsmetadataprocessor[95971:46760496] Extracted no relevant App Intents symbols, skipping writing output

SwiftDriverJobDiscovery normal arm64 Compiling Parser.swift (in target 'Jinja' from project 'Jinja')

SwiftEmitModule normal arm64 Emitting\ module\ for\ Tokenizers (in target 'Tokenizers' from project 'swift-transformers')

EmitSwiftModule normal arm64 (in target 'Tokenizers' from project 'swift-transformers')
    cd /Users/kris/Epilogue/Epilogue/Epilogue.xcodeproj
    

SwiftCompile normal arm64 Compiling\ Tokenizer.swift /Users/kris/Epilogue/build/SourcePackages/checkouts/swift-transformers/Sources/Tokenizers/Tokenizer.swift (in target 'Tokenizers' from project 'swift-transformers')

SwiftCompile normal arm64 /Users/kris/Epilogue/build/SourcePackages/checkouts/swift-transformers/Sources/Tokenizers/Tokenizer.swift (in target 'Tokenizers' from project 'swift-transformers')
    cd /Users/kris/Epilogue/Epilogue/Epilogue.xcodeproj
    

SwiftCompile normal arm64 Compiling\ TokenLattice.swift /Users/kris/Epilogue/build/SourcePackages/checkouts/swift-transformers/Sources/Tokenizers/TokenLattice.swift (in target 'Tokenizers' from project 'swift-transformers')

SwiftCompile normal arm64 /Users/kris/Epilogue/build/SourcePackages/checkouts/swift-transformers/Sources/Tokenizers/TokenLattice.swift (in target 'Tokenizers' from project 'swift-transformers')
    cd /Users/kris/Epilogue/Epilogue/Epilogue.xcodeproj
    

SwiftCompile normal arm64 Compiling\ Trie.swift /Users/kris/Epilogue/build/SourcePackages/checkouts/swift-transformers/Sources/Tokenizers/Trie.swift (in target 'Tokenizers' from project 'swift-transformers')

SwiftCompile normal arm64 /Users/kris/Epilogue/build/SourcePackages/checkouts/swift-transformers/Sources/Tokenizers/Trie.swift (in target 'Tokenizers' from project 'swift-transformers')
    cd /Users/kris/Epilogue/Epilogue/Epilogue.xcodeproj
    

SwiftCompile normal arm64 Compiling\ Decoder.swift /Users/kris/Epilogue/build/SourcePackages/checkouts/swift-transformers/Sources/Tokenizers/Decoder.swift (in target 'Tokenizers' from project 'swift-transformers')

SwiftCompile normal arm64 /Users/kris/Epilogue/build/SourcePackages/checkouts/swift-transformers/Sources/Tokenizers/Decoder.swift (in target 'Tokenizers' from project 'swift-transformers')
    cd /Users/kris/Epilogue/Epilogue/Epilogue.xcodeproj
    

SwiftEmitModule normal x86_64 Emitting\ module\ for\ Tokenizers (in target 'Tokenizers' from project 'swift-transformers')

EmitSwiftModule normal x86_64 (in target 'Tokenizers' from project 'swift-transformers')
    cd /Users/kris/Epilogue/Epilogue/Epilogue.xcodeproj
    

CreateUniversalBinary /Users/kris/Epilogue/build/Build/Products/Debug-iphonesimulator/PackageFrameworks/OrderedCollections_1222128174265B56_PackageProduct.framework/OrderedCollections_1222128174265B56_PackageProduct normal arm64\ x86_64 (in target 'OrderedCollections' from project 'swift-collections')
    cd /Users/kris/Epilogue/build/SourcePackages/checkouts/swift-collections
    /Applications/Xcode-beta.app/Contents/Developer/Toolchains/XcodeDefault.xctoolchain/usr/bin/lipo -create /Users/kris/Epilogue/build/Build/Intermediates.noindex/swift-collections.build/Debug-iphonesimulator/OrderedCollections\ product.build/Objects-normal/arm64/Binary/OrderedCollections_1222128174265B56_PackageProduct /Users/kris/Epilogue/build/Build/Intermediates.noindex/swift-collections.build/Debug-iphonesimulator/OrderedCollections\ product.build/Objects-normal/x86_64/Binary/OrderedCollections_1222128174265B56_PackageProduct -output /Users/kris/Epilogue/build/Build/Products/Debug-iphonesimulator/PackageFrameworks/OrderedCollections_1222128174265B56_PackageProduct.framework/OrderedCollections_1222128174265B56_PackageProduct

SwiftCompile normal x86_64 Compiling\ Tokenizer.swift /Users/kris/Epilogue/build/SourcePackages/checkouts/swift-transformers/Sources/Tokenizers/Tokenizer.swift (in target 'Tokenizers' from project 'swift-transformers')

SwiftCompile normal x86_64 /Users/kris/Epilogue/build/SourcePackages/checkouts/swift-transformers/Sources/Tokenizers/Tokenizer.swift (in target 'Tokenizers' from project 'swift-transformers')
    cd /Users/kris/Epilogue/Epilogue/Epilogue.xcodeproj
    

SwiftDriverJobDiscovery normal x86_64 Compiling Utilities.swift (in target 'Jinja' from project 'Jinja')

SwiftCompile normal x86_64 Compiling\ PreTokenizer.swift /Users/kris/Epilogue/build/SourcePackages/checkouts/swift-transformers/Sources/Tokenizers/PreTokenizer.swift (in target 'Tokenizers' from project 'swift-transformers')

SwiftCompile normal x86_64 /Users/kris/Epilogue/build/SourcePackages/checkouts/swift-transformers/Sources/Tokenizers/PreTokenizer.swift (in target 'Tokenizers' from project 'swift-transformers')
    cd /Users/kris/Epilogue/Epilogue/Epilogue.xcodeproj
    

SwiftCompile normal x86_64 Compiling\ BertTokenizer.swift /Users/kris/Epilogue/build/SourcePackages/checkouts/swift-transformers/Sources/Tokenizers/BertTokenizer.swift (in target 'Tokenizers' from project 'swift-transformers')

SwiftCompile normal x86_64 /Users/kris/Epilogue/build/SourcePackages/checkouts/swift-transformers/Sources/Tokenizers/BertTokenizer.swift (in target 'Tokenizers' from project 'swift-transformers')
    cd /Users/kris/Epilogue/Epilogue/Epilogue.xcodeproj
    

SwiftDriverJobDiscovery normal arm64 Compiling Trie.swift (in target 'Tokenizers' from project 'swift-transformers')

SwiftCompile normal x86_64 Compiling\ UnigramTokenizer.swift /Users/kris/Epilogue/build/SourcePackages/checkouts/swift-transformers/Sources/Tokenizers/UnigramTokenizer.swift (in target 'Tokenizers' from project 'swift-transformers')

SwiftCompile normal x86_64 /Users/kris/Epilogue/build/SourcePackages/checkouts/swift-transformers/Sources/Tokenizers/UnigramTokenizer.swift (in target 'Tokenizers' from project 'swift-transformers')
    cd /Users/kris/Epilogue/Epilogue/Epilogue.xcodeproj
    

SwiftDriverJobDiscovery normal arm64 Compiling TokenLattice.swift (in target 'Tokenizers' from project 'swift-transformers')

SwiftCompile normal x86_64 Compiling\ Utils.swift /Users/kris/Epilogue/build/SourcePackages/checkouts/swift-transformers/Sources/Tokenizers/Utils.swift (in target 'Tokenizers' from project 'swift-transformers')

SwiftCompile normal x86_64 /Users/kris/Epilogue/build/SourcePackages/checkouts/swift-transformers/Sources/Tokenizers/Utils.swift (in target 'Tokenizers' from project 'swift-transformers')
    cd /Users/kris/Epilogue/Epilogue/Epilogue.xcodeproj
    

SwiftDriverJobDiscovery normal x86_64 Emitting module for Tokenizers (in target 'Tokenizers' from project 'swift-transformers')

SwiftDriver\ Compilation\ Requirements Tokenizers normal x86_64 com.apple.xcode.tools.swift.compiler (in target 'Tokenizers' from project 'swift-transformers')
    cd /Users/kris/Epilogue/Epilogue/Epilogue.xcodeproj
    builtin-Swift-Compilation-Requirements -- /Applications/Xcode-beta.app/Contents/Developer/Toolchains/XcodeDefault.xctoolchain/usr/bin/swiftc -module-name Tokenizers -Onone -enforce-exclusivity\=checked @/Users/kris/Epilogue/build/Build/Intermediates.noindex/swift-transformers.build/Debug-iphonesimulator/Tokenizers.build/Objects-normal/x86_64/Tokenizers.SwiftFileList -DSWIFT_PACKAGE -DDEBUG -DSWIFT_MODULE_RESOURCE_BUNDLE_UNAVAILABLE -DXcode -plugin-path /Applications/Xcode-beta.app/Contents/Developer/Toolchains/XcodeDefault.xctoolchain/usr/lib/swift/host/plugins/testing -enable-experimental-feature DebugDescriptionMacro -sdk /Applications/Xcode-beta.app/Contents/Developer/Platforms/iPhoneSimulator.platform/Developer/SDKs/iPhoneSimulator26.0.sdk -target x86_64-apple-ios16.0-simulator -g -module-cache-path /Users/kris/Epilogue/build/ModuleCache.noindex -Xfrontend -serialize-debugging-options -profile-coverage-mapping -profile-generate -enable-testing -suppress-warnings -index-store-path /Users/kris/Epilogue/build/Index.noindex/DataStore -Xcc -D_LIBCPP_HARDENING_MODE\=_LIBCPP_HARDENING_MODE_DEBUG -swift-version 5 -I /Users/kris/Epilogue/build/Build/Products/Debug-iphonesimulator -Isystem /Applications/Xcode-beta.app/Contents/Developer/Platforms/iPhoneSimulator.platform/Developer/usr/lib -F /Users/kris/Epilogue/build/Build/Products/Debug-iphonesimulator/PackageFrameworks -F /Users/kris/Epilogue/build/Build/Products/Debug-iphonesimulator/PackageFrameworks -F /Users/kris/Epilogue/build/Build/Products/Debug-iphonesimulator/PackageFrameworks -F /Users/kris/Epilogue/build/Build/Products/Debug-iphonesimulator/PackageFrameworks -F /Users/kris/Epilogue/build/Build/Products/Debug-iphonesimulator -F /Applications/Xcode-beta.app/Contents/Developer/Platforms/iPhoneSimulator.platform/Developer/Library/Frameworks -F /Applications/Xcode-beta.app/Contents/Developer/Platforms/iPhoneSimulator.platform/Developer/SDKs/iPhoneSimulator26.0.sdk/Developer/Library/Frameworks -c -j12 -enable-batch-mode -incremental -Xcc -ivfsstatcache -Xcc /Users/kris/Epilogue/build/SDKStatCaches.noindex/iphonesimulator26.0-23A5297f-3885c01c3e6b6a337905948deab2002efc862078e33f881139a9d2f83bd1a9d0.sdkstatcache -output-file-map /Users/kris/Epilogue/build/Build/Intermediates.noindex/swift-transformers.build/Debug-iphonesimulator/Tokenizers.build/Objects-normal/x86_64/Tokenizers-OutputFileMap.json -use-frontend-parseable-output -save-temps -no-color-diagnostics -explicit-module-build -module-cache-path /Users/kris/Epilogue/build/Build/Intermediates.noindex/SwiftExplicitPrecompiledModules -clang-scanner-module-cache-path /Users/kris/Epilogue/build/ModuleCache.noindex -sdk-module-cache-path /Users/kris/Epilogue/build/ModuleCache.noindex -serialize-diagnostics -emit-dependencies -emit-module -emit-module-path /Users/kris/Epilogue/build/Build/Intermediates.noindex/swift-transformers.build/Debug-iphonesimulator/Tokenizers.build/Objects-normal/x86_64/Tokenizers.swiftmodule -validate-clang-modules-once -clang-build-session-file /Users/kris/Epilogue/build/ModuleCache.noindex/Session.modulevalidation -Xcc -I/Users/kris/Epilogue/build/Build/Intermediates.noindex/swift-transformers.build/Debug-iphonesimulator/Tokenizers.build/swift-overrides.hmap -emit-const-values -Xfrontend -const-gather-protocols-file -Xfrontend /Users/kris/Epilogue/build/Build/Intermediates.noindex/swift-transformers.build/Debug-iphonesimulator/Tokenizers.build/Objects-normal/x86_64/Tokenizers_const_extract_protocols.json -Xcc -I/Users/kris/Epilogue/build/Build/Products/Debug-iphonesimulator/include -Xcc -I/Users/kris/Epilogue/build/Build/Intermediates.noindex/swift-transformers.build/Debug-iphonesimulator/Tokenizers.build/DerivedSources-normal/x86_64 -Xcc -I/Users/kris/Epilogue/build/Build/Intermediates.noindex/swift-transformers.build/Debug-iphonesimulator/Tokenizers.build/DerivedSources/x86_64 -Xcc -I/Users/kris/Epilogue/build/Build/Intermediates.noindex/swift-transformers.build/Debug-iphonesimulator/Tokenizers.build/DerivedSources -Xcc -DSWIFT_PACKAGE -Xcc -DDEBUG\=1 -emit-objc-header -emit-objc-header-path /Users/kris/Epilogue/build/Build/Intermediates.noindex/swift-transformers.build/Debug-iphonesimulator/Tokenizers.build/Objects-normal/x86_64/Tokenizers-Swift.h -working-directory /Users/kris/Epilogue/Epilogue/Epilogue.xcodeproj -experimental-emit-module-separately -disable-cmo

SwiftDriverJobDiscovery normal arm64 Emitting module for Tokenizers (in target 'Tokenizers' from project 'swift-transformers')

SwiftDriver\ Compilation\ Requirements Tokenizers normal arm64 com.apple.xcode.tools.swift.compiler (in target 'Tokenizers' from project 'swift-transformers')
    cd /Users/kris/Epilogue/Epilogue/Epilogue.xcodeproj
    builtin-Swift-Compilation-Requirements -- /Applications/Xcode-beta.app/Contents/Developer/Toolchains/XcodeDefault.xctoolchain/usr/bin/swiftc -module-name Tokenizers -Onone -enforce-exclusivity\=checked @/Users/kris/Epilogue/build/Build/Intermediates.noindex/swift-transformers.build/Debug-iphonesimulator/Tokenizers.build/Objects-normal/arm64/Tokenizers.SwiftFileList -DSWIFT_PACKAGE -DDEBUG -DSWIFT_MODULE_RESOURCE_BUNDLE_UNAVAILABLE -DXcode -plugin-path /Applications/Xcode-beta.app/Contents/Developer/Toolchains/XcodeDefault.xctoolchain/usr/lib/swift/host/plugins/testing -enable-experimental-feature DebugDescriptionMacro -sdk /Applications/Xcode-beta.app/Contents/Developer/Platforms/iPhoneSimulator.platform/Developer/SDKs/iPhoneSimulator26.0.sdk -target arm64-apple-ios16.0-simulator -g -module-cache-path /Users/kris/Epilogue/build/ModuleCache.noindex -Xfrontend -serialize-debugging-options -profile-coverage-mapping -profile-generate -enable-testing -suppress-warnings -index-store-path /Users/kris/Epilogue/build/Index.noindex/DataStore -Xcc -D_LIBCPP_HARDENING_MODE\=_LIBCPP_HARDENING_MODE_DEBUG -swift-version 5 -I /Users/kris/Epilogue/build/Build/Products/Debug-iphonesimulator -Isystem /Applications/Xcode-beta.app/Contents/Developer/Platforms/iPhoneSimulator.platform/Developer/usr/lib -F /Users/kris/Epilogue/build/Build/Products/Debug-iphonesimulator/PackageFrameworks -F /Users/kris/Epilogue/build/Build/Products/Debug-iphonesimulator/PackageFrameworks -F /Users/kris/Epilogue/build/Build/Products/Debug-iphonesimulator/PackageFrameworks -F /Users/kris/Epilogue/build/Build/Products/Debug-iphonesimulator/PackageFrameworks -F /Users/kris/Epilogue/build/Build/Products/Debug-iphonesimulator -F /Applications/Xcode-beta.app/Contents/Developer/Platforms/iPhoneSimulator.platform/Developer/Library/Frameworks -F /Applications/Xcode-beta.app/Contents/Developer/Platforms/iPhoneSimulator.platform/Developer/SDKs/iPhoneSimulator26.0.sdk/Developer/Library/Frameworks -c -j12 -enable-batch-mode -incremental -Xcc -ivfsstatcache -Xcc /Users/kris/Epilogue/build/SDKStatCaches.noindex/iphonesimulator26.0-23A5297f-3885c01c3e6b6a337905948deab2002efc862078e33f881139a9d2f83bd1a9d0.sdkstatcache -output-file-map /Users/kris/Epilogue/build/Build/Intermediates.noindex/swift-transformers.build/Debug-iphonesimulator/Tokenizers.build/Objects-normal/arm64/Tokenizers-OutputFileMap.json -use-frontend-parseable-output -save-temps -no-color-diagnostics -explicit-module-build -module-cache-path /Users/kris/Epilogue/build/Build/Intermediates.noindex/SwiftExplicitPrecompiledModules -clang-scanner-module-cache-path /Users/kris/Epilogue/build/ModuleCache.noindex -sdk-module-cache-path /Users/kris/Epilogue/build/ModuleCache.noindex -serialize-diagnostics -emit-dependencies -emit-module -emit-module-path /Users/kris/Epilogue/build/Build/Intermediates.noindex/swift-transformers.build/Debug-iphonesimulator/Tokenizers.build/Objects-normal/arm64/Tokenizers.swiftmodule -validate-clang-modules-once -clang-build-session-file /Users/kris/Epilogue/build/ModuleCache.noindex/Session.modulevalidation -Xcc -I/Users/kris/Epilogue/build/Build/Intermediates.noindex/swift-transformers.build/Debug-iphonesimulator/Tokenizers.build/swift-overrides.hmap -emit-const-values -Xfrontend -const-gather-protocols-file -Xfrontend /Users/kris/Epilogue/build/Build/Intermediates.noindex/swift-transformers.build/Debug-iphonesimulator/Tokenizers.build/Objects-normal/arm64/Tokenizers_const_extract_protocols.json -Xcc -I/Users/kris/Epilogue/build/Build/Products/Debug-iphonesimulator/include -Xcc -I/Users/kris/Epilogue/build/Build/Intermediates.noindex/swift-transformers.build/Debug-iphonesimulator/Tokenizers.build/DerivedSources-normal/arm64 -Xcc -I/Users/kris/Epilogue/build/Build/Intermediates.noindex/swift-transformers.build/Debug-iphonesimulator/Tokenizers.build/DerivedSources/arm64 -Xcc -I/Users/kris/Epilogue/build/Build/Intermediates.noindex/swift-transformers.build/Debug-iphonesimulator/Tokenizers.build/DerivedSources -Xcc -DSWIFT_PACKAGE -Xcc -DDEBUG\=1 -emit-objc-header -emit-objc-header-path /Users/kris/Epilogue/build/Build/Intermediates.noindex/swift-transformers.build/Debug-iphonesimulator/Tokenizers.build/Objects-normal/arm64/Tokenizers-Swift.h -working-directory /Users/kris/Epilogue/Epilogue/Epilogue.xcodeproj -experimental-emit-module-separately -disable-cmo

Copy /Users/kris/Epilogue/build/Build/Products/Debug-iphonesimulator/Tokenizers.swiftmodule/x86_64-apple-ios-simulator.swiftmodule /Users/kris/Epilogue/build/Build/Intermediates.noindex/swift-transformers.build/Debug-iphonesimulator/Tokenizers.build/Objects-normal/x86_64/Tokenizers.swiftmodule (in target 'Tokenizers' from project 'swift-transformers')
    cd /Users/kris/Epilogue/build/SourcePackages/checkouts/swift-transformers
    builtin-copy -exclude .DS_Store -exclude CVS -exclude .svn -exclude .git -exclude .hg -resolve-src-symlinks -rename /Users/kris/Epilogue/build/Build/Intermediates.noindex/swift-transformers.build/Debug-iphonesimulator/Tokenizers.build/Objects-normal/x86_64/Tokenizers.swiftmodule /Users/kris/Epilogue/build/Build/Products/Debug-iphonesimulator/Tokenizers.swiftmodule/x86_64-apple-ios-simulator.swiftmodule

SwiftMergeGeneratedHeaders /Users/kris/Epilogue/build/Build/Intermediates.noindex/GeneratedModuleMaps-iphonesimulator/Tokenizers-Swift.h /Users/kris/Epilogue/build/Build/Intermediates.noindex/swift-transformers.build/Debug-iphonesimulator/Tokenizers.build/Objects-normal/arm64/Tokenizers-Swift.h /Users/kris/Epilogue/build/Build/Intermediates.noindex/swift-transformers.build/Debug-iphonesimulator/Tokenizers.build/Objects-normal/x86_64/Tokenizers-Swift.h (in target 'Tokenizers' from project 'swift-transformers')
    cd /Users/kris/Epilogue/build/SourcePackages/checkouts/swift-transformers
    builtin-swiftHeaderTool -arch arm64 /Users/kris/Epilogue/build/Build/Intermediates.noindex/swift-transformers.build/Debug-iphonesimulator/Tokenizers.build/Objects-normal/arm64/Tokenizers-Swift.h -arch x86_64 /Users/kris/Epilogue/build/Build/Intermediates.noindex/swift-transformers.build/Debug-iphonesimulator/Tokenizers.build/Objects-normal/x86_64/Tokenizers-Swift.h -o /Users/kris/Epilogue/build/Build/Intermediates.noindex/GeneratedModuleMaps-iphonesimulator/Tokenizers-Swift.h

Copy /Users/kris/Epilogue/build/Build/Products/Debug-iphonesimulator/Tokenizers.swiftmodule/x86_64-apple-ios-simulator.swiftdoc /Users/kris/Epilogue/build/Build/Intermediates.noindex/swift-transformers.build/Debug-iphonesimulator/Tokenizers.build/Objects-normal/x86_64/Tokenizers.swiftdoc (in target 'Tokenizers' from project 'swift-transformers')
    cd /Users/kris/Epilogue/build/SourcePackages/checkouts/swift-transformers
    builtin-copy -exclude .DS_Store -exclude CVS -exclude .svn -exclude .git -exclude .hg -resolve-src-symlinks -rename /Users/kris/Epilogue/build/Build/Intermediates.noindex/swift-transformers.build/Debug-iphonesimulator/Tokenizers.build/Objects-normal/x86_64/Tokenizers.swiftdoc /Users/kris/Epilogue/build/Build/Products/Debug-iphonesimulator/Tokenizers.swiftmodule/x86_64-apple-ios-simulator.swiftdoc

Copy /Users/kris/Epilogue/build/Build/Products/Debug-iphonesimulator/Tokenizers.swiftmodule/x86_64-apple-ios-simulator.abi.json /Users/kris/Epilogue/build/Build/Intermediates.noindex/swift-transformers.build/Debug-iphonesimulator/Tokenizers.build/Objects-normal/x86_64/Tokenizers.abi.json (in target 'Tokenizers' from project 'swift-transformers')
    cd /Users/kris/Epilogue/build/SourcePackages/checkouts/swift-transformers
    builtin-copy -exclude .DS_Store -exclude CVS -exclude .svn -exclude .git -exclude .hg -resolve-src-symlinks -rename /Users/kris/Epilogue/build/Build/Intermediates.noindex/swift-transformers.build/Debug-iphonesimulator/Tokenizers.build/Objects-normal/x86_64/Tokenizers.abi.json /Users/kris/Epilogue/build/Build/Products/Debug-iphonesimulator/Tokenizers.swiftmodule/x86_64-apple-ios-simulator.abi.json

Copy /Users/kris/Epilogue/build/Build/Products/Debug-iphonesimulator/Tokenizers.swiftmodule/arm64-apple-ios-simulator.swiftmodule /Users/kris/Epilogue/build/Build/Intermediates.noindex/swift-transformers.build/Debug-iphonesimulator/Tokenizers.build/Objects-normal/arm64/Tokenizers.swiftmodule (in target 'Tokenizers' from project 'swift-transformers')
    cd /Users/kris/Epilogue/build/SourcePackages/checkouts/swift-transformers
    builtin-copy -exclude .DS_Store -exclude CVS -exclude .svn -exclude .git -exclude .hg -resolve-src-symlinks -rename /Users/kris/Epilogue/build/Build/Intermediates.noindex/swift-transformers.build/Debug-iphonesimulator/Tokenizers.build/Objects-normal/arm64/Tokenizers.swiftmodule /Users/kris/Epilogue/build/Build/Products/Debug-iphonesimulator/Tokenizers.swiftmodule/arm64-apple-ios-simulator.swiftmodule

Copy /Users/kris/Epilogue/build/Build/Products/Debug-iphonesimulator/Tokenizers.swiftmodule/arm64-apple-ios-simulator.swiftdoc /Users/kris/Epilogue/build/Build/Intermediates.noindex/swift-transformers.build/Debug-iphonesimulator/Tokenizers.build/Objects-normal/arm64/Tokenizers.swiftdoc (in target 'Tokenizers' from project 'swift-transformers')
    cd /Users/kris/Epilogue/build/SourcePackages/checkouts/swift-transformers
    builtin-copy -exclude .DS_Store -exclude CVS -exclude .svn -exclude .git -exclude .hg -resolve-src-symlinks -rename /Users/kris/Epilogue/build/Build/Intermediates.noindex/swift-transformers.build/Debug-iphonesimulator/Tokenizers.build/Objects-normal/arm64/Tokenizers.swiftdoc /Users/kris/Epilogue/build/Build/Products/Debug-iphonesimulator/Tokenizers.swiftmodule/arm64-apple-ios-simulator.swiftdoc

Copy /Users/kris/Epilogue/build/Build/Products/Debug-iphonesimulator/Tokenizers.swiftmodule/arm64-apple-ios-simulator.abi.json /Users/kris/Epilogue/build/Build/Intermediates.noindex/swift-transformers.build/Debug-iphonesimulator/Tokenizers.build/Objects-normal/arm64/Tokenizers.abi.json (in target 'Tokenizers' from project 'swift-transformers')
    cd /Users/kris/Epilogue/build/SourcePackages/checkouts/swift-transformers
    builtin-copy -exclude .DS_Store -exclude CVS -exclude .svn -exclude .git -exclude .hg -resolve-src-symlinks -rename /Users/kris/Epilogue/build/Build/Intermediates.noindex/swift-transformers.build/Debug-iphonesimulator/Tokenizers.build/Objects-normal/arm64/Tokenizers.abi.json /Users/kris/Epilogue/build/Build/Products/Debug-iphonesimulator/Tokenizers.swiftmodule/arm64-apple-ios-simulator.abi.json

Copy /Users/kris/Epilogue/build/Build/Products/Debug-iphonesimulator/Tokenizers.swiftmodule/Project/x86_64-apple-ios-simulator.swiftsourceinfo /Users/kris/Epilogue/build/Build/Intermediates.noindex/swift-transformers.build/Debug-iphonesimulator/Tokenizers.build/Objects-normal/x86_64/Tokenizers.swiftsourceinfo (in target 'Tokenizers' from project 'swift-transformers')
    cd /Users/kris/Epilogue/build/SourcePackages/checkouts/swift-transformers
    builtin-copy -exclude .DS_Store -exclude CVS -exclude .svn -exclude .git -exclude .hg -resolve-src-symlinks -rename /Users/kris/Epilogue/build/Build/Intermediates.noindex/swift-transformers.build/Debug-iphonesimulator/Tokenizers.build/Objects-normal/x86_64/Tokenizers.swiftsourceinfo /Users/kris/Epilogue/build/Build/Products/Debug-iphonesimulator/Tokenizers.swiftmodule/Project/x86_64-apple-ios-simulator.swiftsourceinfo

Copy /Users/kris/Epilogue/build/Build/Products/Debug-iphonesimulator/Tokenizers.swiftmodule/Project/arm64-apple-ios-simulator.swiftsourceinfo /Users/kris/Epilogue/build/Build/Intermediates.noindex/swift-transformers.build/Debug-iphonesimulator/Tokenizers.build/Objects-normal/arm64/Tokenizers.swiftsourceinfo (in target 'Tokenizers' from project 'swift-transformers')
    cd /Users/kris/Epilogue/build/SourcePackages/checkouts/swift-transformers
    builtin-copy -exclude .DS_Store -exclude CVS -exclude .svn -exclude .git -exclude .hg -resolve-src-symlinks -rename /Users/kris/Epilogue/build/Build/Intermediates.noindex/swift-transformers.build/Debug-iphonesimulator/Tokenizers.build/Objects-normal/arm64/Tokenizers.swiftsourceinfo /Users/kris/Epilogue/build/Build/Products/Debug-iphonesimulator/Tokenizers.swiftmodule/Project/arm64-apple-ios-simulator.swiftsourceinfo

SwiftCompile normal arm64 Compiling\ PostProcessor.swift /Users/kris/Epilogue/build/SourcePackages/checkouts/swift-transformers/Sources/Tokenizers/PostProcessor.swift (in target 'Tokenizers' from project 'swift-transformers')

SwiftCompile normal arm64 /Users/kris/Epilogue/build/SourcePackages/checkouts/swift-transformers/Sources/Tokenizers/PostProcessor.swift (in target 'Tokenizers' from project 'swift-transformers')
    cd /Users/kris/Epilogue/Epilogue/Epilogue.xcodeproj
    

SwiftCompile normal arm64 Compiling\ Normalizer.swift /Users/kris/Epilogue/build/SourcePackages/checkouts/swift-transformers/Sources/Tokenizers/Normalizer.swift (in target 'Tokenizers' from project 'swift-transformers')

SwiftCompile normal arm64 /Users/kris/Epilogue/build/SourcePackages/checkouts/swift-transformers/Sources/Tokenizers/Normalizer.swift (in target 'Tokenizers' from project 'swift-transformers')
    cd /Users/kris/Epilogue/Epilogue/Epilogue.xcodeproj
    

SwiftDriverJobDiscovery normal x86_64 Compiling Utils.swift (in target 'Tokenizers' from project 'swift-transformers')

SwiftCompile normal x86_64 Compiling\ TokenLattice.swift /Users/kris/Epilogue/build/SourcePackages/checkouts/swift-transformers/Sources/Tokenizers/TokenLattice.swift (in target 'Tokenizers' from project 'swift-transformers')

SwiftCompile normal x86_64 /Users/kris/Epilogue/build/SourcePackages/checkouts/swift-transformers/Sources/Tokenizers/TokenLattice.swift (in target 'Tokenizers' from project 'swift-transformers')
    cd /Users/kris/Epilogue/Epilogue/Epilogue.xcodeproj
    

SwiftDriverJobDiscovery normal arm64 Compiling Decoder.swift (in target 'Tokenizers' from project 'swift-transformers')

SwiftCompile normal arm64 Compiling\ ByteEncoder.swift /Users/kris/Epilogue/build/SourcePackages/checkouts/swift-transformers/Sources/Tokenizers/ByteEncoder.swift (in target 'Tokenizers' from project 'swift-transformers')

SwiftCompile normal arm64 /Users/kris/Epilogue/build/SourcePackages/checkouts/swift-transformers/Sources/Tokenizers/ByteEncoder.swift (in target 'Tokenizers' from project 'swift-transformers')
    cd /Users/kris/Epilogue/Epilogue/Epilogue.xcodeproj
    

SwiftDriverJobDiscovery normal x86_64 Compiling UnigramTokenizer.swift (in target 'Tokenizers' from project 'swift-transformers')

SwiftCompile normal x86_64 Compiling\ Normalizer.swift /Users/kris/Epilogue/build/SourcePackages/checkouts/swift-transformers/Sources/Tokenizers/Normalizer.swift (in target 'Tokenizers' from project 'swift-transformers')

SwiftCompile normal x86_64 /Users/kris/Epilogue/build/SourcePackages/checkouts/swift-transformers/Sources/Tokenizers/Normalizer.swift (in target 'Tokenizers' from project 'swift-transformers')
    cd /Users/kris/Epilogue/Epilogue/Epilogue.xcodeproj
    

SwiftDriverJobDiscovery normal arm64 Compiling Tokenizer.swift (in target 'Tokenizers' from project 'swift-transformers')

SwiftCompile normal x86_64 Compiling\ Trie.swift /Users/kris/Epilogue/build/SourcePackages/checkouts/swift-transformers/Sources/Tokenizers/Trie.swift (in target 'Tokenizers' from project 'swift-transformers')

SwiftCompile normal x86_64 /Users/kris/Epilogue/build/SourcePackages/checkouts/swift-transformers/Sources/Tokenizers/Trie.swift (in target 'Tokenizers' from project 'swift-transformers')
    cd /Users/kris/Epilogue/Epilogue/Epilogue.xcodeproj
    

SwiftDriverJobDiscovery normal x86_64 Compiling BertTokenizer.swift (in target 'Tokenizers' from project 'swift-transformers')

SwiftCompile normal x86_64 Compiling\ ByteEncoder.swift /Users/kris/Epilogue/build/SourcePackages/checkouts/swift-transformers/Sources/Tokenizers/ByteEncoder.swift (in target 'Tokenizers' from project 'swift-transformers')

SwiftCompile normal x86_64 /Users/kris/Epilogue/build/SourcePackages/checkouts/swift-transformers/Sources/Tokenizers/ByteEncoder.swift (in target 'Tokenizers' from project 'swift-transformers')
    cd /Users/kris/Epilogue/Epilogue/Epilogue.xcodeproj
    

SwiftDriverJobDiscovery normal x86_64 Compiling Tokenizer.swift (in target 'Tokenizers' from project 'swift-transformers')

SwiftCompile normal x86_64 Compiling\ Decoder.swift /Users/kris/Epilogue/build/SourcePackages/checkouts/swift-transformers/Sources/Tokenizers/Decoder.swift (in target 'Tokenizers' from project 'swift-transformers')

SwiftCompile normal x86_64 /Users/kris/Epilogue/build/SourcePackages/checkouts/swift-transformers/Sources/Tokenizers/Decoder.swift (in target 'Tokenizers' from project 'swift-transformers')
    cd /Users/kris/Epilogue/Epilogue/Epilogue.xcodeproj
    

SwiftDriverJobDiscovery normal x86_64 Compiling Trie.swift (in target 'Tokenizers' from project 'swift-transformers')

SwiftCompile normal arm64 Compiling\ Utils.swift /Users/kris/Epilogue/build/SourcePackages/checkouts/swift-transformers/Sources/Tokenizers/Utils.swift (in target 'Tokenizers' from project 'swift-transformers')

SwiftCompile normal arm64 /Users/kris/Epilogue/build/SourcePackages/checkouts/swift-transformers/Sources/Tokenizers/Utils.swift (in target 'Tokenizers' from project 'swift-transformers')
    cd /Users/kris/Epilogue/Epilogue/Epilogue.xcodeproj
    

SwiftDriverJobDiscovery normal x86_64 Compiling PreTokenizer.swift (in target 'Tokenizers' from project 'swift-transformers')

SwiftCompile normal arm64 Compiling\ BertTokenizer.swift /Users/kris/Epilogue/build/SourcePackages/checkouts/swift-transformers/Sources/Tokenizers/BertTokenizer.swift (in target 'Tokenizers' from project 'swift-transformers')

SwiftCompile normal arm64 /Users/kris/Epilogue/build/SourcePackages/checkouts/swift-transformers/Sources/Tokenizers/BertTokenizer.swift (in target 'Tokenizers' from project 'swift-transformers')
    cd /Users/kris/Epilogue/Epilogue/Epilogue.xcodeproj
    

SwiftDriverJobDiscovery normal arm64 Compiling ByteEncoder.swift (in target 'Tokenizers' from project 'swift-transformers')

SwiftCompile normal x86_64 Compiling\ BPETokenizer.swift /Users/kris/Epilogue/build/SourcePackages/checkouts/swift-transformers/Sources/Tokenizers/BPETokenizer.swift (in target 'Tokenizers' from project 'swift-transformers')

SwiftCompile normal x86_64 /Users/kris/Epilogue/build/SourcePackages/checkouts/swift-transformers/Sources/Tokenizers/BPETokenizer.swift (in target 'Tokenizers' from project 'swift-transformers')
    cd /Users/kris/Epilogue/Epilogue/Epilogue.xcodeproj
    

SwiftDriverJobDiscovery normal arm64 Compiling PostProcessor.swift (in target 'Tokenizers' from project 'swift-transformers')

SwiftCompile normal arm64 Compiling\ UnigramTokenizer.swift /Users/kris/Epilogue/build/SourcePackages/checkouts/swift-transformers/Sources/Tokenizers/UnigramTokenizer.swift (in target 'Tokenizers' from project 'swift-transformers')

SwiftCompile normal arm64 /Users/kris/Epilogue/build/SourcePackages/checkouts/swift-transformers/Sources/Tokenizers/UnigramTokenizer.swift (in target 'Tokenizers' from project 'swift-transformers')
    cd /Users/kris/Epilogue/Epilogue/Epilogue.xcodeproj
    

SwiftDriverJobDiscovery normal x86_64 Compiling TokenLattice.swift (in target 'Tokenizers' from project 'swift-transformers')

SwiftCompile normal arm64 Compiling\ PreTokenizer.swift /Users/kris/Epilogue/build/SourcePackages/checkouts/swift-transformers/Sources/Tokenizers/PreTokenizer.swift (in target 'Tokenizers' from project 'swift-transformers')

SwiftCompile normal arm64 /Users/kris/Epilogue/build/SourcePackages/checkouts/swift-transformers/Sources/Tokenizers/PreTokenizer.swift (in target 'Tokenizers' from project 'swift-transformers')
    cd /Users/kris/Epilogue/Epilogue/Epilogue.xcodeproj
    

SwiftDriverJobDiscovery normal x86_64 Compiling ByteEncoder.swift (in target 'Tokenizers' from project 'swift-transformers')

SwiftCompile normal x86_64 Compiling\ PostProcessor.swift /Users/kris/Epilogue/build/SourcePackages/checkouts/swift-transformers/Sources/Tokenizers/PostProcessor.swift (in target 'Tokenizers' from project 'swift-transformers')

SwiftCompile normal x86_64 /Users/kris/Epilogue/build/SourcePackages/checkouts/swift-transformers/Sources/Tokenizers/PostProcessor.swift (in target 'Tokenizers' from project 'swift-transformers')
    cd /Users/kris/Epilogue/Epilogue/Epilogue.xcodeproj
    

SwiftDriverJobDiscovery normal arm64 Compiling Utils.swift (in target 'Tokenizers' from project 'swift-transformers')

SwiftCompile normal arm64 Compiling\ BPETokenizer.swift /Users/kris/Epilogue/build/SourcePackages/checkouts/swift-transformers/Sources/Tokenizers/BPETokenizer.swift (in target 'Tokenizers' from project 'swift-transformers')

SwiftCompile normal arm64 /Users/kris/Epilogue/build/SourcePackages/checkouts/swift-transformers/Sources/Tokenizers/BPETokenizer.swift (in target 'Tokenizers' from project 'swift-transformers')
    cd /Users/kris/Epilogue/Epilogue/Epilogue.xcodeproj
    

SwiftDriverJobDiscovery normal arm64 Compiling Normalizer.swift (in target 'Tokenizers' from project 'swift-transformers')

SwiftDriverJobDiscovery normal x86_64 Compiling Normalizer.swift (in target 'Tokenizers' from project 'swift-transformers')

SwiftDriverJobDiscovery normal arm64 Compiling UnigramTokenizer.swift (in target 'Tokenizers' from project 'swift-transformers')

SwiftDriverJobDiscovery normal x86_64 Compiling BPETokenizer.swift (in target 'Tokenizers' from project 'swift-transformers')

SwiftDriverJobDiscovery normal arm64 Compiling Runtime.swift (in target 'Jinja' from project 'Jinja')

SwiftDriverJobDiscovery normal arm64 Compiling BertTokenizer.swift (in target 'Tokenizers' from project 'swift-transformers')

SwiftDriverJobDiscovery normal x86_64 Compiling Runtime.swift (in target 'Jinja' from project 'Jinja')

GenerateTAPI /Users/kris/Epilogue/build/Build/Intermediates.noindex/EagerLinkingTBDs/Debug-iphonesimulator/OrderedCollections_1222128174265B56_PackageProduct.framework/OrderedCollections_1222128174265B56_PackageProduct.tbd (in target 'OrderedCollections' from project 'swift-collections')
    cd /Users/kris/Epilogue/build/SourcePackages/checkouts/swift-collections
    /Applications/Xcode-beta.app/Contents/Developer/Toolchains/XcodeDefault.xctoolchain/usr/bin/tapi stubify -isysroot /Applications/Xcode-beta.app/Contents/Developer/Platforms/iPhoneSimulator.platform/Developer/SDKs/iPhoneSimulator26.0.sdk -F/Users/kris/Epilogue/build/Build/Products/Debug-iphonesimulator/PackageFrameworks -F/Users/kris/Epilogue/build/Build/Products/Debug-iphonesimulator/PackageFrameworks -F/Users/kris/Epilogue/build/Build/Products/Debug-iphonesimulator -iframework /Applications/Xcode-beta.app/Contents/Developer/Platforms/iPhoneSimulator.platform/Developer/Library/Frameworks -iframework /Applications/Xcode-beta.app/Contents/Developer/Platforms/iPhoneSimulator.platform/Developer/SDKs/iPhoneSimulator26.0.sdk/Developer/Library/Frameworks -L/Users/kris/Epilogue/build/Build/Products/Debug-iphonesimulator -L/Applications/Xcode-beta.app/Contents/Developer/Platforms/iPhoneSimulator.platform/Developer/usr/lib /Users/kris/Epilogue/build/Build/Products/Debug-iphonesimulator/PackageFrameworks/OrderedCollections_1222128174265B56_PackageProduct.framework/OrderedCollections_1222128174265B56_PackageProduct -o /Users/kris/Epilogue/build/Build/Intermediates.noindex/EagerLinkingTBDs/Debug-iphonesimulator/OrderedCollections_1222128174265B56_PackageProduct.framework/OrderedCollections_1222128174265B56_PackageProduct.tbd

SwiftDriver Generation normal arm64 com.apple.xcode.tools.swift.compiler (in target 'Generation' from project 'swift-transformers')
    cd /Users/kris/Epilogue/Epilogue/Epilogue.xcodeproj
    builtin-SwiftDriver -- /Applications/Xcode-beta.app/Contents/Developer/Toolchains/XcodeDefault.xctoolchain/usr/bin/swiftc -module-name Generation -Onone -enforce-exclusivity\=checked @/Users/kris/Epilogue/build/Build/Intermediates.noindex/swift-transformers.build/Debug-iphonesimulator/Generation.build/Objects-normal/arm64/Generation.SwiftFileList -DSWIFT_PACKAGE -DDEBUG -DSWIFT_MODULE_RESOURCE_BUNDLE_UNAVAILABLE -DXcode -plugin-path /Applications/Xcode-beta.app/Contents/Developer/Toolchains/XcodeDefault.xctoolchain/usr/lib/swift/host/plugins/testing -enable-experimental-feature DebugDescriptionMacro -sdk /Applications/Xcode-beta.app/Contents/Developer/Platforms/iPhoneSimulator.platform/Developer/SDKs/iPhoneSimulator26.0.sdk -target arm64-apple-ios16.0-simulator -g -module-cache-path /Users/kris/Epilogue/build/ModuleCache.noindex -Xfrontend -serialize-debugging-options -profile-coverage-mapping -profile-generate -enable-testing -suppress-warnings -index-store-path /Users/kris/Epilogue/build/Index.noindex/DataStore -Xcc -D_LIBCPP_HARDENING_MODE\=_LIBCPP_HARDENING_MODE_DEBUG -swift-version 5 -I /Users/kris/Epilogue/build/Build/Products/Debug-iphonesimulator -Isystem /Applications/Xcode-beta.app/Contents/Developer/Platforms/iPhoneSimulator.platform/Developer/usr/lib -F /Users/kris/Epilogue/build/Build/Products/Debug-iphonesimulator/PackageFrameworks -F /Users/kris/Epilogue/build/Build/Products/Debug-iphonesimulator/PackageFrameworks -F /Users/kris/Epilogue/build/Build/Products/Debug-iphonesimulator/PackageFrameworks -F /Users/kris/Epilogue/build/Build/Products/Debug-iphonesimulator/PackageFrameworks -F /Users/kris/Epilogue/build/Build/Products/Debug-iphonesimulator/PackageFrameworks -F /Users/kris/Epilogue/build/Build/Products/Debug-iphonesimulator/PackageFrameworks -F /Users/kris/Epilogue/build/Build/Products/Debug-iphonesimulator -F /Applications/Xcode-beta.app/Contents/Developer/Platforms/iPhoneSimulator.platform/Developer/Library/Frameworks -F /Applications/Xcode-beta.app/Contents/Developer/Platforms/iPhoneSimulator.platform/Developer/SDKs/iPhoneSimulator26.0.sdk/Developer/Library/Frameworks -c -j12 -enable-batch-mode -incremental -Xcc -ivfsstatcache -Xcc /Users/kris/Epilogue/build/SDKStatCaches.noindex/iphonesimulator26.0-23A5297f-3885c01c3e6b6a337905948deab2002efc862078e33f881139a9d2f83bd1a9d0.sdkstatcache -output-file-map /Users/kris/Epilogue/build/Build/Intermediates.noindex/swift-transformers.build/Debug-iphonesimulator/Generation.build/Objects-normal/arm64/Generation-OutputFileMap.json -use-frontend-parseable-output -save-temps -no-color-diagnostics -explicit-module-build -module-cache-path /Users/kris/Epilogue/build/Build/Intermediates.noindex/SwiftExplicitPrecompiledModules -clang-scanner-module-cache-path /Users/kris/Epilogue/build/ModuleCache.noindex -sdk-module-cache-path /Users/kris/Epilogue/build/ModuleCache.noindex -serialize-diagnostics -emit-dependencies -emit-module -emit-module-path /Users/kris/Epilogue/build/Build/Intermediates.noindex/swift-transformers.build/Debug-iphonesimulator/Generation.build/Objects-normal/arm64/Generation.swiftmodule -validate-clang-modules-once -clang-build-session-file /Users/kris/Epilogue/build/ModuleCache.noindex/Session.modulevalidation -Xcc -I/Users/kris/Epilogue/build/Build/Intermediates.noindex/swift-transformers.build/Debug-iphonesimulator/Generation.build/swift-overrides.hmap -emit-const-values -Xfrontend -const-gather-protocols-file -Xfrontend /Users/kris/Epilogue/build/Build/Intermediates.noindex/swift-transformers.build/Debug-iphonesimulator/Generation.build/Objects-normal/arm64/Generation_const_extract_protocols.json -Xcc -I/Users/kris/Epilogue/build/Build/Products/Debug-iphonesimulator/include -Xcc -I/Users/kris/Epilogue/build/Build/Intermediates.noindex/swift-transformers.build/Debug-iphonesimulator/Generation.build/DerivedSources-normal/arm64 -Xcc -I/Users/kris/Epilogue/build/Build/Intermediates.noindex/swift-transformers.build/Debug-iphonesimulator/Generation.build/DerivedSources/arm64 -Xcc -I/Users/kris/Epilogue/build/Build/Intermediates.noindex/swift-transformers.build/Debug-iphonesimulator/Generation.build/DerivedSources -Xcc -DSWIFT_PACKAGE -Xcc -DDEBUG\=1 -emit-objc-header -emit-objc-header-path /Users/kris/Epilogue/build/Build/Intermediates.noindex/swift-transformers.build/Debug-iphonesimulator/Generation.build/Objects-normal/arm64/Generation-Swift.h -working-directory /Users/kris/Epilogue/Epilogue/Epilogue.xcodeproj -experimental-emit-module-separately -disable-cmo

SwiftDriver Generation normal x86_64 com.apple.xcode.tools.swift.compiler (in target 'Generation' from project 'swift-transformers')
    cd /Users/kris/Epilogue/Epilogue/Epilogue.xcodeproj
    builtin-SwiftDriver -- /Applications/Xcode-beta.app/Contents/Developer/Toolchains/XcodeDefault.xctoolchain/usr/bin/swiftc -module-name Generation -Onone -enforce-exclusivity\=checked @/Users/kris/Epilogue/build/Build/Intermediates.noindex/swift-transformers.build/Debug-iphonesimulator/Generation.build/Objects-normal/x86_64/Generation.SwiftFileList -DSWIFT_PACKAGE -DDEBUG -DSWIFT_MODULE_RESOURCE_BUNDLE_UNAVAILABLE -DXcode -plugin-path /Applications/Xcode-beta.app/Contents/Developer/Toolchains/XcodeDefault.xctoolchain/usr/lib/swift/host/plugins/testing -enable-experimental-feature DebugDescriptionMacro -sdk /Applications/Xcode-beta.app/Contents/Developer/Platforms/iPhoneSimulator.platform/Developer/SDKs/iPhoneSimulator26.0.sdk -target x86_64-apple-ios16.0-simulator -g -module-cache-path /Users/kris/Epilogue/build/ModuleCache.noindex -Xfrontend -serialize-debugging-options -profile-coverage-mapping -profile-generate -enable-testing -suppress-warnings -index-store-path /Users/kris/Epilogue/build/Index.noindex/DataStore -Xcc -D_LIBCPP_HARDENING_MODE\=_LIBCPP_HARDENING_MODE_DEBUG -swift-version 5 -I /Users/kris/Epilogue/build/Build/Products/Debug-iphonesimulator -Isystem /Applications/Xcode-beta.app/Contents/Developer/Platforms/iPhoneSimulator.platform/Developer/usr/lib -F /Users/kris/Epilogue/build/Build/Products/Debug-iphonesimulator/PackageFrameworks -F /Users/kris/Epilogue/build/Build/Products/Debug-iphonesimulator/PackageFrameworks -F /Users/kris/Epilogue/build/Build/Products/Debug-iphonesimulator/PackageFrameworks -F /Users/kris/Epilogue/build/Build/Products/Debug-iphonesimulator/PackageFrameworks -F /Users/kris/Epilogue/build/Build/Products/Debug-iphonesimulator/PackageFrameworks -F /Users/kris/Epilogue/build/Build/Products/Debug-iphonesimulator/PackageFrameworks -F /Users/kris/Epilogue/build/Build/Products/Debug-iphonesimulator -F /Applications/Xcode-beta.app/Contents/Developer/Platforms/iPhoneSimulator.platform/Developer/Library/Frameworks -F /Applications/Xcode-beta.app/Contents/Developer/Platforms/iPhoneSimulator.platform/Developer/SDKs/iPhoneSimulator26.0.sdk/Developer/Library/Frameworks -c -j12 -enable-batch-mode -incremental -Xcc -ivfsstatcache -Xcc /Users/kris/Epilogue/build/SDKStatCaches.noindex/iphonesimulator26.0-23A5297f-3885c01c3e6b6a337905948deab2002efc862078e33f881139a9d2f83bd1a9d0.sdkstatcache -output-file-map /Users/kris/Epilogue/build/Build/Intermediates.noindex/swift-transformers.build/Debug-iphonesimulator/Generation.build/Objects-normal/x86_64/Generation-OutputFileMap.json -use-frontend-parseable-output -save-temps -no-color-diagnostics -explicit-module-build -module-cache-path /Users/kris/Epilogue/build/Build/Intermediates.noindex/SwiftExplicitPrecompiledModules -clang-scanner-module-cache-path /Users/kris/Epilogue/build/ModuleCache.noindex -sdk-module-cache-path /Users/kris/Epilogue/build/ModuleCache.noindex -serialize-diagnostics -emit-dependencies -emit-module -emit-module-path /Users/kris/Epilogue/build/Build/Intermediates.noindex/swift-transformers.build/Debug-iphonesimulator/Generation.build/Objects-normal/x86_64/Generation.swiftmodule -validate-clang-modules-once -clang-build-session-file /Users/kris/Epilogue/build/ModuleCache.noindex/Session.modulevalidation -Xcc -I/Users/kris/Epilogue/build/Build/Intermediates.noindex/swift-transformers.build/Debug-iphonesimulator/Generation.build/swift-overrides.hmap -emit-const-values -Xfrontend -const-gather-protocols-file -Xfrontend /Users/kris/Epilogue/build/Build/Intermediates.noindex/swift-transformers.build/Debug-iphonesimulator/Generation.build/Objects-normal/x86_64/Generation_const_extract_protocols.json -Xcc -I/Users/kris/Epilogue/build/Build/Products/Debug-iphonesimulator/include -Xcc -I/Users/kris/Epilogue/build/Build/Intermediates.noindex/swift-transformers.build/Debug-iphonesimulator/Generation.build/DerivedSources-normal/x86_64 -Xcc -I/Users/kris/Epilogue/build/Build/Intermediates.noindex/swift-transformers.build/Debug-iphonesimulator/Generation.build/DerivedSources/x86_64 -Xcc -I/Users/kris/Epilogue/build/Build/Intermediates.noindex/swift-transformers.build/Debug-iphonesimulator/Generation.build/DerivedSources -Xcc -DSWIFT_PACKAGE -Xcc -DDEBUG\=1 -emit-objc-header -emit-objc-header-path /Users/kris/Epilogue/build/Build/Intermediates.noindex/swift-transformers.build/Debug-iphonesimulator/Generation.build/Objects-normal/x86_64/Generation-Swift.h -working-directory /Users/kris/Epilogue/Epilogue/Epilogue.xcodeproj -experimental-emit-module-separately -disable-cmo

RegisterExecutionPolicyException /Users/kris/Epilogue/build/Build/Products/Debug-iphonesimulator/ArgumentParser.o (in target 'ArgumentParser' from project 'swift-argument-parser')
    cd /Users/kris/Epilogue/build/SourcePackages/checkouts/swift-argument-parser
    builtin-RegisterExecutionPolicyException /Users/kris/Epilogue/build/Build/Products/Debug-iphonesimulator/ArgumentParser.o

RegisterExecutionPolicyException /Users/kris/Epilogue/build/Build/Products/Debug-iphonesimulator/PackageFrameworks/OrderedCollections_1222128174265B56_PackageProduct.framework (in target 'OrderedCollections' from project 'swift-collections')
    cd /Users/kris/Epilogue/build/SourcePackages/checkouts/swift-collections
    builtin-RegisterExecutionPolicyException /Users/kris/Epilogue/build/Build/Products/Debug-iphonesimulator/PackageFrameworks/OrderedCollections_1222128174265B56_PackageProduct.framework

Touch /Users/kris/Epilogue/build/Build/Products/Debug-iphonesimulator/PackageFrameworks/OrderedCollections_1222128174265B56_PackageProduct.framework (in target 'OrderedCollections' from project 'swift-collections')
    cd /Users/kris/Epilogue/build/SourcePackages/checkouts/swift-collections
    /usr/bin/touch -c /Users/kris/Epilogue/build/Build/Products/Debug-iphonesimulator/PackageFrameworks/OrderedCollections_1222128174265B56_PackageProduct.framework

SwiftDriverJobDiscovery normal x86_64 Compiling Decoder.swift (in target 'Tokenizers' from project 'swift-transformers')

SwiftDriverJobDiscovery normal x86_64 Compiling PostProcessor.swift (in target 'Tokenizers' from project 'swift-transformers')

SwiftDriver\ Compilation Tokenizers normal x86_64 com.apple.xcode.tools.swift.compiler (in target 'Tokenizers' from project 'swift-transformers')
    cd /Users/kris/Epilogue/Epilogue/Epilogue.xcodeproj
    builtin-Swift-Compilation -- /Applications/Xcode-beta.app/Contents/Developer/Toolchains/XcodeDefault.xctoolchain/usr/bin/swiftc -module-name Tokenizers -Onone -enforce-exclusivity\=checked @/Users/kris/Epilogue/build/Build/Intermediates.noindex/swift-transformers.build/Debug-iphonesimulator/Tokenizers.build/Objects-normal/x86_64/Tokenizers.SwiftFileList -DSWIFT_PACKAGE -DDEBUG -DSWIFT_MODULE_RESOURCE_BUNDLE_UNAVAILABLE -DXcode -plugin-path /Applications/Xcode-beta.app/Contents/Developer/Toolchains/XcodeDefault.xctoolchain/usr/lib/swift/host/plugins/testing -enable-experimental-feature DebugDescriptionMacro -sdk /Applications/Xcode-beta.app/Contents/Developer/Platforms/iPhoneSimulator.platform/Developer/SDKs/iPhoneSimulator26.0.sdk -target x86_64-apple-ios16.0-simulator -g -module-cache-path /Users/kris/Epilogue/build/ModuleCache.noindex -Xfrontend -serialize-debugging-options -profile-coverage-mapping -profile-generate -enable-testing -suppress-warnings -index-store-path /Users/kris/Epilogue/build/Index.noindex/DataStore -Xcc -D_LIBCPP_HARDENING_MODE\=_LIBCPP_HARDENING_MODE_DEBUG -swift-version 5 -I /Users/kris/Epilogue/build/Build/Products/Debug-iphonesimulator -Isystem /Applications/Xcode-beta.app/Contents/Developer/Platforms/iPhoneSimulator.platform/Developer/usr/lib -F /Users/kris/Epilogue/build/Build/Products/Debug-iphonesimulator/PackageFrameworks -F /Users/kris/Epilogue/build/Build/Products/Debug-iphonesimulator/PackageFrameworks -F /Users/kris/Epilogue/build/Build/Products/Debug-iphonesimulator/PackageFrameworks -F /Users/kris/Epilogue/build/Build/Products/Debug-iphonesimulator/PackageFrameworks -F /Users/kris/Epilogue/build/Build/Products/Debug-iphonesimulator -F /Applications/Xcode-beta.app/Contents/Developer/Platforms/iPhoneSimulator.platform/Developer/Library/Frameworks -F /Applications/Xcode-beta.app/Contents/Developer/Platforms/iPhoneSimulator.platform/Developer/SDKs/iPhoneSimulator26.0.sdk/Developer/Library/Frameworks -c -j12 -enable-batch-mode -incremental -Xcc -ivfsstatcache -Xcc /Users/kris/Epilogue/build/SDKStatCaches.noindex/iphonesimulator26.0-23A5297f-3885c01c3e6b6a337905948deab2002efc862078e33f881139a9d2f83bd1a9d0.sdkstatcache -output-file-map /Users/kris/Epilogue/build/Build/Intermediates.noindex/swift-transformers.build/Debug-iphonesimulator/Tokenizers.build/Objects-normal/x86_64/Tokenizers-OutputFileMap.json -use-frontend-parseable-output -save-temps -no-color-diagnostics -explicit-module-build -module-cache-path /Users/kris/Epilogue/build/Build/Intermediates.noindex/SwiftExplicitPrecompiledModules -clang-scanner-module-cache-path /Users/kris/Epilogue/build/ModuleCache.noindex -sdk-module-cache-path /Users/kris/Epilogue/build/ModuleCache.noindex -serialize-diagnostics -emit-dependencies -emit-module -emit-module-path /Users/kris/Epilogue/build/Build/Intermediates.noindex/swift-transformers.build/Debug-iphonesimulator/Tokenizers.build/Objects-normal/x86_64/Tokenizers.swiftmodule -validate-clang-modules-once -clang-build-session-file /Users/kris/Epilogue/build/ModuleCache.noindex/Session.modulevalidation -Xcc -I/Users/kris/Epilogue/build/Build/Intermediates.noindex/swift-transformers.build/Debug-iphonesimulator/Tokenizers.build/swift-overrides.hmap -emit-const-values -Xfrontend -const-gather-protocols-file -Xfrontend /Users/kris/Epilogue/build/Build/Intermediates.noindex/swift-transformers.build/Debug-iphonesimulator/Tokenizers.build/Objects-normal/x86_64/Tokenizers_const_extract_protocols.json -Xcc -I/Users/kris/Epilogue/build/Build/Products/Debug-iphonesimulator/include -Xcc -I/Users/kris/Epilogue/build/Build/Intermediates.noindex/swift-transformers.build/Debug-iphonesimulator/Tokenizers.build/DerivedSources-normal/x86_64 -Xcc -I/Users/kris/Epilogue/build/Build/Intermediates.noindex/swift-transformers.build/Debug-iphonesimulator/Tokenizers.build/DerivedSources/x86_64 -Xcc -I/Users/kris/Epilogue/build/Build/Intermediates.noindex/swift-transformers.build/Debug-iphonesimulator/Tokenizers.build/DerivedSources -Xcc -DSWIFT_PACKAGE -Xcc -DDEBUG\=1 -emit-objc-header -emit-objc-header-path /Users/kris/Epilogue/build/Build/Intermediates.noindex/swift-transformers.build/Debug-iphonesimulator/Tokenizers.build/Objects-normal/x86_64/Tokenizers-Swift.h -working-directory /Users/kris/Epilogue/Epilogue/Epilogue.xcodeproj -experimental-emit-module-separately -disable-cmo

SwiftDriverJobDiscovery normal arm64 Compiling PreTokenizer.swift (in target 'Tokenizers' from project 'swift-transformers')

SwiftDriverJobDiscovery normal arm64 Compiling BPETokenizer.swift (in target 'Tokenizers' from project 'swift-transformers')

SwiftDriver\ Compilation Tokenizers normal arm64 com.apple.xcode.tools.swift.compiler (in target 'Tokenizers' from project 'swift-transformers')
    cd /Users/kris/Epilogue/Epilogue/Epilogue.xcodeproj
    builtin-Swift-Compilation -- /Applications/Xcode-beta.app/Contents/Developer/Toolchains/XcodeDefault.xctoolchain/usr/bin/swiftc -module-name Tokenizers -Onone -enforce-exclusivity\=checked @/Users/kris/Epilogue/build/Build/Intermediates.noindex/swift-transformers.build/Debug-iphonesimulator/Tokenizers.build/Objects-normal/arm64/Tokenizers.SwiftFileList -DSWIFT_PACKAGE -DDEBUG -DSWIFT_MODULE_RESOURCE_BUNDLE_UNAVAILABLE -DXcode -plugin-path /Applications/Xcode-beta.app/Contents/Developer/Toolchains/XcodeDefault.xctoolchain/usr/lib/swift/host/plugins/testing -enable-experimental-feature DebugDescriptionMacro -sdk /Applications/Xcode-beta.app/Contents/Developer/Platforms/iPhoneSimulator.platform/Developer/SDKs/iPhoneSimulator26.0.sdk -target arm64-apple-ios16.0-simulator -g -module-cache-path /Users/kris/Epilogue/build/ModuleCache.noindex -Xfrontend -serialize-debugging-options -profile-coverage-mapping -profile-generate -enable-testing -suppress-warnings -index-store-path /Users/kris/Epilogue/build/Index.noindex/DataStore -Xcc -D_LIBCPP_HARDENING_MODE\=_LIBCPP_HARDENING_MODE_DEBUG -swift-version 5 -I /Users/kris/Epilogue/build/Build/Products/Debug-iphonesimulator -Isystem /Applications/Xcode-beta.app/Contents/Developer/Platforms/iPhoneSimulator.platform/Developer/usr/lib -F /Users/kris/Epilogue/build/Build/Products/Debug-iphonesimulator/PackageFrameworks -F /Users/kris/Epilogue/build/Build/Products/Debug-iphonesimulator/PackageFrameworks -F /Users/kris/Epilogue/build/Build/Products/Debug-iphonesimulator/PackageFrameworks -F /Users/kris/Epilogue/build/Build/Products/Debug-iphonesimulator/PackageFrameworks -F /Users/kris/Epilogue/build/Build/Products/Debug-iphonesimulator -F /Applications/Xcode-beta.app/Contents/Developer/Platforms/iPhoneSimulator.platform/Developer/Library/Frameworks -F /Applications/Xcode-beta.app/Contents/Developer/Platforms/iPhoneSimulator.platform/Developer/SDKs/iPhoneSimulator26.0.sdk/Developer/Library/Frameworks -c -j12 -enable-batch-mode -incremental -Xcc -ivfsstatcache -Xcc /Users/kris/Epilogue/build/SDKStatCaches.noindex/iphonesimulator26.0-23A5297f-3885c01c3e6b6a337905948deab2002efc862078e33f881139a9d2f83bd1a9d0.sdkstatcache -output-file-map /Users/kris/Epilogue/build/Build/Intermediates.noindex/swift-transformers.build/Debug-iphonesimulator/Tokenizers.build/Objects-normal/arm64/Tokenizers-OutputFileMap.json -use-frontend-parseable-output -save-temps -no-color-diagnostics -explicit-module-build -module-cache-path /Users/kris/Epilogue/build/Build/Intermediates.noindex/SwiftExplicitPrecompiledModules -clang-scanner-module-cache-path /Users/kris/Epilogue/build/ModuleCache.noindex -sdk-module-cache-path /Users/kris/Epilogue/build/ModuleCache.noindex -serialize-diagnostics -emit-dependencies -emit-module -emit-module-path /Users/kris/Epilogue/build/Build/Intermediates.noindex/swift-transformers.build/Debug-iphonesimulator/Tokenizers.build/Objects-normal/arm64/Tokenizers.swiftmodule -validate-clang-modules-once -clang-build-session-file /Users/kris/Epilogue/build/ModuleCache.noindex/Session.modulevalidation -Xcc -I/Users/kris/Epilogue/build/Build/Intermediates.noindex/swift-transformers.build/Debug-iphonesimulator/Tokenizers.build/swift-overrides.hmap -emit-const-values -Xfrontend -const-gather-protocols-file -Xfrontend /Users/kris/Epilogue/build/Build/Intermediates.noindex/swift-transformers.build/Debug-iphonesimulator/Tokenizers.build/Objects-normal/arm64/Tokenizers_const_extract_protocols.json -Xcc -I/Users/kris/Epilogue/build/Build/Products/Debug-iphonesimulator/include -Xcc -I/Users/kris/Epilogue/build/Build/Intermediates.noindex/swift-transformers.build/Debug-iphonesimulator/Tokenizers.build/DerivedSources-normal/arm64 -Xcc -I/Users/kris/Epilogue/build/Build/Intermediates.noindex/swift-transformers.build/Debug-iphonesimulator/Tokenizers.build/DerivedSources/arm64 -Xcc -I/Users/kris/Epilogue/build/Build/Intermediates.noindex/swift-transformers.build/Debug-iphonesimulator/Tokenizers.build/DerivedSources -Xcc -DSWIFT_PACKAGE -Xcc -DDEBUG\=1 -emit-objc-header -emit-objc-header-path /Users/kris/Epilogue/build/Build/Intermediates.noindex/swift-transformers.build/Debug-iphonesimulator/Tokenizers.build/Objects-normal/arm64/Tokenizers-Swift.h -working-directory /Users/kris/Epilogue/Epilogue/Epilogue.xcodeproj -experimental-emit-module-separately -disable-cmo

SwiftDriverJobDiscovery normal arm64 Compiling Environment.swift (in target 'Jinja' from project 'Jinja')

SwiftDriver\ Compilation Jinja normal arm64 com.apple.xcode.tools.swift.compiler (in target 'Jinja' from project 'Jinja')
    cd /Users/kris/Epilogue/Epilogue/Epilogue.xcodeproj
    builtin-Swift-Compilation -- /Applications/Xcode-beta.app/Contents/Developer/Toolchains/XcodeDefault.xctoolchain/usr/bin/swiftc -module-name Jinja -Onone -enforce-exclusivity\=checked @/Users/kris/Epilogue/build/Build/Intermediates.noindex/Jinja.build/Debug-iphonesimulator/Jinja.build/Objects-normal/arm64/Jinja.SwiftFileList -DSWIFT_PACKAGE -DDEBUG -DSWIFT_MODULE_RESOURCE_BUNDLE_UNAVAILABLE -DXcode -enable-upcoming-feature BareSlashRegexLiterals -plugin-path /Applications/Xcode-beta.app/Contents/Developer/Toolchains/XcodeDefault.xctoolchain/usr/lib/swift/host/plugins/testing -enable-experimental-feature DebugDescriptionMacro -sdk /Applications/Xcode-beta.app/Contents/Developer/Platforms/iPhoneSimulator.platform/Developer/SDKs/iPhoneSimulator26.0.sdk -target arm64-apple-ios16.0-simulator -g -module-cache-path /Users/kris/Epilogue/build/ModuleCache.noindex -Xfrontend -serialize-debugging-options -profile-coverage-mapping -profile-generate -enable-testing -suppress-warnings -index-store-path /Users/kris/Epilogue/build/Index.noindex/DataStore -Xcc -D_LIBCPP_HARDENING_MODE\=_LIBCPP_HARDENING_MODE_DEBUG -swift-version 5 -I /Users/kris/Epilogue/build/Build/Products/Debug-iphonesimulator -Isystem /Applications/Xcode-beta.app/Contents/Developer/Platforms/iPhoneSimulator.platform/Developer/usr/lib -F /Users/kris/Epilogue/build/Build/Products/Debug-iphonesimulator/PackageFrameworks -F /Users/kris/Epilogue/build/Build/Products/Debug-iphonesimulator/PackageFrameworks -F /Users/kris/Epilogue/build/Build/Products/Debug-iphonesimulator -F /Applications/Xcode-beta.app/Contents/Developer/Platforms/iPhoneSimulator.platform/Developer/Library/Frameworks -F /Applications/Xcode-beta.app/Contents/Developer/Platforms/iPhoneSimulator.platform/Developer/SDKs/iPhoneSimulator26.0.sdk/Developer/Library/Frameworks -c -j12 -enable-batch-mode -incremental -Xcc -ivfsstatcache -Xcc /Users/kris/Epilogue/build/SDKStatCaches.noindex/iphonesimulator26.0-23A5297f-3885c01c3e6b6a337905948deab2002efc862078e33f881139a9d2f83bd1a9d0.sdkstatcache -output-file-map /Users/kris/Epilogue/build/Build/Intermediates.noindex/Jinja.build/Debug-iphonesimulator/Jinja.build/Objects-normal/arm64/Jinja-OutputFileMap.json -use-frontend-parseable-output -save-temps -no-color-diagnostics -explicit-module-build -module-cache-path /Users/kris/Epilogue/build/Build/Intermediates.noindex/SwiftExplicitPrecompiledModules -clang-scanner-module-cache-path /Users/kris/Epilogue/build/ModuleCache.noindex -sdk-module-cache-path /Users/kris/Epilogue/build/ModuleCache.noindex -serialize-diagnostics -emit-dependencies -emit-module -emit-module-path /Users/kris/Epilogue/build/Build/Intermediates.noindex/Jinja.build/Debug-iphonesimulator/Jinja.build/Objects-normal/arm64/Jinja.swiftmodule -validate-clang-modules-once -clang-build-session-file /Users/kris/Epilogue/build/ModuleCache.noindex/Session.modulevalidation -Xcc -I/Users/kris/Epilogue/build/Build/Intermediates.noindex/Jinja.build/Debug-iphonesimulator/Jinja.build/swift-overrides.hmap -emit-const-values -Xfrontend -const-gather-protocols-file -Xfrontend /Users/kris/Epilogue/build/Build/Intermediates.noindex/Jinja.build/Debug-iphonesimulator/Jinja.build/Objects-normal/arm64/Jinja_const_extract_protocols.json -Xcc -I/Users/kris/Epilogue/build/Build/Products/Debug-iphonesimulator/include -Xcc -I/Users/kris/Epilogue/build/Build/Intermediates.noindex/Jinja.build/Debug-iphonesimulator/Jinja.build/DerivedSources-normal/arm64 -Xcc -I/Users/kris/Epilogue/build/Build/Intermediates.noindex/Jinja.build/Debug-iphonesimulator/Jinja.build/DerivedSources/arm64 -Xcc -I/Users/kris/Epilogue/build/Build/Intermediates.noindex/Jinja.build/Debug-iphonesimulator/Jinja.build/DerivedSources -Xcc -DSWIFT_PACKAGE -Xcc -DDEBUG\=1 -emit-objc-header -emit-objc-header-path /Users/kris/Epilogue/build/Build/Intermediates.noindex/Jinja.build/Debug-iphonesimulator/Jinja.build/Objects-normal/arm64/Jinja-Swift.h -working-directory /Users/kris/Epilogue/Epilogue/Epilogue.xcodeproj -experimental-emit-module-separately -disable-cmo

Ld /Users/kris/Epilogue/build/Build/Intermediates.noindex/Jinja.build/Debug-iphonesimulator/Jinja.build/Objects-normal/arm64/Binary/Jinja.o normal arm64 (in target 'Jinja' from project 'Jinja')
    cd /Users/kris/Epilogue/build/SourcePackages/checkouts/Jinja
    /Applications/Xcode-beta.app/Contents/Developer/Toolchains/XcodeDefault.xctoolchain/usr/bin/clang -Xlinker -reproducible -target arm64-apple-ios16.0-simulator -r -isysroot /Applications/Xcode-beta.app/Contents/Developer/Platforms/iPhoneSimulator.platform/Developer/SDKs/iPhoneSimulator26.0.sdk -O0 -w -L/Users/kris/Epilogue/build/Build/Intermediates.noindex/EagerLinkingTBDs/Debug-iphonesimulator -L/Users/kris/Epilogue/build/Build/Products/Debug-iphonesimulator -L/Applications/Xcode-beta.app/Contents/Developer/Platforms/iPhoneSimulator.platform/Developer/usr/lib -F/Users/kris/Epilogue/build/Build/Intermediates.noindex/EagerLinkingTBDs/Debug-iphonesimulator -F/Users/kris/Epilogue/build/Build/Products/Debug-iphonesimulator/PackageFrameworks -F/Users/kris/Epilogue/build/Build/Products/Debug-iphonesimulator/PackageFrameworks -F/Users/kris/Epilogue/build/Build/Products/Debug-iphonesimulator -iframework /Applications/Xcode-beta.app/Contents/Developer/Platforms/iPhoneSimulator.platform/Developer/Library/Frameworks -iframework /Applications/Xcode-beta.app/Contents/Developer/Platforms/iPhoneSimulator.platform/Developer/SDKs/iPhoneSimulator26.0.sdk/Developer/Library/Frameworks -filelist /Users/kris/Epilogue/build/Build/Intermediates.noindex/Jinja.build/Debug-iphonesimulator/Jinja.build/Objects-normal/arm64/Jinja.LinkFileList -nostdlib -Xlinker -object_path_lto -Xlinker /Users/kris/Epilogue/build/Build/Intermediates.noindex/Jinja.build/Debug-iphonesimulator/Jinja.build/Objects-normal/arm64/Jinja_lto.o -rdynamic -Xlinker -no_deduplicate -Xlinker -objc_abi_version -Xlinker 2 -Xlinker -debug_variant -Xlinker -dependency_info -Xlinker /Users/kris/Epilogue/build/Build/Intermediates.noindex/Jinja.build/Debug-iphonesimulator/Jinja.build/Objects-normal/arm64/Jinja_dependency_info.dat -fobjc-link-runtime -L/Applications/Xcode-beta.app/Contents/Developer/Toolchains/XcodeDefault.xctoolchain/usr/lib/swift/iphonesimulator -L/usr/lib/swift -Xlinker -add_ast_path -Xlinker /Users/kris/Epilogue/build/Build/Intermediates.noindex/Jinja.build/Debug-iphonesimulator/Jinja.build/Objects-normal/arm64/Jinja.swiftmodule @/Users/kris/Epilogue/build/Build/Intermediates.noindex/Jinja.build/Debug-iphonesimulator/Jinja.build/Objects-normal/arm64/Jinja-linker-args.resp -o /Users/kris/Epilogue/build/Build/Intermediates.noindex/Jinja.build/Debug-iphonesimulator/Jinja.build/Objects-normal/arm64/Binary/Jinja.o

SwiftEmitModule normal x86_64 Emitting\ module\ for\ Generation (in target 'Generation' from project 'swift-transformers')

EmitSwiftModule normal x86_64 (in target 'Generation' from project 'swift-transformers')
    cd /Users/kris/Epilogue/Epilogue/Epilogue.xcodeproj
    

SwiftCompile normal x86_64 Compiling\ GenerationConfig.swift /Users/kris/Epilogue/build/SourcePackages/checkouts/swift-transformers/Sources/Generation/GenerationConfig.swift (in target 'Generation' from project 'swift-transformers')
SwiftCompile normal x86_64 /Users/kris/Epilogue/build/SourcePackages/checkouts/swift-transformers/Sources/Generation/GenerationConfig.swift (in target 'Generation' from project 'swift-transformers')
    cd /Users/kris/Epilogue/Epilogue/Epilogue.xcodeproj
    

SwiftCompile normal arm64 Compiling\ Generation.swift /Users/kris/Epilogue/build/SourcePackages/checkouts/swift-transformers/Sources/Generation/Generation.swift (in target 'Generation' from project 'swift-transformers')
SwiftCompile normal arm64 /Users/kris/Epilogue/build/SourcePackages/checkouts/swift-transformers/Sources/Generation/Generation.swift (in target 'Generation' from project 'swift-transformers')
    cd /Users/kris/Epilogue/Epilogue/Epilogue.xcodeproj
    

SwiftEmitModule normal arm64 Emitting\ module\ for\ Generation (in target 'Generation' from project 'swift-transformers')

EmitSwiftModule normal arm64 (in target 'Generation' from project 'swift-transformers')
    cd /Users/kris/Epilogue/Epilogue/Epilogue.xcodeproj
    

SwiftCompile normal arm64 Compiling\ GenerationConfig.swift /Users/kris/Epilogue/build/SourcePackages/checkouts/swift-transformers/Sources/Generation/GenerationConfig.swift (in target 'Generation' from project 'swift-transformers')

SwiftCompile normal arm64 /Users/kris/Epilogue/build/SourcePackages/checkouts/swift-transformers/Sources/Generation/GenerationConfig.swift (in target 'Generation' from project 'swift-transformers')
    cd /Users/kris/Epilogue/Epilogue/Epilogue.xcodeproj
    

SwiftCompile normal x86_64 Compiling\ Generation.swift /Users/kris/Epilogue/build/SourcePackages/checkouts/swift-transformers/Sources/Generation/Generation.swift (in target 'Generation' from project 'swift-transformers')

SwiftCompile normal x86_64 /Users/kris/Epilogue/build/SourcePackages/checkouts/swift-transformers/Sources/Generation/Generation.swift (in target 'Generation' from project 'swift-transformers')
    cd /Users/kris/Epilogue/Epilogue/Epilogue.xcodeproj
    

SwiftDriverJobDiscovery normal x86_64 Compiling Environment.swift (in target 'Jinja' from project 'Jinja')

SwiftDriver\ Compilation Jinja normal x86_64 com.apple.xcode.tools.swift.compiler (in target 'Jinja' from project 'Jinja')
    cd /Users/kris/Epilogue/Epilogue/Epilogue.xcodeproj
    builtin-Swift-Compilation -- /Applications/Xcode-beta.app/Contents/Developer/Toolchains/XcodeDefault.xctoolchain/usr/bin/swiftc -module-name Jinja -Onone -enforce-exclusivity\=checked @/Users/kris/Epilogue/build/Build/Intermediates.noindex/Jinja.build/Debug-iphonesimulator/Jinja.build/Objects-normal/x86_64/Jinja.SwiftFileList -DSWIFT_PACKAGE -DDEBUG -DSWIFT_MODULE_RESOURCE_BUNDLE_UNAVAILABLE -DXcode -enable-upcoming-feature BareSlashRegexLiterals -plugin-path /Applications/Xcode-beta.app/Contents/Developer/Toolchains/XcodeDefault.xctoolchain/usr/lib/swift/host/plugins/testing -enable-experimental-feature DebugDescriptionMacro -sdk /Applications/Xcode-beta.app/Contents/Developer/Platforms/iPhoneSimulator.platform/Developer/SDKs/iPhoneSimulator26.0.sdk -target x86_64-apple-ios16.0-simulator -g -module-cache-path /Users/kris/Epilogue/build/ModuleCache.noindex -Xfrontend -serialize-debugging-options -profile-coverage-mapping -profile-generate -enable-testing -suppress-warnings -index-store-path /Users/kris/Epilogue/build/Index.noindex/DataStore -Xcc -D_LIBCPP_HARDENING_MODE\=_LIBCPP_HARDENING_MODE_DEBUG -swift-version 5 -I /Users/kris/Epilogue/build/Build/Products/Debug-iphonesimulator -Isystem /Applications/Xcode-beta.app/Contents/Developer/Platforms/iPhoneSimulator.platform/Developer/usr/lib -F /Users/kris/Epilogue/build/Build/Products/Debug-iphonesimulator/PackageFrameworks -F /Users/kris/Epilogue/build/Build/Products/Debug-iphonesimulator/PackageFrameworks -F /Users/kris/Epilogue/build/Build/Products/Debug-iphonesimulator -F /Applications/Xcode-beta.app/Contents/Developer/Platforms/iPhoneSimulator.platform/Developer/Library/Frameworks -F /Applications/Xcode-beta.app/Contents/Developer/Platforms/iPhoneSimulator.platform/Developer/SDKs/iPhoneSimulator26.0.sdk/Developer/Library/Frameworks -c -j12 -enable-batch-mode -incremental -Xcc -ivfsstatcache -Xcc /Users/kris/Epilogue/build/SDKStatCaches.noindex/iphonesimulator26.0-23A5297f-3885c01c3e6b6a337905948deab2002efc862078e33f881139a9d2f83bd1a9d0.sdkstatcache -output-file-map /Users/kris/Epilogue/build/Build/Intermediates.noindex/Jinja.build/Debug-iphonesimulator/Jinja.build/Objects-normal/x86_64/Jinja-OutputFileMap.json -use-frontend-parseable-output -save-temps -no-color-diagnostics -explicit-module-build -module-cache-path /Users/kris/Epilogue/build/Build/Intermediates.noindex/SwiftExplicitPrecompiledModules -clang-scanner-module-cache-path /Users/kris/Epilogue/build/ModuleCache.noindex -sdk-module-cache-path /Users/kris/Epilogue/build/ModuleCache.noindex -serialize-diagnostics -emit-dependencies -emit-module -emit-module-path /Users/kris/Epilogue/build/Build/Intermediates.noindex/Jinja.build/Debug-iphonesimulator/Jinja.build/Objects-normal/x86_64/Jinja.swiftmodule -validate-clang-modules-once -clang-build-session-file /Users/kris/Epilogue/build/ModuleCache.noindex/Session.modulevalidation -Xcc -I/Users/kris/Epilogue/build/Build/Intermediates.noindex/Jinja.build/Debug-iphonesimulator/Jinja.build/swift-overrides.hmap -emit-const-values -Xfrontend -const-gather-protocols-file -Xfrontend /Users/kris/Epilogue/build/Build/Intermediates.noindex/Jinja.build/Debug-iphonesimulator/Jinja.build/Objects-normal/x86_64/Jinja_const_extract_protocols.json -Xcc -I/Users/kris/Epilogue/build/Build/Products/Debug-iphonesimulator/include -Xcc -I/Users/kris/Epilogue/build/Build/Intermediates.noindex/Jinja.build/Debug-iphonesimulator/Jinja.build/DerivedSources-normal/x86_64 -Xcc -I/Users/kris/Epilogue/build/Build/Intermediates.noindex/Jinja.build/Debug-iphonesimulator/Jinja.build/DerivedSources/x86_64 -Xcc -I/Users/kris/Epilogue/build/Build/Intermediates.noindex/Jinja.build/Debug-iphonesimulator/Jinja.build/DerivedSources -Xcc -DSWIFT_PACKAGE -Xcc -DDEBUG\=1 -emit-objc-header -emit-objc-header-path /Users/kris/Epilogue/build/Build/Intermediates.noindex/Jinja.build/Debug-iphonesimulator/Jinja.build/Objects-normal/x86_64/Jinja-Swift.h -working-directory /Users/kris/Epilogue/Epilogue/Epilogue.xcodeproj -experimental-emit-module-separately -disable-cmo

Ld /Users/kris/Epilogue/build/Build/Intermediates.noindex/Jinja.build/Debug-iphonesimulator/Jinja.build/Objects-normal/x86_64/Binary/Jinja.o normal x86_64 (in target 'Jinja' from project 'Jinja')
    cd /Users/kris/Epilogue/build/SourcePackages/checkouts/Jinja
    /Applications/Xcode-beta.app/Contents/Developer/Toolchains/XcodeDefault.xctoolchain/usr/bin/clang -Xlinker -reproducible -target x86_64-apple-ios16.0-simulator -r -isysroot /Applications/Xcode-beta.app/Contents/Developer/Platforms/iPhoneSimulator.platform/Developer/SDKs/iPhoneSimulator26.0.sdk -O0 -w -L/Users/kris/Epilogue/build/Build/Intermediates.noindex/EagerLinkingTBDs/Debug-iphonesimulator -L/Users/kris/Epilogue/build/Build/Products/Debug-iphonesimulator -L/Applications/Xcode-beta.app/Contents/Developer/Platforms/iPhoneSimulator.platform/Developer/usr/lib -F/Users/kris/Epilogue/build/Build/Intermediates.noindex/EagerLinkingTBDs/Debug-iphonesimulator -F/Users/kris/Epilogue/build/Build/Products/Debug-iphonesimulator/PackageFrameworks -F/Users/kris/Epilogue/build/Build/Products/Debug-iphonesimulator/PackageFrameworks -F/Users/kris/Epilogue/build/Build/Products/Debug-iphonesimulator -iframework /Applications/Xcode-beta.app/Contents/Developer/Platforms/iPhoneSimulator.platform/Developer/Library/Frameworks -iframework /Applications/Xcode-beta.app/Contents/Developer/Platforms/iPhoneSimulator.platform/Developer/SDKs/iPhoneSimulator26.0.sdk/Developer/Library/Frameworks -filelist /Users/kris/Epilogue/build/Build/Intermediates.noindex/Jinja.build/Debug-iphonesimulator/Jinja.build/Objects-normal/x86_64/Jinja.LinkFileList -nostdlib -Xlinker -object_path_lto -Xlinker /Users/kris/Epilogue/build/Build/Intermediates.noindex/Jinja.build/Debug-iphonesimulator/Jinja.build/Objects-normal/x86_64/Jinja_lto.o -rdynamic -Xlinker -no_deduplicate -Xlinker -objc_abi_version -Xlinker 2 -Xlinker -debug_variant -Xlinker -dependency_info -Xlinker /Users/kris/Epilogue/build/Build/Intermediates.noindex/Jinja.build/Debug-iphonesimulator/Jinja.build/Objects-normal/x86_64/Jinja_dependency_info.dat -fobjc-link-runtime -L/Applications/Xcode-beta.app/Contents/Developer/Toolchains/XcodeDefault.xctoolchain/usr/lib/swift/iphonesimulator -L/usr/lib/swift -Xlinker -add_ast_path -Xlinker /Users/kris/Epilogue/build/Build/Intermediates.noindex/Jinja.build/Debug-iphonesimulator/Jinja.build/Objects-normal/x86_64/Jinja.swiftmodule @/Users/kris/Epilogue/build/Build/Intermediates.noindex/Jinja.build/Debug-iphonesimulator/Jinja.build/Objects-normal/x86_64/Jinja-linker-args.resp -o /Users/kris/Epilogue/build/Build/Intermediates.noindex/Jinja.build/Debug-iphonesimulator/Jinja.build/Objects-normal/x86_64/Binary/Jinja.o

CreateUniversalBinary /Users/kris/Epilogue/build/Build/Products/Debug-iphonesimulator/Jinja.o normal arm64\ x86_64 (in target 'Jinja' from project 'Jinja')
    cd /Users/kris/Epilogue/build/SourcePackages/checkouts/Jinja
    /Applications/Xcode-beta.app/Contents/Developer/Toolchains/XcodeDefault.xctoolchain/usr/bin/lipo -create /Users/kris/Epilogue/build/Build/Intermediates.noindex/Jinja.build/Debug-iphonesimulator/Jinja.build/Objects-normal/arm64/Binary/Jinja.o /Users/kris/Epilogue/build/Build/Intermediates.noindex/Jinja.build/Debug-iphonesimulator/Jinja.build/Objects-normal/x86_64/Binary/Jinja.o -output /Users/kris/Epilogue/build/Build/Products/Debug-iphonesimulator/Jinja.o

ExtractAppIntentsMetadata (in target 'Jinja' from project 'Jinja')
    cd /Users/kris/Epilogue/build/SourcePackages/checkouts/Jinja
    /Applications/Xcode-beta.app/Contents/Developer/Toolchains/XcodeDefault.xctoolchain/usr/bin/appintentsmetadataprocessor --toolchain-dir /var/run/com.apple.security.cryptexd/mnt/com.apple.MobileAsset.MetalToolchain-v17.1.5285.9.RYKCRc/Metal.xctoolchain --module-name Jinja --sdk-root /Applications/Xcode-beta.app/Contents/Developer/Platforms/iPhoneSimulator.platform/Developer/SDKs/iPhoneSimulator26.0.sdk --xcode-version 17A5285i --platform-family iOS --deployment-target 16.0 --bundle-identifier jinja.Jinja --output /Users/kris/Epilogue/build/Build/Products/Debug-iphonesimulator/Jinja.appintents --target-triple arm64-apple-ios16.0-simulator --target-triple x86_64-apple-ios16.0-simulator --binary-file /Users/kris/Epilogue/build/Build/Products/Debug-iphonesimulator/Jinja.o --dependency-file /Users/kris/Epilogue/build/Build/Intermediates.noindex/Jinja.build/Debug-iphonesimulator/Jinja.build/Objects-normal/arm64/Jinja_dependency_info.dat --dependency-file /Users/kris/Epilogue/build/Build/Intermediates.noindex/Jinja.build/Debug-iphonesimulator/Jinja.build/Objects-normal/x86_64/Jinja_dependency_info.dat --stringsdata-file /Users/kris/Epilogue/build/Build/Intermediates.noindex/Jinja.build/Debug-iphonesimulator/Jinja.build/Objects-normal/arm64/ExtractedAppShortcutsMetadata.stringsdata --stringsdata-file /Users/kris/Epilogue/build/Build/Intermediates.noindex/Jinja.build/Debug-iphonesimulator/Jinja.build/Objects-normal/x86_64/ExtractedAppShortcutsMetadata.stringsdata --source-file-list /Users/kris/Epilogue/build/Build/Intermediates.noindex/Jinja.build/Debug-iphonesimulator/Jinja.build/Objects-normal/arm64/Jinja.SwiftFileList --source-file-list /Users/kris/Epilogue/build/Build/Intermediates.noindex/Jinja.build/Debug-iphonesimulator/Jinja.build/Objects-normal/x86_64/Jinja.SwiftFileList --metadata-file-list /Users/kris/Epilogue/build/Build/Intermediates.noindex/Jinja.build/Debug-iphonesimulator/Jinja.build/Jinja.DependencyMetadataFileList --static-metadata-file-list /Users/kris/Epilogue/build/Build/Intermediates.noindex/Jinja.build/Debug-iphonesimulator/Jinja.build/Jinja.DependencyStaticMetadataFileList --swift-const-vals-list /Users/kris/Epilogue/build/Build/Intermediates.noindex/Jinja.build/Debug-iphonesimulator/Jinja.build/Objects-normal/arm64/Jinja.SwiftConstValuesFileList --swift-const-vals-list /Users/kris/Epilogue/build/Build/Intermediates.noindex/Jinja.build/Debug-iphonesimulator/Jinja.build/Objects-normal/x86_64/Jinja.SwiftConstValuesFileList --force --compile-time-extraction --deployment-aware-processing --validate-assistant-intents --no-app-shortcuts-localization
2025-07-29 08:25:50.114 appintentsmetadataprocessor[96058:46760942] Starting appintentsmetadataprocessor export
2025-07-29 08:25:50.251 appintentsmetadataprocessor[96058:46760942] Extracted no relevant App Intents symbols, skipping writing output

SwiftDriverJobDiscovery normal arm64 Emitting module for Generation (in target 'Generation' from project 'swift-transformers')

SwiftDriver\ Compilation\ Requirements Generation normal arm64 com.apple.xcode.tools.swift.compiler (in target 'Generation' from project 'swift-transformers')
    cd /Users/kris/Epilogue/Epilogue/Epilogue.xcodeproj
    builtin-Swift-Compilation-Requirements -- /Applications/Xcode-beta.app/Contents/Developer/Toolchains/XcodeDefault.xctoolchain/usr/bin/swiftc -module-name Generation -Onone -enforce-exclusivity\=checked @/Users/kris/Epilogue/build/Build/Intermediates.noindex/swift-transformers.build/Debug-iphonesimulator/Generation.build/Objects-normal/arm64/Generation.SwiftFileList -DSWIFT_PACKAGE -DDEBUG -DSWIFT_MODULE_RESOURCE_BUNDLE_UNAVAILABLE -DXcode -plugin-path /Applications/Xcode-beta.app/Contents/Developer/Toolchains/XcodeDefault.xctoolchain/usr/lib/swift/host/plugins/testing -enable-experimental-feature DebugDescriptionMacro -sdk /Applications/Xcode-beta.app/Contents/Developer/Platforms/iPhoneSimulator.platform/Developer/SDKs/iPhoneSimulator26.0.sdk -target arm64-apple-ios16.0-simulator -g -module-cache-path /Users/kris/Epilogue/build/ModuleCache.noindex -Xfrontend -serialize-debugging-options -profile-coverage-mapping -profile-generate -enable-testing -suppress-warnings -index-store-path /Users/kris/Epilogue/build/Index.noindex/DataStore -Xcc -D_LIBCPP_HARDENING_MODE\=_LIBCPP_HARDENING_MODE_DEBUG -swift-version 5 -I /Users/kris/Epilogue/build/Build/Products/Debug-iphonesimulator -Isystem /Applications/Xcode-beta.app/Contents/Developer/Platforms/iPhoneSimulator.platform/Developer/usr/lib -F /Users/kris/Epilogue/build/Build/Products/Debug-iphonesimulator/PackageFrameworks -F /Users/kris/Epilogue/build/Build/Products/Debug-iphonesimulator/PackageFrameworks -F /Users/kris/Epilogue/build/Build/Products/Debug-iphonesimulator/PackageFrameworks -F /Users/kris/Epilogue/build/Build/Products/Debug-iphonesimulator/PackageFrameworks -F /Users/kris/Epilogue/build/Build/Products/Debug-iphonesimulator/PackageFrameworks -F /Users/kris/Epilogue/build/Build/Products/Debug-iphonesimulator/PackageFrameworks -F /Users/kris/Epilogue/build/Build/Products/Debug-iphonesimulator -F /Applications/Xcode-beta.app/Contents/Developer/Platforms/iPhoneSimulator.platform/Developer/Library/Frameworks -F /Applications/Xcode-beta.app/Contents/Developer/Platforms/iPhoneSimulator.platform/Developer/SDKs/iPhoneSimulator26.0.sdk/Developer/Library/Frameworks -c -j12 -enable-batch-mode -incremental -Xcc -ivfsstatcache -Xcc /Users/kris/Epilogue/build/SDKStatCaches.noindex/iphonesimulator26.0-23A5297f-3885c01c3e6b6a337905948deab2002efc862078e33f881139a9d2f83bd1a9d0.sdkstatcache -output-file-map /Users/kris/Epilogue/build/Build/Intermediates.noindex/swift-transformers.build/Debug-iphonesimulator/Generation.build/Objects-normal/arm64/Generation-OutputFileMap.json -use-frontend-parseable-output -save-temps -no-color-diagnostics -explicit-module-build -module-cache-path /Users/kris/Epilogue/build/Build/Intermediates.noindex/SwiftExplicitPrecompiledModules -clang-scanner-module-cache-path /Users/kris/Epilogue/build/ModuleCache.noindex -sdk-module-cache-path /Users/kris/Epilogue/build/ModuleCache.noindex -serialize-diagnostics -emit-dependencies -emit-module -emit-module-path /Users/kris/Epilogue/build/Build/Intermediates.noindex/swift-transformers.build/Debug-iphonesimulator/Generation.build/Objects-normal/arm64/Generation.swiftmodule -validate-clang-modules-once -clang-build-session-file /Users/kris/Epilogue/build/ModuleCache.noindex/Session.modulevalidation -Xcc -I/Users/kris/Epilogue/build/Build/Intermediates.noindex/swift-transformers.build/Debug-iphonesimulator/Generation.build/swift-overrides.hmap -emit-const-values -Xfrontend -const-gather-protocols-file -Xfrontend /Users/kris/Epilogue/build/Build/Intermediates.noindex/swift-transformers.build/Debug-iphonesimulator/Generation.build/Objects-normal/arm64/Generation_const_extract_protocols.json -Xcc -I/Users/kris/Epilogue/build/Build/Products/Debug-iphonesimulator/include -Xcc -I/Users/kris/Epilogue/build/Build/Intermediates.noindex/swift-transformers.build/Debug-iphonesimulator/Generation.build/DerivedSources-normal/arm64 -Xcc -I/Users/kris/Epilogue/build/Build/Intermediates.noindex/swift-transformers.build/Debug-iphonesimulator/Generation.build/DerivedSources/arm64 -Xcc -I/Users/kris/Epilogue/build/Build/Intermediates.noindex/swift-transformers.build/Debug-iphonesimulator/Generation.build/DerivedSources -Xcc -DSWIFT_PACKAGE -Xcc -DDEBUG\=1 -emit-objc-header -emit-objc-header-path /Users/kris/Epilogue/build/Build/Intermediates.noindex/swift-transformers.build/Debug-iphonesimulator/Generation.build/Objects-normal/arm64/Generation-Swift.h -working-directory /Users/kris/Epilogue/Epilogue/Epilogue.xcodeproj -experimental-emit-module-separately -disable-cmo

Copy /Users/kris/Epilogue/build/Build/Products/Debug-iphonesimulator/Generation.swiftmodule/arm64-apple-ios-simulator.swiftmodule /Users/kris/Epilogue/build/Build/Intermediates.noindex/swift-transformers.build/Debug-iphonesimulator/Generation.build/Objects-normal/arm64/Generation.swiftmodule (in target 'Generation' from project 'swift-transformers')
    cd /Users/kris/Epilogue/build/SourcePackages/checkouts/swift-transformers
    builtin-copy -exclude .DS_Store -exclude CVS -exclude .svn -exclude .git -exclude .hg -resolve-src-symlinks -rename /Users/kris/Epilogue/build/Build/Intermediates.noindex/swift-transformers.build/Debug-iphonesimulator/Generation.build/Objects-normal/arm64/Generation.swiftmodule /Users/kris/Epilogue/build/Build/Products/Debug-iphonesimulator/Generation.swiftmodule/arm64-apple-ios-simulator.swiftmodule

Copy /Users/kris/Epilogue/build/Build/Products/Debug-iphonesimulator/Generation.swiftmodule/arm64-apple-ios-simulator.abi.json /Users/kris/Epilogue/build/Build/Intermediates.noindex/swift-transformers.build/Debug-iphonesimulator/Generation.build/Objects-normal/arm64/Generation.abi.json (in target 'Generation' from project 'swift-transformers')
    cd /Users/kris/Epilogue/build/SourcePackages/checkouts/swift-transformers
    builtin-copy -exclude .DS_Store -exclude CVS -exclude .svn -exclude .git -exclude .hg -resolve-src-symlinks -rename /Users/kris/Epilogue/build/Build/Intermediates.noindex/swift-transformers.build/Debug-iphonesimulator/Generation.build/Objects-normal/arm64/Generation.abi.json /Users/kris/Epilogue/build/Build/Products/Debug-iphonesimulator/Generation.swiftmodule/arm64-apple-ios-simulator.abi.json

Copy /Users/kris/Epilogue/build/Build/Products/Debug-iphonesimulator/Generation.swiftmodule/arm64-apple-ios-simulator.swiftdoc /Users/kris/Epilogue/build/Build/Intermediates.noindex/swift-transformers.build/Debug-iphonesimulator/Generation.build/Objects-normal/arm64/Generation.swiftdoc (in target 'Generation' from project 'swift-transformers')
    cd /Users/kris/Epilogue/build/SourcePackages/checkouts/swift-transformers
    builtin-copy -exclude .DS_Store -exclude CVS -exclude .svn -exclude .git -exclude .hg -resolve-src-symlinks -rename /Users/kris/Epilogue/build/Build/Intermediates.noindex/swift-transformers.build/Debug-iphonesimulator/Generation.build/Objects-normal/arm64/Generation.swiftdoc /Users/kris/Epilogue/build/Build/Products/Debug-iphonesimulator/Generation.swiftmodule/arm64-apple-ios-simulator.swiftdoc

Copy /Users/kris/Epilogue/build/Build/Products/Debug-iphonesimulator/Generation.swiftmodule/Project/arm64-apple-ios-simulator.swiftsourceinfo /Users/kris/Epilogue/build/Build/Intermediates.noindex/swift-transformers.build/Debug-iphonesimulator/Generation.build/Objects-normal/arm64/Generation.swiftsourceinfo (in target 'Generation' from project 'swift-transformers')
    cd /Users/kris/Epilogue/build/SourcePackages/checkouts/swift-transformers
    builtin-copy -exclude .DS_Store -exclude CVS -exclude .svn -exclude .git -exclude .hg -resolve-src-symlinks -rename /Users/kris/Epilogue/build/Build/Intermediates.noindex/swift-transformers.build/Debug-iphonesimulator/Generation.build/Objects-normal/arm64/Generation.swiftsourceinfo /Users/kris/Epilogue/build/Build/Products/Debug-iphonesimulator/Generation.swiftmodule/Project/arm64-apple-ios-simulator.swiftsourceinfo

SwiftDriverJobDiscovery normal x86_64 Emitting module for Generation (in target 'Generation' from project 'swift-transformers')

SwiftDriver\ Compilation\ Requirements Generation normal x86_64 com.apple.xcode.tools.swift.compiler (in target 'Generation' from project 'swift-transformers')
    cd /Users/kris/Epilogue/Epilogue/Epilogue.xcodeproj
    builtin-Swift-Compilation-Requirements -- /Applications/Xcode-beta.app/Contents/Developer/Toolchains/XcodeDefault.xctoolchain/usr/bin/swiftc -module-name Generation -Onone -enforce-exclusivity\=checked @/Users/kris/Epilogue/build/Build/Intermediates.noindex/swift-transformers.build/Debug-iphonesimulator/Generation.build/Objects-normal/x86_64/Generation.SwiftFileList -DSWIFT_PACKAGE -DDEBUG -DSWIFT_MODULE_RESOURCE_BUNDLE_UNAVAILABLE -DXcode -plugin-path /Applications/Xcode-beta.app/Contents/Developer/Toolchains/XcodeDefault.xctoolchain/usr/lib/swift/host/plugins/testing -enable-experimental-feature DebugDescriptionMacro -sdk /Applications/Xcode-beta.app/Contents/Developer/Platforms/iPhoneSimulator.platform/Developer/SDKs/iPhoneSimulator26.0.sdk -target x86_64-apple-ios16.0-simulator -g -module-cache-path /Users/kris/Epilogue/build/ModuleCache.noindex -Xfrontend -serialize-debugging-options -profile-coverage-mapping -profile-generate -enable-testing -suppress-warnings -index-store-path /Users/kris/Epilogue/build/Index.noindex/DataStore -Xcc -D_LIBCPP_HARDENING_MODE\=_LIBCPP_HARDENING_MODE_DEBUG -swift-version 5 -I /Users/kris/Epilogue/build/Build/Products/Debug-iphonesimulator -Isystem /Applications/Xcode-beta.app/Contents/Developer/Platforms/iPhoneSimulator.platform/Developer/usr/lib -F /Users/kris/Epilogue/build/Build/Products/Debug-iphonesimulator/PackageFrameworks -F /Users/kris/Epilogue/build/Build/Products/Debug-iphonesimulator/PackageFrameworks -F /Users/kris/Epilogue/build/Build/Products/Debug-iphonesimulator/PackageFrameworks -F /Users/kris/Epilogue/build/Build/Products/Debug-iphonesimulator/PackageFrameworks -F /Users/kris/Epilogue/build/Build/Products/Debug-iphonesimulator/PackageFrameworks -F /Users/kris/Epilogue/build/Build/Products/Debug-iphonesimulator/PackageFrameworks -F /Users/kris/Epilogue/build/Build/Products/Debug-iphonesimulator -F /Applications/Xcode-beta.app/Contents/Developer/Platforms/iPhoneSimulator.platform/Developer/Library/Frameworks -F /Applications/Xcode-beta.app/Contents/Developer/Platforms/iPhoneSimulator.platform/Developer/SDKs/iPhoneSimulator26.0.sdk/Developer/Library/Frameworks -c -j12 -enable-batch-mode -incremental -Xcc -ivfsstatcache -Xcc /Users/kris/Epilogue/build/SDKStatCaches.noindex/iphonesimulator26.0-23A5297f-3885c01c3e6b6a337905948deab2002efc862078e33f881139a9d2f83bd1a9d0.sdkstatcache -output-file-map /Users/kris/Epilogue/build/Build/Intermediates.noindex/swift-transformers.build/Debug-iphonesimulator/Generation.build/Objects-normal/x86_64/Generation-OutputFileMap.json -use-frontend-parseable-output -save-temps -no-color-diagnostics -explicit-module-build -module-cache-path /Users/kris/Epilogue/build/Build/Intermediates.noindex/SwiftExplicitPrecompiledModules -clang-scanner-module-cache-path /Users/kris/Epilogue/build/ModuleCache.noindex -sdk-module-cache-path /Users/kris/Epilogue/build/ModuleCache.noindex -serialize-diagnostics -emit-dependencies -emit-module -emit-module-path /Users/kris/Epilogue/build/Build/Intermediates.noindex/swift-transformers.build/Debug-iphonesimulator/Generation.build/Objects-normal/x86_64/Generation.swiftmodule -validate-clang-modules-once -clang-build-session-file /Users/kris/Epilogue/build/ModuleCache.noindex/Session.modulevalidation -Xcc -I/Users/kris/Epilogue/build/Build/Intermediates.noindex/swift-transformers.build/Debug-iphonesimulator/Generation.build/swift-overrides.hmap -emit-const-values -Xfrontend -const-gather-protocols-file -Xfrontend /Users/kris/Epilogue/build/Build/Intermediates.noindex/swift-transformers.build/Debug-iphonesimulator/Generation.build/Objects-normal/x86_64/Generation_const_extract_protocols.json -Xcc -I/Users/kris/Epilogue/build/Build/Products/Debug-iphonesimulator/include -Xcc -I/Users/kris/Epilogue/build/Build/Intermediates.noindex/swift-transformers.build/Debug-iphonesimulator/Generation.build/DerivedSources-normal/x86_64 -Xcc -I/Users/kris/Epilogue/build/Build/Intermediates.noindex/swift-transformers.build/Debug-iphonesimulator/Generation.build/DerivedSources/x86_64 -Xcc -I/Users/kris/Epilogue/build/Build/Intermediates.noindex/swift-transformers.build/Debug-iphonesimulator/Generation.build/DerivedSources -Xcc -DSWIFT_PACKAGE -Xcc -DDEBUG\=1 -emit-objc-header -emit-objc-header-path /Users/kris/Epilogue/build/Build/Intermediates.noindex/swift-transformers.build/Debug-iphonesimulator/Generation.build/Objects-normal/x86_64/Generation-Swift.h -working-directory /Users/kris/Epilogue/Epilogue/Epilogue.xcodeproj -experimental-emit-module-separately -disable-cmo

SwiftMergeGeneratedHeaders /Users/kris/Epilogue/build/Build/Intermediates.noindex/GeneratedModuleMaps-iphonesimulator/Generation-Swift.h /Users/kris/Epilogue/build/Build/Intermediates.noindex/swift-transformers.build/Debug-iphonesimulator/Generation.build/Objects-normal/arm64/Generation-Swift.h /Users/kris/Epilogue/build/Build/Intermediates.noindex/swift-transformers.build/Debug-iphonesimulator/Generation.build/Objects-normal/x86_64/Generation-Swift.h (in target 'Generation' from project 'swift-transformers')
    cd /Users/kris/Epilogue/build/SourcePackages/checkouts/swift-transformers
    builtin-swiftHeaderTool -arch arm64 /Users/kris/Epilogue/build/Build/Intermediates.noindex/swift-transformers.build/Debug-iphonesimulator/Generation.build/Objects-normal/arm64/Generation-Swift.h -arch x86_64 /Users/kris/Epilogue/build/Build/Intermediates.noindex/swift-transformers.build/Debug-iphonesimulator/Generation.build/Objects-normal/x86_64/Generation-Swift.h -o /Users/kris/Epilogue/build/Build/Intermediates.noindex/GeneratedModuleMaps-iphonesimulator/Generation-Swift.h

Copy /Users/kris/Epilogue/build/Build/Products/Debug-iphonesimulator/Generation.swiftmodule/x86_64-apple-ios-simulator.swiftmodule /Users/kris/Epilogue/build/Build/Intermediates.noindex/swift-transformers.build/Debug-iphonesimulator/Generation.build/Objects-normal/x86_64/Generation.swiftmodule (in target 'Generation' from project 'swift-transformers')
    cd /Users/kris/Epilogue/build/SourcePackages/checkouts/swift-transformers
    builtin-copy -exclude .DS_Store -exclude CVS -exclude .svn -exclude .git -exclude .hg -resolve-src-symlinks -rename /Users/kris/Epilogue/build/Build/Intermediates.noindex/swift-transformers.build/Debug-iphonesimulator/Generation.build/Objects-normal/x86_64/Generation.swiftmodule /Users/kris/Epilogue/build/Build/Products/Debug-iphonesimulator/Generation.swiftmodule/x86_64-apple-ios-simulator.swiftmodule

Copy /Users/kris/Epilogue/build/Build/Products/Debug-iphonesimulator/Generation.swiftmodule/x86_64-apple-ios-simulator.abi.json /Users/kris/Epilogue/build/Build/Intermediates.noindex/swift-transformers.build/Debug-iphonesimulator/Generation.build/Objects-normal/x86_64/Generation.abi.json (in target 'Generation' from project 'swift-transformers')
    cd /Users/kris/Epilogue/build/SourcePackages/checkouts/swift-transformers
    builtin-copy -exclude .DS_Store -exclude CVS -exclude .svn -exclude .git -exclude .hg -resolve-src-symlinks -rename /Users/kris/Epilogue/build/Build/Intermediates.noindex/swift-transformers.build/Debug-iphonesimulator/Generation.build/Objects-normal/x86_64/Generation.abi.json /Users/kris/Epilogue/build/Build/Products/Debug-iphonesimulator/Generation.swiftmodule/x86_64-apple-ios-simulator.abi.json

Copy /Users/kris/Epilogue/build/Build/Products/Debug-iphonesimulator/Generation.swiftmodule/Project/x86_64-apple-ios-simulator.swiftsourceinfo /Users/kris/Epilogue/build/Build/Intermediates.noindex/swift-transformers.build/Debug-iphonesimulator/Generation.build/Objects-normal/x86_64/Generation.swiftsourceinfo (in target 'Generation' from project 'swift-transformers')
    cd /Users/kris/Epilogue/build/SourcePackages/checkouts/swift-transformers
    builtin-copy -exclude .DS_Store -exclude CVS -exclude .svn -exclude .git -exclude .hg -resolve-src-symlinks -rename /Users/kris/Epilogue/build/Build/Intermediates.noindex/swift-transformers.build/Debug-iphonesimulator/Generation.build/Objects-normal/x86_64/Generation.swiftsourceinfo /Users/kris/Epilogue/build/Build/Products/Debug-iphonesimulator/Generation.swiftmodule/Project/x86_64-apple-ios-simulator.swiftsourceinfo

Copy /Users/kris/Epilogue/build/Build/Products/Debug-iphonesimulator/Generation.swiftmodule/x86_64-apple-ios-simulator.swiftdoc /Users/kris/Epilogue/build/Build/Intermediates.noindex/swift-transformers.build/Debug-iphonesimulator/Generation.build/Objects-normal/x86_64/Generation.swiftdoc (in target 'Generation' from project 'swift-transformers')
    cd /Users/kris/Epilogue/build/SourcePackages/checkouts/swift-transformers
    builtin-copy -exclude .DS_Store -exclude CVS -exclude .svn -exclude .git -exclude .hg -resolve-src-symlinks -rename /Users/kris/Epilogue/build/Build/Intermediates.noindex/swift-transformers.build/Debug-iphonesimulator/Generation.build/Objects-normal/x86_64/Generation.swiftdoc /Users/kris/Epilogue/build/Build/Products/Debug-iphonesimulator/Generation.swiftmodule/x86_64-apple-ios-simulator.swiftdoc

SwiftDriver Models normal x86_64 com.apple.xcode.tools.swift.compiler (in target 'Models' from project 'swift-transformers')
    cd /Users/kris/Epilogue/Epilogue/Epilogue.xcodeproj
    builtin-SwiftDriver -- /Applications/Xcode-beta.app/Contents/Developer/Toolchains/XcodeDefault.xctoolchain/usr/bin/swiftc -module-name Models -Onone -enforce-exclusivity\=checked @/Users/kris/Epilogue/build/Build/Intermediates.noindex/swift-transformers.build/Debug-iphonesimulator/Models.build/Objects-normal/x86_64/Models.SwiftFileList -DSWIFT_PACKAGE -DDEBUG -DSWIFT_MODULE_RESOURCE_BUNDLE_UNAVAILABLE -DXcode -plugin-path /Applications/Xcode-beta.app/Contents/Developer/Toolchains/XcodeDefault.xctoolchain/usr/lib/swift/host/plugins/testing -enable-experimental-feature DebugDescriptionMacro -sdk /Applications/Xcode-beta.app/Contents/Developer/Platforms/iPhoneSimulator.platform/Developer/SDKs/iPhoneSimulator26.0.sdk -target x86_64-apple-ios16.0-simulator -g -module-cache-path /Users/kris/Epilogue/build/ModuleCache.noindex -Xfrontend -serialize-debugging-options -profile-coverage-mapping -profile-generate -enable-testing -suppress-warnings -index-store-path /Users/kris/Epilogue/build/Index.noindex/DataStore -Xcc -D_LIBCPP_HARDENING_MODE\=_LIBCPP_HARDENING_MODE_DEBUG -swift-version 5 -I /Users/kris/Epilogue/build/Build/Products/Debug-iphonesimulator -Isystem /Applications/Xcode-beta.app/Contents/Developer/Platforms/iPhoneSimulator.platform/Developer/usr/lib -F /Users/kris/Epilogue/build/Build/Products/Debug-iphonesimulator/PackageFrameworks -F /Users/kris/Epilogue/build/Build/Products/Debug-iphonesimulator/PackageFrameworks -F /Users/kris/Epilogue/build/Build/Products/Debug-iphonesimulator/PackageFrameworks -F /Users/kris/Epilogue/build/Build/Products/Debug-iphonesimulator/PackageFrameworks -F /Users/kris/Epilogue/build/Build/Products/Debug-iphonesimulator/PackageFrameworks -F /Users/kris/Epilogue/build/Build/Products/Debug-iphonesimulator/PackageFrameworks -F /Users/kris/Epilogue/build/Build/Products/Debug-iphonesimulator/PackageFrameworks -F /Users/kris/Epilogue/build/Build/Products/Debug-iphonesimulator -F /Applications/Xcode-beta.app/Contents/Developer/Platforms/iPhoneSimulator.platform/Developer/Library/Frameworks -F /Applications/Xcode-beta.app/Contents/Developer/Platforms/iPhoneSimulator.platform/Developer/SDKs/iPhoneSimulator26.0.sdk/Developer/Library/Frameworks -c -j12 -enable-batch-mode -incremental -Xcc -ivfsstatcache -Xcc /Users/kris/Epilogue/build/SDKStatCaches.noindex/iphonesimulator26.0-23A5297f-3885c01c3e6b6a337905948deab2002efc862078e33f881139a9d2f83bd1a9d0.sdkstatcache -output-file-map /Users/kris/Epilogue/build/Build/Intermediates.noindex/swift-transformers.build/Debug-iphonesimulator/Models.build/Objects-normal/x86_64/Models-OutputFileMap.json -use-frontend-parseable-output -save-temps -no-color-diagnostics -explicit-module-build -module-cache-path /Users/kris/Epilogue/build/Build/Intermediates.noindex/SwiftExplicitPrecompiledModules -clang-scanner-module-cache-path /Users/kris/Epilogue/build/ModuleCache.noindex -sdk-module-cache-path /Users/kris/Epilogue/build/ModuleCache.noindex -serialize-diagnostics -emit-dependencies -emit-module -emit-module-path /Users/kris/Epilogue/build/Build/Intermediates.noindex/swift-transformers.build/Debug-iphonesimulator/Models.build/Objects-normal/x86_64/Models.swiftmodule -validate-clang-modules-once -clang-build-session-file /Users/kris/Epilogue/build/ModuleCache.noindex/Session.modulevalidation -Xcc -I/Users/kris/Epilogue/build/Build/Intermediates.noindex/swift-transformers.build/Debug-iphonesimulator/Models.build/swift-overrides.hmap -emit-const-values -Xfrontend -const-gather-protocols-file -Xfrontend /Users/kris/Epilogue/build/Build/Intermediates.noindex/swift-transformers.build/Debug-iphonesimulator/Models.build/Objects-normal/x86_64/Models_const_extract_protocols.json -Xcc -I/Users/kris/Epilogue/build/Build/Products/Debug-iphonesimulator/include -Xcc -I/Users/kris/Epilogue/build/Build/Intermediates.noindex/swift-transformers.build/Debug-iphonesimulator/Models.build/DerivedSources-normal/x86_64 -Xcc -I/Users/kris/Epilogue/build/Build/Intermediates.noindex/swift-transformers.build/Debug-iphonesimulator/Models.build/DerivedSources/x86_64 -Xcc -I/Users/kris/Epilogue/build/Build/Intermediates.noindex/swift-transformers.build/Debug-iphonesimulator/Models.build/DerivedSources -Xcc -DSWIFT_PACKAGE -Xcc -DDEBUG\=1 -emit-objc-header -emit-objc-header-path /Users/kris/Epilogue/build/Build/Intermediates.noindex/swift-transformers.build/Debug-iphonesimulator/Models.build/Objects-normal/x86_64/Models-Swift.h -working-directory /Users/kris/Epilogue/Epilogue/Epilogue.xcodeproj -experimental-emit-module-separately -disable-cmo

SwiftDriver Models normal arm64 com.apple.xcode.tools.swift.compiler (in target 'Models' from project 'swift-transformers')
    cd /Users/kris/Epilogue/Epilogue/Epilogue.xcodeproj
    builtin-SwiftDriver -- /Applications/Xcode-beta.app/Contents/Developer/Toolchains/XcodeDefault.xctoolchain/usr/bin/swiftc -module-name Models -Onone -enforce-exclusivity\=checked @/Users/kris/Epilogue/build/Build/Intermediates.noindex/swift-transformers.build/Debug-iphonesimulator/Models.build/Objects-normal/arm64/Models.SwiftFileList -DSWIFT_PACKAGE -DDEBUG -DSWIFT_MODULE_RESOURCE_BUNDLE_UNAVAILABLE -DXcode -plugin-path /Applications/Xcode-beta.app/Contents/Developer/Toolchains/XcodeDefault.xctoolchain/usr/lib/swift/host/plugins/testing -enable-experimental-feature DebugDescriptionMacro -sdk /Applications/Xcode-beta.app/Contents/Developer/Platforms/iPhoneSimulator.platform/Developer/SDKs/iPhoneSimulator26.0.sdk -target arm64-apple-ios16.0-simulator -g -module-cache-path /Users/kris/Epilogue/build/ModuleCache.noindex -Xfrontend -serialize-debugging-options -profile-coverage-mapping -profile-generate -enable-testing -suppress-warnings -index-store-path /Users/kris/Epilogue/build/Index.noindex/DataStore -Xcc -D_LIBCPP_HARDENING_MODE\=_LIBCPP_HARDENING_MODE_DEBUG -swift-version 5 -I /Users/kris/Epilogue/build/Build/Products/Debug-iphonesimulator -Isystem /Applications/Xcode-beta.app/Contents/Developer/Platforms/iPhoneSimulator.platform/Developer/usr/lib -F /Users/kris/Epilogue/build/Build/Products/Debug-iphonesimulator/PackageFrameworks -F /Users/kris/Epilogue/build/Build/Products/Debug-iphonesimulator/PackageFrameworks -F /Users/kris/Epilogue/build/Build/Products/Debug-iphonesimulator/PackageFrameworks -F /Users/kris/Epilogue/build/Build/Products/Debug-iphonesimulator/PackageFrameworks -F /Users/kris/Epilogue/build/Build/Products/Debug-iphonesimulator/PackageFrameworks -F /Users/kris/Epilogue/build/Build/Products/Debug-iphonesimulator/PackageFrameworks -F /Users/kris/Epilogue/build/Build/Products/Debug-iphonesimulator/PackageFrameworks -F /Users/kris/Epilogue/build/Build/Products/Debug-iphonesimulator -F /Applications/Xcode-beta.app/Contents/Developer/Platforms/iPhoneSimulator.platform/Developer/Library/Frameworks -F /Applications/Xcode-beta.app/Contents/Developer/Platforms/iPhoneSimulator.platform/Developer/SDKs/iPhoneSimulator26.0.sdk/Developer/Library/Frameworks -c -j12 -enable-batch-mode -incremental -Xcc -ivfsstatcache -Xcc /Users/kris/Epilogue/build/SDKStatCaches.noindex/iphonesimulator26.0-23A5297f-3885c01c3e6b6a337905948deab2002efc862078e33f881139a9d2f83bd1a9d0.sdkstatcache -output-file-map /Users/kris/Epilogue/build/Build/Intermediates.noindex/swift-transformers.build/Debug-iphonesimulator/Models.build/Objects-normal/arm64/Models-OutputFileMap.json -use-frontend-parseable-output -save-temps -no-color-diagnostics -explicit-module-build -module-cache-path /Users/kris/Epilogue/build/Build/Intermediates.noindex/SwiftExplicitPrecompiledModules -clang-scanner-module-cache-path /Users/kris/Epilogue/build/ModuleCache.noindex -sdk-module-cache-path /Users/kris/Epilogue/build/ModuleCache.noindex -serialize-diagnostics -emit-dependencies -emit-module -emit-module-path /Users/kris/Epilogue/build/Build/Intermediates.noindex/swift-transformers.build/Debug-iphonesimulator/Models.build/Objects-normal/arm64/Models.swiftmodule -validate-clang-modules-once -clang-build-session-file /Users/kris/Epilogue/build/ModuleCache.noindex/Session.modulevalidation -Xcc -I/Users/kris/Epilogue/build/Build/Intermediates.noindex/swift-transformers.build/Debug-iphonesimulator/Models.build/swift-overrides.hmap -emit-const-values -Xfrontend -const-gather-protocols-file -Xfrontend /Users/kris/Epilogue/build/Build/Intermediates.noindex/swift-transformers.build/Debug-iphonesimulator/Models.build/Objects-normal/arm64/Models_const_extract_protocols.json -Xcc -I/Users/kris/Epilogue/build/Build/Products/Debug-iphonesimulator/include -Xcc -I/Users/kris/Epilogue/build/Build/Intermediates.noindex/swift-transformers.build/Debug-iphonesimulator/Models.build/DerivedSources-normal/arm64 -Xcc -I/Users/kris/Epilogue/build/Build/Intermediates.noindex/swift-transformers.build/Debug-iphonesimulator/Models.build/DerivedSources/arm64 -Xcc -I/Users/kris/Epilogue/build/Build/Intermediates.noindex/swift-transformers.build/Debug-iphonesimulator/Models.build/DerivedSources -Xcc -DSWIFT_PACKAGE -Xcc -DDEBUG\=1 -emit-objc-header -emit-objc-header-path /Users/kris/Epilogue/build/Build/Intermediates.noindex/swift-transformers.build/Debug-iphonesimulator/Models.build/Objects-normal/arm64/Models-Swift.h -working-directory /Users/kris/Epilogue/Epilogue/Epilogue.xcodeproj -experimental-emit-module-separately -disable-cmo

SwiftDriverJobDiscovery normal x86_64 Compiling GenerationConfig.swift (in target 'Generation' from project 'swift-transformers')

SwiftDriverJobDiscovery normal arm64 Compiling GenerationConfig.swift (in target 'Generation' from project 'swift-transformers')

SwiftDriverJobDiscovery normal x86_64 Compiling Generation.swift (in target 'Generation' from project 'swift-transformers')

SwiftDriver\ Compilation Generation normal x86_64 com.apple.xcode.tools.swift.compiler (in target 'Generation' from project 'swift-transformers')
    cd /Users/kris/Epilogue/Epilogue/Epilogue.xcodeproj
    builtin-Swift-Compilation -- /Applications/Xcode-beta.app/Contents/Developer/Toolchains/XcodeDefault.xctoolchain/usr/bin/swiftc -module-name Generation -Onone -enforce-exclusivity\=checked @/Users/kris/Epilogue/build/Build/Intermediates.noindex/swift-transformers.build/Debug-iphonesimulator/Generation.build/Objects-normal/x86_64/Generation.SwiftFileList -DSWIFT_PACKAGE -DDEBUG -DSWIFT_MODULE_RESOURCE_BUNDLE_UNAVAILABLE -DXcode -plugin-path /Applications/Xcode-beta.app/Contents/Developer/Toolchains/XcodeDefault.xctoolchain/usr/lib/swift/host/plugins/testing -enable-experimental-feature DebugDescriptionMacro -sdk /Applications/Xcode-beta.app/Contents/Developer/Platforms/iPhoneSimulator.platform/Developer/SDKs/iPhoneSimulator26.0.sdk -target x86_64-apple-ios16.0-simulator -g -module-cache-path /Users/kris/Epilogue/build/ModuleCache.noindex -Xfrontend -serialize-debugging-options -profile-coverage-mapping -profile-generate -enable-testing -suppress-warnings -index-store-path /Users/kris/Epilogue/build/Index.noindex/DataStore -Xcc -D_LIBCPP_HARDENING_MODE\=_LIBCPP_HARDENING_MODE_DEBUG -swift-version 5 -I /Users/kris/Epilogue/build/Build/Products/Debug-iphonesimulator -Isystem /Applications/Xcode-beta.app/Contents/Developer/Platforms/iPhoneSimulator.platform/Developer/usr/lib -F /Users/kris/Epilogue/build/Build/Products/Debug-iphonesimulator/PackageFrameworks -F /Users/kris/Epilogue/build/Build/Products/Debug-iphonesimulator/PackageFrameworks -F /Users/kris/Epilogue/build/Build/Products/Debug-iphonesimulator/PackageFrameworks -F /Users/kris/Epilogue/build/Build/Products/Debug-iphonesimulator/PackageFrameworks -F /Users/kris/Epilogue/build/Build/Products/Debug-iphonesimulator/PackageFrameworks -F /Users/kris/Epilogue/build/Build/Products/Debug-iphonesimulator/PackageFrameworks -F /Users/kris/Epilogue/build/Build/Products/Debug-iphonesimulator -F /Applications/Xcode-beta.app/Contents/Developer/Platforms/iPhoneSimulator.platform/Developer/Library/Frameworks -F /Applications/Xcode-beta.app/Contents/Developer/Platforms/iPhoneSimulator.platform/Developer/SDKs/iPhoneSimulator26.0.sdk/Developer/Library/Frameworks -c -j12 -enable-batch-mode -incremental -Xcc -ivfsstatcache -Xcc /Users/kris/Epilogue/build/SDKStatCaches.noindex/iphonesimulator26.0-23A5297f-3885c01c3e6b6a337905948deab2002efc862078e33f881139a9d2f83bd1a9d0.sdkstatcache -output-file-map /Users/kris/Epilogue/build/Build/Intermediates.noindex/swift-transformers.build/Debug-iphonesimulator/Generation.build/Objects-normal/x86_64/Generation-OutputFileMap.json -use-frontend-parseable-output -save-temps -no-color-diagnostics -explicit-module-build -module-cache-path /Users/kris/Epilogue/build/Build/Intermediates.noindex/SwiftExplicitPrecompiledModules -clang-scanner-module-cache-path /Users/kris/Epilogue/build/ModuleCache.noindex -sdk-module-cache-path /Users/kris/Epilogue/build/ModuleCache.noindex -serialize-diagnostics -emit-dependencies -emit-module -emit-module-path /Users/kris/Epilogue/build/Build/Intermediates.noindex/swift-transformers.build/Debug-iphonesimulator/Generation.build/Objects-normal/x86_64/Generation.swiftmodule -validate-clang-modules-once -clang-build-session-file /Users/kris/Epilogue/build/ModuleCache.noindex/Session.modulevalidation -Xcc -I/Users/kris/Epilogue/build/Build/Intermediates.noindex/swift-transformers.build/Debug-iphonesimulator/Generation.build/swift-overrides.hmap -emit-const-values -Xfrontend -const-gather-protocols-file -Xfrontend /Users/kris/Epilogue/build/Build/Intermediates.noindex/swift-transformers.build/Debug-iphonesimulator/Generation.build/Objects-normal/x86_64/Generation_const_extract_protocols.json -Xcc -I/Users/kris/Epilogue/build/Build/Products/Debug-iphonesimulator/include -Xcc -I/Users/kris/Epilogue/build/Build/Intermediates.noindex/swift-transformers.build/Debug-iphonesimulator/Generation.build/DerivedSources-normal/x86_64 -Xcc -I/Users/kris/Epilogue/build/Build/Intermediates.noindex/swift-transformers.build/Debug-iphonesimulator/Generation.build/DerivedSources/x86_64 -Xcc -I/Users/kris/Epilogue/build/Build/Intermediates.noindex/swift-transformers.build/Debug-iphonesimulator/Generation.build/DerivedSources -Xcc -DSWIFT_PACKAGE -Xcc -DDEBUG\=1 -emit-objc-header -emit-objc-header-path /Users/kris/Epilogue/build/Build/Intermediates.noindex/swift-transformers.build/Debug-iphonesimulator/Generation.build/Objects-normal/x86_64/Generation-Swift.h -working-directory /Users/kris/Epilogue/Epilogue/Epilogue.xcodeproj -experimental-emit-module-separately -disable-cmo

SwiftDriverJobDiscovery normal arm64 Compiling Generation.swift (in target 'Generation' from project 'swift-transformers')

SwiftDriver\ Compilation Generation normal arm64 com.apple.xcode.tools.swift.compiler (in target 'Generation' from project 'swift-transformers')
    cd /Users/kris/Epilogue/Epilogue/Epilogue.xcodeproj
    builtin-Swift-Compilation -- /Applications/Xcode-beta.app/Contents/Developer/Toolchains/XcodeDefault.xctoolchain/usr/bin/swiftc -module-name Generation -Onone -enforce-exclusivity\=checked @/Users/kris/Epilogue/build/Build/Intermediates.noindex/swift-transformers.build/Debug-iphonesimulator/Generation.build/Objects-normal/arm64/Generation.SwiftFileList -DSWIFT_PACKAGE -DDEBUG -DSWIFT_MODULE_RESOURCE_BUNDLE_UNAVAILABLE -DXcode -plugin-path /Applications/Xcode-beta.app/Contents/Developer/Toolchains/XcodeDefault.xctoolchain/usr/lib/swift/host/plugins/testing -enable-experimental-feature DebugDescriptionMacro -sdk /Applications/Xcode-beta.app/Contents/Developer/Platforms/iPhoneSimulator.platform/Developer/SDKs/iPhoneSimulator26.0.sdk -target arm64-apple-ios16.0-simulator -g -module-cache-path /Users/kris/Epilogue/build/ModuleCache.noindex -Xfrontend -serialize-debugging-options -profile-coverage-mapping -profile-generate -enable-testing -suppress-warnings -index-store-path /Users/kris/Epilogue/build/Index.noindex/DataStore -Xcc -D_LIBCPP_HARDENING_MODE\=_LIBCPP_HARDENING_MODE_DEBUG -swift-version 5 -I /Users/kris/Epilogue/build/Build/Products/Debug-iphonesimulator -Isystem /Applications/Xcode-beta.app/Contents/Developer/Platforms/iPhoneSimulator.platform/Developer/usr/lib -F /Users/kris/Epilogue/build/Build/Products/Debug-iphonesimulator/PackageFrameworks -F /Users/kris/Epilogue/build/Build/Products/Debug-iphonesimulator/PackageFrameworks -F /Users/kris/Epilogue/build/Build/Products/Debug-iphonesimulator/PackageFrameworks -F /Users/kris/Epilogue/build/Build/Products/Debug-iphonesimulator/PackageFrameworks -F /Users/kris/Epilogue/build/Build/Products/Debug-iphonesimulator/PackageFrameworks -F /Users/kris/Epilogue/build/Build/Products/Debug-iphonesimulator/PackageFrameworks -F /Users/kris/Epilogue/build/Build/Products/Debug-iphonesimulator -F /Applications/Xcode-beta.app/Contents/Developer/Platforms/iPhoneSimulator.platform/Developer/Library/Frameworks -F /Applications/Xcode-beta.app/Contents/Developer/Platforms/iPhoneSimulator.platform/Developer/SDKs/iPhoneSimulator26.0.sdk/Developer/Library/Frameworks -c -j12 -enable-batch-mode -incremental -Xcc -ivfsstatcache -Xcc /Users/kris/Epilogue/build/SDKStatCaches.noindex/iphonesimulator26.0-23A5297f-3885c01c3e6b6a337905948deab2002efc862078e33f881139a9d2f83bd1a9d0.sdkstatcache -output-file-map /Users/kris/Epilogue/build/Build/Intermediates.noindex/swift-transformers.build/Debug-iphonesimulator/Generation.build/Objects-normal/arm64/Generation-OutputFileMap.json -use-frontend-parseable-output -save-temps -no-color-diagnostics -explicit-module-build -module-cache-path /Users/kris/Epilogue/build/Build/Intermediates.noindex/SwiftExplicitPrecompiledModules -clang-scanner-module-cache-path /Users/kris/Epilogue/build/ModuleCache.noindex -sdk-module-cache-path /Users/kris/Epilogue/build/ModuleCache.noindex -serialize-diagnostics -emit-dependencies -emit-module -emit-module-path /Users/kris/Epilogue/build/Build/Intermediates.noindex/swift-transformers.build/Debug-iphonesimulator/Generation.build/Objects-normal/arm64/Generation.swiftmodule -validate-clang-modules-once -clang-build-session-file /Users/kris/Epilogue/build/ModuleCache.noindex/Session.modulevalidation -Xcc -I/Users/kris/Epilogue/build/Build/Intermediates.noindex/swift-transformers.build/Debug-iphonesimulator/Generation.build/swift-overrides.hmap -emit-const-values -Xfrontend -const-gather-protocols-file -Xfrontend /Users/kris/Epilogue/build/Build/Intermediates.noindex/swift-transformers.build/Debug-iphonesimulator/Generation.build/Objects-normal/arm64/Generation_const_extract_protocols.json -Xcc -I/Users/kris/Epilogue/build/Build/Products/Debug-iphonesimulator/include -Xcc -I/Users/kris/Epilogue/build/Build/Intermediates.noindex/swift-transformers.build/Debug-iphonesimulator/Generation.build/DerivedSources-normal/arm64 -Xcc -I/Users/kris/Epilogue/build/Build/Intermediates.noindex/swift-transformers.build/Debug-iphonesimulator/Generation.build/DerivedSources/arm64 -Xcc -I/Users/kris/Epilogue/build/Build/Intermediates.noindex/swift-transformers.build/Debug-iphonesimulator/Generation.build/DerivedSources -Xcc -DSWIFT_PACKAGE -Xcc -DDEBUG\=1 -emit-objc-header -emit-objc-header-path /Users/kris/Epilogue/build/Build/Intermediates.noindex/swift-transformers.build/Debug-iphonesimulator/Generation.build/Objects-normal/arm64/Generation-Swift.h -working-directory /Users/kris/Epilogue/Epilogue/Epilogue.xcodeproj -experimental-emit-module-separately -disable-cmo

RegisterExecutionPolicyException /Users/kris/Epilogue/build/Build/Products/Debug-iphonesimulator/Jinja.o (in target 'Jinja' from project 'Jinja')
    cd /Users/kris/Epilogue/build/SourcePackages/checkouts/Jinja
    builtin-RegisterExecutionPolicyException /Users/kris/Epilogue/build/Build/Products/Debug-iphonesimulator/Jinja.o

ProcessInfoPlistFile /Users/kris/Epilogue/build/Build/Products/Debug-iphonesimulator/PackageFrameworks/Jinja_C5899F34211_PackageProduct.framework/Info.plist /Users/kris/Epilogue/build/Build/Intermediates.noindex/Jinja.build/Debug-iphonesimulator/Jinja\ product.build/empty-Jinja_C5899F34211_PackageProduct.plist (in target 'Jinja' from project 'Jinja')
    cd /Users/kris/Epilogue/build/SourcePackages/checkouts/Jinja
    builtin-infoPlistUtility /Users/kris/Epilogue/build/Build/Intermediates.noindex/Jinja.build/Debug-iphonesimulator/Jinja\ product.build/empty-Jinja_C5899F34211_PackageProduct.plist -producttype com.apple.product-type.framework -expandbuildsettings -format binary -platform iphonesimulator -o /Users/kris/Epilogue/build/Build/Products/Debug-iphonesimulator/PackageFrameworks/Jinja_C5899F34211_PackageProduct.framework/Info.plist

Ld /Users/kris/Epilogue/build/Build/Intermediates.noindex/Jinja.build/Debug-iphonesimulator/Jinja\ product.build/Objects-normal/x86_64/Binary/Jinja_C5899F34211_PackageProduct normal x86_64 (in target 'Jinja' from project 'Jinja')
    cd /Users/kris/Epilogue/build/SourcePackages/checkouts/Jinja
    /Applications/Xcode-beta.app/Contents/Developer/Toolchains/XcodeDefault.xctoolchain/usr/bin/clang -Xlinker -reproducible -target x86_64-apple-ios16.0-simulator -dynamiclib -isysroot /Applications/Xcode-beta.app/Contents/Developer/Platforms/iPhoneSimulator.platform/Developer/SDKs/iPhoneSimulator26.0.sdk -O0 -w -L/Users/kris/Epilogue/build/Build/Intermediates.noindex/EagerLinkingTBDs/Debug-iphonesimulator -L/Users/kris/Epilogue/build/Build/Products/Debug-iphonesimulator -L/Applications/Xcode-beta.app/Contents/Developer/Platforms/iPhoneSimulator.platform/Developer/usr/lib -F/Users/kris/Epilogue/build/Build/Intermediates.noindex/EagerLinkingTBDs/Debug-iphonesimulator -F/Users/kris/Epilogue/build/Build/Products/Debug-iphonesimulator/PackageFrameworks -F/Users/kris/Epilogue/build/Build/Products/Debug-iphonesimulator/PackageFrameworks -F/Users/kris/Epilogue/build/Build/Products/Debug-iphonesimulator/PackageFrameworks -F/Users/kris/Epilogue/build/Build/Products/Debug-iphonesimulator -iframework /Applications/Xcode-beta.app/Contents/Developer/Platforms/iPhoneSimulator.platform/Developer/Library/Frameworks -iframework /Applications/Xcode-beta.app/Contents/Developer/Platforms/iPhoneSimulator.platform/Developer/SDKs/iPhoneSimulator26.0.sdk/Developer/Library/Frameworks -filelist /Users/kris/Epilogue/build/Build/Intermediates.noindex/Jinja.build/Debug-iphonesimulator/Jinja\ product.build/Objects-normal/x86_64/Jinja_C5899F34211_PackageProduct.LinkFileList -install_name @rpath/Jinja_C5899F34211_PackageProduct.framework/Jinja_C5899F34211_PackageProduct -Xlinker -rpath -Xlinker /usr/lib/swift -Xlinker -rpath -Xlinker /Users/kris/Epilogue/build/Build/Products/Debug-iphonesimulator/PackageFrameworks -dead_strip -Xlinker -object_path_lto -Xlinker /Users/kris/Epilogue/build/Build/Intermediates.noindex/Jinja.build/Debug-iphonesimulator/Jinja\ product.build/Objects-normal/x86_64/Jinja_C5899F34211_PackageProduct_lto.o -rdynamic -Xlinker -no_deduplicate -Xlinker -objc_abi_version -Xlinker 2 -Xlinker -debug_variant -Xlinker -dependency_info -Xlinker /Users/kris/Epilogue/build/Build/Intermediates.noindex/Jinja.build/Debug-iphonesimulator/Jinja\ product.build/Objects-normal/x86_64/Jinja_C5899F34211_PackageProduct_dependency_info.dat -fobjc-link-runtime -fprofile-instr-generate -L/Applications/Xcode-beta.app/Contents/Developer/Toolchains/XcodeDefault.xctoolchain/usr/lib/swift/iphonesimulator -L/usr/lib/swift -Wl,-no_warn_duplicate_libraries -Wl,-no_warn_duplicate_libraries -Wl,-no_warn_duplicate_libraries /Users/kris/Epilogue/build/Build/Products/Debug-iphonesimulator/PackageFrameworks/OrderedCollections_1222128174265B56_PackageProduct.framework/OrderedCollections_1222128174265B56_PackageProduct -o /Users/kris/Epilogue/build/Build/Intermediates.noindex/Jinja.build/Debug-iphonesimulator/Jinja\ product.build/Objects-normal/x86_64/Binary/Jinja_C5899F34211_PackageProduct -Xlinker -add_ast_path -Xlinker /Users/kris/Epilogue/build/Build/Intermediates.noindex/Jinja.build/Debug-iphonesimulator/Jinja.build/Objects-normal/x86_64/Jinja.swiftmodule @/Users/kris/Epilogue/build/Build/Intermediates.noindex/Jinja.build/Debug-iphonesimulator/Jinja.build/Objects-normal/x86_64/Jinja-linker-args.resp

Ld /Users/kris/Epilogue/build/Build/Intermediates.noindex/Jinja.build/Debug-iphonesimulator/Jinja\ product.build/Objects-normal/arm64/Binary/Jinja_C5899F34211_PackageProduct normal arm64 (in target 'Jinja' from project 'Jinja')
    cd /Users/kris/Epilogue/build/SourcePackages/checkouts/Jinja
    /Applications/Xcode-beta.app/Contents/Developer/Toolchains/XcodeDefault.xctoolchain/usr/bin/clang -Xlinker -reproducible -target arm64-apple-ios16.0-simulator -dynamiclib -isysroot /Applications/Xcode-beta.app/Contents/Developer/Platforms/iPhoneSimulator.platform/Developer/SDKs/iPhoneSimulator26.0.sdk -O0 -w -L/Users/kris/Epilogue/build/Build/Intermediates.noindex/EagerLinkingTBDs/Debug-iphonesimulator -L/Users/kris/Epilogue/build/Build/Products/Debug-iphonesimulator -L/Applications/Xcode-beta.app/Contents/Developer/Platforms/iPhoneSimulator.platform/Developer/usr/lib -F/Users/kris/Epilogue/build/Build/Intermediates.noindex/EagerLinkingTBDs/Debug-iphonesimulator -F/Users/kris/Epilogue/build/Build/Products/Debug-iphonesimulator/PackageFrameworks -F/Users/kris/Epilogue/build/Build/Products/Debug-iphonesimulator/PackageFrameworks -F/Users/kris/Epilogue/build/Build/Products/Debug-iphonesimulator/PackageFrameworks -F/Users/kris/Epilogue/build/Build/Products/Debug-iphonesimulator -iframework /Applications/Xcode-beta.app/Contents/Developer/Platforms/iPhoneSimulator.platform/Developer/Library/Frameworks -iframework /Applications/Xcode-beta.app/Contents/Developer/Platforms/iPhoneSimulator.platform/Developer/SDKs/iPhoneSimulator26.0.sdk/Developer/Library/Frameworks -filelist /Users/kris/Epilogue/build/Build/Intermediates.noindex/Jinja.build/Debug-iphonesimulator/Jinja\ product.build/Objects-normal/arm64/Jinja_C5899F34211_PackageProduct.LinkFileList -install_name @rpath/Jinja_C5899F34211_PackageProduct.framework/Jinja_C5899F34211_PackageProduct -Xlinker -rpath -Xlinker /usr/lib/swift -Xlinker -rpath -Xlinker /Users/kris/Epilogue/build/Build/Products/Debug-iphonesimulator/PackageFrameworks -dead_strip -Xlinker -object_path_lto -Xlinker /Users/kris/Epilogue/build/Build/Intermediates.noindex/Jinja.build/Debug-iphonesimulator/Jinja\ product.build/Objects-normal/arm64/Jinja_C5899F34211_PackageProduct_lto.o -rdynamic -Xlinker -no_deduplicate -Xlinker -objc_abi_version -Xlinker 2 -Xlinker -debug_variant -Xlinker -dependency_info -Xlinker /Users/kris/Epilogue/build/Build/Intermediates.noindex/Jinja.build/Debug-iphonesimulator/Jinja\ product.build/Objects-normal/arm64/Jinja_C5899F34211_PackageProduct_dependency_info.dat -fobjc-link-runtime -fprofile-instr-generate -L/Applications/Xcode-beta.app/Contents/Developer/Toolchains/XcodeDefault.xctoolchain/usr/lib/swift/iphonesimulator -L/usr/lib/swift -Wl,-no_warn_duplicate_libraries -Wl,-no_warn_duplicate_libraries -Wl,-no_warn_duplicate_libraries /Users/kris/Epilogue/build/Build/Products/Debug-iphonesimulator/PackageFrameworks/OrderedCollections_1222128174265B56_PackageProduct.framework/OrderedCollections_1222128174265B56_PackageProduct -o /Users/kris/Epilogue/build/Build/Intermediates.noindex/Jinja.build/Debug-iphonesimulator/Jinja\ product.build/Objects-normal/arm64/Binary/Jinja_C5899F34211_PackageProduct -Xlinker -add_ast_path -Xlinker /Users/kris/Epilogue/build/Build/Intermediates.noindex/Jinja.build/Debug-iphonesimulator/Jinja.build/Objects-normal/arm64/Jinja.swiftmodule @/Users/kris/Epilogue/build/Build/Intermediates.noindex/Jinja.build/Debug-iphonesimulator/Jinja.build/Objects-normal/arm64/Jinja-linker-args.resp

CreateUniversalBinary /Users/kris/Epilogue/build/Build/Products/Debug-iphonesimulator/PackageFrameworks/Jinja_C5899F34211_PackageProduct.framework/Jinja_C5899F34211_PackageProduct normal arm64\ x86_64 (in target 'Jinja' from project 'Jinja')
    cd /Users/kris/Epilogue/build/SourcePackages/checkouts/Jinja
    /Applications/Xcode-beta.app/Contents/Developer/Toolchains/XcodeDefault.xctoolchain/usr/bin/lipo -create /Users/kris/Epilogue/build/Build/Intermediates.noindex/Jinja.build/Debug-iphonesimulator/Jinja\ product.build/Objects-normal/arm64/Binary/Jinja_C5899F34211_PackageProduct /Users/kris/Epilogue/build/Build/Intermediates.noindex/Jinja.build/Debug-iphonesimulator/Jinja\ product.build/Objects-normal/x86_64/Binary/Jinja_C5899F34211_PackageProduct -output /Users/kris/Epilogue/build/Build/Products/Debug-iphonesimulator/PackageFrameworks/Jinja_C5899F34211_PackageProduct.framework/Jinja_C5899F34211_PackageProduct

GenerateTAPI /Users/kris/Epilogue/build/Build/Intermediates.noindex/EagerLinkingTBDs/Debug-iphonesimulator/Jinja_C5899F34211_PackageProduct.framework/Jinja_C5899F34211_PackageProduct.tbd (in target 'Jinja' from project 'Jinja')
    cd /Users/kris/Epilogue/build/SourcePackages/checkouts/Jinja
    /Applications/Xcode-beta.app/Contents/Developer/Toolchains/XcodeDefault.xctoolchain/usr/bin/tapi stubify -isysroot /Applications/Xcode-beta.app/Contents/Developer/Platforms/iPhoneSimulator.platform/Developer/SDKs/iPhoneSimulator26.0.sdk -F/Users/kris/Epilogue/build/Build/Products/Debug-iphonesimulator/PackageFrameworks -F/Users/kris/Epilogue/build/Build/Products/Debug-iphonesimulator/PackageFrameworks -F/Users/kris/Epilogue/build/Build/Products/Debug-iphonesimulator/PackageFrameworks -F/Users/kris/Epilogue/build/Build/Products/Debug-iphonesimulator -iframework /Applications/Xcode-beta.app/Contents/Developer/Platforms/iPhoneSimulator.platform/Developer/Library/Frameworks -iframework /Applications/Xcode-beta.app/Contents/Developer/Platforms/iPhoneSimulator.platform/Developer/SDKs/iPhoneSimulator26.0.sdk/Developer/Library/Frameworks -L/Users/kris/Epilogue/build/Build/Products/Debug-iphonesimulator -L/Applications/Xcode-beta.app/Contents/Developer/Platforms/iPhoneSimulator.platform/Developer/usr/lib /Users/kris/Epilogue/build/Build/Products/Debug-iphonesimulator/PackageFrameworks/Jinja_C5899F34211_PackageProduct.framework/Jinja_C5899F34211_PackageProduct -o /Users/kris/Epilogue/build/Build/Intermediates.noindex/EagerLinkingTBDs/Debug-iphonesimulator/Jinja_C5899F34211_PackageProduct.framework/Jinja_C5899F34211_PackageProduct.tbd

RegisterExecutionPolicyException /Users/kris/Epilogue/build/Build/Products/Debug-iphonesimulator/PackageFrameworks/Jinja_C5899F34211_PackageProduct.framework (in target 'Jinja' from project 'Jinja')
    cd /Users/kris/Epilogue/build/SourcePackages/checkouts/Jinja
    builtin-RegisterExecutionPolicyException /Users/kris/Epilogue/build/Build/Products/Debug-iphonesimulator/PackageFrameworks/Jinja_C5899F34211_PackageProduct.framework

Touch /Users/kris/Epilogue/build/Build/Products/Debug-iphonesimulator/PackageFrameworks/Jinja_C5899F34211_PackageProduct.framework (in target 'Jinja' from project 'Jinja')
    cd /Users/kris/Epilogue/build/SourcePackages/checkouts/Jinja
    /usr/bin/touch -c /Users/kris/Epilogue/build/Build/Products/Debug-iphonesimulator/PackageFrameworks/Jinja_C5899F34211_PackageProduct.framework

Ld /Users/kris/Epilogue/build/Build/Intermediates.noindex/swift-transformers.build/Debug-iphonesimulator/Tokenizers.build/Objects-normal/x86_64/Binary/Tokenizers.o normal x86_64 (in target 'Tokenizers' from project 'swift-transformers')
    cd /Users/kris/Epilogue/build/SourcePackages/checkouts/swift-transformers
    /Applications/Xcode-beta.app/Contents/Developer/Toolchains/XcodeDefault.xctoolchain/usr/bin/clang -Xlinker -reproducible -target x86_64-apple-ios16.0-simulator -r -isysroot /Applications/Xcode-beta.app/Contents/Developer/Platforms/iPhoneSimulator.platform/Developer/SDKs/iPhoneSimulator26.0.sdk -O0 -w -L/Users/kris/Epilogue/build/Build/Intermediates.noindex/EagerLinkingTBDs/Debug-iphonesimulator -L/Users/kris/Epilogue/build/Build/Products/Debug-iphonesimulator -L/Applications/Xcode-beta.app/Contents/Developer/Platforms/iPhoneSimulator.platform/Developer/usr/lib -F/Users/kris/Epilogue/build/Build/Intermediates.noindex/EagerLinkingTBDs/Debug-iphonesimulator -F/Users/kris/Epilogue/build/Build/Products/Debug-iphonesimulator/PackageFrameworks -F/Users/kris/Epilogue/build/Build/Products/Debug-iphonesimulator/PackageFrameworks -F/Users/kris/Epilogue/build/Build/Products/Debug-iphonesimulator/PackageFrameworks -F/Users/kris/Epilogue/build/Build/Products/Debug-iphonesimulator/PackageFrameworks -F/Users/kris/Epilogue/build/Build/Products/Debug-iphonesimulator -iframework /Applications/Xcode-beta.app/Contents/Developer/Platforms/iPhoneSimulator.platform/Developer/Library/Frameworks -iframework /Applications/Xcode-beta.app/Contents/Developer/Platforms/iPhoneSimulator.platform/Developer/SDKs/iPhoneSimulator26.0.sdk/Developer/Library/Frameworks -filelist /Users/kris/Epilogue/build/Build/Intermediates.noindex/swift-transformers.build/Debug-iphonesimulator/Tokenizers.build/Objects-normal/x86_64/Tokenizers.LinkFileList -nostdlib -Xlinker -object_path_lto -Xlinker /Users/kris/Epilogue/build/Build/Intermediates.noindex/swift-transformers.build/Debug-iphonesimulator/Tokenizers.build/Objects-normal/x86_64/Tokenizers_lto.o -rdynamic -Xlinker -no_deduplicate -Xlinker -objc_abi_version -Xlinker 2 -Xlinker -debug_variant -Xlinker -dependency_info -Xlinker /Users/kris/Epilogue/build/Build/Intermediates.noindex/swift-transformers.build/Debug-iphonesimulator/Tokenizers.build/Objects-normal/x86_64/Tokenizers_dependency_info.dat -fobjc-link-runtime -L/Applications/Xcode-beta.app/Contents/Developer/Toolchains/XcodeDefault.xctoolchain/usr/lib/swift/iphonesimulator -L/usr/lib/swift -Xlinker -add_ast_path -Xlinker /Users/kris/Epilogue/build/Build/Intermediates.noindex/swift-transformers.build/Debug-iphonesimulator/Tokenizers.build/Objects-normal/x86_64/Tokenizers.swiftmodule @/Users/kris/Epilogue/build/Build/Intermediates.noindex/swift-transformers.build/Debug-iphonesimulator/Tokenizers.build/Objects-normal/x86_64/Tokenizers-linker-args.resp -o /Users/kris/Epilogue/build/Build/Intermediates.noindex/swift-transformers.build/Debug-iphonesimulator/Tokenizers.build/Objects-normal/x86_64/Binary/Tokenizers.o

Ld /Users/kris/Epilogue/build/Build/Intermediates.noindex/swift-transformers.build/Debug-iphonesimulator/Tokenizers.build/Objects-normal/arm64/Binary/Tokenizers.o normal arm64 (in target 'Tokenizers' from project 'swift-transformers')
    cd /Users/kris/Epilogue/build/SourcePackages/checkouts/swift-transformers
    /Applications/Xcode-beta.app/Contents/Developer/Toolchains/XcodeDefault.xctoolchain/usr/bin/clang -Xlinker -reproducible -target arm64-apple-ios16.0-simulator -r -isysroot /Applications/Xcode-beta.app/Contents/Developer/Platforms/iPhoneSimulator.platform/Developer/SDKs/iPhoneSimulator26.0.sdk -O0 -w -L/Users/kris/Epilogue/build/Build/Intermediates.noindex/EagerLinkingTBDs/Debug-iphonesimulator -L/Users/kris/Epilogue/build/Build/Products/Debug-iphonesimulator -L/Applications/Xcode-beta.app/Contents/Developer/Platforms/iPhoneSimulator.platform/Developer/usr/lib -F/Users/kris/Epilogue/build/Build/Intermediates.noindex/EagerLinkingTBDs/Debug-iphonesimulator -F/Users/kris/Epilogue/build/Build/Products/Debug-iphonesimulator/PackageFrameworks -F/Users/kris/Epilogue/build/Build/Products/Debug-iphonesimulator/PackageFrameworks -F/Users/kris/Epilogue/build/Build/Products/Debug-iphonesimulator/PackageFrameworks -F/Users/kris/Epilogue/build/Build/Products/Debug-iphonesimulator/PackageFrameworks -F/Users/kris/Epilogue/build/Build/Products/Debug-iphonesimulator -iframework /Applications/Xcode-beta.app/Contents/Developer/Platforms/iPhoneSimulator.platform/Developer/Library/Frameworks -iframework /Applications/Xcode-beta.app/Contents/Developer/Platforms/iPhoneSimulator.platform/Developer/SDKs/iPhoneSimulator26.0.sdk/Developer/Library/Frameworks -filelist /Users/kris/Epilogue/build/Build/Intermediates.noindex/swift-transformers.build/Debug-iphonesimulator/Tokenizers.build/Objects-normal/arm64/Tokenizers.LinkFileList -nostdlib -Xlinker -object_path_lto -Xlinker /Users/kris/Epilogue/build/Build/Intermediates.noindex/swift-transformers.build/Debug-iphonesimulator/Tokenizers.build/Objects-normal/arm64/Tokenizers_lto.o -rdynamic -Xlinker -no_deduplicate -Xlinker -objc_abi_version -Xlinker 2 -Xlinker -debug_variant -Xlinker -dependency_info -Xlinker /Users/kris/Epilogue/build/Build/Intermediates.noindex/swift-transformers.build/Debug-iphonesimulator/Tokenizers.build/Objects-normal/arm64/Tokenizers_dependency_info.dat -fobjc-link-runtime -L/Applications/Xcode-beta.app/Contents/Developer/Toolchains/XcodeDefault.xctoolchain/usr/lib/swift/iphonesimulator -L/usr/lib/swift -Xlinker -add_ast_path -Xlinker /Users/kris/Epilogue/build/Build/Intermediates.noindex/swift-transformers.build/Debug-iphonesimulator/Tokenizers.build/Objects-normal/arm64/Tokenizers.swiftmodule @/Users/kris/Epilogue/build/Build/Intermediates.noindex/swift-transformers.build/Debug-iphonesimulator/Tokenizers.build/Objects-normal/arm64/Tokenizers-linker-args.resp -o /Users/kris/Epilogue/build/Build/Intermediates.noindex/swift-transformers.build/Debug-iphonesimulator/Tokenizers.build/Objects-normal/arm64/Binary/Tokenizers.o

SwiftEmitModule normal x86_64 Emitting\ module\ for\ Models (in target 'Models' from project 'swift-transformers')

EmitSwiftModule normal x86_64 (in target 'Models' from project 'swift-transformers')
    cd /Users/kris/Epilogue/Epilogue/Epilogue.xcodeproj
    

SwiftCompile normal x86_64 Compiling\ LanguageModelTypes.swift /Users/kris/Epilogue/build/SourcePackages/checkouts/swift-transformers/Sources/Models/LanguageModelTypes.swift (in target 'Models' from project 'swift-transformers')
SwiftCompile normal x86_64 /Users/kris/Epilogue/build/SourcePackages/checkouts/swift-transformers/Sources/Models/LanguageModelTypes.swift (in target 'Models' from project 'swift-transformers')
    cd /Users/kris/Epilogue/Epilogue/Epilogue.xcodeproj
    

SwiftCompile normal x86_64 Compiling\ LanguageModel.swift /Users/kris/Epilogue/build/SourcePackages/checkouts/swift-transformers/Sources/Models/LanguageModel.swift (in target 'Models' from project 'swift-transformers')
SwiftCompile normal x86_64 /Users/kris/Epilogue/build/SourcePackages/checkouts/swift-transformers/Sources/Models/LanguageModel.swift (in target 'Models' from project 'swift-transformers')
    cd /Users/kris/Epilogue/Epilogue/Epilogue.xcodeproj
    

SwiftEmitModule normal arm64 Emitting\ module\ for\ Models (in target 'Models' from project 'swift-transformers')

EmitSwiftModule normal arm64 (in target 'Models' from project 'swift-transformers')
    cd /Users/kris/Epilogue/Epilogue/Epilogue.xcodeproj
    

SwiftCompile normal arm64 Compiling\ LanguageModel.swift /Users/kris/Epilogue/build/SourcePackages/checkouts/swift-transformers/Sources/Models/LanguageModel.swift (in target 'Models' from project 'swift-transformers')
SwiftCompile normal arm64 /Users/kris/Epilogue/build/SourcePackages/checkouts/swift-transformers/Sources/Models/LanguageModel.swift (in target 'Models' from project 'swift-transformers')
    cd /Users/kris/Epilogue/Epilogue/Epilogue.xcodeproj
    

SwiftCompile normal arm64 Compiling\ LanguageModelTypes.swift /Users/kris/Epilogue/build/SourcePackages/checkouts/swift-transformers/Sources/Models/LanguageModelTypes.swift (in target 'Models' from project 'swift-transformers')

SwiftCompile normal arm64 /Users/kris/Epilogue/build/SourcePackages/checkouts/swift-transformers/Sources/Models/LanguageModelTypes.swift (in target 'Models' from project 'swift-transformers')
    cd /Users/kris/Epilogue/Epilogue/Epilogue.xcodeproj
    

CreateUniversalBinary /Users/kris/Epilogue/build/Build/Products/Debug-iphonesimulator/Tokenizers.o normal arm64\ x86_64 (in target 'Tokenizers' from project 'swift-transformers')
    cd /Users/kris/Epilogue/build/SourcePackages/checkouts/swift-transformers
    /Applications/Xcode-beta.app/Contents/Developer/Toolchains/XcodeDefault.xctoolchain/usr/bin/lipo -create /Users/kris/Epilogue/build/Build/Intermediates.noindex/swift-transformers.build/Debug-iphonesimulator/Tokenizers.build/Objects-normal/arm64/Binary/Tokenizers.o /Users/kris/Epilogue/build/Build/Intermediates.noindex/swift-transformers.build/Debug-iphonesimulator/Tokenizers.build/Objects-normal/x86_64/Binary/Tokenizers.o -output /Users/kris/Epilogue/build/Build/Products/Debug-iphonesimulator/Tokenizers.o

ExtractAppIntentsMetadata (in target 'Tokenizers' from project 'swift-transformers')
    cd /Users/kris/Epilogue/build/SourcePackages/checkouts/swift-transformers
    /Applications/Xcode-beta.app/Contents/Developer/Toolchains/XcodeDefault.xctoolchain/usr/bin/appintentsmetadataprocessor --toolchain-dir /var/run/com.apple.security.cryptexd/mnt/com.apple.MobileAsset.MetalToolchain-v17.1.5285.9.RYKCRc/Metal.xctoolchain --module-name Tokenizers --sdk-root /Applications/Xcode-beta.app/Contents/Developer/Platforms/iPhoneSimulator.platform/Developer/SDKs/iPhoneSimulator26.0.sdk --xcode-version 17A5285i --platform-family iOS --deployment-target 16.0 --bundle-identifier swift-transformers.Tokenizers --output /Users/kris/Epilogue/build/Build/Products/Debug-iphonesimulator/Tokenizers.appintents --target-triple arm64-apple-ios16.0-simulator --target-triple x86_64-apple-ios16.0-simulator --binary-file /Users/kris/Epilogue/build/Build/Products/Debug-iphonesimulator/Tokenizers.o --dependency-file /Users/kris/Epilogue/build/Build/Intermediates.noindex/swift-transformers.build/Debug-iphonesimulator/Tokenizers.build/Objects-normal/arm64/Tokenizers_dependency_info.dat --dependency-file /Users/kris/Epilogue/build/Build/Intermediates.noindex/swift-transformers.build/Debug-iphonesimulator/Tokenizers.build/Objects-normal/x86_64/Tokenizers_dependency_info.dat --stringsdata-file /Users/kris/Epilogue/build/Build/Intermediates.noindex/swift-transformers.build/Debug-iphonesimulator/Tokenizers.build/Objects-normal/arm64/ExtractedAppShortcutsMetadata.stringsdata --stringsdata-file /Users/kris/Epilogue/build/Build/Intermediates.noindex/swift-transformers.build/Debug-iphonesimulator/Tokenizers.build/Objects-normal/x86_64/ExtractedAppShortcutsMetadata.stringsdata --source-file-list /Users/kris/Epilogue/build/Build/Intermediates.noindex/swift-transformers.build/Debug-iphonesimulator/Tokenizers.build/Objects-normal/arm64/Tokenizers.SwiftFileList --source-file-list /Users/kris/Epilogue/build/Build/Intermediates.noindex/swift-transformers.build/Debug-iphonesimulator/Tokenizers.build/Objects-normal/x86_64/Tokenizers.SwiftFileList --metadata-file-list /Users/kris/Epilogue/build/Build/Intermediates.noindex/swift-transformers.build/Debug-iphonesimulator/Tokenizers.build/Tokenizers.DependencyMetadataFileList --static-metadata-file-list /Users/kris/Epilogue/build/Build/Intermediates.noindex/swift-transformers.build/Debug-iphonesimulator/Tokenizers.build/Tokenizers.DependencyStaticMetadataFileList --swift-const-vals-list /Users/kris/Epilogue/build/Build/Intermediates.noindex/swift-transformers.build/Debug-iphonesimulator/Tokenizers.build/Objects-normal/arm64/Tokenizers.SwiftConstValuesFileList --swift-const-vals-list /Users/kris/Epilogue/build/Build/Intermediates.noindex/swift-transformers.build/Debug-iphonesimulator/Tokenizers.build/Objects-normal/x86_64/Tokenizers.SwiftConstValuesFileList --force --compile-time-extraction --deployment-aware-processing --validate-assistant-intents --no-app-shortcuts-localization
2025-07-29 08:25:50.481 appintentsmetadataprocessor[96090:46761117] Starting appintentsmetadataprocessor export
2025-07-29 08:25:50.602 appintentsmetadataprocessor[96090:46761117] Extracted no relevant App Intents symbols, skipping writing output

SwiftDriverJobDiscovery normal x86_64 Emitting module for Models (in target 'Models' from project 'swift-transformers')

SwiftDriver\ Compilation\ Requirements Models normal x86_64 com.apple.xcode.tools.swift.compiler (in target 'Models' from project 'swift-transformers')
    cd /Users/kris/Epilogue/Epilogue/Epilogue.xcodeproj
    builtin-Swift-Compilation-Requirements -- /Applications/Xcode-beta.app/Contents/Developer/Toolchains/XcodeDefault.xctoolchain/usr/bin/swiftc -module-name Models -Onone -enforce-exclusivity\=checked @/Users/kris/Epilogue/build/Build/Intermediates.noindex/swift-transformers.build/Debug-iphonesimulator/Models.build/Objects-normal/x86_64/Models.SwiftFileList -DSWIFT_PACKAGE -DDEBUG -DSWIFT_MODULE_RESOURCE_BUNDLE_UNAVAILABLE -DXcode -plugin-path /Applications/Xcode-beta.app/Contents/Developer/Toolchains/XcodeDefault.xctoolchain/usr/lib/swift/host/plugins/testing -enable-experimental-feature DebugDescriptionMacro -sdk /Applications/Xcode-beta.app/Contents/Developer/Platforms/iPhoneSimulator.platform/Developer/SDKs/iPhoneSimulator26.0.sdk -target x86_64-apple-ios16.0-simulator -g -module-cache-path /Users/kris/Epilogue/build/ModuleCache.noindex -Xfrontend -serialize-debugging-options -profile-coverage-mapping -profile-generate -enable-testing -suppress-warnings -index-store-path /Users/kris/Epilogue/build/Index.noindex/DataStore -Xcc -D_LIBCPP_HARDENING_MODE\=_LIBCPP_HARDENING_MODE_DEBUG -swift-version 5 -I /Users/kris/Epilogue/build/Build/Products/Debug-iphonesimulator -Isystem /Applications/Xcode-beta.app/Contents/Developer/Platforms/iPhoneSimulator.platform/Developer/usr/lib -F /Users/kris/Epilogue/build/Build/Products/Debug-iphonesimulator/PackageFrameworks -F /Users/kris/Epilogue/build/Build/Products/Debug-iphonesimulator/PackageFrameworks -F /Users/kris/Epilogue/build/Build/Products/Debug-iphonesimulator/PackageFrameworks -F /Users/kris/Epilogue/build/Build/Products/Debug-iphonesimulator/PackageFrameworks -F /Users/kris/Epilogue/build/Build/Products/Debug-iphonesimulator/PackageFrameworks -F /Users/kris/Epilogue/build/Build/Products/Debug-iphonesimulator/PackageFrameworks -F /Users/kris/Epilogue/build/Build/Products/Debug-iphonesimulator/PackageFrameworks -F /Users/kris/Epilogue/build/Build/Products/Debug-iphonesimulator -F /Applications/Xcode-beta.app/Contents/Developer/Platforms/iPhoneSimulator.platform/Developer/Library/Frameworks -F /Applications/Xcode-beta.app/Contents/Developer/Platforms/iPhoneSimulator.platform/Developer/SDKs/iPhoneSimulator26.0.sdk/Developer/Library/Frameworks -c -j12 -enable-batch-mode -incremental -Xcc -ivfsstatcache -Xcc /Users/kris/Epilogue/build/SDKStatCaches.noindex/iphonesimulator26.0-23A5297f-3885c01c3e6b6a337905948deab2002efc862078e33f881139a9d2f83bd1a9d0.sdkstatcache -output-file-map /Users/kris/Epilogue/build/Build/Intermediates.noindex/swift-transformers.build/Debug-iphonesimulator/Models.build/Objects-normal/x86_64/Models-OutputFileMap.json -use-frontend-parseable-output -save-temps -no-color-diagnostics -explicit-module-build -module-cache-path /Users/kris/Epilogue/build/Build/Intermediates.noindex/SwiftExplicitPrecompiledModules -clang-scanner-module-cache-path /Users/kris/Epilogue/build/ModuleCache.noindex -sdk-module-cache-path /Users/kris/Epilogue/build/ModuleCache.noindex -serialize-diagnostics -emit-dependencies -emit-module -emit-module-path /Users/kris/Epilogue/build/Build/Intermediates.noindex/swift-transformers.build/Debug-iphonesimulator/Models.build/Objects-normal/x86_64/Models.swiftmodule -validate-clang-modules-once -clang-build-session-file /Users/kris/Epilogue/build/ModuleCache.noindex/Session.modulevalidation -Xcc -I/Users/kris/Epilogue/build/Build/Intermediates.noindex/swift-transformers.build/Debug-iphonesimulator/Models.build/swift-overrides.hmap -emit-const-values -Xfrontend -const-gather-protocols-file -Xfrontend /Users/kris/Epilogue/build/Build/Intermediates.noindex/swift-transformers.build/Debug-iphonesimulator/Models.build/Objects-normal/x86_64/Models_const_extract_protocols.json -Xcc -I/Users/kris/Epilogue/build/Build/Products/Debug-iphonesimulator/include -Xcc -I/Users/kris/Epilogue/build/Build/Intermediates.noindex/swift-transformers.build/Debug-iphonesimulator/Models.build/DerivedSources-normal/x86_64 -Xcc -I/Users/kris/Epilogue/build/Build/Intermediates.noindex/swift-transformers.build/Debug-iphonesimulator/Models.build/DerivedSources/x86_64 -Xcc -I/Users/kris/Epilogue/build/Build/Intermediates.noindex/swift-transformers.build/Debug-iphonesimulator/Models.build/DerivedSources -Xcc -DSWIFT_PACKAGE -Xcc -DDEBUG\=1 -emit-objc-header -emit-objc-header-path /Users/kris/Epilogue/build/Build/Intermediates.noindex/swift-transformers.build/Debug-iphonesimulator/Models.build/Objects-normal/x86_64/Models-Swift.h -working-directory /Users/kris/Epilogue/Epilogue/Epilogue.xcodeproj -experimental-emit-module-separately -disable-cmo

SwiftDriverJobDiscovery normal x86_64 Compiling LanguageModelTypes.swift (in target 'Models' from project 'swift-transformers')

Copy /Users/kris/Epilogue/build/Build/Products/Debug-iphonesimulator/Models.swiftmodule/x86_64-apple-ios-simulator.swiftmodule /Users/kris/Epilogue/build/Build/Intermediates.noindex/swift-transformers.build/Debug-iphonesimulator/Models.build/Objects-normal/x86_64/Models.swiftmodule (in target 'Models' from project 'swift-transformers')
    cd /Users/kris/Epilogue/build/SourcePackages/checkouts/swift-transformers
    builtin-copy -exclude .DS_Store -exclude CVS -exclude .svn -exclude .git -exclude .hg -resolve-src-symlinks -rename /Users/kris/Epilogue/build/Build/Intermediates.noindex/swift-transformers.build/Debug-iphonesimulator/Models.build/Objects-normal/x86_64/Models.swiftmodule /Users/kris/Epilogue/build/Build/Products/Debug-iphonesimulator/Models.swiftmodule/x86_64-apple-ios-simulator.swiftmodule

Copy /Users/kris/Epilogue/build/Build/Products/Debug-iphonesimulator/Models.swiftmodule/x86_64-apple-ios-simulator.swiftdoc /Users/kris/Epilogue/build/Build/Intermediates.noindex/swift-transformers.build/Debug-iphonesimulator/Models.build/Objects-normal/x86_64/Models.swiftdoc (in target 'Models' from project 'swift-transformers')
    cd /Users/kris/Epilogue/build/SourcePackages/checkouts/swift-transformers
    builtin-copy -exclude .DS_Store -exclude CVS -exclude .svn -exclude .git -exclude .hg -resolve-src-symlinks -rename /Users/kris/Epilogue/build/Build/Intermediates.noindex/swift-transformers.build/Debug-iphonesimulator/Models.build/Objects-normal/x86_64/Models.swiftdoc /Users/kris/Epilogue/build/Build/Products/Debug-iphonesimulator/Models.swiftmodule/x86_64-apple-ios-simulator.swiftdoc

Copy /Users/kris/Epilogue/build/Build/Products/Debug-iphonesimulator/Models.swiftmodule/x86_64-apple-ios-simulator.abi.json /Users/kris/Epilogue/build/Build/Intermediates.noindex/swift-transformers.build/Debug-iphonesimulator/Models.build/Objects-normal/x86_64/Models.abi.json (in target 'Models' from project 'swift-transformers')
    cd /Users/kris/Epilogue/build/SourcePackages/checkouts/swift-transformers
    builtin-copy -exclude .DS_Store -exclude CVS -exclude .svn -exclude .git -exclude .hg -resolve-src-symlinks -rename /Users/kris/Epilogue/build/Build/Intermediates.noindex/swift-transformers.build/Debug-iphonesimulator/Models.build/Objects-normal/x86_64/Models.abi.json /Users/kris/Epilogue/build/Build/Products/Debug-iphonesimulator/Models.swiftmodule/x86_64-apple-ios-simulator.abi.json

Copy /Users/kris/Epilogue/build/Build/Products/Debug-iphonesimulator/Models.swiftmodule/Project/x86_64-apple-ios-simulator.swiftsourceinfo /Users/kris/Epilogue/build/Build/Intermediates.noindex/swift-transformers.build/Debug-iphonesimulator/Models.build/Objects-normal/x86_64/Models.swiftsourceinfo (in target 'Models' from project 'swift-transformers')
    cd /Users/kris/Epilogue/build/SourcePackages/checkouts/swift-transformers
    builtin-copy -exclude .DS_Store -exclude CVS -exclude .svn -exclude .git -exclude .hg -resolve-src-symlinks -rename /Users/kris/Epilogue/build/Build/Intermediates.noindex/swift-transformers.build/Debug-iphonesimulator/Models.build/Objects-normal/x86_64/Models.swiftsourceinfo /Users/kris/Epilogue/build/Build/Products/Debug-iphonesimulator/Models.swiftmodule/Project/x86_64-apple-ios-simulator.swiftsourceinfo

SwiftDriverJobDiscovery normal arm64 Emitting module for Models (in target 'Models' from project 'swift-transformers')

SwiftDriver\ Compilation\ Requirements Models normal arm64 com.apple.xcode.tools.swift.compiler (in target 'Models' from project 'swift-transformers')
    cd /Users/kris/Epilogue/Epilogue/Epilogue.xcodeproj
    builtin-Swift-Compilation-Requirements -- /Applications/Xcode-beta.app/Contents/Developer/Toolchains/XcodeDefault.xctoolchain/usr/bin/swiftc -module-name Models -Onone -enforce-exclusivity\=checked @/Users/kris/Epilogue/build/Build/Intermediates.noindex/swift-transformers.build/Debug-iphonesimulator/Models.build/Objects-normal/arm64/Models.SwiftFileList -DSWIFT_PACKAGE -DDEBUG -DSWIFT_MODULE_RESOURCE_BUNDLE_UNAVAILABLE -DXcode -plugin-path /Applications/Xcode-beta.app/Contents/Developer/Toolchains/XcodeDefault.xctoolchain/usr/lib/swift/host/plugins/testing -enable-experimental-feature DebugDescriptionMacro -sdk /Applications/Xcode-beta.app/Contents/Developer/Platforms/iPhoneSimulator.platform/Developer/SDKs/iPhoneSimulator26.0.sdk -target arm64-apple-ios16.0-simulator -g -module-cache-path /Users/kris/Epilogue/build/ModuleCache.noindex -Xfrontend -serialize-debugging-options -profile-coverage-mapping -profile-generate -enable-testing -suppress-warnings -index-store-path /Users/kris/Epilogue/build/Index.noindex/DataStore -Xcc -D_LIBCPP_HARDENING_MODE\=_LIBCPP_HARDENING_MODE_DEBUG -swift-version 5 -I /Users/kris/Epilogue/build/Build/Products/Debug-iphonesimulator -Isystem /Applications/Xcode-beta.app/Contents/Developer/Platforms/iPhoneSimulator.platform/Developer/usr/lib -F /Users/kris/Epilogue/build/Build/Products/Debug-iphonesimulator/PackageFrameworks -F /Users/kris/Epilogue/build/Build/Products/Debug-iphonesimulator/PackageFrameworks -F /Users/kris/Epilogue/build/Build/Products/Debug-iphonesimulator/PackageFrameworks -F /Users/kris/Epilogue/build/Build/Products/Debug-iphonesimulator/PackageFrameworks -F /Users/kris/Epilogue/build/Build/Products/Debug-iphonesimulator/PackageFrameworks -F /Users/kris/Epilogue/build/Build/Products/Debug-iphonesimulator/PackageFrameworks -F /Users/kris/Epilogue/build/Build/Products/Debug-iphonesimulator/PackageFrameworks -F /Users/kris/Epilogue/build/Build/Products/Debug-iphonesimulator -F /Applications/Xcode-beta.app/Contents/Developer/Platforms/iPhoneSimulator.platform/Developer/Library/Frameworks -F /Applications/Xcode-beta.app/Contents/Developer/Platforms/iPhoneSimulator.platform/Developer/SDKs/iPhoneSimulator26.0.sdk/Developer/Library/Frameworks -c -j12 -enable-batch-mode -incremental -Xcc -ivfsstatcache -Xcc /Users/kris/Epilogue/build/SDKStatCaches.noindex/iphonesimulator26.0-23A5297f-3885c01c3e6b6a337905948deab2002efc862078e33f881139a9d2f83bd1a9d0.sdkstatcache -output-file-map /Users/kris/Epilogue/build/Build/Intermediates.noindex/swift-transformers.build/Debug-iphonesimulator/Models.build/Objects-normal/arm64/Models-OutputFileMap.json -use-frontend-parseable-output -save-temps -no-color-diagnostics -explicit-module-build -module-cache-path /Users/kris/Epilogue/build/Build/Intermediates.noindex/SwiftExplicitPrecompiledModules -clang-scanner-module-cache-path /Users/kris/Epilogue/build/ModuleCache.noindex -sdk-module-cache-path /Users/kris/Epilogue/build/ModuleCache.noindex -serialize-diagnostics -emit-dependencies -emit-module -emit-module-path /Users/kris/Epilogue/build/Build/Intermediates.noindex/swift-transformers.build/Debug-iphonesimulator/Models.build/Objects-normal/arm64/Models.swiftmodule -validate-clang-modules-once -clang-build-session-file /Users/kris/Epilogue/build/ModuleCache.noindex/Session.modulevalidation -Xcc -I/Users/kris/Epilogue/build/Build/Intermediates.noindex/swift-transformers.build/Debug-iphonesimulator/Models.build/swift-overrides.hmap -emit-const-values -Xfrontend -const-gather-protocols-file -Xfrontend /Users/kris/Epilogue/build/Build/Intermediates.noindex/swift-transformers.build/Debug-iphonesimulator/Models.build/Objects-normal/arm64/Models_const_extract_protocols.json -Xcc -I/Users/kris/Epilogue/build/Build/Products/Debug-iphonesimulator/include -Xcc -I/Users/kris/Epilogue/build/Build/Intermediates.noindex/swift-transformers.build/Debug-iphonesimulator/Models.build/DerivedSources-normal/arm64 -Xcc -I/Users/kris/Epilogue/build/Build/Intermediates.noindex/swift-transformers.build/Debug-iphonesimulator/Models.build/DerivedSources/arm64 -Xcc -I/Users/kris/Epilogue/build/Build/Intermediates.noindex/swift-transformers.build/Debug-iphonesimulator/Models.build/DerivedSources -Xcc -DSWIFT_PACKAGE -Xcc -DDEBUG\=1 -emit-objc-header -emit-objc-header-path /Users/kris/Epilogue/build/Build/Intermediates.noindex/swift-transformers.build/Debug-iphonesimulator/Models.build/Objects-normal/arm64/Models-Swift.h -working-directory /Users/kris/Epilogue/Epilogue/Epilogue.xcodeproj -experimental-emit-module-separately -disable-cmo

SwiftMergeGeneratedHeaders /Users/kris/Epilogue/build/Build/Intermediates.noindex/GeneratedModuleMaps-iphonesimulator/Models-Swift.h /Users/kris/Epilogue/build/Build/Intermediates.noindex/swift-transformers.build/Debug-iphonesimulator/Models.build/Objects-normal/arm64/Models-Swift.h /Users/kris/Epilogue/build/Build/Intermediates.noindex/swift-transformers.build/Debug-iphonesimulator/Models.build/Objects-normal/x86_64/Models-Swift.h (in target 'Models' from project 'swift-transformers')
    cd /Users/kris/Epilogue/build/SourcePackages/checkouts/swift-transformers
    builtin-swiftHeaderTool -arch arm64 /Users/kris/Epilogue/build/Build/Intermediates.noindex/swift-transformers.build/Debug-iphonesimulator/Models.build/Objects-normal/arm64/Models-Swift.h -arch x86_64 /Users/kris/Epilogue/build/Build/Intermediates.noindex/swift-transformers.build/Debug-iphonesimulator/Models.build/Objects-normal/x86_64/Models-Swift.h -o /Users/kris/Epilogue/build/Build/Intermediates.noindex/GeneratedModuleMaps-iphonesimulator/Models-Swift.h

Copy /Users/kris/Epilogue/build/Build/Products/Debug-iphonesimulator/Models.swiftmodule/arm64-apple-ios-simulator.swiftmodule /Users/kris/Epilogue/build/Build/Intermediates.noindex/swift-transformers.build/Debug-iphonesimulator/Models.build/Objects-normal/arm64/Models.swiftmodule (in target 'Models' from project 'swift-transformers')
    cd /Users/kris/Epilogue/build/SourcePackages/checkouts/swift-transformers
    builtin-copy -exclude .DS_Store -exclude CVS -exclude .svn -exclude .git -exclude .hg -resolve-src-symlinks -rename /Users/kris/Epilogue/build/Build/Intermediates.noindex/swift-transformers.build/Debug-iphonesimulator/Models.build/Objects-normal/arm64/Models.swiftmodule /Users/kris/Epilogue/build/Build/Products/Debug-iphonesimulator/Models.swiftmodule/arm64-apple-ios-simulator.swiftmodule

Copy /Users/kris/Epilogue/build/Build/Products/Debug-iphonesimulator/Models.swiftmodule/arm64-apple-ios-simulator.swiftdoc /Users/kris/Epilogue/build/Build/Intermediates.noindex/swift-transformers.build/Debug-iphonesimulator/Models.build/Objects-normal/arm64/Models.swiftdoc (in target 'Models' from project 'swift-transformers')
    cd /Users/kris/Epilogue/build/SourcePackages/checkouts/swift-transformers
    builtin-copy -exclude .DS_Store -exclude CVS -exclude .svn -exclude .git -exclude .hg -resolve-src-symlinks -rename /Users/kris/Epilogue/build/Build/Intermediates.noindex/swift-transformers.build/Debug-iphonesimulator/Models.build/Objects-normal/arm64/Models.swiftdoc /Users/kris/Epilogue/build/Build/Products/Debug-iphonesimulator/Models.swiftmodule/arm64-apple-ios-simulator.swiftdoc

Copy /Users/kris/Epilogue/build/Build/Products/Debug-iphonesimulator/Models.swiftmodule/arm64-apple-ios-simulator.abi.json /Users/kris/Epilogue/build/Build/Intermediates.noindex/swift-transformers.build/Debug-iphonesimulator/Models.build/Objects-normal/arm64/Models.abi.json (in target 'Models' from project 'swift-transformers')
    cd /Users/kris/Epilogue/build/SourcePackages/checkouts/swift-transformers
    builtin-copy -exclude .DS_Store -exclude CVS -exclude .svn -exclude .git -exclude .hg -resolve-src-symlinks -rename /Users/kris/Epilogue/build/Build/Intermediates.noindex/swift-transformers.build/Debug-iphonesimulator/Models.build/Objects-normal/arm64/Models.abi.json /Users/kris/Epilogue/build/Build/Products/Debug-iphonesimulator/Models.swiftmodule/arm64-apple-ios-simulator.abi.json

Copy /Users/kris/Epilogue/build/Build/Products/Debug-iphonesimulator/Models.swiftmodule/Project/arm64-apple-ios-simulator.swiftsourceinfo /Users/kris/Epilogue/build/Build/Intermediates.noindex/swift-transformers.build/Debug-iphonesimulator/Models.build/Objects-normal/arm64/Models.swiftsourceinfo (in target 'Models' from project 'swift-transformers')
    cd /Users/kris/Epilogue/build/SourcePackages/checkouts/swift-transformers
    builtin-copy -exclude .DS_Store -exclude CVS -exclude .svn -exclude .git -exclude .hg -resolve-src-symlinks -rename /Users/kris/Epilogue/build/Build/Intermediates.noindex/swift-transformers.build/Debug-iphonesimulator/Models.build/Objects-normal/arm64/Models.swiftsourceinfo /Users/kris/Epilogue/build/Build/Products/Debug-iphonesimulator/Models.swiftmodule/Project/arm64-apple-ios-simulator.swiftsourceinfo

SwiftDriverJobDiscovery normal arm64 Compiling LanguageModelTypes.swift (in target 'Models' from project 'swift-transformers')

SwiftDriver WhisperKit normal x86_64 com.apple.xcode.tools.swift.compiler (in target 'WhisperKit' from project 'whisperkit')
    cd /Users/kris/Epilogue/Epilogue/Epilogue.xcodeproj
    builtin-SwiftDriver -- /Applications/Xcode-beta.app/Contents/Developer/Toolchains/XcodeDefault.xctoolchain/usr/bin/swiftc -module-name WhisperKit -Onone -enforce-exclusivity\=checked @/Users/kris/Epilogue/build/Build/Intermediates.noindex/whisperkit.build/Debug-iphonesimulator/WhisperKit.build/Objects-normal/x86_64/WhisperKit.SwiftFileList -DSWIFT_PACKAGE -DDEBUG -DSWIFT_MODULE_RESOURCE_BUNDLE_UNAVAILABLE -DXcode -plugin-path /Applications/Xcode-beta.app/Contents/Developer/Toolchains/XcodeDefault.xctoolchain/usr/lib/swift/host/plugins/testing -enable-experimental-feature DebugDescriptionMacro -sdk /Applications/Xcode-beta.app/Contents/Developer/Platforms/iPhoneSimulator.platform/Developer/SDKs/iPhoneSimulator26.0.sdk -target x86_64-apple-ios16.0-simulator -g -module-cache-path /Users/kris/Epilogue/build/ModuleCache.noindex -Xfrontend -serialize-debugging-options -profile-coverage-mapping -profile-generate -enable-testing -suppress-warnings -index-store-path /Users/kris/Epilogue/build/Index.noindex/DataStore -Xcc -D_LIBCPP_HARDENING_MODE\=_LIBCPP_HARDENING_MODE_DEBUG -swift-version 5 -I /Users/kris/Epilogue/build/Build/Products/Debug-iphonesimulator -Isystem /Applications/Xcode-beta.app/Contents/Developer/Platforms/iPhoneSimulator.platform/Developer/usr/lib -F /Users/kris/Epilogue/build/Build/Products/Debug-iphonesimulator/PackageFrameworks -F /Users/kris/Epilogue/build/Build/Products/Debug-iphonesimulator/PackageFrameworks -F /Users/kris/Epilogue/build/Build/Products/Debug-iphonesimulator/PackageFrameworks -F /Users/kris/Epilogue/build/Build/Products/Debug-iphonesimulator/PackageFrameworks -F /Users/kris/Epilogue/build/Build/Products/Debug-iphonesimulator/PackageFrameworks -F /Users/kris/Epilogue/build/Build/Products/Debug-iphonesimulator/PackageFrameworks -F /Users/kris/Epilogue/build/Build/Products/Debug-iphonesimulator/PackageFrameworks -F /Users/kris/Epilogue/build/Build/Products/Debug-iphonesimulator/PackageFrameworks -F /Users/kris/Epilogue/build/Build/Products/Debug-iphonesimulator -F /Applications/Xcode-beta.app/Contents/Developer/Platforms/iPhoneSimulator.platform/Developer/Library/Frameworks -F /Applications/Xcode-beta.app/Contents/Developer/Platforms/iPhoneSimulator.platform/Developer/SDKs/iPhoneSimulator26.0.sdk/Developer/Library/Frameworks -c -j12 -enable-batch-mode -incremental -Xcc -ivfsstatcache -Xcc /Users/kris/Epilogue/build/SDKStatCaches.noindex/iphonesimulator26.0-23A5297f-3885c01c3e6b6a337905948deab2002efc862078e33f881139a9d2f83bd1a9d0.sdkstatcache -output-file-map /Users/kris/Epilogue/build/Build/Intermediates.noindex/whisperkit.build/Debug-iphonesimulator/WhisperKit.build/Objects-normal/x86_64/WhisperKit-OutputFileMap.json -use-frontend-parseable-output -save-temps -no-color-diagnostics -explicit-module-build -module-cache-path /Users/kris/Epilogue/build/Build/Intermediates.noindex/SwiftExplicitPrecompiledModules -clang-scanner-module-cache-path /Users/kris/Epilogue/build/ModuleCache.noindex -sdk-module-cache-path /Users/kris/Epilogue/build/ModuleCache.noindex -serialize-diagnostics -emit-dependencies -emit-module -emit-module-path /Users/kris/Epilogue/build/Build/Intermediates.noindex/whisperkit.build/Debug-iphonesimulator/WhisperKit.build/Objects-normal/x86_64/WhisperKit.swiftmodule -validate-clang-modules-once -clang-build-session-file /Users/kris/Epilogue/build/ModuleCache.noindex/Session.modulevalidation -package-name whisperkit -Xcc -I/Users/kris/Epilogue/build/Build/Intermediates.noindex/whisperkit.build/Debug-iphonesimulator/WhisperKit.build/swift-overrides.hmap -emit-const-values -Xfrontend -const-gather-protocols-file -Xfrontend /Users/kris/Epilogue/build/Build/Intermediates.noindex/whisperkit.build/Debug-iphonesimulator/WhisperKit.build/Objects-normal/x86_64/WhisperKit_const_extract_protocols.json -Xcc -I/Users/kris/Epilogue/build/Build/Products/Debug-iphonesimulator/include -Xcc -I/Users/kris/Epilogue/build/Build/Intermediates.noindex/whisperkit.build/Debug-iphonesimulator/WhisperKit.build/DerivedSources-normal/x86_64 -Xcc -I/Users/kris/Epilogue/build/Build/Intermediates.noindex/whisperkit.build/Debug-iphonesimulator/WhisperKit.build/DerivedSources/x86_64 -Xcc -I/Users/kris/Epilogue/build/Build/Intermediates.noindex/whisperkit.build/Debug-iphonesimulator/WhisperKit.build/DerivedSources -Xcc -DSWIFT_PACKAGE -Xcc -DDEBUG\=1 -emit-objc-header -emit-objc-header-path /Users/kris/Epilogue/build/Build/Intermediates.noindex/whisperkit.build/Debug-iphonesimulator/WhisperKit.build/Objects-normal/x86_64/WhisperKit-Swift.h -working-directory /Users/kris/Epilogue/Epilogue/Epilogue.xcodeproj -experimental-emit-module-separately -disable-cmo

SwiftDriver WhisperKit normal arm64 com.apple.xcode.tools.swift.compiler (in target 'WhisperKit' from project 'whisperkit')
    cd /Users/kris/Epilogue/Epilogue/Epilogue.xcodeproj
    builtin-SwiftDriver -- /Applications/Xcode-beta.app/Contents/Developer/Toolchains/XcodeDefault.xctoolchain/usr/bin/swiftc -module-name WhisperKit -Onone -enforce-exclusivity\=checked @/Users/kris/Epilogue/build/Build/Intermediates.noindex/whisperkit.build/Debug-iphonesimulator/WhisperKit.build/Objects-normal/arm64/WhisperKit.SwiftFileList -DSWIFT_PACKAGE -DDEBUG -DSWIFT_MODULE_RESOURCE_BUNDLE_UNAVAILABLE -DXcode -plugin-path /Applications/Xcode-beta.app/Contents/Developer/Toolchains/XcodeDefault.xctoolchain/usr/lib/swift/host/plugins/testing -enable-experimental-feature DebugDescriptionMacro -sdk /Applications/Xcode-beta.app/Contents/Developer/Platforms/iPhoneSimulator.platform/Developer/SDKs/iPhoneSimulator26.0.sdk -target arm64-apple-ios16.0-simulator -g -module-cache-path /Users/kris/Epilogue/build/ModuleCache.noindex -Xfrontend -serialize-debugging-options -profile-coverage-mapping -profile-generate -enable-testing -suppress-warnings -index-store-path /Users/kris/Epilogue/build/Index.noindex/DataStore -Xcc -D_LIBCPP_HARDENING_MODE\=_LIBCPP_HARDENING_MODE_DEBUG -swift-version 5 -I /Users/kris/Epilogue/build/Build/Products/Debug-iphonesimulator -Isystem /Applications/Xcode-beta.app/Contents/Developer/Platforms/iPhoneSimulator.platform/Developer/usr/lib -F /Users/kris/Epilogue/build/Build/Products/Debug-iphonesimulator/PackageFrameworks -F /Users/kris/Epilogue/build/Build/Products/Debug-iphonesimulator/PackageFrameworks -F /Users/kris/Epilogue/build/Build/Products/Debug-iphonesimulator/PackageFrameworks -F /Users/kris/Epilogue/build/Build/Products/Debug-iphonesimulator/PackageFrameworks -F /Users/kris/Epilogue/build/Build/Products/Debug-iphonesimulator/PackageFrameworks -F /Users/kris/Epilogue/build/Build/Products/Debug-iphonesimulator/PackageFrameworks -F /Users/kris/Epilogue/build/Build/Products/Debug-iphonesimulator/PackageFrameworks -F /Users/kris/Epilogue/build/Build/Products/Debug-iphonesimulator/PackageFrameworks -F /Users/kris/Epilogue/build/Build/Products/Debug-iphonesimulator -F /Applications/Xcode-beta.app/Contents/Developer/Platforms/iPhoneSimulator.platform/Developer/Library/Frameworks -F /Applications/Xcode-beta.app/Contents/Developer/Platforms/iPhoneSimulator.platform/Developer/SDKs/iPhoneSimulator26.0.sdk/Developer/Library/Frameworks -c -j12 -enable-batch-mode -incremental -Xcc -ivfsstatcache -Xcc /Users/kris/Epilogue/build/SDKStatCaches.noindex/iphonesimulator26.0-23A5297f-3885c01c3e6b6a337905948deab2002efc862078e33f881139a9d2f83bd1a9d0.sdkstatcache -output-file-map /Users/kris/Epilogue/build/Build/Intermediates.noindex/whisperkit.build/Debug-iphonesimulator/WhisperKit.build/Objects-normal/arm64/WhisperKit-OutputFileMap.json -use-frontend-parseable-output -save-temps -no-color-diagnostics -explicit-module-build -module-cache-path /Users/kris/Epilogue/build/Build/Intermediates.noindex/SwiftExplicitPrecompiledModules -clang-scanner-module-cache-path /Users/kris/Epilogue/build/ModuleCache.noindex -sdk-module-cache-path /Users/kris/Epilogue/build/ModuleCache.noindex -serialize-diagnostics -emit-dependencies -emit-module -emit-module-path /Users/kris/Epilogue/build/Build/Intermediates.noindex/whisperkit.build/Debug-iphonesimulator/WhisperKit.build/Objects-normal/arm64/WhisperKit.swiftmodule -validate-clang-modules-once -clang-build-session-file /Users/kris/Epilogue/build/ModuleCache.noindex/Session.modulevalidation -package-name whisperkit -Xcc -I/Users/kris/Epilogue/build/Build/Intermediates.noindex/whisperkit.build/Debug-iphonesimulator/WhisperKit.build/swift-overrides.hmap -emit-const-values -Xfrontend -const-gather-protocols-file -Xfrontend /Users/kris/Epilogue/build/Build/Intermediates.noindex/whisperkit.build/Debug-iphonesimulator/WhisperKit.build/Objects-normal/arm64/WhisperKit_const_extract_protocols.json -Xcc -I/Users/kris/Epilogue/build/Build/Products/Debug-iphonesimulator/include -Xcc -I/Users/kris/Epilogue/build/Build/Intermediates.noindex/whisperkit.build/Debug-iphonesimulator/WhisperKit.build/DerivedSources-normal/arm64 -Xcc -I/Users/kris/Epilogue/build/Build/Intermediates.noindex/whisperkit.build/Debug-iphonesimulator/WhisperKit.build/DerivedSources/arm64 -Xcc -I/Users/kris/Epilogue/build/Build/Intermediates.noindex/whisperkit.build/Debug-iphonesimulator/WhisperKit.build/DerivedSources -Xcc -DSWIFT_PACKAGE -Xcc -DDEBUG\=1 -emit-objc-header -emit-objc-header-path /Users/kris/Epilogue/build/Build/Intermediates.noindex/whisperkit.build/Debug-iphonesimulator/WhisperKit.build/Objects-normal/arm64/WhisperKit-Swift.h -working-directory /Users/kris/Epilogue/Epilogue/Epilogue.xcodeproj -experimental-emit-module-separately -disable-cmo

RegisterExecutionPolicyException /Users/kris/Epilogue/build/Build/Products/Debug-iphonesimulator/Tokenizers.o (in target 'Tokenizers' from project 'swift-transformers')
    cd /Users/kris/Epilogue/build/SourcePackages/checkouts/swift-transformers
    builtin-RegisterExecutionPolicyException /Users/kris/Epilogue/build/Build/Products/Debug-iphonesimulator/Tokenizers.o

Ld /Users/kris/Epilogue/build/Build/Intermediates.noindex/swift-transformers.build/Debug-iphonesimulator/Generation.build/Objects-normal/x86_64/Binary/Generation.o normal x86_64 (in target 'Generation' from project 'swift-transformers')
    cd /Users/kris/Epilogue/build/SourcePackages/checkouts/swift-transformers
    /Applications/Xcode-beta.app/Contents/Developer/Toolchains/XcodeDefault.xctoolchain/usr/bin/clang -Xlinker -reproducible -target x86_64-apple-ios16.0-simulator -r -isysroot /Applications/Xcode-beta.app/Contents/Developer/Platforms/iPhoneSimulator.platform/Developer/SDKs/iPhoneSimulator26.0.sdk -O0 -w -L/Users/kris/Epilogue/build/Build/Intermediates.noindex/EagerLinkingTBDs/Debug-iphonesimulator -L/Users/kris/Epilogue/build/Build/Products/Debug-iphonesimulator -L/Applications/Xcode-beta.app/Contents/Developer/Platforms/iPhoneSimulator.platform/Developer/usr/lib -F/Users/kris/Epilogue/build/Build/Intermediates.noindex/EagerLinkingTBDs/Debug-iphonesimulator -F/Users/kris/Epilogue/build/Build/Products/Debug-iphonesimulator/PackageFrameworks -F/Users/kris/Epilogue/build/Build/Products/Debug-iphonesimulator/PackageFrameworks -F/Users/kris/Epilogue/build/Build/Products/Debug-iphonesimulator/PackageFrameworks -F/Users/kris/Epilogue/build/Build/Products/Debug-iphonesimulator/PackageFrameworks -F/Users/kris/Epilogue/build/Build/Products/Debug-iphonesimulator/PackageFrameworks -F/Users/kris/Epilogue/build/Build/Products/Debug-iphonesimulator/PackageFrameworks -F/Users/kris/Epilogue/build/Build/Products/Debug-iphonesimulator -iframework /Applications/Xcode-beta.app/Contents/Developer/Platforms/iPhoneSimulator.platform/Developer/Library/Frameworks -iframework /Applications/Xcode-beta.app/Contents/Developer/Platforms/iPhoneSimulator.platform/Developer/SDKs/iPhoneSimulator26.0.sdk/Developer/Library/Frameworks -filelist /Users/kris/Epilogue/build/Build/Intermediates.noindex/swift-transformers.build/Debug-iphonesimulator/Generation.build/Objects-normal/x86_64/Generation.LinkFileList -nostdlib -Xlinker -object_path_lto -Xlinker /Users/kris/Epilogue/build/Build/Intermediates.noindex/swift-transformers.build/Debug-iphonesimulator/Generation.build/Objects-normal/x86_64/Generation_lto.o -rdynamic -Xlinker -no_deduplicate -Xlinker -objc_abi_version -Xlinker 2 -Xlinker -debug_variant -Xlinker -dependency_info -Xlinker /Users/kris/Epilogue/build/Build/Intermediates.noindex/swift-transformers.build/Debug-iphonesimulator/Generation.build/Objects-normal/x86_64/Generation_dependency_info.dat -fobjc-link-runtime -L/Applications/Xcode-beta.app/Contents/Developer/Toolchains/XcodeDefault.xctoolchain/usr/lib/swift/iphonesimulator -L/usr/lib/swift -Xlinker -add_ast_path -Xlinker /Users/kris/Epilogue/build/Build/Intermediates.noindex/swift-transformers.build/Debug-iphonesimulator/Generation.build/Objects-normal/x86_64/Generation.swiftmodule @/Users/kris/Epilogue/build/Build/Intermediates.noindex/swift-transformers.build/Debug-iphonesimulator/Generation.build/Objects-normal/x86_64/Generation-linker-args.resp -o /Users/kris/Epilogue/build/Build/Intermediates.noindex/swift-transformers.build/Debug-iphonesimulator/Generation.build/Objects-normal/x86_64/Binary/Generation.o

Ld /Users/kris/Epilogue/build/Build/Intermediates.noindex/swift-transformers.build/Debug-iphonesimulator/Generation.build/Objects-normal/arm64/Binary/Generation.o normal arm64 (in target 'Generation' from project 'swift-transformers')
    cd /Users/kris/Epilogue/build/SourcePackages/checkouts/swift-transformers
    /Applications/Xcode-beta.app/Contents/Developer/Toolchains/XcodeDefault.xctoolchain/usr/bin/clang -Xlinker -reproducible -target arm64-apple-ios16.0-simulator -r -isysroot /Applications/Xcode-beta.app/Contents/Developer/Platforms/iPhoneSimulator.platform/Developer/SDKs/iPhoneSimulator26.0.sdk -O0 -w -L/Users/kris/Epilogue/build/Build/Intermediates.noindex/EagerLinkingTBDs/Debug-iphonesimulator -L/Users/kris/Epilogue/build/Build/Products/Debug-iphonesimulator -L/Applications/Xcode-beta.app/Contents/Developer/Platforms/iPhoneSimulator.platform/Developer/usr/lib -F/Users/kris/Epilogue/build/Build/Intermediates.noindex/EagerLinkingTBDs/Debug-iphonesimulator -F/Users/kris/Epilogue/build/Build/Products/Debug-iphonesimulator/PackageFrameworks -F/Users/kris/Epilogue/build/Build/Products/Debug-iphonesimulator/PackageFrameworks -F/Users/kris/Epilogue/build/Build/Products/Debug-iphonesimulator/PackageFrameworks -F/Users/kris/Epilogue/build/Build/Products/Debug-iphonesimulator/PackageFrameworks -F/Users/kris/Epilogue/build/Build/Products/Debug-iphonesimulator/PackageFrameworks -F/Users/kris/Epilogue/build/Build/Products/Debug-iphonesimulator/PackageFrameworks -F/Users/kris/Epilogue/build/Build/Products/Debug-iphonesimulator -iframework /Applications/Xcode-beta.app/Contents/Developer/Platforms/iPhoneSimulator.platform/Developer/Library/Frameworks -iframework /Applications/Xcode-beta.app/Contents/Developer/Platforms/iPhoneSimulator.platform/Developer/SDKs/iPhoneSimulator26.0.sdk/Developer/Library/Frameworks -filelist /Users/kris/Epilogue/build/Build/Intermediates.noindex/swift-transformers.build/Debug-iphonesimulator/Generation.build/Objects-normal/arm64/Generation.LinkFileList -nostdlib -Xlinker -object_path_lto -Xlinker /Users/kris/Epilogue/build/Build/Intermediates.noindex/swift-transformers.build/Debug-iphonesimulator/Generation.build/Objects-normal/arm64/Generation_lto.o -rdynamic -Xlinker -no_deduplicate -Xlinker -objc_abi_version -Xlinker 2 -Xlinker -debug_variant -Xlinker -dependency_info -Xlinker /Users/kris/Epilogue/build/Build/Intermediates.noindex/swift-transformers.build/Debug-iphonesimulator/Generation.build/Objects-normal/arm64/Generation_dependency_info.dat -fobjc-link-runtime -L/Applications/Xcode-beta.app/Contents/Developer/Toolchains/XcodeDefault.xctoolchain/usr/lib/swift/iphonesimulator -L/usr/lib/swift -Xlinker -add_ast_path -Xlinker /Users/kris/Epilogue/build/Build/Intermediates.noindex/swift-transformers.build/Debug-iphonesimulator/Generation.build/Objects-normal/arm64/Generation.swiftmodule @/Users/kris/Epilogue/build/Build/Intermediates.noindex/swift-transformers.build/Debug-iphonesimulator/Generation.build/Objects-normal/arm64/Generation-linker-args.resp -o /Users/kris/Epilogue/build/Build/Intermediates.noindex/swift-transformers.build/Debug-iphonesimulator/Generation.build/Objects-normal/arm64/Binary/Generation.o

CreateUniversalBinary /Users/kris/Epilogue/build/Build/Products/Debug-iphonesimulator/Generation.o normal arm64\ x86_64 (in target 'Generation' from project 'swift-transformers')
    cd /Users/kris/Epilogue/build/SourcePackages/checkouts/swift-transformers
    /Applications/Xcode-beta.app/Contents/Developer/Toolchains/XcodeDefault.xctoolchain/usr/bin/lipo -create /Users/kris/Epilogue/build/Build/Intermediates.noindex/swift-transformers.build/Debug-iphonesimulator/Generation.build/Objects-normal/arm64/Binary/Generation.o /Users/kris/Epilogue/build/Build/Intermediates.noindex/swift-transformers.build/Debug-iphonesimulator/Generation.build/Objects-normal/x86_64/Binary/Generation.o -output /Users/kris/Epilogue/build/Build/Products/Debug-iphonesimulator/Generation.o

ExtractAppIntentsMetadata (in target 'Generation' from project 'swift-transformers')
    cd /Users/kris/Epilogue/build/SourcePackages/checkouts/swift-transformers
    /Applications/Xcode-beta.app/Contents/Developer/Toolchains/XcodeDefault.xctoolchain/usr/bin/appintentsmetadataprocessor --toolchain-dir /var/run/com.apple.security.cryptexd/mnt/com.apple.MobileAsset.MetalToolchain-v17.1.5285.9.RYKCRc/Metal.xctoolchain --module-name Generation --sdk-root /Applications/Xcode-beta.app/Contents/Developer/Platforms/iPhoneSimulator.platform/Developer/SDKs/iPhoneSimulator26.0.sdk --xcode-version 17A5285i --platform-family iOS --deployment-target 16.0 --bundle-identifier swift-transformers.Generation --output /Users/kris/Epilogue/build/Build/Products/Debug-iphonesimulator/Generation.appintents --target-triple arm64-apple-ios16.0-simulator --target-triple x86_64-apple-ios16.0-simulator --binary-file /Users/kris/Epilogue/build/Build/Products/Debug-iphonesimulator/Generation.o --dependency-file /Users/kris/Epilogue/build/Build/Intermediates.noindex/swift-transformers.build/Debug-iphonesimulator/Generation.build/Objects-normal/arm64/Generation_dependency_info.dat --dependency-file /Users/kris/Epilogue/build/Build/Intermediates.noindex/swift-transformers.build/Debug-iphonesimulator/Generation.build/Objects-normal/x86_64/Generation_dependency_info.dat --stringsdata-file /Users/kris/Epilogue/build/Build/Intermediates.noindex/swift-transformers.build/Debug-iphonesimulator/Generation.build/Objects-normal/arm64/ExtractedAppShortcutsMetadata.stringsdata --stringsdata-file /Users/kris/Epilogue/build/Build/Intermediates.noindex/swift-transformers.build/Debug-iphonesimulator/Generation.build/Objects-normal/x86_64/ExtractedAppShortcutsMetadata.stringsdata --source-file-list /Users/kris/Epilogue/build/Build/Intermediates.noindex/swift-transformers.build/Debug-iphonesimulator/Generation.build/Objects-normal/arm64/Generation.SwiftFileList --source-file-list /Users/kris/Epilogue/build/Build/Intermediates.noindex/swift-transformers.build/Debug-iphonesimulator/Generation.build/Objects-normal/x86_64/Generation.SwiftFileList --metadata-file-list /Users/kris/Epilogue/build/Build/Intermediates.noindex/swift-transformers.build/Debug-iphonesimulator/Generation.build/Generation.DependencyMetadataFileList --static-metadata-file-list /Users/kris/Epilogue/build/Build/Intermediates.noindex/swift-transformers.build/Debug-iphonesimulator/Generation.build/Generation.DependencyStaticMetadataFileList --swift-const-vals-list /Users/kris/Epilogue/build/Build/Intermediates.noindex/swift-transformers.build/Debug-iphonesimulator/Generation.build/Objects-normal/arm64/Generation.SwiftConstValuesFileList --swift-const-vals-list /Users/kris/Epilogue/build/Build/Intermediates.noindex/swift-transformers.build/Debug-iphonesimulator/Generation.build/Objects-normal/x86_64/Generation.SwiftConstValuesFileList --force --compile-time-extraction --deployment-aware-processing --validate-assistant-intents --no-app-shortcuts-localization
2025-07-29 08:25:50.695 appintentsmetadataprocessor[96110:46761261] Starting appintentsmetadataprocessor export
2025-07-29 08:25:50.853 appintentsmetadataprocessor[96110:46761261] Extracted no relevant App Intents symbols, skipping writing output

SwiftDriverJobDiscovery normal x86_64 Compiling LanguageModel.swift (in target 'Models' from project 'swift-transformers')

SwiftDriver\ Compilation Models normal x86_64 com.apple.xcode.tools.swift.compiler (in target 'Models' from project 'swift-transformers')
    cd /Users/kris/Epilogue/Epilogue/Epilogue.xcodeproj
    builtin-Swift-Compilation -- /Applications/Xcode-beta.app/Contents/Developer/Toolchains/XcodeDefault.xctoolchain/usr/bin/swiftc -module-name Models -Onone -enforce-exclusivity\=checked @/Users/kris/Epilogue/build/Build/Intermediates.noindex/swift-transformers.build/Debug-iphonesimulator/Models.build/Objects-normal/x86_64/Models.SwiftFileList -DSWIFT_PACKAGE -DDEBUG -DSWIFT_MODULE_RESOURCE_BUNDLE_UNAVAILABLE -DXcode -plugin-path /Applications/Xcode-beta.app/Contents/Developer/Toolchains/XcodeDefault.xctoolchain/usr/lib/swift/host/plugins/testing -enable-experimental-feature DebugDescriptionMacro -sdk /Applications/Xcode-beta.app/Contents/Developer/Platforms/iPhoneSimulator.platform/Developer/SDKs/iPhoneSimulator26.0.sdk -target x86_64-apple-ios16.0-simulator -g -module-cache-path /Users/kris/Epilogue/build/ModuleCache.noindex -Xfrontend -serialize-debugging-options -profile-coverage-mapping -profile-generate -enable-testing -suppress-warnings -index-store-path /Users/kris/Epilogue/build/Index.noindex/DataStore -Xcc -D_LIBCPP_HARDENING_MODE\=_LIBCPP_HARDENING_MODE_DEBUG -swift-version 5 -I /Users/kris/Epilogue/build/Build/Products/Debug-iphonesimulator -Isystem /Applications/Xcode-beta.app/Contents/Developer/Platforms/iPhoneSimulator.platform/Developer/usr/lib -F /Users/kris/Epilogue/build/Build/Products/Debug-iphonesimulator/PackageFrameworks -F /Users/kris/Epilogue/build/Build/Products/Debug-iphonesimulator/PackageFrameworks -F /Users/kris/Epilogue/build/Build/Products/Debug-iphonesimulator/PackageFrameworks -F /Users/kris/Epilogue/build/Build/Products/Debug-iphonesimulator/PackageFrameworks -F /Users/kris/Epilogue/build/Build/Products/Debug-iphonesimulator/PackageFrameworks -F /Users/kris/Epilogue/build/Build/Products/Debug-iphonesimulator/PackageFrameworks -F /Users/kris/Epilogue/build/Build/Products/Debug-iphonesimulator/PackageFrameworks -F /Users/kris/Epilogue/build/Build/Products/Debug-iphonesimulator -F /Applications/Xcode-beta.app/Contents/Developer/Platforms/iPhoneSimulator.platform/Developer/Library/Frameworks -F /Applications/Xcode-beta.app/Contents/Developer/Platforms/iPhoneSimulator.platform/Developer/SDKs/iPhoneSimulator26.0.sdk/Developer/Library/Frameworks -c -j12 -enable-batch-mode -incremental -Xcc -ivfsstatcache -Xcc /Users/kris/Epilogue/build/SDKStatCaches.noindex/iphonesimulator26.0-23A5297f-3885c01c3e6b6a337905948deab2002efc862078e33f881139a9d2f83bd1a9d0.sdkstatcache -output-file-map /Users/kris/Epilogue/build/Build/Intermediates.noindex/swift-transformers.build/Debug-iphonesimulator/Models.build/Objects-normal/x86_64/Models-OutputFileMap.json -use-frontend-parseable-output -save-temps -no-color-diagnostics -explicit-module-build -module-cache-path /Users/kris/Epilogue/build/Build/Intermediates.noindex/SwiftExplicitPrecompiledModules -clang-scanner-module-cache-path /Users/kris/Epilogue/build/ModuleCache.noindex -sdk-module-cache-path /Users/kris/Epilogue/build/ModuleCache.noindex -serialize-diagnostics -emit-dependencies -emit-module -emit-module-path /Users/kris/Epilogue/build/Build/Intermediates.noindex/swift-transformers.build/Debug-iphonesimulator/Models.build/Objects-normal/x86_64/Models.swiftmodule -validate-clang-modules-once -clang-build-session-file /Users/kris/Epilogue/build/ModuleCache.noindex/Session.modulevalidation -Xcc -I/Users/kris/Epilogue/build/Build/Intermediates.noindex/swift-transformers.build/Debug-iphonesimulator/Models.build/swift-overrides.hmap -emit-const-values -Xfrontend -const-gather-protocols-file -Xfrontend /Users/kris/Epilogue/build/Build/Intermediates.noindex/swift-transformers.build/Debug-iphonesimulator/Models.build/Objects-normal/x86_64/Models_const_extract_protocols.json -Xcc -I/Users/kris/Epilogue/build/Build/Products/Debug-iphonesimulator/include -Xcc -I/Users/kris/Epilogue/build/Build/Intermediates.noindex/swift-transformers.build/Debug-iphonesimulator/Models.build/DerivedSources-normal/x86_64 -Xcc -I/Users/kris/Epilogue/build/Build/Intermediates.noindex/swift-transformers.build/Debug-iphonesimulator/Models.build/DerivedSources/x86_64 -Xcc -I/Users/kris/Epilogue/build/Build/Intermediates.noindex/swift-transformers.build/Debug-iphonesimulator/Models.build/DerivedSources -Xcc -DSWIFT_PACKAGE -Xcc -DDEBUG\=1 -emit-objc-header -emit-objc-header-path /Users/kris/Epilogue/build/Build/Intermediates.noindex/swift-transformers.build/Debug-iphonesimulator/Models.build/Objects-normal/x86_64/Models-Swift.h -working-directory /Users/kris/Epilogue/Epilogue/Epilogue.xcodeproj -experimental-emit-module-separately -disable-cmo

SwiftDriverJobDiscovery normal arm64 Compiling LanguageModel.swift (in target 'Models' from project 'swift-transformers')

SwiftDriver\ Compilation Models normal arm64 com.apple.xcode.tools.swift.compiler (in target 'Models' from project 'swift-transformers')
    cd /Users/kris/Epilogue/Epilogue/Epilogue.xcodeproj
    builtin-Swift-Compilation -- /Applications/Xcode-beta.app/Contents/Developer/Toolchains/XcodeDefault.xctoolchain/usr/bin/swiftc -module-name Models -Onone -enforce-exclusivity\=checked @/Users/kris/Epilogue/build/Build/Intermediates.noindex/swift-transformers.build/Debug-iphonesimulator/Models.build/Objects-normal/arm64/Models.SwiftFileList -DSWIFT_PACKAGE -DDEBUG -DSWIFT_MODULE_RESOURCE_BUNDLE_UNAVAILABLE -DXcode -plugin-path /Applications/Xcode-beta.app/Contents/Developer/Toolchains/XcodeDefault.xctoolchain/usr/lib/swift/host/plugins/testing -enable-experimental-feature DebugDescriptionMacro -sdk /Applications/Xcode-beta.app/Contents/Developer/Platforms/iPhoneSimulator.platform/Developer/SDKs/iPhoneSimulator26.0.sdk -target arm64-apple-ios16.0-simulator -g -module-cache-path /Users/kris/Epilogue/build/ModuleCache.noindex -Xfrontend -serialize-debugging-options -profile-coverage-mapping -profile-generate -enable-testing -suppress-warnings -index-store-path /Users/kris/Epilogue/build/Index.noindex/DataStore -Xcc -D_LIBCPP_HARDENING_MODE\=_LIBCPP_HARDENING_MODE_DEBUG -swift-version 5 -I /Users/kris/Epilogue/build/Build/Products/Debug-iphonesimulator -Isystem /Applications/Xcode-beta.app/Contents/Developer/Platforms/iPhoneSimulator.platform/Developer/usr/lib -F /Users/kris/Epilogue/build/Build/Products/Debug-iphonesimulator/PackageFrameworks -F /Users/kris/Epilogue/build/Build/Products/Debug-iphonesimulator/PackageFrameworks -F /Users/kris/Epilogue/build/Build/Products/Debug-iphonesimulator/PackageFrameworks -F /Users/kris/Epilogue/build/Build/Products/Debug-iphonesimulator/PackageFrameworks -F /Users/kris/Epilogue/build/Build/Products/Debug-iphonesimulator/PackageFrameworks -F /Users/kris/Epilogue/build/Build/Products/Debug-iphonesimulator/PackageFrameworks -F /Users/kris/Epilogue/build/Build/Products/Debug-iphonesimulator/PackageFrameworks -F /Users/kris/Epilogue/build/Build/Products/Debug-iphonesimulator -F /Applications/Xcode-beta.app/Contents/Developer/Platforms/iPhoneSimulator.platform/Developer/Library/Frameworks -F /Applications/Xcode-beta.app/Contents/Developer/Platforms/iPhoneSimulator.platform/Developer/SDKs/iPhoneSimulator26.0.sdk/Developer/Library/Frameworks -c -j12 -enable-batch-mode -incremental -Xcc -ivfsstatcache -Xcc /Users/kris/Epilogue/build/SDKStatCaches.noindex/iphonesimulator26.0-23A5297f-3885c01c3e6b6a337905948deab2002efc862078e33f881139a9d2f83bd1a9d0.sdkstatcache -output-file-map /Users/kris/Epilogue/build/Build/Intermediates.noindex/swift-transformers.build/Debug-iphonesimulator/Models.build/Objects-normal/arm64/Models-OutputFileMap.json -use-frontend-parseable-output -save-temps -no-color-diagnostics -explicit-module-build -module-cache-path /Users/kris/Epilogue/build/Build/Intermediates.noindex/SwiftExplicitPrecompiledModules -clang-scanner-module-cache-path /Users/kris/Epilogue/build/ModuleCache.noindex -sdk-module-cache-path /Users/kris/Epilogue/build/ModuleCache.noindex -serialize-diagnostics -emit-dependencies -emit-module -emit-module-path /Users/kris/Epilogue/build/Build/Intermediates.noindex/swift-transformers.build/Debug-iphonesimulator/Models.build/Objects-normal/arm64/Models.swiftmodule -validate-clang-modules-once -clang-build-session-file /Users/kris/Epilogue/build/ModuleCache.noindex/Session.modulevalidation -Xcc -I/Users/kris/Epilogue/build/Build/Intermediates.noindex/swift-transformers.build/Debug-iphonesimulator/Models.build/swift-overrides.hmap -emit-const-values -Xfrontend -const-gather-protocols-file -Xfrontend /Users/kris/Epilogue/build/Build/Intermediates.noindex/swift-transformers.build/Debug-iphonesimulator/Models.build/Objects-normal/arm64/Models_const_extract_protocols.json -Xcc -I/Users/kris/Epilogue/build/Build/Products/Debug-iphonesimulator/include -Xcc -I/Users/kris/Epilogue/build/Build/Intermediates.noindex/swift-transformers.build/Debug-iphonesimulator/Models.build/DerivedSources-normal/arm64 -Xcc -I/Users/kris/Epilogue/build/Build/Intermediates.noindex/swift-transformers.build/Debug-iphonesimulator/Models.build/DerivedSources/arm64 -Xcc -I/Users/kris/Epilogue/build/Build/Intermediates.noindex/swift-transformers.build/Debug-iphonesimulator/Models.build/DerivedSources -Xcc -DSWIFT_PACKAGE -Xcc -DDEBUG\=1 -emit-objc-header -emit-objc-header-path /Users/kris/Epilogue/build/Build/Intermediates.noindex/swift-transformers.build/Debug-iphonesimulator/Models.build/Objects-normal/arm64/Models-Swift.h -working-directory /Users/kris/Epilogue/Epilogue/Epilogue.xcodeproj -experimental-emit-module-separately -disable-cmo

RegisterExecutionPolicyException /Users/kris/Epilogue/build/Build/Products/Debug-iphonesimulator/Generation.o (in target 'Generation' from project 'swift-transformers')
    cd /Users/kris/Epilogue/build/SourcePackages/checkouts/swift-transformers
    builtin-RegisterExecutionPolicyException /Users/kris/Epilogue/build/Build/Products/Debug-iphonesimulator/Generation.o

Ld /Users/kris/Epilogue/build/Build/Intermediates.noindex/swift-transformers.build/Debug-iphonesimulator/Models.build/Objects-normal/x86_64/Binary/Models.o normal x86_64 (in target 'Models' from project 'swift-transformers')
    cd /Users/kris/Epilogue/build/SourcePackages/checkouts/swift-transformers
    /Applications/Xcode-beta.app/Contents/Developer/Toolchains/XcodeDefault.xctoolchain/usr/bin/clang -Xlinker -reproducible -target x86_64-apple-ios16.0-simulator -r -isysroot /Applications/Xcode-beta.app/Contents/Developer/Platforms/iPhoneSimulator.platform/Developer/SDKs/iPhoneSimulator26.0.sdk -O0 -w -L/Users/kris/Epilogue/build/Build/Intermediates.noindex/EagerLinkingTBDs/Debug-iphonesimulator -L/Users/kris/Epilogue/build/Build/Products/Debug-iphonesimulator -L/Applications/Xcode-beta.app/Contents/Developer/Platforms/iPhoneSimulator.platform/Developer/usr/lib -F/Users/kris/Epilogue/build/Build/Intermediates.noindex/EagerLinkingTBDs/Debug-iphonesimulator -F/Users/kris/Epilogue/build/Build/Products/Debug-iphonesimulator/PackageFrameworks -F/Users/kris/Epilogue/build/Build/Products/Debug-iphonesimulator/PackageFrameworks -F/Users/kris/Epilogue/build/Build/Products/Debug-iphonesimulator/PackageFrameworks -F/Users/kris/Epilogue/build/Build/Products/Debug-iphonesimulator/PackageFrameworks -F/Users/kris/Epilogue/build/Build/Products/Debug-iphonesimulator/PackageFrameworks -F/Users/kris/Epilogue/build/Build/Products/Debug-iphonesimulator/PackageFrameworks -F/Users/kris/Epilogue/build/Build/Products/Debug-iphonesimulator/PackageFrameworks -F/Users/kris/Epilogue/build/Build/Products/Debug-iphonesimulator -iframework /Applications/Xcode-beta.app/Contents/Developer/Platforms/iPhoneSimulator.platform/Developer/Library/Frameworks -iframework /Applications/Xcode-beta.app/Contents/Developer/Platforms/iPhoneSimulator.platform/Developer/SDKs/iPhoneSimulator26.0.sdk/Developer/Library/Frameworks -filelist /Users/kris/Epilogue/build/Build/Intermediates.noindex/swift-transformers.build/Debug-iphonesimulator/Models.build/Objects-normal/x86_64/Models.LinkFileList -nostdlib -Xlinker -object_path_lto -Xlinker /Users/kris/Epilogue/build/Build/Intermediates.noindex/swift-transformers.build/Debug-iphonesimulator/Models.build/Objects-normal/x86_64/Models_lto.o -rdynamic -Xlinker -no_deduplicate -Xlinker -objc_abi_version -Xlinker 2 -Xlinker -debug_variant -Xlinker -dependency_info -Xlinker /Users/kris/Epilogue/build/Build/Intermediates.noindex/swift-transformers.build/Debug-iphonesimulator/Models.build/Objects-normal/x86_64/Models_dependency_info.dat -fobjc-link-runtime -L/Applications/Xcode-beta.app/Contents/Developer/Toolchains/XcodeDefault.xctoolchain/usr/lib/swift/iphonesimulator -L/usr/lib/swift -Xlinker -add_ast_path -Xlinker /Users/kris/Epilogue/build/Build/Intermediates.noindex/swift-transformers.build/Debug-iphonesimulator/Models.build/Objects-normal/x86_64/Models.swiftmodule @/Users/kris/Epilogue/build/Build/Intermediates.noindex/swift-transformers.build/Debug-iphonesimulator/Models.build/Objects-normal/x86_64/Models-linker-args.resp -o /Users/kris/Epilogue/build/Build/Intermediates.noindex/swift-transformers.build/Debug-iphonesimulator/Models.build/Objects-normal/x86_64/Binary/Models.o

Ld /Users/kris/Epilogue/build/Build/Intermediates.noindex/swift-transformers.build/Debug-iphonesimulator/Models.build/Objects-normal/arm64/Binary/Models.o normal arm64 (in target 'Models' from project 'swift-transformers')
    cd /Users/kris/Epilogue/build/SourcePackages/checkouts/swift-transformers
    /Applications/Xcode-beta.app/Contents/Developer/Toolchains/XcodeDefault.xctoolchain/usr/bin/clang -Xlinker -reproducible -target arm64-apple-ios16.0-simulator -r -isysroot /Applications/Xcode-beta.app/Contents/Developer/Platforms/iPhoneSimulator.platform/Developer/SDKs/iPhoneSimulator26.0.sdk -O0 -w -L/Users/kris/Epilogue/build/Build/Intermediates.noindex/EagerLinkingTBDs/Debug-iphonesimulator -L/Users/kris/Epilogue/build/Build/Products/Debug-iphonesimulator -L/Applications/Xcode-beta.app/Contents/Developer/Platforms/iPhoneSimulator.platform/Developer/usr/lib -F/Users/kris/Epilogue/build/Build/Intermediates.noindex/EagerLinkingTBDs/Debug-iphonesimulator -F/Users/kris/Epilogue/build/Build/Products/Debug-iphonesimulator/PackageFrameworks -F/Users/kris/Epilogue/build/Build/Products/Debug-iphonesimulator/PackageFrameworks -F/Users/kris/Epilogue/build/Build/Products/Debug-iphonesimulator/PackageFrameworks -F/Users/kris/Epilogue/build/Build/Products/Debug-iphonesimulator/PackageFrameworks -F/Users/kris/Epilogue/build/Build/Products/Debug-iphonesimulator/PackageFrameworks -F/Users/kris/Epilogue/build/Build/Products/Debug-iphonesimulator/PackageFrameworks -F/Users/kris/Epilogue/build/Build/Products/Debug-iphonesimulator/PackageFrameworks -F/Users/kris/Epilogue/build/Build/Products/Debug-iphonesimulator -iframework /Applications/Xcode-beta.app/Contents/Developer/Platforms/iPhoneSimulator.platform/Developer/Library/Frameworks -iframework /Applications/Xcode-beta.app/Contents/Developer/Platforms/iPhoneSimulator.platform/Developer/SDKs/iPhoneSimulator26.0.sdk/Developer/Library/Frameworks -filelist /Users/kris/Epilogue/build/Build/Intermediates.noindex/swift-transformers.build/Debug-iphonesimulator/Models.build/Objects-normal/arm64/Models.LinkFileList -nostdlib -Xlinker -object_path_lto -Xlinker /Users/kris/Epilogue/build/Build/Intermediates.noindex/swift-transformers.build/Debug-iphonesimulator/Models.build/Objects-normal/arm64/Models_lto.o -rdynamic -Xlinker -no_deduplicate -Xlinker -objc_abi_version -Xlinker 2 -Xlinker -debug_variant -Xlinker -dependency_info -Xlinker /Users/kris/Epilogue/build/Build/Intermediates.noindex/swift-transformers.build/Debug-iphonesimulator/Models.build/Objects-normal/arm64/Models_dependency_info.dat -fobjc-link-runtime -L/Applications/Xcode-beta.app/Contents/Developer/Toolchains/XcodeDefault.xctoolchain/usr/lib/swift/iphonesimulator -L/usr/lib/swift -Xlinker -add_ast_path -Xlinker /Users/kris/Epilogue/build/Build/Intermediates.noindex/swift-transformers.build/Debug-iphonesimulator/Models.build/Objects-normal/arm64/Models.swiftmodule @/Users/kris/Epilogue/build/Build/Intermediates.noindex/swift-transformers.build/Debug-iphonesimulator/Models.build/Objects-normal/arm64/Models-linker-args.resp -o /Users/kris/Epilogue/build/Build/Intermediates.noindex/swift-transformers.build/Debug-iphonesimulator/Models.build/Objects-normal/arm64/Binary/Models.o

CreateUniversalBinary /Users/kris/Epilogue/build/Build/Products/Debug-iphonesimulator/Models.o normal arm64\ x86_64 (in target 'Models' from project 'swift-transformers')
    cd /Users/kris/Epilogue/build/SourcePackages/checkouts/swift-transformers
    /Applications/Xcode-beta.app/Contents/Developer/Toolchains/XcodeDefault.xctoolchain/usr/bin/lipo -create /Users/kris/Epilogue/build/Build/Intermediates.noindex/swift-transformers.build/Debug-iphonesimulator/Models.build/Objects-normal/arm64/Binary/Models.o /Users/kris/Epilogue/build/Build/Intermediates.noindex/swift-transformers.build/Debug-iphonesimulator/Models.build/Objects-normal/x86_64/Binary/Models.o -output /Users/kris/Epilogue/build/Build/Products/Debug-iphonesimulator/Models.o

ExtractAppIntentsMetadata (in target 'Models' from project 'swift-transformers')
    cd /Users/kris/Epilogue/build/SourcePackages/checkouts/swift-transformers
    /Applications/Xcode-beta.app/Contents/Developer/Toolchains/XcodeDefault.xctoolchain/usr/bin/appintentsmetadataprocessor --toolchain-dir /var/run/com.apple.security.cryptexd/mnt/com.apple.MobileAsset.MetalToolchain-v17.1.5285.9.RYKCRc/Metal.xctoolchain --module-name Models --sdk-root /Applications/Xcode-beta.app/Contents/Developer/Platforms/iPhoneSimulator.platform/Developer/SDKs/iPhoneSimulator26.0.sdk --xcode-version 17A5285i --platform-family iOS --deployment-target 16.0 --bundle-identifier swift-transformers.Models --output /Users/kris/Epilogue/build/Build/Products/Debug-iphonesimulator/Models.appintents --target-triple arm64-apple-ios16.0-simulator --target-triple x86_64-apple-ios16.0-simulator --binary-file /Users/kris/Epilogue/build/Build/Products/Debug-iphonesimulator/Models.o --dependency-file /Users/kris/Epilogue/build/Build/Intermediates.noindex/swift-transformers.build/Debug-iphonesimulator/Models.build/Objects-normal/arm64/Models_dependency_info.dat --dependency-file /Users/kris/Epilogue/build/Build/Intermediates.noindex/swift-transformers.build/Debug-iphonesimulator/Models.build/Objects-normal/x86_64/Models_dependency_info.dat --stringsdata-file /Users/kris/Epilogue/build/Build/Intermediates.noindex/swift-transformers.build/Debug-iphonesimulator/Models.build/Objects-normal/arm64/ExtractedAppShortcutsMetadata.stringsdata --stringsdata-file /Users/kris/Epilogue/build/Build/Intermediates.noindex/swift-transformers.build/Debug-iphonesimulator/Models.build/Objects-normal/x86_64/ExtractedAppShortcutsMetadata.stringsdata --source-file-list /Users/kris/Epilogue/build/Build/Intermediates.noindex/swift-transformers.build/Debug-iphonesimulator/Models.build/Objects-normal/arm64/Models.SwiftFileList --source-file-list /Users/kris/Epilogue/build/Build/Intermediates.noindex/swift-transformers.build/Debug-iphonesimulator/Models.build/Objects-normal/x86_64/Models.SwiftFileList --metadata-file-list /Users/kris/Epilogue/build/Build/Intermediates.noindex/swift-transformers.build/Debug-iphonesimulator/Models.build/Models.DependencyMetadataFileList --static-metadata-file-list /Users/kris/Epilogue/build/Build/Intermediates.noindex/swift-transformers.build/Debug-iphonesimulator/Models.build/Models.DependencyStaticMetadataFileList --swift-const-vals-list /Users/kris/Epilogue/build/Build/Intermediates.noindex/swift-transformers.build/Debug-iphonesimulator/Models.build/Objects-normal/arm64/Models.SwiftConstValuesFileList --swift-const-vals-list /Users/kris/Epilogue/build/Build/Intermediates.noindex/swift-transformers.build/Debug-iphonesimulator/Models.build/Objects-normal/x86_64/Models.SwiftConstValuesFileList --force --compile-time-extraction --deployment-aware-processing --validate-assistant-intents --no-app-shortcuts-localization
2025-07-29 08:25:50.917 appintentsmetadataprocessor[96135:46761361] Starting appintentsmetadataprocessor export
2025-07-29 08:25:51.007 appintentsmetadataprocessor[96135:46761361] Extracted no relevant App Intents symbols, skipping writing output

RegisterExecutionPolicyException /Users/kris/Epilogue/build/Build/Products/Debug-iphonesimulator/Models.o (in target 'Models' from project 'swift-transformers')
    cd /Users/kris/Epilogue/build/SourcePackages/checkouts/swift-transformers
    builtin-RegisterExecutionPolicyException /Users/kris/Epilogue/build/Build/Products/Debug-iphonesimulator/Models.o

ProcessInfoPlistFile /Users/kris/Epilogue/build/Build/Products/Debug-iphonesimulator/PackageFrameworks/Transformers_79FFCAD726DD9D12_PackageProduct.framework/Info.plist /Users/kris/Epilogue/build/Build/Intermediates.noindex/swift-transformers.build/Debug-iphonesimulator/Transformers\ product.build/empty-Transformers_79FFCAD726DD9D12_PackageProduct.plist (in target 'Transformers' from project 'swift-transformers')
    cd /Users/kris/Epilogue/build/SourcePackages/checkouts/swift-transformers
    builtin-infoPlistUtility /Users/kris/Epilogue/build/Build/Intermediates.noindex/swift-transformers.build/Debug-iphonesimulator/Transformers\ product.build/empty-Transformers_79FFCAD726DD9D12_PackageProduct.plist -producttype com.apple.product-type.framework -expandbuildsettings -format binary -platform iphonesimulator -o /Users/kris/Epilogue/build/Build/Products/Debug-iphonesimulator/PackageFrameworks/Transformers_79FFCAD726DD9D12_PackageProduct.framework/Info.plist

Ld /Users/kris/Epilogue/build/Build/Intermediates.noindex/swift-transformers.build/Debug-iphonesimulator/Transformers\ product.build/Objects-normal/arm64/Binary/Transformers_79FFCAD726DD9D12_PackageProduct normal arm64 (in target 'Transformers' from project 'swift-transformers')
    cd /Users/kris/Epilogue/build/SourcePackages/checkouts/swift-transformers
    /Applications/Xcode-beta.app/Contents/Developer/Toolchains/XcodeDefault.xctoolchain/usr/bin/clang -Xlinker -reproducible -target arm64-apple-ios16.0-simulator -dynamiclib -isysroot /Applications/Xcode-beta.app/Contents/Developer/Platforms/iPhoneSimulator.platform/Developer/SDKs/iPhoneSimulator26.0.sdk -O0 -w -L/Users/kris/Epilogue/build/Build/Intermediates.noindex/EagerLinkingTBDs/Debug-iphonesimulator -L/Users/kris/Epilogue/build/Build/Products/Debug-iphonesimulator -L/Applications/Xcode-beta.app/Contents/Developer/Platforms/iPhoneSimulator.platform/Developer/usr/lib -F/Users/kris/Epilogue/build/Build/Intermediates.noindex/EagerLinkingTBDs/Debug-iphonesimulator -F/Users/kris/Epilogue/build/Build/Products/Debug-iphonesimulator/PackageFrameworks -F/Users/kris/Epilogue/build/Build/Products/Debug-iphonesimulator/PackageFrameworks -F/Users/kris/Epilogue/build/Build/Products/Debug-iphonesimulator/PackageFrameworks -F/Users/kris/Epilogue/build/Build/Products/Debug-iphonesimulator/PackageFrameworks -F/Users/kris/Epilogue/build/Build/Products/Debug-iphonesimulator/PackageFrameworks -F/Users/kris/Epilogue/build/Build/Products/Debug-iphonesimulator/PackageFrameworks -F/Users/kris/Epilogue/build/Build/Products/Debug-iphonesimulator/PackageFrameworks -F/Users/kris/Epilogue/build/Build/Products/Debug-iphonesimulator/PackageFrameworks -F/Users/kris/Epilogue/build/Build/Products/Debug-iphonesimulator -iframework /Applications/Xcode-beta.app/Contents/Developer/Platforms/iPhoneSimulator.platform/Developer/Library/Frameworks -iframework /Applications/Xcode-beta.app/Contents/Developer/Platforms/iPhoneSimulator.platform/Developer/SDKs/iPhoneSimulator26.0.sdk/Developer/Library/Frameworks -filelist /Users/kris/Epilogue/build/Build/Intermediates.noindex/swift-transformers.build/Debug-iphonesimulator/Transformers\ product.build/Objects-normal/arm64/Transformers_79FFCAD726DD9D12_PackageProduct.LinkFileList -install_name @rpath/Transformers_79FFCAD726DD9D12_PackageProduct.framework/Transformers_79FFCAD726DD9D12_PackageProduct -Xlinker -rpath -Xlinker /usr/lib/swift -Xlinker -rpath -Xlinker /Users/kris/Epilogue/build/Build/Products/Debug-iphonesimulator/PackageFrameworks -dead_strip -Xlinker -object_path_lto -Xlinker /Users/kris/Epilogue/build/Build/Intermediates.noindex/swift-transformers.build/Debug-iphonesimulator/Transformers\ product.build/Objects-normal/arm64/Transformers_79FFCAD726DD9D12_PackageProduct_lto.o -rdynamic -Xlinker -no_deduplicate -Xlinker -objc_abi_version -Xlinker 2 -Xlinker -debug_variant -Xlinker -dependency_info -Xlinker /Users/kris/Epilogue/build/Build/Intermediates.noindex/swift-transformers.build/Debug-iphonesimulator/Transformers\ product.build/Objects-normal/arm64/Transformers_79FFCAD726DD9D12_PackageProduct_dependency_info.dat -fobjc-link-runtime -fprofile-instr-generate -L/Applications/Xcode-beta.app/Contents/Developer/Toolchains/XcodeDefault.xctoolchain/usr/lib/swift/iphonesimulator -L/usr/lib/swift -Wl,-no_warn_duplicate_libraries -Wl,-no_warn_duplicate_libraries -Wl,-no_warn_duplicate_libraries -Wl,-no_warn_duplicate_libraries -Wl,-no_warn_duplicate_libraries -Wl,-no_warn_duplicate_libraries -Wl,-no_warn_duplicate_libraries -Wl,-no_warn_duplicate_libraries /Users/kris/Epilogue/build/Build/Products/Debug-iphonesimulator/PackageFrameworks/Jinja_C5899F34211_PackageProduct.framework/Jinja_C5899F34211_PackageProduct -o /Users/kris/Epilogue/build/Build/Intermediates.noindex/swift-transformers.build/Debug-iphonesimulator/Transformers\ product.build/Objects-normal/arm64/Binary/Transformers_79FFCAD726DD9D12_PackageProduct -Xlinker -add_ast_path -Xlinker /Users/kris/Epilogue/build/Build/Intermediates.noindex/swift-transformers.build/Debug-iphonesimulator/Tokenizers.build/Objects-normal/arm64/Tokenizers.swiftmodule @/Users/kris/Epilogue/build/Build/Intermediates.noindex/swift-transformers.build/Debug-iphonesimulator/Tokenizers.build/Objects-normal/arm64/Tokenizers-linker-args.resp -Xlinker -add_ast_path -Xlinker /Users/kris/Epilogue/build/Build/Intermediates.noindex/swift-transformers.build/Debug-iphonesimulator/Generation.build/Objects-normal/arm64/Generation.swiftmodule @/Users/kris/Epilogue/build/Build/Intermediates.noindex/swift-transformers.build/Debug-iphonesimulator/Generation.build/Objects-normal/arm64/Generation-linker-args.resp -Xlinker -add_ast_path -Xlinker /Users/kris/Epilogue/build/Build/Intermediates.noindex/swift-transformers.build/Debug-iphonesimulator/Models.build/Objects-normal/arm64/Models.swiftmodule @/Users/kris/Epilogue/build/Build/Intermediates.noindex/swift-transformers.build/Debug-iphonesimulator/Models.build/Objects-normal/arm64/Models-linker-args.resp -Xlinker -add_ast_path -Xlinker /Users/kris/Epilogue/build/Build/Intermediates.noindex/swift-transformers.build/Debug-iphonesimulator/Hub.build/Objects-normal/arm64/Hub.swiftmodule @/Users/kris/Epilogue/build/Build/Intermediates.noindex/swift-transformers.build/Debug-iphonesimulator/Hub.build/Objects-normal/arm64/Hub-linker-args.resp -Xlinker -add_ast_path -Xlinker /Users/kris/Epilogue/build/Build/Intermediates.noindex/swift-transformers.build/Debug-iphonesimulator/TensorUtils.build/Objects-normal/arm64/TensorUtils.swiftmodule @/Users/kris/Epilogue/build/Build/Intermediates.noindex/swift-transformers.build/Debug-iphonesimulator/TensorUtils.build/Objects-normal/arm64/TensorUtils-linker-args.resp

Ld /Users/kris/Epilogue/build/Build/Intermediates.noindex/swift-transformers.build/Debug-iphonesimulator/Transformers\ product.build/Objects-normal/x86_64/Binary/Transformers_79FFCAD726DD9D12_PackageProduct normal x86_64 (in target 'Transformers' from project 'swift-transformers')
    cd /Users/kris/Epilogue/build/SourcePackages/checkouts/swift-transformers
    /Applications/Xcode-beta.app/Contents/Developer/Toolchains/XcodeDefault.xctoolchain/usr/bin/clang -Xlinker -reproducible -target x86_64-apple-ios16.0-simulator -dynamiclib -isysroot /Applications/Xcode-beta.app/Contents/Developer/Platforms/iPhoneSimulator.platform/Developer/SDKs/iPhoneSimulator26.0.sdk -O0 -w -L/Users/kris/Epilogue/build/Build/Intermediates.noindex/EagerLinkingTBDs/Debug-iphonesimulator -L/Users/kris/Epilogue/build/Build/Products/Debug-iphonesimulator -L/Applications/Xcode-beta.app/Contents/Developer/Platforms/iPhoneSimulator.platform/Developer/usr/lib -F/Users/kris/Epilogue/build/Build/Intermediates.noindex/EagerLinkingTBDs/Debug-iphonesimulator -F/Users/kris/Epilogue/build/Build/Products/Debug-iphonesimulator/PackageFrameworks -F/Users/kris/Epilogue/build/Build/Products/Debug-iphonesimulator/PackageFrameworks -F/Users/kris/Epilogue/build/Build/Products/Debug-iphonesimulator/PackageFrameworks -F/Users/kris/Epilogue/build/Build/Products/Debug-iphonesimulator/PackageFrameworks -F/Users/kris/Epilogue/build/Build/Products/Debug-iphonesimulator/PackageFrameworks -F/Users/kris/Epilogue/build/Build/Products/Debug-iphonesimulator/PackageFrameworks -F/Users/kris/Epilogue/build/Build/Products/Debug-iphonesimulator/PackageFrameworks -F/Users/kris/Epilogue/build/Build/Products/Debug-iphonesimulator/PackageFrameworks -F/Users/kris/Epilogue/build/Build/Products/Debug-iphonesimulator -iframework /Applications/Xcode-beta.app/Contents/Developer/Platforms/iPhoneSimulator.platform/Developer/Library/Frameworks -iframework /Applications/Xcode-beta.app/Contents/Developer/Platforms/iPhoneSimulator.platform/Developer/SDKs/iPhoneSimulator26.0.sdk/Developer/Library/Frameworks -filelist /Users/kris/Epilogue/build/Build/Intermediates.noindex/swift-transformers.build/Debug-iphonesimulator/Transformers\ product.build/Objects-normal/x86_64/Transformers_79FFCAD726DD9D12_PackageProduct.LinkFileList -install_name @rpath/Transformers_79FFCAD726DD9D12_PackageProduct.framework/Transformers_79FFCAD726DD9D12_PackageProduct -Xlinker -rpath -Xlinker /usr/lib/swift -Xlinker -rpath -Xlinker /Users/kris/Epilogue/build/Build/Products/Debug-iphonesimulator/PackageFrameworks -dead_strip -Xlinker -object_path_lto -Xlinker /Users/kris/Epilogue/build/Build/Intermediates.noindex/swift-transformers.build/Debug-iphonesimulator/Transformers\ product.build/Objects-normal/x86_64/Transformers_79FFCAD726DD9D12_PackageProduct_lto.o -rdynamic -Xlinker -no_deduplicate -Xlinker -objc_abi_version -Xlinker 2 -Xlinker -debug_variant -Xlinker -dependency_info -Xlinker /Users/kris/Epilogue/build/Build/Intermediates.noindex/swift-transformers.build/Debug-iphonesimulator/Transformers\ product.build/Objects-normal/x86_64/Transformers_79FFCAD726DD9D12_PackageProduct_dependency_info.dat -fobjc-link-runtime -fprofile-instr-generate -L/Applications/Xcode-beta.app/Contents/Developer/Toolchains/XcodeDefault.xctoolchain/usr/lib/swift/iphonesimulator -L/usr/lib/swift -Wl,-no_warn_duplicate_libraries -Wl,-no_warn_duplicate_libraries -Wl,-no_warn_duplicate_libraries -Wl,-no_warn_duplicate_libraries -Wl,-no_warn_duplicate_libraries -Wl,-no_warn_duplicate_libraries -Wl,-no_warn_duplicate_libraries -Wl,-no_warn_duplicate_libraries /Users/kris/Epilogue/build/Build/Products/Debug-iphonesimulator/PackageFrameworks/Jinja_C5899F34211_PackageProduct.framework/Jinja_C5899F34211_PackageProduct -o /Users/kris/Epilogue/build/Build/Intermediates.noindex/swift-transformers.build/Debug-iphonesimulator/Transformers\ product.build/Objects-normal/x86_64/Binary/Transformers_79FFCAD726DD9D12_PackageProduct -Xlinker -add_ast_path -Xlinker /Users/kris/Epilogue/build/Build/Intermediates.noindex/swift-transformers.build/Debug-iphonesimulator/Tokenizers.build/Objects-normal/x86_64/Tokenizers.swiftmodule @/Users/kris/Epilogue/build/Build/Intermediates.noindex/swift-transformers.build/Debug-iphonesimulator/Tokenizers.build/Objects-normal/x86_64/Tokenizers-linker-args.resp -Xlinker -add_ast_path -Xlinker /Users/kris/Epilogue/build/Build/Intermediates.noindex/swift-transformers.build/Debug-iphonesimulator/Generation.build/Objects-normal/x86_64/Generation.swiftmodule @/Users/kris/Epilogue/build/Build/Intermediates.noindex/swift-transformers.build/Debug-iphonesimulator/Generation.build/Objects-normal/x86_64/Generation-linker-args.resp -Xlinker -add_ast_path -Xlinker /Users/kris/Epilogue/build/Build/Intermediates.noindex/swift-transformers.build/Debug-iphonesimulator/Models.build/Objects-normal/x86_64/Models.swiftmodule @/Users/kris/Epilogue/build/Build/Intermediates.noindex/swift-transformers.build/Debug-iphonesimulator/Models.build/Objects-normal/x86_64/Models-linker-args.resp -Xlinker -add_ast_path -Xlinker /Users/kris/Epilogue/build/Build/Intermediates.noindex/swift-transformers.build/Debug-iphonesimulator/Hub.build/Objects-normal/x86_64/Hub.swiftmodule @/Users/kris/Epilogue/build/Build/Intermediates.noindex/swift-transformers.build/Debug-iphonesimulator/Hub.build/Objects-normal/x86_64/Hub-linker-args.resp -Xlinker -add_ast_path -Xlinker /Users/kris/Epilogue/build/Build/Intermediates.noindex/swift-transformers.build/Debug-iphonesimulator/TensorUtils.build/Objects-normal/x86_64/TensorUtils.swiftmodule @/Users/kris/Epilogue/build/Build/Intermediates.noindex/swift-transformers.build/Debug-iphonesimulator/TensorUtils.build/Objects-normal/x86_64/TensorUtils-linker-args.resp

SwiftExplicitDependencyGeneratePcm arm64 /Users/kris/Epilogue/build/ModuleCache.noindex/CoreAudioTypes-7W9X8ADUOUDRU4P9FJXJVFB81.pcm

SwiftExplicitDependencyGeneratePcm arm64 /Users/kris/Epilogue/build/ModuleCache.noindex/dnssd-AHC0L03Y9WN2RGZ91ADDJKHBD.pcm

SwiftExplicitDependencyGeneratePcm x86_64 /Users/kris/Epilogue/build/ModuleCache.noindex/NaturalLanguage-OUXMTDHA9XBK1M32KSPLOGZU.pcm

SwiftExplicitDependencyGeneratePcm x86_64 /Users/kris/Epilogue/build/ModuleCache.noindex/CoreMIDI-2CJ3WN3WXCKQ7YB7ACIY8FUZD.pcm

SwiftExplicitDependencyGeneratePcm arm64 /Users/kris/Epilogue/build/ModuleCache.noindex/NaturalLanguage-33CXA2QQSRNAK80577MEOQHGH.pcm

SwiftExplicitDependencyGeneratePcm x86_64 /Users/kris/Epilogue/build/ModuleCache.noindex/dnssd-5YM4XUXIYCRLL7IHUI41MR0W4.pcm

SwiftExplicitDependencyGeneratePcm x86_64 /Users/kris/Epilogue/build/ModuleCache.noindex/CoreAudioTypes-EMU5L0Q9BF0L8GNBG5KZQA18G.pcm

SwiftExplicitDependencyGeneratePcm arm64 /Users/kris/Epilogue/build/ModuleCache.noindex/CoreMIDI-OB2KYP5UCK3X1MAQK2RUNUVE.pcm

SwiftExplicitDependencyGeneratePcm x86_64 /Users/kris/Epilogue/build/ModuleCache.noindex/Network-CSG4NYARL9HR4KHGMFJAZDVXK.pcm

SwiftExplicitDependencyGeneratePcm arm64 /Users/kris/Epilogue/build/ModuleCache.noindex/Network-67LEUXQMSFJTVPAJDSOYTB3BD.pcm

SwiftExplicitDependencyGeneratePcm arm64 /Users/kris/Epilogue/build/ModuleCache.noindex/CoreAudio-3E56AA6RVZW657L15BQCFS6JU.pcm

SwiftExplicitDependencyGeneratePcm x86_64 /Users/kris/Epilogue/build/ModuleCache.noindex/CoreAudio-420A8JMPWFGIDSLN3VN5Q9CPZ.pcm

SwiftExplicitDependencyGeneratePcm x86_64 /Users/kris/Epilogue/build/ModuleCache.noindex/AudioToolbox-E7OOZ8GHDT6ZKI9MGU2N9EHQ1.pcm

SwiftExplicitDependencyGeneratePcm arm64 /Users/kris/Epilogue/build/ModuleCache.noindex/AudioToolbox-7YV7PR2SVRCAIQNJWJUVTUN3L.pcm

SwiftExplicitDependencyGeneratePcm arm64 /Users/kris/Epilogue/build/ModuleCache.noindex/CoreMedia-61AI9VZ12CBK7SPWNM68V28N7.pcm

SwiftExplicitDependencyGeneratePcm x86_64 /Users/kris/Epilogue/build/ModuleCache.noindex/CoreMedia-AZUZ7XRMMWVWXBO77CT0J12MI.pcm

SwiftExplicitDependencyGeneratePcm arm64 /Users/kris/Epilogue/build/ModuleCache.noindex/AVRouting-BPW87V6B4D0XOY7OHX3J1U8M.pcm

SwiftExplicitDependencyGeneratePcm x86_64 /Users/kris/Epilogue/build/ModuleCache.noindex/AVRouting-52K0U4BSXERYZ5DJ4B8180SDZ.pcm

CreateUniversalBinary /Users/kris/Epilogue/build/Build/Products/Debug-iphonesimulator/PackageFrameworks/Transformers_79FFCAD726DD9D12_PackageProduct.framework/Transformers_79FFCAD726DD9D12_PackageProduct normal arm64\ x86_64 (in target 'Transformers' from project 'swift-transformers')
    cd /Users/kris/Epilogue/build/SourcePackages/checkouts/swift-transformers
    /Applications/Xcode-beta.app/Contents/Developer/Toolchains/XcodeDefault.xctoolchain/usr/bin/lipo -create /Users/kris/Epilogue/build/Build/Intermediates.noindex/swift-transformers.build/Debug-iphonesimulator/Transformers\ product.build/Objects-normal/arm64/Binary/Transformers_79FFCAD726DD9D12_PackageProduct /Users/kris/Epilogue/build/Build/Intermediates.noindex/swift-transformers.build/Debug-iphonesimulator/Transformers\ product.build/Objects-normal/x86_64/Binary/Transformers_79FFCAD726DD9D12_PackageProduct -output /Users/kris/Epilogue/build/Build/Products/Debug-iphonesimulator/PackageFrameworks/Transformers_79FFCAD726DD9D12_PackageProduct.framework/Transformers_79FFCAD726DD9D12_PackageProduct

GenerateTAPI /Users/kris/Epilogue/build/Build/Intermediates.noindex/EagerLinkingTBDs/Debug-iphonesimulator/Transformers_79FFCAD726DD9D12_PackageProduct.framework/Transformers_79FFCAD726DD9D12_PackageProduct.tbd (in target 'Transformers' from project 'swift-transformers')
    cd /Users/kris/Epilogue/build/SourcePackages/checkouts/swift-transformers
    /Applications/Xcode-beta.app/Contents/Developer/Toolchains/XcodeDefault.xctoolchain/usr/bin/tapi stubify -isysroot /Applications/Xcode-beta.app/Contents/Developer/Platforms/iPhoneSimulator.platform/Developer/SDKs/iPhoneSimulator26.0.sdk -F/Users/kris/Epilogue/build/Build/Products/Debug-iphonesimulator/PackageFrameworks -F/Users/kris/Epilogue/build/Build/Products/Debug-iphonesimulator/PackageFrameworks -F/Users/kris/Epilogue/build/Build/Products/Debug-iphonesimulator/PackageFrameworks -F/Users/kris/Epilogue/build/Build/Products/Debug-iphonesimulator/PackageFrameworks -F/Users/kris/Epilogue/build/Build/Products/Debug-iphonesimulator/PackageFrameworks -F/Users/kris/Epilogue/build/Build/Products/Debug-iphonesimulator/PackageFrameworks -F/Users/kris/Epilogue/build/Build/Products/Debug-iphonesimulator/PackageFrameworks -F/Users/kris/Epilogue/build/Build/Products/Debug-iphonesimulator/PackageFrameworks -F/Users/kris/Epilogue/build/Build/Products/Debug-iphonesimulator -iframework /Applications/Xcode-beta.app/Contents/Developer/Platforms/iPhoneSimulator.platform/Developer/Library/Frameworks -iframework /Applications/Xcode-beta.app/Contents/Developer/Platforms/iPhoneSimulator.platform/Developer/SDKs/iPhoneSimulator26.0.sdk/Developer/Library/Frameworks -L/Users/kris/Epilogue/build/Build/Products/Debug-iphonesimulator -L/Applications/Xcode-beta.app/Contents/Developer/Platforms/iPhoneSimulator.platform/Developer/usr/lib /Users/kris/Epilogue/build/Build/Products/Debug-iphonesimulator/PackageFrameworks/Transformers_79FFCAD726DD9D12_PackageProduct.framework/Transformers_79FFCAD726DD9D12_PackageProduct -o /Users/kris/Epilogue/build/Build/Intermediates.noindex/EagerLinkingTBDs/Debug-iphonesimulator/Transformers_79FFCAD726DD9D12_PackageProduct.framework/Transformers_79FFCAD726DD9D12_PackageProduct.tbd

RegisterExecutionPolicyException /Users/kris/Epilogue/build/Build/Products/Debug-iphonesimulator/PackageFrameworks/Transformers_79FFCAD726DD9D12_PackageProduct.framework (in target 'Transformers' from project 'swift-transformers')
    cd /Users/kris/Epilogue/build/SourcePackages/checkouts/swift-transformers
    builtin-RegisterExecutionPolicyException /Users/kris/Epilogue/build/Build/Products/Debug-iphonesimulator/PackageFrameworks/Transformers_79FFCAD726DD9D12_PackageProduct.framework

Touch /Users/kris/Epilogue/build/Build/Products/Debug-iphonesimulator/PackageFrameworks/Transformers_79FFCAD726DD9D12_PackageProduct.framework (in target 'Transformers' from project 'swift-transformers')
    cd /Users/kris/Epilogue/build/SourcePackages/checkouts/swift-transformers
    /usr/bin/touch -c /Users/kris/Epilogue/build/Build/Products/Debug-iphonesimulator/PackageFrameworks/Transformers_79FFCAD726DD9D12_PackageProduct.framework

ProcessInfoPlistFile /Users/kris/Epilogue/build/Build/Products/Debug-iphonesimulator/PackageFrameworks/WhisperKit.framework/Info.plist /Users/kris/Epilogue/build/Build/Intermediates.noindex/whisperkit.build/Debug-iphonesimulator/WhisperKit.build/empty-WhisperKit.plist (in target 'WhisperKit' from project 'whisperkit')
    cd /Users/kris/Epilogue/build/SourcePackages/checkouts/WhisperKit
    builtin-infoPlistUtility /Users/kris/Epilogue/build/Build/Intermediates.noindex/whisperkit.build/Debug-iphonesimulator/WhisperKit.build/empty-WhisperKit.plist -producttype com.apple.product-type.framework -expandbuildsettings -format binary -platform iphonesimulator -o /Users/kris/Epilogue/build/Build/Products/Debug-iphonesimulator/PackageFrameworks/WhisperKit.framework/Info.plist

SwiftExplicitDependencyGeneratePcm arm64 /Users/kris/Epilogue/build/ModuleCache.noindex/MediaToolbox-704S3XBGQWCLL71PGDVQ3W4JS.pcm

SwiftExplicitDependencyGeneratePcm arm64 /Users/kris/Epilogue/build/ModuleCache.noindex/AVFAudio-AV5ZJDESTR5X3LQSWWM8DHIJ7.pcm

SwiftExplicitDependencyGeneratePcm x86_64 /Users/kris/Epilogue/build/ModuleCache.noindex/AVFAudio-5ZK1L3O75NXASJV07AZ2NSIUE.pcm

SwiftExplicitDependencyGeneratePcm x86_64 /Users/kris/Epilogue/build/ModuleCache.noindex/MediaToolbox-6MTWJ8B2NUKE5ZAGE6142RGFW.pcm

SwiftExplicitDependencyGeneratePcm x86_64 /Users/kris/Epilogue/build/ModuleCache.noindex/AVFoundation-77RCHOELSEHEZ9N2I5MXXO7T4.pcm

SwiftExplicitDependencyGeneratePcm arm64 /Users/kris/Epilogue/build/ModuleCache.noindex/AVFoundation-CP1TKZKK79BJYRPMN9RCHT4QS.pcm

SwiftCompile normal x86_64 Compiling\ TranscriptionUtilities.swift,\ WhisperError.swift /Users/kris/Epilogue/build/SourcePackages/checkouts/WhisperKit/Sources/WhisperKit/Utilities/TranscriptionUtilities.swift /Users/kris/Epilogue/build/SourcePackages/checkouts/WhisperKit/Sources/WhisperKit/Utilities/WhisperError.swift (in target 'WhisperKit' from project 'whisperkit')

SwiftCompile normal x86_64 /Users/kris/Epilogue/build/SourcePackages/checkouts/WhisperKit/Sources/WhisperKit/Utilities/TranscriptionUtilities.swift (in target 'WhisperKit' from project 'whisperkit')
    cd /Users/kris/Epilogue/Epilogue/Epilogue.xcodeproj
    

SwiftCompile normal x86_64 /Users/kris/Epilogue/build/SourcePackages/checkouts/WhisperKit/Sources/WhisperKit/Utilities/WhisperError.swift (in target 'WhisperKit' from project 'whisperkit')
    cd /Users/kris/Epilogue/Epilogue/Epilogue.xcodeproj
    

SwiftCompile normal x86_64 Compiling\ Extensions+Internal.swift,\ Extensions+Public.swift /Users/kris/Epilogue/build/SourcePackages/checkouts/WhisperKit/Sources/WhisperKit/Utilities/Extensions+Internal.swift /Users/kris/Epilogue/build/SourcePackages/checkouts/WhisperKit/Sources/WhisperKit/Utilities/Extensions+Public.swift (in target 'WhisperKit' from project 'whisperkit')
SwiftCompile normal x86_64 /Users/kris/Epilogue/build/SourcePackages/checkouts/WhisperKit/Sources/WhisperKit/Utilities/Extensions+Internal.swift (in target 'WhisperKit' from project 'whisperkit')
    cd /Users/kris/Epilogue/Epilogue/Epilogue.xcodeproj
    

SwiftCompile normal x86_64 /Users/kris/Epilogue/build/SourcePackages/checkouts/WhisperKit/Sources/WhisperKit/Utilities/Extensions+Public.swift (in target 'WhisperKit' from project 'whisperkit')
    cd /Users/kris/Epilogue/Epilogue/Epilogue.xcodeproj
    

SwiftCompile normal x86_64 Compiling\ ResultWriter.swift,\ TextUtilities.swift /Users/kris/Epilogue/build/SourcePackages/checkouts/WhisperKit/Sources/WhisperKit/Utilities/ResultWriter.swift /Users/kris/Epilogue/build/SourcePackages/checkouts/WhisperKit/Sources/WhisperKit/Utilities/TextUtilities.swift (in target 'WhisperKit' from project 'whisperkit')

SwiftCompile normal x86_64 /Users/kris/Epilogue/build/SourcePackages/checkouts/WhisperKit/Sources/WhisperKit/Utilities/ResultWriter.swift (in target 'WhisperKit' from project 'whisperkit')
    cd /Users/kris/Epilogue/Epilogue/Epilogue.xcodeproj
    

SwiftCompile normal x86_64 /Users/kris/Epilogue/build/SourcePackages/checkouts/WhisperKit/Sources/WhisperKit/Utilities/TextUtilities.swift (in target 'WhisperKit' from project 'whisperkit')
    cd /Users/kris/Epilogue/Epilogue/Epilogue.xcodeproj
    

SwiftCompile normal x86_64 Compiling\ TextDecoder.swift,\ TranscribeTask.swift /Users/kris/Epilogue/build/SourcePackages/checkouts/WhisperKit/Sources/WhisperKit/Core/TextDecoder.swift /Users/kris/Epilogue/build/SourcePackages/checkouts/WhisperKit/Sources/WhisperKit/Core/TranscribeTask.swift (in target 'WhisperKit' from project 'whisperkit')
SwiftCompile normal x86_64 /Users/kris/Epilogue/build/SourcePackages/checkouts/WhisperKit/Sources/WhisperKit/Core/TextDecoder.swift (in target 'WhisperKit' from project 'whisperkit')
    cd /Users/kris/Epilogue/Epilogue/Epilogue.xcodeproj
    

SwiftCompile normal x86_64 /Users/kris/Epilogue/build/SourcePackages/checkouts/WhisperKit/Sources/WhisperKit/Core/TranscribeTask.swift (in target 'WhisperKit' from project 'whisperkit')
    cd /Users/kris/Epilogue/Epilogue/Epilogue.xcodeproj
    

SwiftCompile normal x86_64 Compiling\ WhisperKit.swift,\ Concurrency.swift /Users/kris/Epilogue/build/SourcePackages/checkouts/WhisperKit/Sources/WhisperKit/Core/WhisperKit.swift /Users/kris/Epilogue/build/SourcePackages/checkouts/WhisperKit/Sources/WhisperKit/Utilities/Concurrency.swift (in target 'WhisperKit' from project 'whisperkit')

SwiftCompile normal x86_64 /Users/kris/Epilogue/build/SourcePackages/checkouts/WhisperKit/Sources/WhisperKit/Core/WhisperKit.swift (in target 'WhisperKit' from project 'whisperkit')
    cd /Users/kris/Epilogue/Epilogue/Epilogue.xcodeproj
    

SwiftCompile normal x86_64 /Users/kris/Epilogue/build/SourcePackages/checkouts/WhisperKit/Sources/WhisperKit/Utilities/Concurrency.swift (in target 'WhisperKit' from project 'whisperkit')
    cd /Users/kris/Epilogue/Epilogue/Epilogue.xcodeproj
    

SwiftCompile normal x86_64 Compiling\ AudioChunker.swift,\ AudioProcessor.swift /Users/kris/Epilogue/build/SourcePackages/checkouts/WhisperKit/Sources/WhisperKit/Core/Audio/AudioChunker.swift /Users/kris/Epilogue/build/SourcePackages/checkouts/WhisperKit/Sources/WhisperKit/Core/Audio/AudioProcessor.swift (in target 'WhisperKit' from project 'whisperkit')

SwiftCompile normal x86_64 /Users/kris/Epilogue/build/SourcePackages/checkouts/WhisperKit/Sources/WhisperKit/Core/Audio/AudioChunker.swift (in target 'WhisperKit' from project 'whisperkit')
    cd /Users/kris/Epilogue/Epilogue/Epilogue.xcodeproj
    

SwiftCompile normal x86_64 /Users/kris/Epilogue/build/SourcePackages/checkouts/WhisperKit/Sources/WhisperKit/Core/Audio/AudioProcessor.swift (in target 'WhisperKit' from project 'whisperkit')
    cd /Users/kris/Epilogue/Epilogue/Epilogue.xcodeproj
    

SwiftCompile normal x86_64 Compiling\ Configurations.swift,\ FeatureExtractor.swift /Users/kris/Epilogue/build/SourcePackages/checkouts/WhisperKit/Sources/WhisperKit/Core/Configurations.swift /Users/kris/Epilogue/build/SourcePackages/checkouts/WhisperKit/Sources/WhisperKit/Core/FeatureExtractor.swift (in target 'WhisperKit' from project 'whisperkit')

SwiftCompile normal x86_64 /Users/kris/Epilogue/build/SourcePackages/checkouts/WhisperKit/Sources/WhisperKit/Core/Configurations.swift (in target 'WhisperKit' from project 'whisperkit')
    cd /Users/kris/Epilogue/Epilogue/Epilogue.xcodeproj
    

SwiftCompile normal x86_64 /Users/kris/Epilogue/build/SourcePackages/checkouts/WhisperKit/Sources/WhisperKit/Core/FeatureExtractor.swift (in target 'WhisperKit' from project 'whisperkit')
    cd /Users/kris/Epilogue/Epilogue/Epilogue.xcodeproj
    

SwiftCompile normal x86_64 Compiling\ SegmentSeeker.swift,\ TokenSampler.swift /Users/kris/Epilogue/build/SourcePackages/checkouts/WhisperKit/Sources/WhisperKit/Core/Text/SegmentSeeker.swift /Users/kris/Epilogue/build/SourcePackages/checkouts/WhisperKit/Sources/WhisperKit/Core/Text/TokenSampler.swift (in target 'WhisperKit' from project 'whisperkit')

SwiftCompile normal x86_64 /Users/kris/Epilogue/build/SourcePackages/checkouts/WhisperKit/Sources/WhisperKit/Core/Text/SegmentSeeker.swift (in target 'WhisperKit' from project 'whisperkit')
    cd /Users/kris/Epilogue/Epilogue/Epilogue.xcodeproj
    

SwiftCompile normal x86_64 /Users/kris/Epilogue/build/SourcePackages/checkouts/WhisperKit/Sources/WhisperKit/Core/Text/TokenSampler.swift (in target 'WhisperKit' from project 'whisperkit')
    cd /Users/kris/Epilogue/Epilogue/Epilogue.xcodeproj
    

SwiftCompile normal x86_64 Compiling\ VoiceActivityDetector.swift,\ AudioEncoder.swift /Users/kris/Epilogue/build/SourcePackages/checkouts/WhisperKit/Sources/WhisperKit/Core/Audio/VoiceActivityDetector.swift /Users/kris/Epilogue/build/SourcePackages/checkouts/WhisperKit/Sources/WhisperKit/Core/AudioEncoder.swift (in target 'WhisperKit' from project 'whisperkit')

SwiftCompile normal x86_64 /Users/kris/Epilogue/build/SourcePackages/checkouts/WhisperKit/Sources/WhisperKit/Core/Audio/VoiceActivityDetector.swift (in target 'WhisperKit' from project 'whisperkit')
    cd /Users/kris/Epilogue/Epilogue/Epilogue.xcodeproj
    

SwiftCompile normal x86_64 /Users/kris/Epilogue/build/SourcePackages/checkouts/WhisperKit/Sources/WhisperKit/Core/AudioEncoder.swift (in target 'WhisperKit' from project 'whisperkit')
    cd /Users/kris/Epilogue/Epilogue/Epilogue.xcodeproj
    

SwiftEmitModule normal x86_64 Emitting\ module\ for\ WhisperKit (in target 'WhisperKit' from project 'whisperkit')

EmitSwiftModule normal x86_64 (in target 'WhisperKit' from project 'whisperkit')
    cd /Users/kris/Epilogue/Epilogue/Epilogue.xcodeproj
    

SwiftCompile normal x86_64 Compiling\ AudioStreamTranscriber.swift,\ EnergyVAD.swift /Users/kris/Epilogue/build/SourcePackages/checkouts/WhisperKit/Sources/WhisperKit/Core/Audio/AudioStreamTranscriber.swift /Users/kris/Epilogue/build/SourcePackages/checkouts/WhisperKit/Sources/WhisperKit/Core/Audio/EnergyVAD.swift (in target 'WhisperKit' from project 'whisperkit')

SwiftCompile normal x86_64 /Users/kris/Epilogue/build/SourcePackages/checkouts/WhisperKit/Sources/WhisperKit/Core/Audio/AudioStreamTranscriber.swift (in target 'WhisperKit' from project 'whisperkit')
    cd /Users/kris/Epilogue/Epilogue/Epilogue.xcodeproj
    

SwiftCompile normal x86_64 /Users/kris/Epilogue/build/SourcePackages/checkouts/WhisperKit/Sources/WhisperKit/Core/Audio/EnergyVAD.swift (in target 'WhisperKit' from project 'whisperkit')
    cd /Users/kris/Epilogue/Epilogue/Epilogue.xcodeproj
    

SwiftCompile normal x86_64 Compiling\ Logging.swift,\ ModelUtilities.swift /Users/kris/Epilogue/build/SourcePackages/checkouts/WhisperKit/Sources/WhisperKit/Utilities/Logging.swift /Users/kris/Epilogue/build/SourcePackages/checkouts/WhisperKit/Sources/WhisperKit/Utilities/ModelUtilities.swift (in target 'WhisperKit' from project 'whisperkit')

SwiftCompile normal x86_64 /Users/kris/Epilogue/build/SourcePackages/checkouts/WhisperKit/Sources/WhisperKit/Utilities/Logging.swift (in target 'WhisperKit' from project 'whisperkit')
    cd /Users/kris/Epilogue/Epilogue/Epilogue.xcodeproj
    

SwiftCompile normal x86_64 /Users/kris/Epilogue/build/SourcePackages/checkouts/WhisperKit/Sources/WhisperKit/Utilities/ModelUtilities.swift (in target 'WhisperKit' from project 'whisperkit')
    cd /Users/kris/Epilogue/Epilogue/Epilogue.xcodeproj
    

SwiftEmitModule normal arm64 Emitting\ module\ for\ WhisperKit (in target 'WhisperKit' from project 'whisperkit')

EmitSwiftModule normal arm64 (in target 'WhisperKit' from project 'whisperkit')
    cd /Users/kris/Epilogue/Epilogue/Epilogue.xcodeproj
    

SwiftDriverJobDiscovery normal x86_64 Compiling VoiceActivityDetector.swift, AudioEncoder.swift (in target 'WhisperKit' from project 'whisperkit')

SwiftCompile normal arm64 Compiling\ Extensions+Internal.swift,\ Extensions+Public.swift /Users/kris/Epilogue/build/SourcePackages/checkouts/WhisperKit/Sources/WhisperKit/Utilities/Extensions+Internal.swift /Users/kris/Epilogue/build/SourcePackages/checkouts/WhisperKit/Sources/WhisperKit/Utilities/Extensions+Public.swift (in target 'WhisperKit' from project 'whisperkit')

SwiftCompile normal arm64 /Users/kris/Epilogue/build/SourcePackages/checkouts/WhisperKit/Sources/WhisperKit/Utilities/Extensions+Internal.swift (in target 'WhisperKit' from project 'whisperkit')
    cd /Users/kris/Epilogue/Epilogue/Epilogue.xcodeproj
    

SwiftCompile normal arm64 /Users/kris/Epilogue/build/SourcePackages/checkouts/WhisperKit/Sources/WhisperKit/Utilities/Extensions+Public.swift (in target 'WhisperKit' from project 'whisperkit')
    cd /Users/kris/Epilogue/Epilogue/Epilogue.xcodeproj
    

SwiftDriverJobDiscovery normal x86_64 Compiling TranscriptionUtilities.swift, WhisperError.swift (in target 'WhisperKit' from project 'whisperkit')

SwiftCompile normal arm64 Compiling\ VoiceActivityDetector.swift,\ AudioEncoder.swift /Users/kris/Epilogue/build/SourcePackages/checkouts/WhisperKit/Sources/WhisperKit/Core/Audio/VoiceActivityDetector.swift /Users/kris/Epilogue/build/SourcePackages/checkouts/WhisperKit/Sources/WhisperKit/Core/AudioEncoder.swift (in target 'WhisperKit' from project 'whisperkit')

SwiftCompile normal arm64 /Users/kris/Epilogue/build/SourcePackages/checkouts/WhisperKit/Sources/WhisperKit/Core/Audio/VoiceActivityDetector.swift (in target 'WhisperKit' from project 'whisperkit')
    cd /Users/kris/Epilogue/Epilogue/Epilogue.xcodeproj
    

SwiftCompile normal arm64 /Users/kris/Epilogue/build/SourcePackages/checkouts/WhisperKit/Sources/WhisperKit/Core/AudioEncoder.swift (in target 'WhisperKit' from project 'whisperkit')
    cd /Users/kris/Epilogue/Epilogue/Epilogue.xcodeproj
    

SwiftDriverJobDiscovery normal x86_64 Compiling ResultWriter.swift, TextUtilities.swift (in target 'WhisperKit' from project 'whisperkit')

SwiftCompile normal arm64 Compiling\ Models.swift,\ LogitsFilter.swift /Users/kris/Epilogue/build/SourcePackages/checkouts/WhisperKit/Sources/WhisperKit/Core/Models.swift /Users/kris/Epilogue/build/SourcePackages/checkouts/WhisperKit/Sources/WhisperKit/Core/Text/LogitsFilter.swift (in target 'WhisperKit' from project 'whisperkit')
SwiftCompile normal arm64 /Users/kris/Epilogue/build/SourcePackages/checkouts/WhisperKit/Sources/WhisperKit/Core/Models.swift (in target 'WhisperKit' from project 'whisperkit')
    cd /Users/kris/Epilogue/Epilogue/Epilogue.xcodeproj
    

SwiftCompile normal arm64 /Users/kris/Epilogue/build/SourcePackages/checkouts/WhisperKit/Sources/WhisperKit/Core/Text/LogitsFilter.swift (in target 'WhisperKit' from project 'whisperkit')
    cd /Users/kris/Epilogue/Epilogue/Epilogue.xcodeproj
    

SwiftDriverJobDiscovery normal x86_64 Emitting module for WhisperKit (in target 'WhisperKit' from project 'whisperkit')

SwiftDriver\ Compilation\ Requirements WhisperKit normal x86_64 com.apple.xcode.tools.swift.compiler (in target 'WhisperKit' from project 'whisperkit')
    cd /Users/kris/Epilogue/Epilogue/Epilogue.xcodeproj
    builtin-Swift-Compilation-Requirements -- /Applications/Xcode-beta.app/Contents/Developer/Toolchains/XcodeDefault.xctoolchain/usr/bin/swiftc -module-name WhisperKit -Onone -enforce-exclusivity\=checked @/Users/kris/Epilogue/build/Build/Intermediates.noindex/whisperkit.build/Debug-iphonesimulator/WhisperKit.build/Objects-normal/x86_64/WhisperKit.SwiftFileList -DSWIFT_PACKAGE -DDEBUG -DSWIFT_MODULE_RESOURCE_BUNDLE_UNAVAILABLE -DXcode -plugin-path /Applications/Xcode-beta.app/Contents/Developer/Toolchains/XcodeDefault.xctoolchain/usr/lib/swift/host/plugins/testing -enable-experimental-feature DebugDescriptionMacro -sdk /Applications/Xcode-beta.app/Contents/Developer/Platforms/iPhoneSimulator.platform/Developer/SDKs/iPhoneSimulator26.0.sdk -target x86_64-apple-ios16.0-simulator -g -module-cache-path /Users/kris/Epilogue/build/ModuleCache.noindex -Xfrontend -serialize-debugging-options -profile-coverage-mapping -profile-generate -enable-testing -suppress-warnings -index-store-path /Users/kris/Epilogue/build/Index.noindex/DataStore -Xcc -D_LIBCPP_HARDENING_MODE\=_LIBCPP_HARDENING_MODE_DEBUG -swift-version 5 -I /Users/kris/Epilogue/build/Build/Products/Debug-iphonesimulator -Isystem /Applications/Xcode-beta.app/Contents/Developer/Platforms/iPhoneSimulator.platform/Developer/usr/lib -F /Users/kris/Epilogue/build/Build/Products/Debug-iphonesimulator/PackageFrameworks -F /Users/kris/Epilogue/build/Build/Products/Debug-iphonesimulator/PackageFrameworks -F /Users/kris/Epilogue/build/Build/Products/Debug-iphonesimulator/PackageFrameworks -F /Users/kris/Epilogue/build/Build/Products/Debug-iphonesimulator/PackageFrameworks -F /Users/kris/Epilogue/build/Build/Products/Debug-iphonesimulator/PackageFrameworks -F /Users/kris/Epilogue/build/Build/Products/Debug-iphonesimulator/PackageFrameworks -F /Users/kris/Epilogue/build/Build/Products/Debug-iphonesimulator/PackageFrameworks -F /Users/kris/Epilogue/build/Build/Products/Debug-iphonesimulator/PackageFrameworks -F /Users/kris/Epilogue/build/Build/Products/Debug-iphonesimulator -F /Applications/Xcode-beta.app/Contents/Developer/Platforms/iPhoneSimulator.platform/Developer/Library/Frameworks -F /Applications/Xcode-beta.app/Contents/Developer/Platforms/iPhoneSimulator.platform/Developer/SDKs/iPhoneSimulator26.0.sdk/Developer/Library/Frameworks -c -j12 -enable-batch-mode -incremental -Xcc -ivfsstatcache -Xcc /Users/kris/Epilogue/build/SDKStatCaches.noindex/iphonesimulator26.0-23A5297f-3885c01c3e6b6a337905948deab2002efc862078e33f881139a9d2f83bd1a9d0.sdkstatcache -output-file-map /Users/kris/Epilogue/build/Build/Intermediates.noindex/whisperkit.build/Debug-iphonesimulator/WhisperKit.build/Objects-normal/x86_64/WhisperKit-OutputFileMap.json -use-frontend-parseable-output -save-temps -no-color-diagnostics -explicit-module-build -module-cache-path /Users/kris/Epilogue/build/Build/Intermediates.noindex/SwiftExplicitPrecompiledModules -clang-scanner-module-cache-path /Users/kris/Epilogue/build/ModuleCache.noindex -sdk-module-cache-path /Users/kris/Epilogue/build/ModuleCache.noindex -serialize-diagnostics -emit-dependencies -emit-module -emit-module-path /Users/kris/Epilogue/build/Build/Intermediates.noindex/whisperkit.build/Debug-iphonesimulator/WhisperKit.build/Objects-normal/x86_64/WhisperKit.swiftmodule -validate-clang-modules-once -clang-build-session-file /Users/kris/Epilogue/build/ModuleCache.noindex/Session.modulevalidation -package-name whisperkit -Xcc -I/Users/kris/Epilogue/build/Build/Intermediates.noindex/whisperkit.build/Debug-iphonesimulator/WhisperKit.build/swift-overrides.hmap -emit-const-values -Xfrontend -const-gather-protocols-file -Xfrontend /Users/kris/Epilogue/build/Build/Intermediates.noindex/whisperkit.build/Debug-iphonesimulator/WhisperKit.build/Objects-normal/x86_64/WhisperKit_const_extract_protocols.json -Xcc -I/Users/kris/Epilogue/build/Build/Products/Debug-iphonesimulator/include -Xcc -I/Users/kris/Epilogue/build/Build/Intermediates.noindex/whisperkit.build/Debug-iphonesimulator/WhisperKit.build/DerivedSources-normal/x86_64 -Xcc -I/Users/kris/Epilogue/build/Build/Intermediates.noindex/whisperkit.build/Debug-iphonesimulator/WhisperKit.build/DerivedSources/x86_64 -Xcc -I/Users/kris/Epilogue/build/Build/Intermediates.noindex/whisperkit.build/Debug-iphonesimulator/WhisperKit.build/DerivedSources -Xcc -DSWIFT_PACKAGE -Xcc -DDEBUG\=1 -emit-objc-header -emit-objc-header-path /Users/kris/Epilogue/build/Build/Intermediates.noindex/whisperkit.build/Debug-iphonesimulator/WhisperKit.build/Objects-normal/x86_64/WhisperKit-Swift.h -working-directory /Users/kris/Epilogue/Epilogue/Epilogue.xcodeproj -experimental-emit-module-separately -disable-cmo

SwiftDriverJobDiscovery normal x86_64 Compiling AudioStreamTranscriber.swift, EnergyVAD.swift (in target 'WhisperKit' from project 'whisperkit')

SwiftCompile normal arm64 Compiling\ WhisperKit.swift,\ Concurrency.swift /Users/kris/Epilogue/build/SourcePackages/checkouts/WhisperKit/Sources/WhisperKit/Core/WhisperKit.swift /Users/kris/Epilogue/build/SourcePackages/checkouts/WhisperKit/Sources/WhisperKit/Utilities/Concurrency.swift (in target 'WhisperKit' from project 'whisperkit')

SwiftCompile normal arm64 /Users/kris/Epilogue/build/SourcePackages/checkouts/WhisperKit/Sources/WhisperKit/Core/WhisperKit.swift (in target 'WhisperKit' from project 'whisperkit')
    cd /Users/kris/Epilogue/Epilogue/Epilogue.xcodeproj
    

SwiftCompile normal arm64 /Users/kris/Epilogue/build/SourcePackages/checkouts/WhisperKit/Sources/WhisperKit/Utilities/Concurrency.swift (in target 'WhisperKit' from project 'whisperkit')
    cd /Users/kris/Epilogue/Epilogue/Epilogue.xcodeproj
    

Copy /Users/kris/Epilogue/build/Build/Products/Debug-iphonesimulator/PackageFrameworks/WhisperKit.framework/Modules/WhisperKit.swiftmodule/x86_64-apple-ios-simulator.swiftmodule /Users/kris/Epilogue/build/Build/Intermediates.noindex/whisperkit.build/Debug-iphonesimulator/WhisperKit.build/Objects-normal/x86_64/WhisperKit.swiftmodule (in target 'WhisperKit' from project 'whisperkit')
    cd /Users/kris/Epilogue/build/SourcePackages/checkouts/WhisperKit
    builtin-copy -exclude .DS_Store -exclude CVS -exclude .svn -exclude .git -exclude .hg -resolve-src-symlinks -rename /Users/kris/Epilogue/build/Build/Intermediates.noindex/whisperkit.build/Debug-iphonesimulator/WhisperKit.build/Objects-normal/x86_64/WhisperKit.swiftmodule /Users/kris/Epilogue/build/Build/Products/Debug-iphonesimulator/PackageFrameworks/WhisperKit.framework/Modules/WhisperKit.swiftmodule/x86_64-apple-ios-simulator.swiftmodule

SwiftDriverJobDiscovery normal x86_64 Compiling Logging.swift, ModelUtilities.swift (in target 'WhisperKit' from project 'whisperkit')

Copy /Users/kris/Epilogue/build/Build/Products/Debug-iphonesimulator/PackageFrameworks/WhisperKit.framework/Modules/WhisperKit.swiftmodule/x86_64-apple-ios-simulator.swiftdoc /Users/kris/Epilogue/build/Build/Intermediates.noindex/whisperkit.build/Debug-iphonesimulator/WhisperKit.build/Objects-normal/x86_64/WhisperKit.swiftdoc (in target 'WhisperKit' from project 'whisperkit')
    cd /Users/kris/Epilogue/build/SourcePackages/checkouts/WhisperKit
    builtin-copy -exclude .DS_Store -exclude CVS -exclude .svn -exclude .git -exclude .hg -resolve-src-symlinks -rename /Users/kris/Epilogue/build/Build/Intermediates.noindex/whisperkit.build/Debug-iphonesimulator/WhisperKit.build/Objects-normal/x86_64/WhisperKit.swiftdoc /Users/kris/Epilogue/build/Build/Products/Debug-iphonesimulator/PackageFrameworks/WhisperKit.framework/Modules/WhisperKit.swiftmodule/x86_64-apple-ios-simulator.swiftdoc

Copy /Users/kris/Epilogue/build/Build/Products/Debug-iphonesimulator/PackageFrameworks/WhisperKit.framework/Modules/WhisperKit.swiftmodule/x86_64-apple-ios-simulator.abi.json /Users/kris/Epilogue/build/Build/Intermediates.noindex/whisperkit.build/Debug-iphonesimulator/WhisperKit.build/Objects-normal/x86_64/WhisperKit.abi.json (in target 'WhisperKit' from project 'whisperkit')
    cd /Users/kris/Epilogue/build/SourcePackages/checkouts/WhisperKit
    builtin-copy -exclude .DS_Store -exclude CVS -exclude .svn -exclude .git -exclude .hg -resolve-src-symlinks -rename /Users/kris/Epilogue/build/Build/Intermediates.noindex/whisperkit.build/Debug-iphonesimulator/WhisperKit.build/Objects-normal/x86_64/WhisperKit.abi.json /Users/kris/Epilogue/build/Build/Products/Debug-iphonesimulator/PackageFrameworks/WhisperKit.framework/Modules/WhisperKit.swiftmodule/x86_64-apple-ios-simulator.abi.json

Copy /Users/kris/Epilogue/build/Build/Products/Debug-iphonesimulator/PackageFrameworks/WhisperKit.framework/Modules/WhisperKit.swiftmodule/Project/x86_64-apple-ios-simulator.swiftsourceinfo /Users/kris/Epilogue/build/Build/Intermediates.noindex/whisperkit.build/Debug-iphonesimulator/WhisperKit.build/Objects-normal/x86_64/WhisperKit.swiftsourceinfo (in target 'WhisperKit' from project 'whisperkit')
    cd /Users/kris/Epilogue/build/SourcePackages/checkouts/WhisperKit
    builtin-copy -exclude .DS_Store -exclude CVS -exclude .svn -exclude .git -exclude .hg -resolve-src-symlinks -rename /Users/kris/Epilogue/build/Build/Intermediates.noindex/whisperkit.build/Debug-iphonesimulator/WhisperKit.build/Objects-normal/x86_64/WhisperKit.swiftsourceinfo /Users/kris/Epilogue/build/Build/Products/Debug-iphonesimulator/PackageFrameworks/WhisperKit.framework/Modules/WhisperKit.swiftmodule/Project/x86_64-apple-ios-simulator.swiftsourceinfo

SwiftCompile normal arm64 Compiling\ AudioChunker.swift,\ AudioProcessor.swift /Users/kris/Epilogue/build/SourcePackages/checkouts/WhisperKit/Sources/WhisperKit/Core/Audio/AudioChunker.swift /Users/kris/Epilogue/build/SourcePackages/checkouts/WhisperKit/Sources/WhisperKit/Core/Audio/AudioProcessor.swift (in target 'WhisperKit' from project 'whisperkit')

SwiftCompile normal arm64 /Users/kris/Epilogue/build/SourcePackages/checkouts/WhisperKit/Sources/WhisperKit/Core/Audio/AudioChunker.swift (in target 'WhisperKit' from project 'whisperkit')
    cd /Users/kris/Epilogue/Epilogue/Epilogue.xcodeproj
    

SwiftCompile normal arm64 /Users/kris/Epilogue/build/SourcePackages/checkouts/WhisperKit/Sources/WhisperKit/Core/Audio/AudioProcessor.swift (in target 'WhisperKit' from project 'whisperkit')
    cd /Users/kris/Epilogue/Epilogue/Epilogue.xcodeproj
    

SwiftCompile normal arm64 Compiling\ Configurations.swift,\ FeatureExtractor.swift /Users/kris/Epilogue/build/SourcePackages/checkouts/WhisperKit/Sources/WhisperKit/Core/Configurations.swift /Users/kris/Epilogue/build/SourcePackages/checkouts/WhisperKit/Sources/WhisperKit/Core/FeatureExtractor.swift (in target 'WhisperKit' from project 'whisperkit')

SwiftCompile normal arm64 /Users/kris/Epilogue/build/SourcePackages/checkouts/WhisperKit/Sources/WhisperKit/Core/Configurations.swift (in target 'WhisperKit' from project 'whisperkit')
    cd /Users/kris/Epilogue/Epilogue/Epilogue.xcodeproj
    

SwiftCompile normal arm64 /Users/kris/Epilogue/build/SourcePackages/checkouts/WhisperKit/Sources/WhisperKit/Core/FeatureExtractor.swift (in target 'WhisperKit' from project 'whisperkit')
    cd /Users/kris/Epilogue/Epilogue/Epilogue.xcodeproj
    

SwiftDriverJobDiscovery normal x86_64 Compiling SegmentSeeker.swift, TokenSampler.swift (in target 'WhisperKit' from project 'whisperkit')

SwiftCompile normal arm64 Compiling\ ResultWriter.swift,\ TextUtilities.swift /Users/kris/Epilogue/build/SourcePackages/checkouts/WhisperKit/Sources/WhisperKit/Utilities/ResultWriter.swift /Users/kris/Epilogue/build/SourcePackages/checkouts/WhisperKit/Sources/WhisperKit/Utilities/TextUtilities.swift (in target 'WhisperKit' from project 'whisperkit')

SwiftCompile normal arm64 /Users/kris/Epilogue/build/SourcePackages/checkouts/WhisperKit/Sources/WhisperKit/Utilities/ResultWriter.swift (in target 'WhisperKit' from project 'whisperkit')
    cd /Users/kris/Epilogue/Epilogue/Epilogue.xcodeproj
    

SwiftCompile normal arm64 /Users/kris/Epilogue/build/SourcePackages/checkouts/WhisperKit/Sources/WhisperKit/Utilities/TextUtilities.swift (in target 'WhisperKit' from project 'whisperkit')
    cd /Users/kris/Epilogue/Epilogue/Epilogue.xcodeproj
    

SwiftDriverJobDiscovery normal arm64 Compiling VoiceActivityDetector.swift, AudioEncoder.swift (in target 'WhisperKit' from project 'whisperkit')

SwiftCompile normal arm64 Compiling\ TranscriptionUtilities.swift,\ WhisperError.swift /Users/kris/Epilogue/build/SourcePackages/checkouts/WhisperKit/Sources/WhisperKit/Utilities/TranscriptionUtilities.swift /Users/kris/Epilogue/build/SourcePackages/checkouts/WhisperKit/Sources/WhisperKit/Utilities/WhisperError.swift (in target 'WhisperKit' from project 'whisperkit')

SwiftCompile normal arm64 /Users/kris/Epilogue/build/SourcePackages/checkouts/WhisperKit/Sources/WhisperKit/Utilities/TranscriptionUtilities.swift (in target 'WhisperKit' from project 'whisperkit')
    cd /Users/kris/Epilogue/Epilogue/Epilogue.xcodeproj
    

SwiftCompile normal arm64 /Users/kris/Epilogue/build/SourcePackages/checkouts/WhisperKit/Sources/WhisperKit/Utilities/WhisperError.swift (in target 'WhisperKit' from project 'whisperkit')
    cd /Users/kris/Epilogue/Epilogue/Epilogue.xcodeproj
    

SwiftDriverJobDiscovery normal arm64 Emitting module for WhisperKit (in target 'WhisperKit' from project 'whisperkit')

SwiftDriver\ Compilation\ Requirements WhisperKit normal arm64 com.apple.xcode.tools.swift.compiler (in target 'WhisperKit' from project 'whisperkit')
    cd /Users/kris/Epilogue/Epilogue/Epilogue.xcodeproj
    builtin-Swift-Compilation-Requirements -- /Applications/Xcode-beta.app/Contents/Developer/Toolchains/XcodeDefault.xctoolchain/usr/bin/swiftc -module-name WhisperKit -Onone -enforce-exclusivity\=checked @/Users/kris/Epilogue/build/Build/Intermediates.noindex/whisperkit.build/Debug-iphonesimulator/WhisperKit.build/Objects-normal/arm64/WhisperKit.SwiftFileList -DSWIFT_PACKAGE -DDEBUG -DSWIFT_MODULE_RESOURCE_BUNDLE_UNAVAILABLE -DXcode -plugin-path /Applications/Xcode-beta.app/Contents/Developer/Toolchains/XcodeDefault.xctoolchain/usr/lib/swift/host/plugins/testing -enable-experimental-feature DebugDescriptionMacro -sdk /Applications/Xcode-beta.app/Contents/Developer/Platforms/iPhoneSimulator.platform/Developer/SDKs/iPhoneSimulator26.0.sdk -target arm64-apple-ios16.0-simulator -g -module-cache-path /Users/kris/Epilogue/build/ModuleCache.noindex -Xfrontend -serialize-debugging-options -profile-coverage-mapping -profile-generate -enable-testing -suppress-warnings -index-store-path /Users/kris/Epilogue/build/Index.noindex/DataStore -Xcc -D_LIBCPP_HARDENING_MODE\=_LIBCPP_HARDENING_MODE_DEBUG -swift-version 5 -I /Users/kris/Epilogue/build/Build/Products/Debug-iphonesimulator -Isystem /Applications/Xcode-beta.app/Contents/Developer/Platforms/iPhoneSimulator.platform/Developer/usr/lib -F /Users/kris/Epilogue/build/Build/Products/Debug-iphonesimulator/PackageFrameworks -F /Users/kris/Epilogue/build/Build/Products/Debug-iphonesimulator/PackageFrameworks -F /Users/kris/Epilogue/build/Build/Products/Debug-iphonesimulator/PackageFrameworks -F /Users/kris/Epilogue/build/Build/Products/Debug-iphonesimulator/PackageFrameworks -F /Users/kris/Epilogue/build/Build/Products/Debug-iphonesimulator/PackageFrameworks -F /Users/kris/Epilogue/build/Build/Products/Debug-iphonesimulator/PackageFrameworks -F /Users/kris/Epilogue/build/Build/Products/Debug-iphonesimulator/PackageFrameworks -F /Users/kris/Epilogue/build/Build/Products/Debug-iphonesimulator/PackageFrameworks -F /Users/kris/Epilogue/build/Build/Products/Debug-iphonesimulator -F /Applications/Xcode-beta.app/Contents/Developer/Platforms/iPhoneSimulator.platform/Developer/Library/Frameworks -F /Applications/Xcode-beta.app/Contents/Developer/Platforms/iPhoneSimulator.platform/Developer/SDKs/iPhoneSimulator26.0.sdk/Developer/Library/Frameworks -c -j12 -enable-batch-mode -incremental -Xcc -ivfsstatcache -Xcc /Users/kris/Epilogue/build/SDKStatCaches.noindex/iphonesimulator26.0-23A5297f-3885c01c3e6b6a337905948deab2002efc862078e33f881139a9d2f83bd1a9d0.sdkstatcache -output-file-map /Users/kris/Epilogue/build/Build/Intermediates.noindex/whisperkit.build/Debug-iphonesimulator/WhisperKit.build/Objects-normal/arm64/WhisperKit-OutputFileMap.json -use-frontend-parseable-output -save-temps -no-color-diagnostics -explicit-module-build -module-cache-path /Users/kris/Epilogue/build/Build/Intermediates.noindex/SwiftExplicitPrecompiledModules -clang-scanner-module-cache-path /Users/kris/Epilogue/build/ModuleCache.noindex -sdk-module-cache-path /Users/kris/Epilogue/build/ModuleCache.noindex -serialize-diagnostics -emit-dependencies -emit-module -emit-module-path /Users/kris/Epilogue/build/Build/Intermediates.noindex/whisperkit.build/Debug-iphonesimulator/WhisperKit.build/Objects-normal/arm64/WhisperKit.swiftmodule -validate-clang-modules-once -clang-build-session-file /Users/kris/Epilogue/build/ModuleCache.noindex/Session.modulevalidation -package-name whisperkit -Xcc -I/Users/kris/Epilogue/build/Build/Intermediates.noindex/whisperkit.build/Debug-iphonesimulator/WhisperKit.build/swift-overrides.hmap -emit-const-values -Xfrontend -const-gather-protocols-file -Xfrontend /Users/kris/Epilogue/build/Build/Intermediates.noindex/whisperkit.build/Debug-iphonesimulator/WhisperKit.build/Objects-normal/arm64/WhisperKit_const_extract_protocols.json -Xcc -I/Users/kris/Epilogue/build/Build/Products/Debug-iphonesimulator/include -Xcc -I/Users/kris/Epilogue/build/Build/Intermediates.noindex/whisperkit.build/Debug-iphonesimulator/WhisperKit.build/DerivedSources-normal/arm64 -Xcc -I/Users/kris/Epilogue/build/Build/Intermediates.noindex/whisperkit.build/Debug-iphonesimulator/WhisperKit.build/DerivedSources/arm64 -Xcc -I/Users/kris/Epilogue/build/Build/Intermediates.noindex/whisperkit.build/Debug-iphonesimulator/WhisperKit.build/DerivedSources -Xcc -DSWIFT_PACKAGE -Xcc -DDEBUG\=1 -emit-objc-header -emit-objc-header-path /Users/kris/Epilogue/build/Build/Intermediates.noindex/whisperkit.build/Debug-iphonesimulator/WhisperKit.build/Objects-normal/arm64/WhisperKit-Swift.h -working-directory /Users/kris/Epilogue/Epilogue/Epilogue.xcodeproj -experimental-emit-module-separately -disable-cmo

SwiftDriverJobDiscovery normal x86_64 Compiling Configurations.swift, FeatureExtractor.swift (in target 'WhisperKit' from project 'whisperkit')

SwiftCompile normal arm64 Compiling\ SegmentSeeker.swift,\ TokenSampler.swift /Users/kris/Epilogue/build/SourcePackages/checkouts/WhisperKit/Sources/WhisperKit/Core/Text/SegmentSeeker.swift /Users/kris/Epilogue/build/SourcePackages/checkouts/WhisperKit/Sources/WhisperKit/Core/Text/TokenSampler.swift (in target 'WhisperKit' from project 'whisperkit')

SwiftCompile normal arm64 /Users/kris/Epilogue/build/SourcePackages/checkouts/WhisperKit/Sources/WhisperKit/Core/Text/SegmentSeeker.swift (in target 'WhisperKit' from project 'whisperkit')
    cd /Users/kris/Epilogue/Epilogue/Epilogue.xcodeproj
    

SwiftCompile normal arm64 /Users/kris/Epilogue/build/SourcePackages/checkouts/WhisperKit/Sources/WhisperKit/Core/Text/TokenSampler.swift (in target 'WhisperKit' from project 'whisperkit')
    cd /Users/kris/Epilogue/Epilogue/Epilogue.xcodeproj
    

SwiftMergeGeneratedHeaders /Users/kris/Epilogue/build/Build/Intermediates.noindex/GeneratedModuleMaps-iphonesimulator/WhisperKit-Swift.h /Users/kris/Epilogue/build/Build/Intermediates.noindex/whisperkit.build/Debug-iphonesimulator/WhisperKit.build/Objects-normal/arm64/WhisperKit-Swift.h /Users/kris/Epilogue/build/Build/Intermediates.noindex/whisperkit.build/Debug-iphonesimulator/WhisperKit.build/Objects-normal/x86_64/WhisperKit-Swift.h (in target 'WhisperKit' from project 'whisperkit')
    cd /Users/kris/Epilogue/build/SourcePackages/checkouts/WhisperKit
    builtin-swiftHeaderTool -arch arm64 /Users/kris/Epilogue/build/Build/Intermediates.noindex/whisperkit.build/Debug-iphonesimulator/WhisperKit.build/Objects-normal/arm64/WhisperKit-Swift.h -arch x86_64 /Users/kris/Epilogue/build/Build/Intermediates.noindex/whisperkit.build/Debug-iphonesimulator/WhisperKit.build/Objects-normal/x86_64/WhisperKit-Swift.h -o /Users/kris/Epilogue/build/Build/Intermediates.noindex/GeneratedModuleMaps-iphonesimulator/WhisperKit-Swift.h

SwiftDriverJobDiscovery normal arm64 Compiling ResultWriter.swift, TextUtilities.swift (in target 'WhisperKit' from project 'whisperkit')

Copy /Users/kris/Epilogue/build/Build/Products/Debug-iphonesimulator/PackageFrameworks/WhisperKit.framework/Modules/WhisperKit.swiftmodule/arm64-apple-ios-simulator.swiftmodule /Users/kris/Epilogue/build/Build/Intermediates.noindex/whisperkit.build/Debug-iphonesimulator/WhisperKit.build/Objects-normal/arm64/WhisperKit.swiftmodule (in target 'WhisperKit' from project 'whisperkit')
    cd /Users/kris/Epilogue/build/SourcePackages/checkouts/WhisperKit
    builtin-copy -exclude .DS_Store -exclude CVS -exclude .svn -exclude .git -exclude .hg -resolve-src-symlinks -rename /Users/kris/Epilogue/build/Build/Intermediates.noindex/whisperkit.build/Debug-iphonesimulator/WhisperKit.build/Objects-normal/arm64/WhisperKit.swiftmodule /Users/kris/Epilogue/build/Build/Products/Debug-iphonesimulator/PackageFrameworks/WhisperKit.framework/Modules/WhisperKit.swiftmodule/arm64-apple-ios-simulator.swiftmodule

Copy /Users/kris/Epilogue/build/Build/Products/Debug-iphonesimulator/PackageFrameworks/WhisperKit.framework/Modules/WhisperKit.swiftmodule/arm64-apple-ios-simulator.swiftdoc /Users/kris/Epilogue/build/Build/Intermediates.noindex/whisperkit.build/Debug-iphonesimulator/WhisperKit.build/Objects-normal/arm64/WhisperKit.swiftdoc (in target 'WhisperKit' from project 'whisperkit')
    cd /Users/kris/Epilogue/build/SourcePackages/checkouts/WhisperKit
    builtin-copy -exclude .DS_Store -exclude CVS -exclude .svn -exclude .git -exclude .hg -resolve-src-symlinks -rename /Users/kris/Epilogue/build/Build/Intermediates.noindex/whisperkit.build/Debug-iphonesimulator/WhisperKit.build/Objects-normal/arm64/WhisperKit.swiftdoc /Users/kris/Epilogue/build/Build/Products/Debug-iphonesimulator/PackageFrameworks/WhisperKit.framework/Modules/WhisperKit.swiftmodule/arm64-apple-ios-simulator.swiftdoc

Copy /Users/kris/Epilogue/build/Build/Products/Debug-iphonesimulator/PackageFrameworks/WhisperKit.framework/Modules/WhisperKit.swiftmodule/arm64-apple-ios-simulator.abi.json /Users/kris/Epilogue/build/Build/Intermediates.noindex/whisperkit.build/Debug-iphonesimulator/WhisperKit.build/Objects-normal/arm64/WhisperKit.abi.json (in target 'WhisperKit' from project 'whisperkit')
    cd /Users/kris/Epilogue/build/SourcePackages/checkouts/WhisperKit
    builtin-copy -exclude .DS_Store -exclude CVS -exclude .svn -exclude .git -exclude .hg -resolve-src-symlinks -rename /Users/kris/Epilogue/build/Build/Intermediates.noindex/whisperkit.build/Debug-iphonesimulator/WhisperKit.build/Objects-normal/arm64/WhisperKit.abi.json /Users/kris/Epilogue/build/Build/Products/Debug-iphonesimulator/PackageFrameworks/WhisperKit.framework/Modules/WhisperKit.swiftmodule/arm64-apple-ios-simulator.abi.json

Copy /Users/kris/Epilogue/build/Build/Products/Debug-iphonesimulator/PackageFrameworks/WhisperKit.framework/Modules/WhisperKit.swiftmodule/Project/arm64-apple-ios-simulator.swiftsourceinfo /Users/kris/Epilogue/build/Build/Intermediates.noindex/whisperkit.build/Debug-iphonesimulator/WhisperKit.build/Objects-normal/arm64/WhisperKit.swiftsourceinfo (in target 'WhisperKit' from project 'whisperkit')
    cd /Users/kris/Epilogue/build/SourcePackages/checkouts/WhisperKit
    builtin-copy -exclude .DS_Store -exclude CVS -exclude .svn -exclude .git -exclude .hg -resolve-src-symlinks -rename /Users/kris/Epilogue/build/Build/Intermediates.noindex/whisperkit.build/Debug-iphonesimulator/WhisperKit.build/Objects-normal/arm64/WhisperKit.swiftsourceinfo /Users/kris/Epilogue/build/Build/Products/Debug-iphonesimulator/PackageFrameworks/WhisperKit.framework/Modules/WhisperKit.swiftmodule/Project/arm64-apple-ios-simulator.swiftsourceinfo

SwiftCompile normal arm64 Compiling\ Logging.swift,\ ModelUtilities.swift /Users/kris/Epilogue/build/SourcePackages/checkouts/WhisperKit/Sources/WhisperKit/Utilities/Logging.swift /Users/kris/Epilogue/build/SourcePackages/checkouts/WhisperKit/Sources/WhisperKit/Utilities/ModelUtilities.swift (in target 'WhisperKit' from project 'whisperkit')

SwiftCompile normal arm64 /Users/kris/Epilogue/build/SourcePackages/checkouts/WhisperKit/Sources/WhisperKit/Utilities/Logging.swift (in target 'WhisperKit' from project 'whisperkit')
    cd /Users/kris/Epilogue/Epilogue/Epilogue.xcodeproj
    

SwiftCompile normal arm64 /Users/kris/Epilogue/build/SourcePackages/checkouts/WhisperKit/Sources/WhisperKit/Utilities/ModelUtilities.swift (in target 'WhisperKit' from project 'whisperkit')
    cd /Users/kris/Epilogue/Epilogue/Epilogue.xcodeproj
    

SwiftDriverJobDiscovery normal x86_64 Compiling Extensions+Internal.swift, Extensions+Public.swift (in target 'WhisperKit' from project 'whisperkit')

SwiftCompile normal arm64 Compiling\ AudioStreamTranscriber.swift,\ EnergyVAD.swift /Users/kris/Epilogue/build/SourcePackages/checkouts/WhisperKit/Sources/WhisperKit/Core/Audio/AudioStreamTranscriber.swift /Users/kris/Epilogue/build/SourcePackages/checkouts/WhisperKit/Sources/WhisperKit/Core/Audio/EnergyVAD.swift (in target 'WhisperKit' from project 'whisperkit')

SwiftCompile normal arm64 /Users/kris/Epilogue/build/SourcePackages/checkouts/WhisperKit/Sources/WhisperKit/Core/Audio/AudioStreamTranscriber.swift (in target 'WhisperKit' from project 'whisperkit')
    cd /Users/kris/Epilogue/Epilogue/Epilogue.xcodeproj
    

SwiftCompile normal arm64 /Users/kris/Epilogue/build/SourcePackages/checkouts/WhisperKit/Sources/WhisperKit/Core/Audio/EnergyVAD.swift (in target 'WhisperKit' from project 'whisperkit')
    cd /Users/kris/Epilogue/Epilogue/Epilogue.xcodeproj
    

SwiftDriverJobDiscovery normal arm64 Compiling TranscriptionUtilities.swift, WhisperError.swift (in target 'WhisperKit' from project 'whisperkit')

SwiftCompile normal x86_64 Compiling\ Models.swift,\ LogitsFilter.swift /Users/kris/Epilogue/build/SourcePackages/checkouts/WhisperKit/Sources/WhisperKit/Core/Models.swift /Users/kris/Epilogue/build/SourcePackages/checkouts/WhisperKit/Sources/WhisperKit/Core/Text/LogitsFilter.swift (in target 'WhisperKit' from project 'whisperkit')
SwiftCompile normal x86_64 /Users/kris/Epilogue/build/SourcePackages/checkouts/WhisperKit/Sources/WhisperKit/Core/Models.swift (in target 'WhisperKit' from project 'whisperkit')
    cd /Users/kris/Epilogue/Epilogue/Epilogue.xcodeproj
    

SwiftCompile normal x86_64 /Users/kris/Epilogue/build/SourcePackages/checkouts/WhisperKit/Sources/WhisperKit/Core/Text/LogitsFilter.swift (in target 'WhisperKit' from project 'whisperkit')
    cd /Users/kris/Epilogue/Epilogue/Epilogue.xcodeproj
    

SwiftDriverJobDiscovery normal x86_64 Compiling AudioChunker.swift, AudioProcessor.swift (in target 'WhisperKit' from project 'whisperkit')

SwiftCompile normal arm64 Compiling\ TextDecoder.swift,\ TranscribeTask.swift /Users/kris/Epilogue/build/SourcePackages/checkouts/WhisperKit/Sources/WhisperKit/Core/TextDecoder.swift /Users/kris/Epilogue/build/SourcePackages/checkouts/WhisperKit/Sources/WhisperKit/Core/TranscribeTask.swift (in target 'WhisperKit' from project 'whisperkit')
SwiftCompile normal arm64 /Users/kris/Epilogue/build/SourcePackages/checkouts/WhisperKit/Sources/WhisperKit/Core/TextDecoder.swift (in target 'WhisperKit' from project 'whisperkit')
    cd /Users/kris/Epilogue/Epilogue/Epilogue.xcodeproj
    

SwiftCompile normal arm64 /Users/kris/Epilogue/build/SourcePackages/checkouts/WhisperKit/Sources/WhisperKit/Core/TranscribeTask.swift (in target 'WhisperKit' from project 'whisperkit')
    cd /Users/kris/Epilogue/Epilogue/Epilogue.xcodeproj
    

SwiftDriverJobDiscovery normal x86_64 Compiling WhisperKit.swift, Concurrency.swift (in target 'WhisperKit' from project 'whisperkit')

ProcessProductPackaging "" /Users/kris/Epilogue/build/Build/Intermediates.noindex/whisperkit.build/Debug-iphonesimulator/whisperkit-cli.build/whisperkit-cli-Simulated.xcent (in target 'whisperkit-cli' from project 'whisperkit')
    cd /Users/kris/Epilogue/build/SourcePackages/checkouts/WhisperKit
    
    Entitlements:
    
    {
    "application-identifier" = "KWJNMWT2B9.whisperkit.whisperkit-cli";
}
    
    builtin-productPackagingUtility -entitlements -format xml -o /Users/kris/Epilogue/build/Build/Intermediates.noindex/whisperkit.build/Debug-iphonesimulator/whisperkit-cli.build/whisperkit-cli-Simulated.xcent

ProcessProductPackagingDER /Users/kris/Epilogue/build/Build/Intermediates.noindex/whisperkit.build/Debug-iphonesimulator/whisperkit-cli.build/whisperkit-cli-Simulated.xcent /Users/kris/Epilogue/build/Build/Intermediates.noindex/whisperkit.build/Debug-iphonesimulator/whisperkit-cli.build/whisperkit-cli-Simulated.xcent.der (in target 'whisperkit-cli' from project 'whisperkit')
    cd /Users/kris/Epilogue/build/SourcePackages/checkouts/WhisperKit
    /usr/bin/derq query -f xml -i /Users/kris/Epilogue/build/Build/Intermediates.noindex/whisperkit.build/Debug-iphonesimulator/whisperkit-cli.build/whisperkit-cli-Simulated.xcent -o /Users/kris/Epilogue/build/Build/Intermediates.noindex/whisperkit.build/Debug-iphonesimulator/whisperkit-cli.build/whisperkit-cli-Simulated.xcent.der --raw

SwiftDriver whisperkit-cli normal arm64 com.apple.xcode.tools.swift.compiler (in target 'whisperkit-cli' from project 'whisperkit')
    cd /Users/kris/Epilogue/Epilogue/Epilogue.xcodeproj
    builtin-SwiftDriver -- /Applications/Xcode-beta.app/Contents/Developer/Toolchains/XcodeDefault.xctoolchain/usr/bin/swiftc -module-name whisperkit_cli -Onone -enforce-exclusivity\=checked @/Users/kris/Epilogue/build/Build/Intermediates.noindex/whisperkit.build/Debug-iphonesimulator/whisperkit-cli.build/Objects-normal/arm64/whisperkit-cli.SwiftFileList -DSWIFT_PACKAGE -DDEBUG -DXcode -plugin-path /Applications/Xcode-beta.app/Contents/Developer/Toolchains/XcodeDefault.xctoolchain/usr/lib/swift/host/plugins/testing -enable-experimental-feature DebugDescriptionMacro -sdk /Applications/Xcode-beta.app/Contents/Developer/Platforms/iPhoneSimulator.platform/Developer/SDKs/iPhoneSimulator26.0.sdk -target arm64-apple-ios16.0-simulator -g -module-cache-path /Users/kris/Epilogue/build/ModuleCache.noindex -Xfrontend -serialize-debugging-options -profile-coverage-mapping -profile-generate -enable-testing -suppress-warnings -index-store-path /Users/kris/Epilogue/build/Index.noindex/DataStore -Xcc -D_LIBCPP_HARDENING_MODE\=_LIBCPP_HARDENING_MODE_DEBUG -swift-version 5 -I /Users/kris/Epilogue/build/Build/Products/Debug-iphonesimulator -Isystem /Applications/Xcode-beta.app/Contents/Developer/Platforms/iPhoneSimulator.platform/Developer/usr/lib -F /Users/kris/Epilogue/build/Build/Products/Debug-iphonesimulator/PackageFrameworks -F /Users/kris/Epilogue/build/Build/Products/Debug-iphonesimulator/PackageFrameworks -F /Users/kris/Epilogue/build/Build/Products/Debug-iphonesimulator/PackageFrameworks -F /Users/kris/Epilogue/build/Build/Products/Debug-iphonesimulator/PackageFrameworks -F /Users/kris/Epilogue/build/Build/Products/Debug-iphonesimulator/PackageFrameworks -F /Users/kris/Epilogue/build/Build/Products/Debug-iphonesimulator/PackageFrameworks -F /Users/kris/Epilogue/build/Build/Products/Debug-iphonesimulator/PackageFrameworks -F /Users/kris/Epilogue/build/Build/Products/Debug-iphonesimulator/PackageFrameworks -F /Users/kris/Epilogue/build/Build/Products/Debug-iphonesimulator/PackageFrameworks -F /Users/kris/Epilogue/build/Build/Products/Debug-iphonesimulator/PackageFrameworks -F /Users/kris/Epilogue/build/Build/Products/Debug-iphonesimulator/PackageFrameworks -F /Users/kris/Epilogue/build/Build/Products/Debug-iphonesimulator -F /Applications/Xcode-beta.app/Contents/Developer/Platforms/iPhoneSimulator.platform/Developer/Library/Frameworks -F /Applications/Xcode-beta.app/Contents/Developer/Platforms/iPhoneSimulator.platform/Developer/SDKs/iPhoneSimulator26.0.sdk/Developer/Library/Frameworks -c -j12 -enable-batch-mode -incremental -Xcc -ivfsstatcache -Xcc /Users/kris/Epilogue/build/SDKStatCaches.noindex/iphonesimulator26.0-23A5297f-3885c01c3e6b6a337905948deab2002efc862078e33f881139a9d2f83bd1a9d0.sdkstatcache -output-file-map /Users/kris/Epilogue/build/Build/Intermediates.noindex/whisperkit.build/Debug-iphonesimulator/whisperkit-cli.build/Objects-normal/arm64/whisperkit-cli-OutputFileMap.json -use-frontend-parseable-output -save-temps -no-color-diagnostics -explicit-module-build -module-cache-path /Users/kris/Epilogue/build/Build/Intermediates.noindex/SwiftExplicitPrecompiledModules -clang-scanner-module-cache-path /Users/kris/Epilogue/build/ModuleCache.noindex -sdk-module-cache-path /Users/kris/Epilogue/build/ModuleCache.noindex -serialize-diagnostics -emit-dependencies -emit-module -emit-module-path /Users/kris/Epilogue/build/Build/Intermediates.noindex/whisperkit.build/Debug-iphonesimulator/whisperkit-cli.build/Objects-normal/arm64/whisperkit_cli.swiftmodule -validate-clang-modules-once -clang-build-session-file /Users/kris/Epilogue/build/ModuleCache.noindex/Session.modulevalidation -package-name whisperkit -emit-const-values -Xfrontend -const-gather-protocols-file -Xfrontend /Users/kris/Epilogue/build/Build/Intermediates.noindex/whisperkit.build/Debug-iphonesimulator/whisperkit-cli.build/Objects-normal/arm64/whisperkit-cli_const_extract_protocols.json -Xcc -I/Users/kris/Epilogue/build/Build/Products/Debug-iphonesimulator/include -Xcc -I/Users/kris/Epilogue/build/Build/Intermediates.noindex/whisperkit.build/Debug-iphonesimulator/whisperkit-cli.build/DerivedSources-normal/arm64 -Xcc -I/Users/kris/Epilogue/build/Build/Intermediates.noindex/whisperkit.build/Debug-iphonesimulator/whisperkit-cli.build/DerivedSources/arm64 -Xcc -I/Users/kris/Epilogue/build/Build/Intermediates.noindex/whisperkit.build/Debug-iphonesimulator/whisperkit-cli.build/DerivedSources -Xcc -DSWIFT_PACKAGE -Xcc -DDEBUG\=1 -working-directory /Users/kris/Epilogue/Epilogue/Epilogue.xcodeproj -experimental-emit-module-separately -disable-cmo

SwiftDriver whisperkit-cli normal x86_64 com.apple.xcode.tools.swift.compiler (in target 'whisperkit-cli' from project 'whisperkit')
    cd /Users/kris/Epilogue/Epilogue/Epilogue.xcodeproj
    builtin-SwiftDriver -- /Applications/Xcode-beta.app/Contents/Developer/Toolchains/XcodeDefault.xctoolchain/usr/bin/swiftc -module-name whisperkit_cli -Onone -enforce-exclusivity\=checked @/Users/kris/Epilogue/build/Build/Intermediates.noindex/whisperkit.build/Debug-iphonesimulator/whisperkit-cli.build/Objects-normal/x86_64/whisperkit-cli.SwiftFileList -DSWIFT_PACKAGE -DDEBUG -DXcode -plugin-path /Applications/Xcode-beta.app/Contents/Developer/Toolchains/XcodeDefault.xctoolchain/usr/lib/swift/host/plugins/testing -enable-experimental-feature DebugDescriptionMacro -sdk /Applications/Xcode-beta.app/Contents/Developer/Platforms/iPhoneSimulator.platform/Developer/SDKs/iPhoneSimulator26.0.sdk -target x86_64-apple-ios16.0-simulator -g -module-cache-path /Users/kris/Epilogue/build/ModuleCache.noindex -Xfrontend -serialize-debugging-options -profile-coverage-mapping -profile-generate -enable-testing -suppress-warnings -index-store-path /Users/kris/Epilogue/build/Index.noindex/DataStore -Xcc -D_LIBCPP_HARDENING_MODE\=_LIBCPP_HARDENING_MODE_DEBUG -swift-version 5 -I /Users/kris/Epilogue/build/Build/Products/Debug-iphonesimulator -Isystem /Applications/Xcode-beta.app/Contents/Developer/Platforms/iPhoneSimulator.platform/Developer/usr/lib -F /Users/kris/Epilogue/build/Build/Products/Debug-iphonesimulator/PackageFrameworks -F /Users/kris/Epilogue/build/Build/Products/Debug-iphonesimulator/PackageFrameworks -F /Users/kris/Epilogue/build/Build/Products/Debug-iphonesimulator/PackageFrameworks -F /Users/kris/Epilogue/build/Build/Products/Debug-iphonesimulator/PackageFrameworks -F /Users/kris/Epilogue/build/Build/Products/Debug-iphonesimulator/PackageFrameworks -F /Users/kris/Epilogue/build/Build/Products/Debug-iphonesimulator/PackageFrameworks -F /Users/kris/Epilogue/build/Build/Products/Debug-iphonesimulator/PackageFrameworks -F /Users/kris/Epilogue/build/Build/Products/Debug-iphonesimulator/PackageFrameworks -F /Users/kris/Epilogue/build/Build/Products/Debug-iphonesimulator/PackageFrameworks -F /Users/kris/Epilogue/build/Build/Products/Debug-iphonesimulator/PackageFrameworks -F /Users/kris/Epilogue/build/Build/Products/Debug-iphonesimulator/PackageFrameworks -F /Users/kris/Epilogue/build/Build/Products/Debug-iphonesimulator -F /Applications/Xcode-beta.app/Contents/Developer/Platforms/iPhoneSimulator.platform/Developer/Library/Frameworks -F /Applications/Xcode-beta.app/Contents/Developer/Platforms/iPhoneSimulator.platform/Developer/SDKs/iPhoneSimulator26.0.sdk/Developer/Library/Frameworks -c -j12 -enable-batch-mode -incremental -Xcc -ivfsstatcache -Xcc /Users/kris/Epilogue/build/SDKStatCaches.noindex/iphonesimulator26.0-23A5297f-3885c01c3e6b6a337905948deab2002efc862078e33f881139a9d2f83bd1a9d0.sdkstatcache -output-file-map /Users/kris/Epilogue/build/Build/Intermediates.noindex/whisperkit.build/Debug-iphonesimulator/whisperkit-cli.build/Objects-normal/x86_64/whisperkit-cli-OutputFileMap.json -use-frontend-parseable-output -save-temps -no-color-diagnostics -explicit-module-build -module-cache-path /Users/kris/Epilogue/build/Build/Intermediates.noindex/SwiftExplicitPrecompiledModules -clang-scanner-module-cache-path /Users/kris/Epilogue/build/ModuleCache.noindex -sdk-module-cache-path /Users/kris/Epilogue/build/ModuleCache.noindex -serialize-diagnostics -emit-dependencies -emit-module -emit-module-path /Users/kris/Epilogue/build/Build/Intermediates.noindex/whisperkit.build/Debug-iphonesimulator/whisperkit-cli.build/Objects-normal/x86_64/whisperkit_cli.swiftmodule -validate-clang-modules-once -clang-build-session-file /Users/kris/Epilogue/build/ModuleCache.noindex/Session.modulevalidation -package-name whisperkit -emit-const-values -Xfrontend -const-gather-protocols-file -Xfrontend /Users/kris/Epilogue/build/Build/Intermediates.noindex/whisperkit.build/Debug-iphonesimulator/whisperkit-cli.build/Objects-normal/x86_64/whisperkit-cli_const_extract_protocols.json -Xcc -I/Users/kris/Epilogue/build/Build/Products/Debug-iphonesimulator/include -Xcc -I/Users/kris/Epilogue/build/Build/Intermediates.noindex/whisperkit.build/Debug-iphonesimulator/whisperkit-cli.build/DerivedSources-normal/x86_64 -Xcc -I/Users/kris/Epilogue/build/Build/Intermediates.noindex/whisperkit.build/Debug-iphonesimulator/whisperkit-cli.build/DerivedSources/x86_64 -Xcc -I/Users/kris/Epilogue/build/Build/Intermediates.noindex/whisperkit.build/Debug-iphonesimulator/whisperkit-cli.build/DerivedSources -Xcc -DSWIFT_PACKAGE -Xcc -DDEBUG\=1 -working-directory /Users/kris/Epilogue/Epilogue/Epilogue.xcodeproj -experimental-emit-module-separately -disable-cmo

SwiftDriverJobDiscovery normal arm64 Compiling AudioStreamTranscriber.swift, EnergyVAD.swift (in target 'WhisperKit' from project 'whisperkit')

SwiftDriverJobDiscovery normal arm64 Compiling Extensions+Internal.swift, Extensions+Public.swift (in target 'WhisperKit' from project 'whisperkit')

SwiftDriverJobDiscovery normal arm64 Compiling Logging.swift, ModelUtilities.swift (in target 'WhisperKit' from project 'whisperkit')

SwiftDriverJobDiscovery normal arm64 Compiling Configurations.swift, FeatureExtractor.swift (in target 'WhisperKit' from project 'whisperkit')

SwiftDriverJobDiscovery normal arm64 Compiling WhisperKit.swift, Concurrency.swift (in target 'WhisperKit' from project 'whisperkit')

SwiftEmitModule normal arm64 Emitting\ module\ for\ whisperkit_cli (in target 'whisperkit-cli' from project 'whisperkit')

EmitSwiftModule normal arm64 (in target 'whisperkit-cli' from project 'whisperkit')
    cd /Users/kris/Epilogue/Epilogue/Epilogue.xcodeproj
    

SwiftCompile normal arm64 Compiling\ TranscribeCLI.swift /Users/kris/Epilogue/build/SourcePackages/checkouts/WhisperKit/Sources/WhisperKitCLI/TranscribeCLI.swift (in target 'whisperkit-cli' from project 'whisperkit')

SwiftCompile normal arm64 /Users/kris/Epilogue/build/SourcePackages/checkouts/WhisperKit/Sources/WhisperKitCLI/TranscribeCLI.swift (in target 'whisperkit-cli' from project 'whisperkit')
    cd /Users/kris/Epilogue/Epilogue/Epilogue.xcodeproj
    

SwiftCompile normal arm64 Compiling\ CLIUtils.swift /Users/kris/Epilogue/build/SourcePackages/checkouts/WhisperKit/Sources/WhisperKitCLI/CLIUtils.swift (in target 'whisperkit-cli' from project 'whisperkit')

SwiftCompile normal arm64 /Users/kris/Epilogue/build/SourcePackages/checkouts/WhisperKit/Sources/WhisperKitCLI/CLIUtils.swift (in target 'whisperkit-cli' from project 'whisperkit')
    cd /Users/kris/Epilogue/Epilogue/Epilogue.xcodeproj
    

SwiftCompile normal arm64 Compiling\ CLIArguments.swift /Users/kris/Epilogue/build/SourcePackages/checkouts/WhisperKit/Sources/WhisperKitCLI/CLIArguments.swift (in target 'whisperkit-cli' from project 'whisperkit')

SwiftCompile normal arm64 /Users/kris/Epilogue/build/SourcePackages/checkouts/WhisperKit/Sources/WhisperKitCLI/CLIArguments.swift (in target 'whisperkit-cli' from project 'whisperkit')
    cd /Users/kris/Epilogue/Epilogue/Epilogue.xcodeproj
    

SwiftCompile normal arm64 Compiling\ WhisperKitCLI.swift /Users/kris/Epilogue/build/SourcePackages/checkouts/WhisperKit/Sources/WhisperKitCLI/WhisperKitCLI.swift (in target 'whisperkit-cli' from project 'whisperkit')

SwiftCompile normal arm64 /Users/kris/Epilogue/build/SourcePackages/checkouts/WhisperKit/Sources/WhisperKitCLI/WhisperKitCLI.swift (in target 'whisperkit-cli' from project 'whisperkit')
    cd /Users/kris/Epilogue/Epilogue/Epilogue.xcodeproj
    

SwiftDriverJobDiscovery normal x86_64 Compiling TextDecoder.swift, TranscribeTask.swift (in target 'WhisperKit' from project 'whisperkit')

SwiftDriverJobDiscovery normal arm64 Compiling AudioChunker.swift, AudioProcessor.swift (in target 'WhisperKit' from project 'whisperkit')

SwiftDriverJobDiscovery normal arm64 Compiling SegmentSeeker.swift, TokenSampler.swift (in target 'WhisperKit' from project 'whisperkit')

SwiftDriverJobDiscovery normal arm64 Compiling CLIUtils.swift (in target 'whisperkit-cli' from project 'whisperkit')

SwiftDriverJobDiscovery normal arm64 Compiling WhisperKitCLI.swift (in target 'whisperkit-cli' from project 'whisperkit')

SwiftEmitModule normal x86_64 Emitting\ module\ for\ whisperkit_cli (in target 'whisperkit-cli' from project 'whisperkit')

EmitSwiftModule normal x86_64 (in target 'whisperkit-cli' from project 'whisperkit')
    cd /Users/kris/Epilogue/Epilogue/Epilogue.xcodeproj
    

SwiftCompile normal x86_64 Compiling\ TranscribeCLI.swift /Users/kris/Epilogue/build/SourcePackages/checkouts/WhisperKit/Sources/WhisperKitCLI/TranscribeCLI.swift (in target 'whisperkit-cli' from project 'whisperkit')

SwiftCompile normal x86_64 /Users/kris/Epilogue/build/SourcePackages/checkouts/WhisperKit/Sources/WhisperKitCLI/TranscribeCLI.swift (in target 'whisperkit-cli' from project 'whisperkit')
    cd /Users/kris/Epilogue/Epilogue/Epilogue.xcodeproj
    

SwiftCompile normal x86_64 Compiling\ CLIUtils.swift /Users/kris/Epilogue/build/SourcePackages/checkouts/WhisperKit/Sources/WhisperKitCLI/CLIUtils.swift (in target 'whisperkit-cli' from project 'whisperkit')

SwiftCompile normal x86_64 /Users/kris/Epilogue/build/SourcePackages/checkouts/WhisperKit/Sources/WhisperKitCLI/CLIUtils.swift (in target 'whisperkit-cli' from project 'whisperkit')
    cd /Users/kris/Epilogue/Epilogue/Epilogue.xcodeproj
    

SwiftCompile normal x86_64 Compiling\ WhisperKitCLI.swift /Users/kris/Epilogue/build/SourcePackages/checkouts/WhisperKit/Sources/WhisperKitCLI/WhisperKitCLI.swift (in target 'whisperkit-cli' from project 'whisperkit')

SwiftCompile normal x86_64 /Users/kris/Epilogue/build/SourcePackages/checkouts/WhisperKit/Sources/WhisperKitCLI/WhisperKitCLI.swift (in target 'whisperkit-cli' from project 'whisperkit')
    cd /Users/kris/Epilogue/Epilogue/Epilogue.xcodeproj
    

SwiftCompile normal x86_64 Compiling\ CLIArguments.swift /Users/kris/Epilogue/build/SourcePackages/checkouts/WhisperKit/Sources/WhisperKitCLI/CLIArguments.swift (in target 'whisperkit-cli' from project 'whisperkit')

SwiftCompile normal x86_64 /Users/kris/Epilogue/build/SourcePackages/checkouts/WhisperKit/Sources/WhisperKitCLI/CLIArguments.swift (in target 'whisperkit-cli' from project 'whisperkit')
    cd /Users/kris/Epilogue/Epilogue/Epilogue.xcodeproj
    

SwiftDriverJobDiscovery normal arm64 Emitting module for whisperkit_cli (in target 'whisperkit-cli' from project 'whisperkit')

SwiftDriver\ Compilation\ Requirements whisperkit-cli normal arm64 com.apple.xcode.tools.swift.compiler (in target 'whisperkit-cli' from project 'whisperkit')
    cd /Users/kris/Epilogue/Epilogue/Epilogue.xcodeproj
    builtin-Swift-Compilation-Requirements -- /Applications/Xcode-beta.app/Contents/Developer/Toolchains/XcodeDefault.xctoolchain/usr/bin/swiftc -module-name whisperkit_cli -Onone -enforce-exclusivity\=checked @/Users/kris/Epilogue/build/Build/Intermediates.noindex/whisperkit.build/Debug-iphonesimulator/whisperkit-cli.build/Objects-normal/arm64/whisperkit-cli.SwiftFileList -DSWIFT_PACKAGE -DDEBUG -DXcode -plugin-path /Applications/Xcode-beta.app/Contents/Developer/Toolchains/XcodeDefault.xctoolchain/usr/lib/swift/host/plugins/testing -enable-experimental-feature DebugDescriptionMacro -sdk /Applications/Xcode-beta.app/Contents/Developer/Platforms/iPhoneSimulator.platform/Developer/SDKs/iPhoneSimulator26.0.sdk -target arm64-apple-ios16.0-simulator -g -module-cache-path /Users/kris/Epilogue/build/ModuleCache.noindex -Xfrontend -serialize-debugging-options -profile-coverage-mapping -profile-generate -enable-testing -suppress-warnings -index-store-path /Users/kris/Epilogue/build/Index.noindex/DataStore -Xcc -D_LIBCPP_HARDENING_MODE\=_LIBCPP_HARDENING_MODE_DEBUG -swift-version 5 -I /Users/kris/Epilogue/build/Build/Products/Debug-iphonesimulator -Isystem /Applications/Xcode-beta.app/Contents/Developer/Platforms/iPhoneSimulator.platform/Developer/usr/lib -F /Users/kris/Epilogue/build/Build/Products/Debug-iphonesimulator/PackageFrameworks -F /Users/kris/Epilogue/build/Build/Products/Debug-iphonesimulator/PackageFrameworks -F /Users/kris/Epilogue/build/Build/Products/Debug-iphonesimulator/PackageFrameworks -F /Users/kris/Epilogue/build/Build/Products/Debug-iphonesimulator/PackageFrameworks -F /Users/kris/Epilogue/build/Build/Products/Debug-iphonesimulator/PackageFrameworks -F /Users/kris/Epilogue/build/Build/Products/Debug-iphonesimulator/PackageFrameworks -F /Users/kris/Epilogue/build/Build/Products/Debug-iphonesimulator/PackageFrameworks -F /Users/kris/Epilogue/build/Build/Products/Debug-iphonesimulator/PackageFrameworks -F /Users/kris/Epilogue/build/Build/Products/Debug-iphonesimulator/PackageFrameworks -F /Users/kris/Epilogue/build/Build/Products/Debug-iphonesimulator/PackageFrameworks -F /Users/kris/Epilogue/build/Build/Products/Debug-iphonesimulator/PackageFrameworks -F /Users/kris/Epilogue/build/Build/Products/Debug-iphonesimulator -F /Applications/Xcode-beta.app/Contents/Developer/Platforms/iPhoneSimulator.platform/Developer/Library/Frameworks -F /Applications/Xcode-beta.app/Contents/Developer/Platforms/iPhoneSimulator.platform/Developer/SDKs/iPhoneSimulator26.0.sdk/Developer/Library/Frameworks -c -j12 -enable-batch-mode -incremental -Xcc -ivfsstatcache -Xcc /Users/kris/Epilogue/build/SDKStatCaches.noindex/iphonesimulator26.0-23A5297f-3885c01c3e6b6a337905948deab2002efc862078e33f881139a9d2f83bd1a9d0.sdkstatcache -output-file-map /Users/kris/Epilogue/build/Build/Intermediates.noindex/whisperkit.build/Debug-iphonesimulator/whisperkit-cli.build/Objects-normal/arm64/whisperkit-cli-OutputFileMap.json -use-frontend-parseable-output -save-temps -no-color-diagnostics -explicit-module-build -module-cache-path /Users/kris/Epilogue/build/Build/Intermediates.noindex/SwiftExplicitPrecompiledModules -clang-scanner-module-cache-path /Users/kris/Epilogue/build/ModuleCache.noindex -sdk-module-cache-path /Users/kris/Epilogue/build/ModuleCache.noindex -serialize-diagnostics -emit-dependencies -emit-module -emit-module-path /Users/kris/Epilogue/build/Build/Intermediates.noindex/whisperkit.build/Debug-iphonesimulator/whisperkit-cli.build/Objects-normal/arm64/whisperkit_cli.swiftmodule -validate-clang-modules-once -clang-build-session-file /Users/kris/Epilogue/build/ModuleCache.noindex/Session.modulevalidation -package-name whisperkit -emit-const-values -Xfrontend -const-gather-protocols-file -Xfrontend /Users/kris/Epilogue/build/Build/Intermediates.noindex/whisperkit.build/Debug-iphonesimulator/whisperkit-cli.build/Objects-normal/arm64/whisperkit-cli_const_extract_protocols.json -Xcc -I/Users/kris/Epilogue/build/Build/Products/Debug-iphonesimulator/include -Xcc -I/Users/kris/Epilogue/build/Build/Intermediates.noindex/whisperkit.build/Debug-iphonesimulator/whisperkit-cli.build/DerivedSources-normal/arm64 -Xcc -I/Users/kris/Epilogue/build/Build/Intermediates.noindex/whisperkit.build/Debug-iphonesimulator/whisperkit-cli.build/DerivedSources/arm64 -Xcc -I/Users/kris/Epilogue/build/Build/Intermediates.noindex/whisperkit.build/Debug-iphonesimulator/whisperkit-cli.build/DerivedSources -Xcc -DSWIFT_PACKAGE -Xcc -DDEBUG\=1 -working-directory /Users/kris/Epilogue/Epilogue/Epilogue.xcodeproj -experimental-emit-module-separately -disable-cmo

Copy /Users/kris/Epilogue/build/Build/Products/Debug-iphonesimulator/whisperkit_cli.swiftmodule/arm64-apple-ios-simulator.swiftdoc /Users/kris/Epilogue/build/Build/Intermediates.noindex/whisperkit.build/Debug-iphonesimulator/whisperkit-cli.build/Objects-normal/arm64/whisperkit_cli.swiftdoc (in target 'whisperkit-cli' from project 'whisperkit')
    cd /Users/kris/Epilogue/build/SourcePackages/checkouts/WhisperKit
    builtin-copy -exclude .DS_Store -exclude CVS -exclude .svn -exclude .git -exclude .hg -resolve-src-symlinks -rename /Users/kris/Epilogue/build/Build/Intermediates.noindex/whisperkit.build/Debug-iphonesimulator/whisperkit-cli.build/Objects-normal/arm64/whisperkit_cli.swiftdoc /Users/kris/Epilogue/build/Build/Products/Debug-iphonesimulator/whisperkit_cli.swiftmodule/arm64-apple-ios-simulator.swiftdoc

Copy /Users/kris/Epilogue/build/Build/Products/Debug-iphonesimulator/whisperkit_cli.swiftmodule/arm64-apple-ios-simulator.swiftmodule /Users/kris/Epilogue/build/Build/Intermediates.noindex/whisperkit.build/Debug-iphonesimulator/whisperkit-cli.build/Objects-normal/arm64/whisperkit_cli.swiftmodule (in target 'whisperkit-cli' from project 'whisperkit')
    cd /Users/kris/Epilogue/build/SourcePackages/checkouts/WhisperKit
    builtin-copy -exclude .DS_Store -exclude CVS -exclude .svn -exclude .git -exclude .hg -resolve-src-symlinks -rename /Users/kris/Epilogue/build/Build/Intermediates.noindex/whisperkit.build/Debug-iphonesimulator/whisperkit-cli.build/Objects-normal/arm64/whisperkit_cli.swiftmodule /Users/kris/Epilogue/build/Build/Products/Debug-iphonesimulator/whisperkit_cli.swiftmodule/arm64-apple-ios-simulator.swiftmodule

Copy /Users/kris/Epilogue/build/Build/Products/Debug-iphonesimulator/whisperkit_cli.swiftmodule/arm64-apple-ios-simulator.abi.json /Users/kris/Epilogue/build/Build/Intermediates.noindex/whisperkit.build/Debug-iphonesimulator/whisperkit-cli.build/Objects-normal/arm64/whisperkit_cli.abi.json (in target 'whisperkit-cli' from project 'whisperkit')
    cd /Users/kris/Epilogue/build/SourcePackages/checkouts/WhisperKit
    builtin-copy -exclude .DS_Store -exclude CVS -exclude .svn -exclude .git -exclude .hg -resolve-src-symlinks -rename /Users/kris/Epilogue/build/Build/Intermediates.noindex/whisperkit.build/Debug-iphonesimulator/whisperkit-cli.build/Objects-normal/arm64/whisperkit_cli.abi.json /Users/kris/Epilogue/build/Build/Products/Debug-iphonesimulator/whisperkit_cli.swiftmodule/arm64-apple-ios-simulator.abi.json

Copy /Users/kris/Epilogue/build/Build/Products/Debug-iphonesimulator/whisperkit_cli.swiftmodule/Project/arm64-apple-ios-simulator.swiftsourceinfo /Users/kris/Epilogue/build/Build/Intermediates.noindex/whisperkit.build/Debug-iphonesimulator/whisperkit-cli.build/Objects-normal/arm64/whisperkit_cli.swiftsourceinfo (in target 'whisperkit-cli' from project 'whisperkit')
    cd /Users/kris/Epilogue/build/SourcePackages/checkouts/WhisperKit
    builtin-copy -exclude .DS_Store -exclude CVS -exclude .svn -exclude .git -exclude .hg -resolve-src-symlinks -rename /Users/kris/Epilogue/build/Build/Intermediates.noindex/whisperkit.build/Debug-iphonesimulator/whisperkit-cli.build/Objects-normal/arm64/whisperkit_cli.swiftsourceinfo /Users/kris/Epilogue/build/Build/Products/Debug-iphonesimulator/whisperkit_cli.swiftmodule/Project/arm64-apple-ios-simulator.swiftsourceinfo

SwiftDriverJobDiscovery normal x86_64 Compiling CLIUtils.swift (in target 'whisperkit-cli' from project 'whisperkit')

SwiftDriverJobDiscovery normal x86_64 Compiling WhisperKitCLI.swift (in target 'whisperkit-cli' from project 'whisperkit')

SwiftDriverJobDiscovery normal arm64 Compiling CLIArguments.swift (in target 'whisperkit-cli' from project 'whisperkit')

SwiftDriverJobDiscovery normal x86_64 Emitting module for whisperkit_cli (in target 'whisperkit-cli' from project 'whisperkit')

SwiftDriver\ Compilation\ Requirements whisperkit-cli normal x86_64 com.apple.xcode.tools.swift.compiler (in target 'whisperkit-cli' from project 'whisperkit')
    cd /Users/kris/Epilogue/Epilogue/Epilogue.xcodeproj
    builtin-Swift-Compilation-Requirements -- /Applications/Xcode-beta.app/Contents/Developer/Toolchains/XcodeDefault.xctoolchain/usr/bin/swiftc -module-name whisperkit_cli -Onone -enforce-exclusivity\=checked @/Users/kris/Epilogue/build/Build/Intermediates.noindex/whisperkit.build/Debug-iphonesimulator/whisperkit-cli.build/Objects-normal/x86_64/whisperkit-cli.SwiftFileList -DSWIFT_PACKAGE -DDEBUG -DXcode -plugin-path /Applications/Xcode-beta.app/Contents/Developer/Toolchains/XcodeDefault.xctoolchain/usr/lib/swift/host/plugins/testing -enable-experimental-feature DebugDescriptionMacro -sdk /Applications/Xcode-beta.app/Contents/Developer/Platforms/iPhoneSimulator.platform/Developer/SDKs/iPhoneSimulator26.0.sdk -target x86_64-apple-ios16.0-simulator -g -module-cache-path /Users/kris/Epilogue/build/ModuleCache.noindex -Xfrontend -serialize-debugging-options -profile-coverage-mapping -profile-generate -enable-testing -suppress-warnings -index-store-path /Users/kris/Epilogue/build/Index.noindex/DataStore -Xcc -D_LIBCPP_HARDENING_MODE\=_LIBCPP_HARDENING_MODE_DEBUG -swift-version 5 -I /Users/kris/Epilogue/build/Build/Products/Debug-iphonesimulator -Isystem /Applications/Xcode-beta.app/Contents/Developer/Platforms/iPhoneSimulator.platform/Developer/usr/lib -F /Users/kris/Epilogue/build/Build/Products/Debug-iphonesimulator/PackageFrameworks -F /Users/kris/Epilogue/build/Build/Products/Debug-iphonesimulator/PackageFrameworks -F /Users/kris/Epilogue/build/Build/Products/Debug-iphonesimulator/PackageFrameworks -F /Users/kris/Epilogue/build/Build/Products/Debug-iphonesimulator/PackageFrameworks -F /Users/kris/Epilogue/build/Build/Products/Debug-iphonesimulator/PackageFrameworks -F /Users/kris/Epilogue/build/Build/Products/Debug-iphonesimulator/PackageFrameworks -F /Users/kris/Epilogue/build/Build/Products/Debug-iphonesimulator/PackageFrameworks -F /Users/kris/Epilogue/build/Build/Products/Debug-iphonesimulator/PackageFrameworks -F /Users/kris/Epilogue/build/Build/Products/Debug-iphonesimulator/PackageFrameworks -F /Users/kris/Epilogue/build/Build/Products/Debug-iphonesimulator/PackageFrameworks -F /Users/kris/Epilogue/build/Build/Products/Debug-iphonesimulator/PackageFrameworks -F /Users/kris/Epilogue/build/Build/Products/Debug-iphonesimulator -F /Applications/Xcode-beta.app/Contents/Developer/Platforms/iPhoneSimulator.platform/Developer/Library/Frameworks -F /Applications/Xcode-beta.app/Contents/Developer/Platforms/iPhoneSimulator.platform/Developer/SDKs/iPhoneSimulator26.0.sdk/Developer/Library/Frameworks -c -j12 -enable-batch-mode -incremental -Xcc -ivfsstatcache -Xcc /Users/kris/Epilogue/build/SDKStatCaches.noindex/iphonesimulator26.0-23A5297f-3885c01c3e6b6a337905948deab2002efc862078e33f881139a9d2f83bd1a9d0.sdkstatcache -output-file-map /Users/kris/Epilogue/build/Build/Intermediates.noindex/whisperkit.build/Debug-iphonesimulator/whisperkit-cli.build/Objects-normal/x86_64/whisperkit-cli-OutputFileMap.json -use-frontend-parseable-output -save-temps -no-color-diagnostics -explicit-module-build -module-cache-path /Users/kris/Epilogue/build/Build/Intermediates.noindex/SwiftExplicitPrecompiledModules -clang-scanner-module-cache-path /Users/kris/Epilogue/build/ModuleCache.noindex -sdk-module-cache-path /Users/kris/Epilogue/build/ModuleCache.noindex -serialize-diagnostics -emit-dependencies -emit-module -emit-module-path /Users/kris/Epilogue/build/Build/Intermediates.noindex/whisperkit.build/Debug-iphonesimulator/whisperkit-cli.build/Objects-normal/x86_64/whisperkit_cli.swiftmodule -validate-clang-modules-once -clang-build-session-file /Users/kris/Epilogue/build/ModuleCache.noindex/Session.modulevalidation -package-name whisperkit -emit-const-values -Xfrontend -const-gather-protocols-file -Xfrontend /Users/kris/Epilogue/build/Build/Intermediates.noindex/whisperkit.build/Debug-iphonesimulator/whisperkit-cli.build/Objects-normal/x86_64/whisperkit-cli_const_extract_protocols.json -Xcc -I/Users/kris/Epilogue/build/Build/Products/Debug-iphonesimulator/include -Xcc -I/Users/kris/Epilogue/build/Build/Intermediates.noindex/whisperkit.build/Debug-iphonesimulator/whisperkit-cli.build/DerivedSources-normal/x86_64 -Xcc -I/Users/kris/Epilogue/build/Build/Intermediates.noindex/whisperkit.build/Debug-iphonesimulator/whisperkit-cli.build/DerivedSources/x86_64 -Xcc -I/Users/kris/Epilogue/build/Build/Intermediates.noindex/whisperkit.build/Debug-iphonesimulator/whisperkit-cli.build/DerivedSources -Xcc -DSWIFT_PACKAGE -Xcc -DDEBUG\=1 -working-directory /Users/kris/Epilogue/Epilogue/Epilogue.xcodeproj -experimental-emit-module-separately -disable-cmo

Copy /Users/kris/Epilogue/build/Build/Products/Debug-iphonesimulator/whisperkit_cli.swiftmodule/x86_64-apple-ios-simulator.swiftdoc /Users/kris/Epilogue/build/Build/Intermediates.noindex/whisperkit.build/Debug-iphonesimulator/whisperkit-cli.build/Objects-normal/x86_64/whisperkit_cli.swiftdoc (in target 'whisperkit-cli' from project 'whisperkit')
    cd /Users/kris/Epilogue/build/SourcePackages/checkouts/WhisperKit
    builtin-copy -exclude .DS_Store -exclude CVS -exclude .svn -exclude .git -exclude .hg -resolve-src-symlinks -rename /Users/kris/Epilogue/build/Build/Intermediates.noindex/whisperkit.build/Debug-iphonesimulator/whisperkit-cli.build/Objects-normal/x86_64/whisperkit_cli.swiftdoc /Users/kris/Epilogue/build/Build/Products/Debug-iphonesimulator/whisperkit_cli.swiftmodule/x86_64-apple-ios-simulator.swiftdoc

Copy /Users/kris/Epilogue/build/Build/Products/Debug-iphonesimulator/whisperkit_cli.swiftmodule/x86_64-apple-ios-simulator.abi.json /Users/kris/Epilogue/build/Build/Intermediates.noindex/whisperkit.build/Debug-iphonesimulator/whisperkit-cli.build/Objects-normal/x86_64/whisperkit_cli.abi.json (in target 'whisperkit-cli' from project 'whisperkit')
    cd /Users/kris/Epilogue/build/SourcePackages/checkouts/WhisperKit
    builtin-copy -exclude .DS_Store -exclude CVS -exclude .svn -exclude .git -exclude .hg -resolve-src-symlinks -rename /Users/kris/Epilogue/build/Build/Intermediates.noindex/whisperkit.build/Debug-iphonesimulator/whisperkit-cli.build/Objects-normal/x86_64/whisperkit_cli.abi.json /Users/kris/Epilogue/build/Build/Products/Debug-iphonesimulator/whisperkit_cli.swiftmodule/x86_64-apple-ios-simulator.abi.json

Copy /Users/kris/Epilogue/build/Build/Products/Debug-iphonesimulator/whisperkit_cli.swiftmodule/Project/x86_64-apple-ios-simulator.swiftsourceinfo /Users/kris/Epilogue/build/Build/Intermediates.noindex/whisperkit.build/Debug-iphonesimulator/whisperkit-cli.build/Objects-normal/x86_64/whisperkit_cli.swiftsourceinfo (in target 'whisperkit-cli' from project 'whisperkit')
    cd /Users/kris/Epilogue/build/SourcePackages/checkouts/WhisperKit
    builtin-copy -exclude .DS_Store -exclude CVS -exclude .svn -exclude .git -exclude .hg -resolve-src-symlinks -rename /Users/kris/Epilogue/build/Build/Intermediates.noindex/whisperkit.build/Debug-iphonesimulator/whisperkit-cli.build/Objects-normal/x86_64/whisperkit_cli.swiftsourceinfo /Users/kris/Epilogue/build/Build/Products/Debug-iphonesimulator/whisperkit_cli.swiftmodule/Project/x86_64-apple-ios-simulator.swiftsourceinfo

Copy /Users/kris/Epilogue/build/Build/Products/Debug-iphonesimulator/whisperkit_cli.swiftmodule/x86_64-apple-ios-simulator.swiftmodule /Users/kris/Epilogue/build/Build/Intermediates.noindex/whisperkit.build/Debug-iphonesimulator/whisperkit-cli.build/Objects-normal/x86_64/whisperkit_cli.swiftmodule (in target 'whisperkit-cli' from project 'whisperkit')
    cd /Users/kris/Epilogue/build/SourcePackages/checkouts/WhisperKit
    builtin-copy -exclude .DS_Store -exclude CVS -exclude .svn -exclude .git -exclude .hg -resolve-src-symlinks -rename /Users/kris/Epilogue/build/Build/Intermediates.noindex/whisperkit.build/Debug-iphonesimulator/whisperkit-cli.build/Objects-normal/x86_64/whisperkit_cli.swiftmodule /Users/kris/Epilogue/build/Build/Products/Debug-iphonesimulator/whisperkit_cli.swiftmodule/x86_64-apple-ios-simulator.swiftmodule

ProcessProductPackaging /Users/kris/Epilogue/Epilogue/Epilogue/Epilogue.entitlements /Users/kris/Epilogue/build/Build/Intermediates.noindex/Epilogue.build/Debug-iphonesimulator/Epilogue.build/Epilogue.app-Simulated.xcent (in target 'Epilogue' from project 'Epilogue')
    cd /Users/kris/Epilogue/Epilogue
    
    Entitlements:
    
    {
    "application-identifier" = "KWJNMWT2B9.Kris-Puckett.Epilogue";
    "aps-environment" = development;
    "com.apple.developer.icloud-container-identifiers" =     (
    );
    "com.apple.developer.icloud-services" =     (
        CloudKit
    );
}
    
    builtin-productPackagingUtility /Users/kris/Epilogue/Epilogue/Epilogue/Epilogue.entitlements -entitlements -format xml -o /Users/kris/Epilogue/build/Build/Intermediates.noindex/Epilogue.build/Debug-iphonesimulator/Epilogue.build/Epilogue.app-Simulated.xcent

ProcessProductPackaging /Users/kris/Epilogue/Epilogue/Epilogue/Epilogue.entitlements /Users/kris/Epilogue/build/Build/Intermediates.noindex/Epilogue.build/Debug-iphonesimulator/Epilogue.build/Epilogue.app.xcent (in target 'Epilogue' from project 'Epilogue')
    cd /Users/kris/Epilogue/Epilogue
    
    Entitlements:
    
    {
}
    
    builtin-productPackagingUtility /Users/kris/Epilogue/Epilogue/Epilogue/Epilogue.entitlements -entitlements -format xml -o /Users/kris/Epilogue/build/Build/Intermediates.noindex/Epilogue.build/Debug-iphonesimulator/Epilogue.build/Epilogue.app.xcent

ProcessProductPackagingDER /Users/kris/Epilogue/build/Build/Intermediates.noindex/Epilogue.build/Debug-iphonesimulator/Epilogue.build/Epilogue.app.xcent /Users/kris/Epilogue/build/Build/Intermediates.noindex/Epilogue.build/Debug-iphonesimulator/Epilogue.build/Epilogue.app.xcent.der (in target 'Epilogue' from project 'Epilogue')
    cd /Users/kris/Epilogue/Epilogue
    /usr/bin/derq query -f xml -i /Users/kris/Epilogue/build/Build/Intermediates.noindex/Epilogue.build/Debug-iphonesimulator/Epilogue.build/Epilogue.app.xcent -o /Users/kris/Epilogue/build/Build/Intermediates.noindex/Epilogue.build/Debug-iphonesimulator/Epilogue.build/Epilogue.app.xcent.der --raw

ProcessProductPackagingDER /Users/kris/Epilogue/build/Build/Intermediates.noindex/Epilogue.build/Debug-iphonesimulator/Epilogue.build/Epilogue.app-Simulated.xcent /Users/kris/Epilogue/build/Build/Intermediates.noindex/Epilogue.build/Debug-iphonesimulator/Epilogue.build/Epilogue.app-Simulated.xcent.der (in target 'Epilogue' from project 'Epilogue')
    cd /Users/kris/Epilogue/Epilogue
    /usr/bin/derq query -f xml -i /Users/kris/Epilogue/build/Build/Intermediates.noindex/Epilogue.build/Debug-iphonesimulator/Epilogue.build/Epilogue.app-Simulated.xcent -o /Users/kris/Epilogue/build/Build/Intermediates.noindex/Epilogue.build/Debug-iphonesimulator/Epilogue.build/Epilogue.app-Simulated.xcent.der --raw

GenerateAssetSymbols /Users/kris/Epilogue/Epilogue/Epilogue/Assets.xcassets (in target 'Epilogue' from project 'Epilogue')
    cd /Users/kris/Epilogue/Epilogue
    /Applications/Xcode-beta.app/Contents/Developer/usr/bin/actool /Users/kris/Epilogue/Epilogue/Epilogue/Assets.xcassets --compile /Users/kris/Epilogue/build/Build/Products/Debug-iphonesimulator/Epilogue.app --output-format human-readable-text --notices --warnings --export-dependency-info /Users/kris/Epilogue/build/Build/Intermediates.noindex/Epilogue.build/Debug-iphonesimulator/Epilogue.build/assetcatalog_dependencies --output-partial-info-plist /Users/kris/Epilogue/build/Build/Intermediates.noindex/Epilogue.build/Debug-iphonesimulator/Epilogue.build/assetcatalog_generated_info.plist --app-icon AppIcon --accent-color AccentColor --compress-pngs --enable-on-demand-resources YES --development-region en --target-device iphone --target-device ipad --minimum-deployment-target 26.0 --platform iphonesimulator --bundle-identifier Kris-Puckett.Epilogue --generate-swift-asset-symbols /Users/kris/Epilogue/build/Build/Intermediates.noindex/Epilogue.build/Debug-iphonesimulator/Epilogue.build/DerivedSources/GeneratedAssetSymbols.swift --generate-objc-asset-symbols /Users/kris/Epilogue/build/Build/Intermediates.noindex/Epilogue.build/Debug-iphonesimulator/Epilogue.build/DerivedSources/GeneratedAssetSymbols.h --generate-asset-symbol-index /Users/kris/Epilogue/build/Build/Intermediates.noindex/Epilogue.build/Debug-iphonesimulator/Epilogue.build/DerivedSources/GeneratedAssetSymbols-Index.plist
/* com.apple.actool.document.warnings */
/Users/kris/Epilogue/Epilogue/Epilogue/Assets.xcassets:./glass-msgs.imageset/(null)[2d][glass-msgs.png]: warning: The image set "glass-msgs" has 3 unassigned children.
/Users/kris/Epilogue/Epilogue/Epilogue/Assets.xcassets:./glass-feather.imageset/(null)[2d][duplicate-plus.pdf]: warning: The image set "glass-feather" has 4 unassigned children.
/Users/kris/Epilogue/Epilogue/Epilogue/Assets.xcassets:./glass-book-open.imageset/(null)[2d][glass-book-open.png]: warning: The image set "glass-book-open" has 3 unassigned children.
/Users/kris/Epilogue/Epilogue/Epilogue/Assets.xcassets:./glass-msgs.imageset/(null)[2d][glass-msgs.png]: warning: The image set "glass-msgs" has 3 unassigned children.
/Users/kris/Epilogue/Epilogue/Epilogue/Assets.xcassets:./glass-feather.imageset/(null)[2d][duplicate-plus.pdf]: warning: The image set "glass-feather" has 4 unassigned children.
/Users/kris/Epilogue/Epilogue/Epilogue/Assets.xcassets:./glass-book-open.imageset/(null)[2d][glass-book-open.png]: warning: The image set "glass-book-open" has 3 unassigned children.
/* com.apple.actool.compilation-results */
/Users/kris/Epilogue/build/Build/Intermediates.noindex/Epilogue.build/Debug-iphonesimulator/Epilogue.build/DerivedSources/GeneratedAssetSymbols-Index.plist
/Users/kris/Epilogue/build/Build/Intermediates.noindex/Epilogue.build/Debug-iphonesimulator/Epilogue.build/DerivedSources/GeneratedAssetSymbols.h
/Users/kris/Epilogue/build/Build/Intermediates.noindex/Epilogue.build/Debug-iphonesimulator/Epilogue.build/DerivedSources/GeneratedAssetSymbols.swift


MkDir /Users/kris/Epilogue/build/Build/Intermediates.noindex/Epilogue.build/Debug-iphonesimulator/Epilogue.build/assetcatalog_output/thinned (in target 'Epilogue' from project 'Epilogue')
    cd /Users/kris/Epilogue/Epilogue
    /bin/mkdir -p /Users/kris/Epilogue/build/Build/Intermediates.noindex/Epilogue.build/Debug-iphonesimulator/Epilogue.build/assetcatalog_output/thinned

MkDir /Users/kris/Epilogue/build/Build/Intermediates.noindex/Epilogue.build/Debug-iphonesimulator/Epilogue.build/assetcatalog_output/unthinned (in target 'Epilogue' from project 'Epilogue')
    cd /Users/kris/Epilogue/Epilogue
    /bin/mkdir -p /Users/kris/Epilogue/build/Build/Intermediates.noindex/Epilogue.build/Debug-iphonesimulator/Epilogue.build/assetcatalog_output/unthinned

CompileAssetCatalogVariant thinned /Users/kris/Epilogue/build/Build/Products/Debug-iphonesimulator/Epilogue.app /Users/kris/Epilogue/Epilogue/Epilogue/Assets.xcassets (in target 'Epilogue' from project 'Epilogue')
    cd /Users/kris/Epilogue/Epilogue
    /Applications/Xcode-beta.app/Contents/Developer/usr/bin/actool /Users/kris/Epilogue/Epilogue/Epilogue/Assets.xcassets --compile /Users/kris/Epilogue/build/Build/Intermediates.noindex/Epilogue.build/Debug-iphonesimulator/Epilogue.build/assetcatalog_output/thinned --output-format human-readable-text --notices --warnings --export-dependency-info /Users/kris/Epilogue/build/Build/Intermediates.noindex/Epilogue.build/Debug-iphonesimulator/Epilogue.build/assetcatalog_dependencies_thinned --output-partial-info-plist /Users/kris/Epilogue/build/Build/Intermediates.noindex/Epilogue.build/Debug-iphonesimulator/Epilogue.build/assetcatalog_generated_info.plist_thinned --app-icon AppIcon --accent-color AccentColor --compress-pngs --enable-on-demand-resources YES --development-region en --target-device iphone --target-device ipad --minimum-deployment-target 26.0 --platform iphonesimulator
/* com.apple.actool.document.warnings */
/Users/kris/Epilogue/Epilogue/Epilogue/Assets.xcassets:./glass-msgs.imageset/(null)[2d][glass-msgs.png]: warning: The image set "glass-msgs" has 3 unassigned children.
/Users/kris/Epilogue/Epilogue/Epilogue/Assets.xcassets:./glass-feather.imageset/(null)[2d][duplicate-plus.pdf]: warning: The image set "glass-feather" has 4 unassigned children.
/Users/kris/Epilogue/Epilogue/Epilogue/Assets.xcassets:./glass-book-open.imageset/(null)[2d][glass-book-open.png]: warning: The image set "glass-book-open" has 3 unassigned children.
/Users/kris/Epilogue/Epilogue/Epilogue/Assets.xcassets:./glass-book-open.imageset/(null)[2d][glass-book-open.png]: warning: The image set "glass-book-open" has 3 unassigned children.
/Users/kris/Epilogue/Epilogue/Epilogue/Assets.xcassets:./glass-msgs.imageset/(null)[2d][glass-msgs.png]: warning: The image set "glass-msgs" has 3 unassigned children.
/Users/kris/Epilogue/Epilogue/Epilogue/Assets.xcassets:./glass-feather.imageset/(null)[2d][duplicate-plus.pdf]: warning: The image set "glass-feather" has 4 unassigned children.
/Users/kris/Epilogue/Epilogue/Epilogue/Assets.xcassets:./glass-msgs.imageset/(null)[2d][glass-msgs.png]: warning: The image set "glass-msgs" has 3 unassigned children.
/Users/kris/Epilogue/Epilogue/Epilogue/Assets.xcassets:./glass-feather.imageset/(null)[2d][duplicate-plus.pdf]: warning: The image set "glass-feather" has 4 unassigned children.
/Users/kris/Epilogue/Epilogue/Epilogue/Assets.xcassets:./glass-book-open.imageset/(null)[2d][glass-book-open.png]: warning: The image set "glass-book-open" has 3 unassigned children.
/* com.apple.actool.compilation-results */
/Users/kris/Epilogue/build/Build/Intermediates.noindex/Epilogue.build/Debug-iphonesimulator/Epilogue.build/assetcatalog_generated_info.plist_thinned
/Users/kris/Epilogue/build/Build/Intermediates.noindex/Epilogue.build/Debug-iphonesimulator/Epilogue.build/assetcatalog_output/thinned/Assets.car


SwiftDriverJobDiscovery normal arm64 Compiling Models.swift, LogitsFilter.swift (in target 'WhisperKit' from project 'whisperkit')

SwiftDriver Epilogue normal arm64 com.apple.xcode.tools.swift.compiler (in target 'Epilogue' from project 'Epilogue')
    cd /Users/kris/Epilogue/Epilogue
    builtin-SwiftDriver -- /Applications/Xcode-beta.app/Contents/Developer/Toolchains/XcodeDefault.xctoolchain/usr/bin/swiftc -module-name Epilogue -Onone -enforce-exclusivity\=checked @/Users/kris/Epilogue/build/Build/Intermediates.noindex/Epilogue.build/Debug-iphonesimulator/Epilogue.build/Objects-normal/arm64/Epilogue.SwiftFileList -DDEBUG -default-isolation\=MainActor -enable-bare-slash-regex -enable-upcoming-feature DisableOutwardActorInference -enable-upcoming-feature InferSendableFromCaptures -enable-upcoming-feature GlobalActorIsolatedTypesUsability -enable-upcoming-feature MemberImportVisibility -enable-upcoming-feature InferIsolatedConformances -enable-upcoming-feature NonisolatedNonsendingByDefault -enable-experimental-feature DebugDescriptionMacro -sdk /Applications/Xcode-beta.app/Contents/Developer/Platforms/iPhoneSimulator.platform/Developer/SDKs/iPhoneSimulator26.0.sdk -target arm64-apple-ios26.0-simulator -g -module-cache-path /Users/kris/Epilogue/build/ModuleCache.noindex -Xfrontend -serialize-debugging-options -profile-coverage-mapping -profile-generate -enable-testing -index-store-path /Users/kris/Epilogue/build/Index.noindex/DataStore -Xcc -D_LIBCPP_HARDENING_MODE\=_LIBCPP_HARDENING_MODE_DEBUG -swift-version 5 -I /Users/kris/Epilogue/build/Build/Products/Debug-iphonesimulator -F /Users/kris/Epilogue/build/Build/Products/Debug-iphonesimulator/PackageFrameworks -F /Users/kris/Epilogue/build/Build/Products/Debug-iphonesimulator/PackageFrameworks -F /Users/kris/Epilogue/build/Build/Products/Debug-iphonesimulator/PackageFrameworks -F /Users/kris/Epilogue/build/Build/Products/Debug-iphonesimulator/PackageFrameworks -F /Users/kris/Epilogue/build/Build/Products/Debug-iphonesimulator/PackageFrameworks -F /Users/kris/Epilogue/build/Build/Products/Debug-iphonesimulator/PackageFrameworks -F /Users/kris/Epilogue/build/Build/Products/Debug-iphonesimulator/PackageFrameworks -F /Users/kris/Epilogue/build/Build/Products/Debug-iphonesimulator/PackageFrameworks -F /Users/kris/Epilogue/build/Build/Products/Debug-iphonesimulator/PackageFrameworks -F /Users/kris/Epilogue/build/Build/Products/Debug-iphonesimulator/PackageFrameworks -F /Users/kris/Epilogue/build/Build/Products/Debug-iphonesimulator/PackageFrameworks -F /Users/kris/Epilogue/build/Build/Products/Debug-iphonesimulator/PackageFrameworks -F /Users/kris/Epilogue/build/Build/Products/Debug-iphonesimulator -emit-localized-strings -emit-localized-strings-path /Users/kris/Epilogue/build/Build/Intermediates.noindex/Epilogue.build/Debug-iphonesimulator/Epilogue.build/Objects-normal/arm64 -c -j12 -enable-batch-mode -incremental -Xcc -ivfsstatcache -Xcc /Users/kris/Epilogue/build/SDKStatCaches.noindex/iphonesimulator26.0-23A5297f-3885c01c3e6b6a337905948deab2002efc862078e33f881139a9d2f83bd1a9d0.sdkstatcache -output-file-map /Users/kris/Epilogue/build/Build/Intermediates.noindex/Epilogue.build/Debug-iphonesimulator/Epilogue.build/Objects-normal/arm64/Epilogue-OutputFileMap.json -use-frontend-parseable-output -save-temps -no-color-diagnostics -explicit-module-build -module-cache-path /Users/kris/Epilogue/build/Build/Intermediates.noindex/SwiftExplicitPrecompiledModules -clang-scanner-module-cache-path /Users/kris/Epilogue/build/ModuleCache.noindex -sdk-module-cache-path /Users/kris/Epilogue/build/ModuleCache.noindex -serialize-diagnostics -emit-dependencies -emit-module -emit-module-path /Users/kris/Epilogue/build/Build/Intermediates.noindex/Epilogue.build/Debug-iphonesimulator/Epilogue.build/Objects-normal/arm64/Epilogue.swiftmodule -validate-clang-modules-once -clang-build-session-file /Users/kris/Epilogue/build/ModuleCache.noindex/Session.modulevalidation -Xcc -I/Users/kris/Epilogue/build/Build/Intermediates.noindex/Epilogue.build/Debug-iphonesimulator/Epilogue.build/swift-overrides.hmap -emit-const-values -Xfrontend -const-gather-protocols-file -Xfrontend /Users/kris/Epilogue/build/Build/Intermediates.noindex/Epilogue.build/Debug-iphonesimulator/Epilogue.build/Objects-normal/arm64/Epilogue_const_extract_protocols.json -Xcc -iquote -Xcc /Users/kris/Epilogue/build/Build/Intermediates.noindex/Epilogue.build/Debug-iphonesimulator/Epilogue.build/Epilogue-generated-files.hmap -Xcc -I/Users/kris/Epilogue/build/Build/Intermediates.noindex/Epilogue.build/Debug-iphonesimulator/Epilogue.build/Epilogue-own-target-headers.hmap -Xcc -I/Users/kris/Epilogue/build/Build/Intermediates.noindex/Epilogue.build/Debug-iphonesimulator/Epilogue.build/Epilogue-all-non-framework-target-headers.hmap -Xcc -ivfsoverlay -Xcc /Users/kris/Epilogue/build/Build/Intermediates.noindex/Epilogue.build/Debug-iphonesimulator/Epilogue-3b24a753582e4251dda95b228d36f769-VFS-iphonesimulator/all-product-headers.yaml -Xcc -iquote -Xcc /Users/kris/Epilogue/build/Build/Intermediates.noindex/Epilogue.build/Debug-iphonesimulator/Epilogue.build/Epilogue-project-headers.hmap -Xcc -I/Users/kris/Epilogue/build/Build/Products/Debug-iphonesimulator/include -Xcc -I/Users/kris/Epilogue/build/Build/Intermediates.noindex/Epilogue.build/Debug-iphonesimulator/Epilogue.build/DerivedSources-normal/arm64 -Xcc -I/Users/kris/Epilogue/build/Build/Intermediates.noindex/Epilogue.build/Debug-iphonesimulator/Epilogue.build/DerivedSources/arm64 -Xcc -I/Users/kris/Epilogue/build/Build/Intermediates.noindex/Epilogue.build/Debug-iphonesimulator/Epilogue.build/DerivedSources -Xcc -DDEBUG\=1 -emit-objc-header -emit-objc-header-path /Users/kris/Epilogue/build/Build/Intermediates.noindex/Epilogue.build/Debug-iphonesimulator/Epilogue.build/Objects-normal/arm64/Epilogue-Swift.h -working-directory /Users/kris/Epilogue/Epilogue -experimental-emit-module-separately -disable-cmo

SwiftDriver Epilogue normal x86_64 com.apple.xcode.tools.swift.compiler (in target 'Epilogue' from project 'Epilogue')
    cd /Users/kris/Epilogue/Epilogue
    builtin-SwiftDriver -- /Applications/Xcode-beta.app/Contents/Developer/Toolchains/XcodeDefault.xctoolchain/usr/bin/swiftc -module-name Epilogue -Onone -enforce-exclusivity\=checked @/Users/kris/Epilogue/build/Build/Intermediates.noindex/Epilogue.build/Debug-iphonesimulator/Epilogue.build/Objects-normal/x86_64/Epilogue.SwiftFileList -DDEBUG -default-isolation\=MainActor -enable-bare-slash-regex -enable-upcoming-feature DisableOutwardActorInference -enable-upcoming-feature InferSendableFromCaptures -enable-upcoming-feature GlobalActorIsolatedTypesUsability -enable-upcoming-feature MemberImportVisibility -enable-upcoming-feature InferIsolatedConformances -enable-upcoming-feature NonisolatedNonsendingByDefault -enable-experimental-feature DebugDescriptionMacro -sdk /Applications/Xcode-beta.app/Contents/Developer/Platforms/iPhoneSimulator.platform/Developer/SDKs/iPhoneSimulator26.0.sdk -target x86_64-apple-ios26.0-simulator -g -module-cache-path /Users/kris/Epilogue/build/ModuleCache.noindex -Xfrontend -serialize-debugging-options -profile-coverage-mapping -profile-generate -enable-testing -index-store-path /Users/kris/Epilogue/build/Index.noindex/DataStore -Xcc -D_LIBCPP_HARDENING_MODE\=_LIBCPP_HARDENING_MODE_DEBUG -swift-version 5 -I /Users/kris/Epilogue/build/Build/Products/Debug-iphonesimulator -F /Users/kris/Epilogue/build/Build/Products/Debug-iphonesimulator/PackageFrameworks -F /Users/kris/Epilogue/build/Build/Products/Debug-iphonesimulator/PackageFrameworks -F /Users/kris/Epilogue/build/Build/Products/Debug-iphonesimulator/PackageFrameworks -F /Users/kris/Epilogue/build/Build/Products/Debug-iphonesimulator/PackageFrameworks -F /Users/kris/Epilogue/build/Build/Products/Debug-iphonesimulator/PackageFrameworks -F /Users/kris/Epilogue/build/Build/Products/Debug-iphonesimulator/PackageFrameworks -F /Users/kris/Epilogue/build/Build/Products/Debug-iphonesimulator/PackageFrameworks -F /Users/kris/Epilogue/build/Build/Products/Debug-iphonesimulator/PackageFrameworks -F /Users/kris/Epilogue/build/Build/Products/Debug-iphonesimulator/PackageFrameworks -F /Users/kris/Epilogue/build/Build/Products/Debug-iphonesimulator/PackageFrameworks -F /Users/kris/Epilogue/build/Build/Products/Debug-iphonesimulator/PackageFrameworks -F /Users/kris/Epilogue/build/Build/Products/Debug-iphonesimulator/PackageFrameworks -F /Users/kris/Epilogue/build/Build/Products/Debug-iphonesimulator -emit-localized-strings -emit-localized-strings-path /Users/kris/Epilogue/build/Build/Intermediates.noindex/Epilogue.build/Debug-iphonesimulator/Epilogue.build/Objects-normal/x86_64 -c -j12 -enable-batch-mode -incremental -Xcc -ivfsstatcache -Xcc /Users/kris/Epilogue/build/SDKStatCaches.noindex/iphonesimulator26.0-23A5297f-3885c01c3e6b6a337905948deab2002efc862078e33f881139a9d2f83bd1a9d0.sdkstatcache -output-file-map /Users/kris/Epilogue/build/Build/Intermediates.noindex/Epilogue.build/Debug-iphonesimulator/Epilogue.build/Objects-normal/x86_64/Epilogue-OutputFileMap.json -use-frontend-parseable-output -save-temps -no-color-diagnostics -explicit-module-build -module-cache-path /Users/kris/Epilogue/build/Build/Intermediates.noindex/SwiftExplicitPrecompiledModules -clang-scanner-module-cache-path /Users/kris/Epilogue/build/ModuleCache.noindex -sdk-module-cache-path /Users/kris/Epilogue/build/ModuleCache.noindex -serialize-diagnostics -emit-dependencies -emit-module -emit-module-path /Users/kris/Epilogue/build/Build/Intermediates.noindex/Epilogue.build/Debug-iphonesimulator/Epilogue.build/Objects-normal/x86_64/Epilogue.swiftmodule -validate-clang-modules-once -clang-build-session-file /Users/kris/Epilogue/build/ModuleCache.noindex/Session.modulevalidation -Xcc -I/Users/kris/Epilogue/build/Build/Intermediates.noindex/Epilogue.build/Debug-iphonesimulator/Epilogue.build/swift-overrides.hmap -emit-const-values -Xfrontend -const-gather-protocols-file -Xfrontend /Users/kris/Epilogue/build/Build/Intermediates.noindex/Epilogue.build/Debug-iphonesimulator/Epilogue.build/Objects-normal/x86_64/Epilogue_const_extract_protocols.json -Xcc -iquote -Xcc /Users/kris/Epilogue/build/Build/Intermediates.noindex/Epilogue.build/Debug-iphonesimulator/Epilogue.build/Epilogue-generated-files.hmap -Xcc -I/Users/kris/Epilogue/build/Build/Intermediates.noindex/Epilogue.build/Debug-iphonesimulator/Epilogue.build/Epilogue-own-target-headers.hmap -Xcc -I/Users/kris/Epilogue/build/Build/Intermediates.noindex/Epilogue.build/Debug-iphonesimulator/Epilogue.build/Epilogue-all-non-framework-target-headers.hmap -Xcc -ivfsoverlay -Xcc /Users/kris/Epilogue/build/Build/Intermediates.noindex/Epilogue.build/Debug-iphonesimulator/Epilogue-3b24a753582e4251dda95b228d36f769-VFS-iphonesimulator/all-product-headers.yaml -Xcc -iquote -Xcc /Users/kris/Epilogue/build/Build/Intermediates.noindex/Epilogue.build/Debug-iphonesimulator/Epilogue.build/Epilogue-project-headers.hmap -Xcc -I/Users/kris/Epilogue/build/Build/Products/Debug-iphonesimulator/include -Xcc -I/Users/kris/Epilogue/build/Build/Intermediates.noindex/Epilogue.build/Debug-iphonesimulator/Epilogue.build/DerivedSources-normal/x86_64 -Xcc -I/Users/kris/Epilogue/build/Build/Intermediates.noindex/Epilogue.build/Debug-iphonesimulator/Epilogue.build/DerivedSources/x86_64 -Xcc -I/Users/kris/Epilogue/build/Build/Intermediates.noindex/Epilogue.build/Debug-iphonesimulator/Epilogue.build/DerivedSources -Xcc -DDEBUG\=1 -emit-objc-header -emit-objc-header-path /Users/kris/Epilogue/build/Build/Intermediates.noindex/Epilogue.build/Debug-iphonesimulator/Epilogue.build/Objects-normal/x86_64/Epilogue-Swift.h -working-directory /Users/kris/Epilogue/Epilogue -experimental-emit-module-separately -disable-cmo

SwiftDriverJobDiscovery normal x86_64 Compiling CLIArguments.swift (in target 'whisperkit-cli' from project 'whisperkit')

SwiftDriverJobDiscovery normal arm64 Compiling TranscribeCLI.swift (in target 'whisperkit-cli' from project 'whisperkit')

SwiftDriver\ Compilation whisperkit-cli normal arm64 com.apple.xcode.tools.swift.compiler (in target 'whisperkit-cli' from project 'whisperkit')
    cd /Users/kris/Epilogue/Epilogue/Epilogue.xcodeproj
    builtin-Swift-Compilation -- /Applications/Xcode-beta.app/Contents/Developer/Toolchains/XcodeDefault.xctoolchain/usr/bin/swiftc -module-name whisperkit_cli -Onone -enforce-exclusivity\=checked @/Users/kris/Epilogue/build/Build/Intermediates.noindex/whisperkit.build/Debug-iphonesimulator/whisperkit-cli.build/Objects-normal/arm64/whisperkit-cli.SwiftFileList -DSWIFT_PACKAGE -DDEBUG -DXcode -plugin-path /Applications/Xcode-beta.app/Contents/Developer/Toolchains/XcodeDefault.xctoolchain/usr/lib/swift/host/plugins/testing -enable-experimental-feature DebugDescriptionMacro -sdk /Applications/Xcode-beta.app/Contents/Developer/Platforms/iPhoneSimulator.platform/Developer/SDKs/iPhoneSimulator26.0.sdk -target arm64-apple-ios16.0-simulator -g -module-cache-path /Users/kris/Epilogue/build/ModuleCache.noindex -Xfrontend -serialize-debugging-options -profile-coverage-mapping -profile-generate -enable-testing -suppress-warnings -index-store-path /Users/kris/Epilogue/build/Index.noindex/DataStore -Xcc -D_LIBCPP_HARDENING_MODE\=_LIBCPP_HARDENING_MODE_DEBUG -swift-version 5 -I /Users/kris/Epilogue/build/Build/Products/Debug-iphonesimulator -Isystem /Applications/Xcode-beta.app/Contents/Developer/Platforms/iPhoneSimulator.platform/Developer/usr/lib -F /Users/kris/Epilogue/build/Build/Products/Debug-iphonesimulator/PackageFrameworks -F /Users/kris/Epilogue/build/Build/Products/Debug-iphonesimulator/PackageFrameworks -F /Users/kris/Epilogue/build/Build/Products/Debug-iphonesimulator/PackageFrameworks -F /Users/kris/Epilogue/build/Build/Products/Debug-iphonesimulator/PackageFrameworks -F /Users/kris/Epilogue/build/Build/Products/Debug-iphonesimulator/PackageFrameworks -F /Users/kris/Epilogue/build/Build/Products/Debug-iphonesimulator/PackageFrameworks -F /Users/kris/Epilogue/build/Build/Products/Debug-iphonesimulator/PackageFrameworks -F /Users/kris/Epilogue/build/Build/Products/Debug-iphonesimulator/PackageFrameworks -F /Users/kris/Epilogue/build/Build/Products/Debug-iphonesimulator/PackageFrameworks -F /Users/kris/Epilogue/build/Build/Products/Debug-iphonesimulator/PackageFrameworks -F /Users/kris/Epilogue/build/Build/Products/Debug-iphonesimulator/PackageFrameworks -F /Users/kris/Epilogue/build/Build/Products/Debug-iphonesimulator -F /Applications/Xcode-beta.app/Contents/Developer/Platforms/iPhoneSimulator.platform/Developer/Library/Frameworks -F /Applications/Xcode-beta.app/Contents/Developer/Platforms/iPhoneSimulator.platform/Developer/SDKs/iPhoneSimulator26.0.sdk/Developer/Library/Frameworks -c -j12 -enable-batch-mode -incremental -Xcc -ivfsstatcache -Xcc /Users/kris/Epilogue/build/SDKStatCaches.noindex/iphonesimulator26.0-23A5297f-3885c01c3e6b6a337905948deab2002efc862078e33f881139a9d2f83bd1a9d0.sdkstatcache -output-file-map /Users/kris/Epilogue/build/Build/Intermediates.noindex/whisperkit.build/Debug-iphonesimulator/whisperkit-cli.build/Objects-normal/arm64/whisperkit-cli-OutputFileMap.json -use-frontend-parseable-output -save-temps -no-color-diagnostics -explicit-module-build -module-cache-path /Users/kris/Epilogue/build/Build/Intermediates.noindex/SwiftExplicitPrecompiledModules -clang-scanner-module-cache-path /Users/kris/Epilogue/build/ModuleCache.noindex -sdk-module-cache-path /Users/kris/Epilogue/build/ModuleCache.noindex -serialize-diagnostics -emit-dependencies -emit-module -emit-module-path /Users/kris/Epilogue/build/Build/Intermediates.noindex/whisperkit.build/Debug-iphonesimulator/whisperkit-cli.build/Objects-normal/arm64/whisperkit_cli.swiftmodule -validate-clang-modules-once -clang-build-session-file /Users/kris/Epilogue/build/ModuleCache.noindex/Session.modulevalidation -package-name whisperkit -emit-const-values -Xfrontend -const-gather-protocols-file -Xfrontend /Users/kris/Epilogue/build/Build/Intermediates.noindex/whisperkit.build/Debug-iphonesimulator/whisperkit-cli.build/Objects-normal/arm64/whisperkit-cli_const_extract_protocols.json -Xcc -I/Users/kris/Epilogue/build/Build/Products/Debug-iphonesimulator/include -Xcc -I/Users/kris/Epilogue/build/Build/Intermediates.noindex/whisperkit.build/Debug-iphonesimulator/whisperkit-cli.build/DerivedSources-normal/arm64 -Xcc -I/Users/kris/Epilogue/build/Build/Intermediates.noindex/whisperkit.build/Debug-iphonesimulator/whisperkit-cli.build/DerivedSources/arm64 -Xcc -I/Users/kris/Epilogue/build/Build/Intermediates.noindex/whisperkit.build/Debug-iphonesimulator/whisperkit-cli.build/DerivedSources -Xcc -DSWIFT_PACKAGE -Xcc -DDEBUG\=1 -working-directory /Users/kris/Epilogue/Epilogue/Epilogue.xcodeproj -experimental-emit-module-separately -disable-cmo

SwiftDriverJobDiscovery normal x86_64 Compiling TranscribeCLI.swift (in target 'whisperkit-cli' from project 'whisperkit')

SwiftDriver\ Compilation whisperkit-cli normal x86_64 com.apple.xcode.tools.swift.compiler (in target 'whisperkit-cli' from project 'whisperkit')
    cd /Users/kris/Epilogue/Epilogue/Epilogue.xcodeproj
    builtin-Swift-Compilation -- /Applications/Xcode-beta.app/Contents/Developer/Toolchains/XcodeDefault.xctoolchain/usr/bin/swiftc -module-name whisperkit_cli -Onone -enforce-exclusivity\=checked @/Users/kris/Epilogue/build/Build/Intermediates.noindex/whisperkit.build/Debug-iphonesimulator/whisperkit-cli.build/Objects-normal/x86_64/whisperkit-cli.SwiftFileList -DSWIFT_PACKAGE -DDEBUG -DXcode -plugin-path /Applications/Xcode-beta.app/Contents/Developer/Toolchains/XcodeDefault.xctoolchain/usr/lib/swift/host/plugins/testing -enable-experimental-feature DebugDescriptionMacro -sdk /Applications/Xcode-beta.app/Contents/Developer/Platforms/iPhoneSimulator.platform/Developer/SDKs/iPhoneSimulator26.0.sdk -target x86_64-apple-ios16.0-simulator -g -module-cache-path /Users/kris/Epilogue/build/ModuleCache.noindex -Xfrontend -serialize-debugging-options -profile-coverage-mapping -profile-generate -enable-testing -suppress-warnings -index-store-path /Users/kris/Epilogue/build/Index.noindex/DataStore -Xcc -D_LIBCPP_HARDENING_MODE\=_LIBCPP_HARDENING_MODE_DEBUG -swift-version 5 -I /Users/kris/Epilogue/build/Build/Products/Debug-iphonesimulator -Isystem /Applications/Xcode-beta.app/Contents/Developer/Platforms/iPhoneSimulator.platform/Developer/usr/lib -F /Users/kris/Epilogue/build/Build/Products/Debug-iphonesimulator/PackageFrameworks -F /Users/kris/Epilogue/build/Build/Products/Debug-iphonesimulator/PackageFrameworks -F /Users/kris/Epilogue/build/Build/Products/Debug-iphonesimulator/PackageFrameworks -F /Users/kris/Epilogue/build/Build/Products/Debug-iphonesimulator/PackageFrameworks -F /Users/kris/Epilogue/build/Build/Products/Debug-iphonesimulator/PackageFrameworks -F /Users/kris/Epilogue/build/Build/Products/Debug-iphonesimulator/PackageFrameworks -F /Users/kris/Epilogue/build/Build/Products/Debug-iphonesimulator/PackageFrameworks -F /Users/kris/Epilogue/build/Build/Products/Debug-iphonesimulator/PackageFrameworks -F /Users/kris/Epilogue/build/Build/Products/Debug-iphonesimulator/PackageFrameworks -F /Users/kris/Epilogue/build/Build/Products/Debug-iphonesimulator/PackageFrameworks -F /Users/kris/Epilogue/build/Build/Products/Debug-iphonesimulator/PackageFrameworks -F /Users/kris/Epilogue/build/Build/Products/Debug-iphonesimulator -F /Applications/Xcode-beta.app/Contents/Developer/Platforms/iPhoneSimulator.platform/Developer/Library/Frameworks -F /Applications/Xcode-beta.app/Contents/Developer/Platforms/iPhoneSimulator.platform/Developer/SDKs/iPhoneSimulator26.0.sdk/Developer/Library/Frameworks -c -j12 -enable-batch-mode -incremental -Xcc -ivfsstatcache -Xcc /Users/kris/Epilogue/build/SDKStatCaches.noindex/iphonesimulator26.0-23A5297f-3885c01c3e6b6a337905948deab2002efc862078e33f881139a9d2f83bd1a9d0.sdkstatcache -output-file-map /Users/kris/Epilogue/build/Build/Intermediates.noindex/whisperkit.build/Debug-iphonesimulator/whisperkit-cli.build/Objects-normal/x86_64/whisperkit-cli-OutputFileMap.json -use-frontend-parseable-output -save-temps -no-color-diagnostics -explicit-module-build -module-cache-path /Users/kris/Epilogue/build/Build/Intermediates.noindex/SwiftExplicitPrecompiledModules -clang-scanner-module-cache-path /Users/kris/Epilogue/build/ModuleCache.noindex -sdk-module-cache-path /Users/kris/Epilogue/build/ModuleCache.noindex -serialize-diagnostics -emit-dependencies -emit-module -emit-module-path /Users/kris/Epilogue/build/Build/Intermediates.noindex/whisperkit.build/Debug-iphonesimulator/whisperkit-cli.build/Objects-normal/x86_64/whisperkit_cli.swiftmodule -validate-clang-modules-once -clang-build-session-file /Users/kris/Epilogue/build/ModuleCache.noindex/Session.modulevalidation -package-name whisperkit -emit-const-values -Xfrontend -const-gather-protocols-file -Xfrontend /Users/kris/Epilogue/build/Build/Intermediates.noindex/whisperkit.build/Debug-iphonesimulator/whisperkit-cli.build/Objects-normal/x86_64/whisperkit-cli_const_extract_protocols.json -Xcc -I/Users/kris/Epilogue/build/Build/Products/Debug-iphonesimulator/include -Xcc -I/Users/kris/Epilogue/build/Build/Intermediates.noindex/whisperkit.build/Debug-iphonesimulator/whisperkit-cli.build/DerivedSources-normal/x86_64 -Xcc -I/Users/kris/Epilogue/build/Build/Intermediates.noindex/whisperkit.build/Debug-iphonesimulator/whisperkit-cli.build/DerivedSources/x86_64 -Xcc -I/Users/kris/Epilogue/build/Build/Intermediates.noindex/whisperkit.build/Debug-iphonesimulator/whisperkit-cli.build/DerivedSources -Xcc -DSWIFT_PACKAGE -Xcc -DDEBUG\=1 -working-directory /Users/kris/Epilogue/Epilogue/Epilogue.xcodeproj -experimental-emit-module-separately -disable-cmo

SwiftDriverJobDiscovery normal x86_64 Compiling Models.swift, LogitsFilter.swift (in target 'WhisperKit' from project 'whisperkit')

SwiftDriver\ Compilation WhisperKit normal x86_64 com.apple.xcode.tools.swift.compiler (in target 'WhisperKit' from project 'whisperkit')
    cd /Users/kris/Epilogue/Epilogue/Epilogue.xcodeproj
    builtin-Swift-Compilation -- /Applications/Xcode-beta.app/Contents/Developer/Toolchains/XcodeDefault.xctoolchain/usr/bin/swiftc -module-name WhisperKit -Onone -enforce-exclusivity\=checked @/Users/kris/Epilogue/build/Build/Intermediates.noindex/whisperkit.build/Debug-iphonesimulator/WhisperKit.build/Objects-normal/x86_64/WhisperKit.SwiftFileList -DSWIFT_PACKAGE -DDEBUG -DSWIFT_MODULE_RESOURCE_BUNDLE_UNAVAILABLE -DXcode -plugin-path /Applications/Xcode-beta.app/Contents/Developer/Toolchains/XcodeDefault.xctoolchain/usr/lib/swift/host/plugins/testing -enable-experimental-feature DebugDescriptionMacro -sdk /Applications/Xcode-beta.app/Contents/Developer/Platforms/iPhoneSimulator.platform/Developer/SDKs/iPhoneSimulator26.0.sdk -target x86_64-apple-ios16.0-simulator -g -module-cache-path /Users/kris/Epilogue/build/ModuleCache.noindex -Xfrontend -serialize-debugging-options -profile-coverage-mapping -profile-generate -enable-testing -suppress-warnings -index-store-path /Users/kris/Epilogue/build/Index.noindex/DataStore -Xcc -D_LIBCPP_HARDENING_MODE\=_LIBCPP_HARDENING_MODE_DEBUG -swift-version 5 -I /Users/kris/Epilogue/build/Build/Products/Debug-iphonesimulator -Isystem /Applications/Xcode-beta.app/Contents/Developer/Platforms/iPhoneSimulator.platform/Developer/usr/lib -F /Users/kris/Epilogue/build/Build/Products/Debug-iphonesimulator/PackageFrameworks -F /Users/kris/Epilogue/build/Build/Products/Debug-iphonesimulator/PackageFrameworks -F /Users/kris/Epilogue/build/Build/Products/Debug-iphonesimulator/PackageFrameworks -F /Users/kris/Epilogue/build/Build/Products/Debug-iphonesimulator/PackageFrameworks -F /Users/kris/Epilogue/build/Build/Products/Debug-iphonesimulator/PackageFrameworks -F /Users/kris/Epilogue/build/Build/Products/Debug-iphonesimulator/PackageFrameworks -F /Users/kris/Epilogue/build/Build/Products/Debug-iphonesimulator/PackageFrameworks -F /Users/kris/Epilogue/build/Build/Products/Debug-iphonesimulator/PackageFrameworks -F /Users/kris/Epilogue/build/Build/Products/Debug-iphonesimulator -F /Applications/Xcode-beta.app/Contents/Developer/Platforms/iPhoneSimulator.platform/Developer/Library/Frameworks -F /Applications/Xcode-beta.app/Contents/Developer/Platforms/iPhoneSimulator.platform/Developer/SDKs/iPhoneSimulator26.0.sdk/Developer/Library/Frameworks -c -j12 -enable-batch-mode -incremental -Xcc -ivfsstatcache -Xcc /Users/kris/Epilogue/build/SDKStatCaches.noindex/iphonesimulator26.0-23A5297f-3885c01c3e6b6a337905948deab2002efc862078e33f881139a9d2f83bd1a9d0.sdkstatcache -output-file-map /Users/kris/Epilogue/build/Build/Intermediates.noindex/whisperkit.build/Debug-iphonesimulator/WhisperKit.build/Objects-normal/x86_64/WhisperKit-OutputFileMap.json -use-frontend-parseable-output -save-temps -no-color-diagnostics -explicit-module-build -module-cache-path /Users/kris/Epilogue/build/Build/Intermediates.noindex/SwiftExplicitPrecompiledModules -clang-scanner-module-cache-path /Users/kris/Epilogue/build/ModuleCache.noindex -sdk-module-cache-path /Users/kris/Epilogue/build/ModuleCache.noindex -serialize-diagnostics -emit-dependencies -emit-module -emit-module-path /Users/kris/Epilogue/build/Build/Intermediates.noindex/whisperkit.build/Debug-iphonesimulator/WhisperKit.build/Objects-normal/x86_64/WhisperKit.swiftmodule -validate-clang-modules-once -clang-build-session-file /Users/kris/Epilogue/build/ModuleCache.noindex/Session.modulevalidation -package-name whisperkit -Xcc -I/Users/kris/Epilogue/build/Build/Intermediates.noindex/whisperkit.build/Debug-iphonesimulator/WhisperKit.build/swift-overrides.hmap -emit-const-values -Xfrontend -const-gather-protocols-file -Xfrontend /Users/kris/Epilogue/build/Build/Intermediates.noindex/whisperkit.build/Debug-iphonesimulator/WhisperKit.build/Objects-normal/x86_64/WhisperKit_const_extract_protocols.json -Xcc -I/Users/kris/Epilogue/build/Build/Products/Debug-iphonesimulator/include -Xcc -I/Users/kris/Epilogue/build/Build/Intermediates.noindex/whisperkit.build/Debug-iphonesimulator/WhisperKit.build/DerivedSources-normal/x86_64 -Xcc -I/Users/kris/Epilogue/build/Build/Intermediates.noindex/whisperkit.build/Debug-iphonesimulator/WhisperKit.build/DerivedSources/x86_64 -Xcc -I/Users/kris/Epilogue/build/Build/Intermediates.noindex/whisperkit.build/Debug-iphonesimulator/WhisperKit.build/DerivedSources -Xcc -DSWIFT_PACKAGE -Xcc -DDEBUG\=1 -emit-objc-header -emit-objc-header-path /Users/kris/Epilogue/build/Build/Intermediates.noindex/whisperkit.build/Debug-iphonesimulator/WhisperKit.build/Objects-normal/x86_64/WhisperKit-Swift.h -working-directory /Users/kris/Epilogue/Epilogue/Epilogue.xcodeproj -experimental-emit-module-separately -disable-cmo

Ld /Users/kris/Epilogue/build/Build/Intermediates.noindex/whisperkit.build/Debug-iphonesimulator/WhisperKit.build/Objects-normal/x86_64/Binary/WhisperKit normal x86_64 (in target 'WhisperKit' from project 'whisperkit')
    cd /Users/kris/Epilogue/build/SourcePackages/checkouts/WhisperKit
    /Applications/Xcode-beta.app/Contents/Developer/Toolchains/XcodeDefault.xctoolchain/usr/bin/clang -Xlinker -reproducible -target x86_64-apple-ios16.0-simulator -dynamiclib -isysroot /Applications/Xcode-beta.app/Contents/Developer/Platforms/iPhoneSimulator.platform/Developer/SDKs/iPhoneSimulator26.0.sdk -O0 -w -L/Users/kris/Epilogue/build/Build/Intermediates.noindex/EagerLinkingTBDs/Debug-iphonesimulator -L/Users/kris/Epilogue/build/Build/Products/Debug-iphonesimulator -L/Applications/Xcode-beta.app/Contents/Developer/Platforms/iPhoneSimulator.platform/Developer/usr/lib -F/Users/kris/Epilogue/build/Build/Intermediates.noindex/EagerLinkingTBDs/Debug-iphonesimulator -F/Users/kris/Epilogue/build/Build/Products/Debug-iphonesimulator/PackageFrameworks -F/Users/kris/Epilogue/build/Build/Products/Debug-iphonesimulator/PackageFrameworks -F/Users/kris/Epilogue/build/Build/Products/Debug-iphonesimulator/PackageFrameworks -F/Users/kris/Epilogue/build/Build/Products/Debug-iphonesimulator/PackageFrameworks -F/Users/kris/Epilogue/build/Build/Products/Debug-iphonesimulator/PackageFrameworks -F/Users/kris/Epilogue/build/Build/Products/Debug-iphonesimulator/PackageFrameworks -F/Users/kris/Epilogue/build/Build/Products/Debug-iphonesimulator/PackageFrameworks -F/Users/kris/Epilogue/build/Build/Products/Debug-iphonesimulator/PackageFrameworks -F/Users/kris/Epilogue/build/Build/Products/Debug-iphonesimulator -iframework /Applications/Xcode-beta.app/Contents/Developer/Platforms/iPhoneSimulator.platform/Developer/Library/Frameworks -iframework /Applications/Xcode-beta.app/Contents/Developer/Platforms/iPhoneSimulator.platform/Developer/SDKs/iPhoneSimulator26.0.sdk/Developer/Library/Frameworks -filelist /Users/kris/Epilogue/build/Build/Intermediates.noindex/whisperkit.build/Debug-iphonesimulator/WhisperKit.build/Objects-normal/x86_64/WhisperKit.LinkFileList -install_name @rpath/WhisperKit.framework/WhisperKit -Xlinker -rpath -Xlinker /usr/lib/swift -Xlinker -rpath -Xlinker /Users/kris/Epilogue/build/Build/Products/Debug-iphonesimulator/PackageFrameworks -dead_strip -Xlinker -object_path_lto -Xlinker /Users/kris/Epilogue/build/Build/Intermediates.noindex/whisperkit.build/Debug-iphonesimulator/WhisperKit.build/Objects-normal/x86_64/WhisperKit_lto.o -rdynamic -Xlinker -no_deduplicate -Xlinker -objc_abi_version -Xlinker 2 -Xlinker -debug_variant -Xlinker -dependency_info -Xlinker /Users/kris/Epilogue/build/Build/Intermediates.noindex/whisperkit.build/Debug-iphonesimulator/WhisperKit.build/Objects-normal/x86_64/WhisperKit_dependency_info.dat -fobjc-link-runtime -fprofile-instr-generate -L/Applications/Xcode-beta.app/Contents/Developer/Toolchains/XcodeDefault.xctoolchain/usr/lib/swift/iphonesimulator -L/usr/lib/swift -Xlinker -add_ast_path -Xlinker /Users/kris/Epilogue/build/Build/Intermediates.noindex/whisperkit.build/Debug-iphonesimulator/WhisperKit.build/Objects-normal/x86_64/WhisperKit.swiftmodule @/Users/kris/Epilogue/build/Build/Intermediates.noindex/whisperkit.build/Debug-iphonesimulator/WhisperKit.build/Objects-normal/x86_64/WhisperKit-linker-args.resp -Wl,-no_warn_duplicate_libraries -Wl,-no_warn_duplicate_libraries -Wl,-no_warn_duplicate_libraries -Wl,-no_warn_duplicate_libraries -Wl,-no_warn_duplicate_libraries -Wl,-no_warn_duplicate_libraries -Wl,-no_warn_duplicate_libraries -Wl,-no_warn_duplicate_libraries /Users/kris/Epilogue/build/Build/Products/Debug-iphonesimulator/PackageFrameworks/Transformers_79FFCAD726DD9D12_PackageProduct.framework/Transformers_79FFCAD726DD9D12_PackageProduct -o /Users/kris/Epilogue/build/Build/Intermediates.noindex/whisperkit.build/Debug-iphonesimulator/WhisperKit.build/Objects-normal/x86_64/Binary/WhisperKit

SwiftDriverJobDiscovery normal arm64 Compiling TextDecoder.swift, TranscribeTask.swift (in target 'WhisperKit' from project 'whisperkit')

SwiftDriver\ Compilation WhisperKit normal arm64 com.apple.xcode.tools.swift.compiler (in target 'WhisperKit' from project 'whisperkit')
    cd /Users/kris/Epilogue/Epilogue/Epilogue.xcodeproj
    builtin-Swift-Compilation -- /Applications/Xcode-beta.app/Contents/Developer/Toolchains/XcodeDefault.xctoolchain/usr/bin/swiftc -module-name WhisperKit -Onone -enforce-exclusivity\=checked @/Users/kris/Epilogue/build/Build/Intermediates.noindex/whisperkit.build/Debug-iphonesimulator/WhisperKit.build/Objects-normal/arm64/WhisperKit.SwiftFileList -DSWIFT_PACKAGE -DDEBUG -DSWIFT_MODULE_RESOURCE_BUNDLE_UNAVAILABLE -DXcode -plugin-path /Applications/Xcode-beta.app/Contents/Developer/Toolchains/XcodeDefault.xctoolchain/usr/lib/swift/host/plugins/testing -enable-experimental-feature DebugDescriptionMacro -sdk /Applications/Xcode-beta.app/Contents/Developer/Platforms/iPhoneSimulator.platform/Developer/SDKs/iPhoneSimulator26.0.sdk -target arm64-apple-ios16.0-simulator -g -module-cache-path /Users/kris/Epilogue/build/ModuleCache.noindex -Xfrontend -serialize-debugging-options -profile-coverage-mapping -profile-generate -enable-testing -suppress-warnings -index-store-path /Users/kris/Epilogue/build/Index.noindex/DataStore -Xcc -D_LIBCPP_HARDENING_MODE\=_LIBCPP_HARDENING_MODE_DEBUG -swift-version 5 -I /Users/kris/Epilogue/build/Build/Products/Debug-iphonesimulator -Isystem /Applications/Xcode-beta.app/Contents/Developer/Platforms/iPhoneSimulator.platform/Developer/usr/lib -F /Users/kris/Epilogue/build/Build/Products/Debug-iphonesimulator/PackageFrameworks -F /Users/kris/Epilogue/build/Build/Products/Debug-iphonesimulator/PackageFrameworks -F /Users/kris/Epilogue/build/Build/Products/Debug-iphonesimulator/PackageFrameworks -F /Users/kris/Epilogue/build/Build/Products/Debug-iphonesimulator/PackageFrameworks -F /Users/kris/Epilogue/build/Build/Products/Debug-iphonesimulator/PackageFrameworks -F /Users/kris/Epilogue/build/Build/Products/Debug-iphonesimulator/PackageFrameworks -F /Users/kris/Epilogue/build/Build/Products/Debug-iphonesimulator/PackageFrameworks -F /Users/kris/Epilogue/build/Build/Products/Debug-iphonesimulator/PackageFrameworks -F /Users/kris/Epilogue/build/Build/Products/Debug-iphonesimulator -F /Applications/Xcode-beta.app/Contents/Developer/Platforms/iPhoneSimulator.platform/Developer/Library/Frameworks -F /Applications/Xcode-beta.app/Contents/Developer/Platforms/iPhoneSimulator.platform/Developer/SDKs/iPhoneSimulator26.0.sdk/Developer/Library/Frameworks -c -j12 -enable-batch-mode -incremental -Xcc -ivfsstatcache -Xcc /Users/kris/Epilogue/build/SDKStatCaches.noindex/iphonesimulator26.0-23A5297f-3885c01c3e6b6a337905948deab2002efc862078e33f881139a9d2f83bd1a9d0.sdkstatcache -output-file-map /Users/kris/Epilogue/build/Build/Intermediates.noindex/whisperkit.build/Debug-iphonesimulator/WhisperKit.build/Objects-normal/arm64/WhisperKit-OutputFileMap.json -use-frontend-parseable-output -save-temps -no-color-diagnostics -explicit-module-build -module-cache-path /Users/kris/Epilogue/build/Build/Intermediates.noindex/SwiftExplicitPrecompiledModules -clang-scanner-module-cache-path /Users/kris/Epilogue/build/ModuleCache.noindex -sdk-module-cache-path /Users/kris/Epilogue/build/ModuleCache.noindex -serialize-diagnostics -emit-dependencies -emit-module -emit-module-path /Users/kris/Epilogue/build/Build/Intermediates.noindex/whisperkit.build/Debug-iphonesimulator/WhisperKit.build/Objects-normal/arm64/WhisperKit.swiftmodule -validate-clang-modules-once -clang-build-session-file /Users/kris/Epilogue/build/ModuleCache.noindex/Session.modulevalidation -package-name whisperkit -Xcc -I/Users/kris/Epilogue/build/Build/Intermediates.noindex/whisperkit.build/Debug-iphonesimulator/WhisperKit.build/swift-overrides.hmap -emit-const-values -Xfrontend -const-gather-protocols-file -Xfrontend /Users/kris/Epilogue/build/Build/Intermediates.noindex/whisperkit.build/Debug-iphonesimulator/WhisperKit.build/Objects-normal/arm64/WhisperKit_const_extract_protocols.json -Xcc -I/Users/kris/Epilogue/build/Build/Products/Debug-iphonesimulator/include -Xcc -I/Users/kris/Epilogue/build/Build/Intermediates.noindex/whisperkit.build/Debug-iphonesimulator/WhisperKit.build/DerivedSources-normal/arm64 -Xcc -I/Users/kris/Epilogue/build/Build/Intermediates.noindex/whisperkit.build/Debug-iphonesimulator/WhisperKit.build/DerivedSources/arm64 -Xcc -I/Users/kris/Epilogue/build/Build/Intermediates.noindex/whisperkit.build/Debug-iphonesimulator/WhisperKit.build/DerivedSources -Xcc -DSWIFT_PACKAGE -Xcc -DDEBUG\=1 -emit-objc-header -emit-objc-header-path /Users/kris/Epilogue/build/Build/Intermediates.noindex/whisperkit.build/Debug-iphonesimulator/WhisperKit.build/Objects-normal/arm64/WhisperKit-Swift.h -working-directory /Users/kris/Epilogue/Epilogue/Epilogue.xcodeproj -experimental-emit-module-separately -disable-cmo

Ld /Users/kris/Epilogue/build/Build/Intermediates.noindex/whisperkit.build/Debug-iphonesimulator/WhisperKit.build/Objects-normal/arm64/Binary/WhisperKit normal arm64 (in target 'WhisperKit' from project 'whisperkit')
    cd /Users/kris/Epilogue/build/SourcePackages/checkouts/WhisperKit
    /Applications/Xcode-beta.app/Contents/Developer/Toolchains/XcodeDefault.xctoolchain/usr/bin/clang -Xlinker -reproducible -target arm64-apple-ios16.0-simulator -dynamiclib -isysroot /Applications/Xcode-beta.app/Contents/Developer/Platforms/iPhoneSimulator.platform/Developer/SDKs/iPhoneSimulator26.0.sdk -O0 -w -L/Users/kris/Epilogue/build/Build/Intermediates.noindex/EagerLinkingTBDs/Debug-iphonesimulator -L/Users/kris/Epilogue/build/Build/Products/Debug-iphonesimulator -L/Applications/Xcode-beta.app/Contents/Developer/Platforms/iPhoneSimulator.platform/Developer/usr/lib -F/Users/kris/Epilogue/build/Build/Intermediates.noindex/EagerLinkingTBDs/Debug-iphonesimulator -F/Users/kris/Epilogue/build/Build/Products/Debug-iphonesimulator/PackageFrameworks -F/Users/kris/Epilogue/build/Build/Products/Debug-iphonesimulator/PackageFrameworks -F/Users/kris/Epilogue/build/Build/Products/Debug-iphonesimulator/PackageFrameworks -F/Users/kris/Epilogue/build/Build/Products/Debug-iphonesimulator/PackageFrameworks -F/Users/kris/Epilogue/build/Build/Products/Debug-iphonesimulator/PackageFrameworks -F/Users/kris/Epilogue/build/Build/Products/Debug-iphonesimulator/PackageFrameworks -F/Users/kris/Epilogue/build/Build/Products/Debug-iphonesimulator/PackageFrameworks -F/Users/kris/Epilogue/build/Build/Products/Debug-iphonesimulator/PackageFrameworks -F/Users/kris/Epilogue/build/Build/Products/Debug-iphonesimulator -iframework /Applications/Xcode-beta.app/Contents/Developer/Platforms/iPhoneSimulator.platform/Developer/Library/Frameworks -iframework /Applications/Xcode-beta.app/Contents/Developer/Platforms/iPhoneSimulator.platform/Developer/SDKs/iPhoneSimulator26.0.sdk/Developer/Library/Frameworks -filelist /Users/kris/Epilogue/build/Build/Intermediates.noindex/whisperkit.build/Debug-iphonesimulator/WhisperKit.build/Objects-normal/arm64/WhisperKit.LinkFileList -install_name @rpath/WhisperKit.framework/WhisperKit -Xlinker -rpath -Xlinker /usr/lib/swift -Xlinker -rpath -Xlinker /Users/kris/Epilogue/build/Build/Products/Debug-iphonesimulator/PackageFrameworks -dead_strip -Xlinker -object_path_lto -Xlinker /Users/kris/Epilogue/build/Build/Intermediates.noindex/whisperkit.build/Debug-iphonesimulator/WhisperKit.build/Objects-normal/arm64/WhisperKit_lto.o -rdynamic -Xlinker -no_deduplicate -Xlinker -objc_abi_version -Xlinker 2 -Xlinker -debug_variant -Xlinker -dependency_info -Xlinker /Users/kris/Epilogue/build/Build/Intermediates.noindex/whisperkit.build/Debug-iphonesimulator/WhisperKit.build/Objects-normal/arm64/WhisperKit_dependency_info.dat -fobjc-link-runtime -fprofile-instr-generate -L/Applications/Xcode-beta.app/Contents/Developer/Toolchains/XcodeDefault.xctoolchain/usr/lib/swift/iphonesimulator -L/usr/lib/swift -Xlinker -add_ast_path -Xlinker /Users/kris/Epilogue/build/Build/Intermediates.noindex/whisperkit.build/Debug-iphonesimulator/WhisperKit.build/Objects-normal/arm64/WhisperKit.swiftmodule @/Users/kris/Epilogue/build/Build/Intermediates.noindex/whisperkit.build/Debug-iphonesimulator/WhisperKit.build/Objects-normal/arm64/WhisperKit-linker-args.resp -Wl,-no_warn_duplicate_libraries -Wl,-no_warn_duplicate_libraries -Wl,-no_warn_duplicate_libraries -Wl,-no_warn_duplicate_libraries -Wl,-no_warn_duplicate_libraries -Wl,-no_warn_duplicate_libraries -Wl,-no_warn_duplicate_libraries -Wl,-no_warn_duplicate_libraries /Users/kris/Epilogue/build/Build/Products/Debug-iphonesimulator/PackageFrameworks/Transformers_79FFCAD726DD9D12_PackageProduct.framework/Transformers_79FFCAD726DD9D12_PackageProduct -o /Users/kris/Epilogue/build/Build/Intermediates.noindex/whisperkit.build/Debug-iphonesimulator/WhisperKit.build/Objects-normal/arm64/Binary/WhisperKit

SwiftExplicitDependencyGeneratePcm x86_64 /Users/kris/Epilogue/build/ModuleCache.noindex/_Builtin_float-4PZT85FZY5NW4B4EL9FGPPIQ8.pcm

SwiftExplicitDependencyGeneratePcm x86_64 /Users/kris/Epilogue/build/ModuleCache.noindex/_Builtin_stdbool-7RTF23DQENXPB6WYJZZ7HROVJ.pcm

SwiftExplicitDependencyGeneratePcm x86_64 /Users/kris/Epilogue/build/ModuleCache.noindex/_Builtin_stddef-2PJJDYU985IEJHN5012PFWQZ3.pcm

SwiftExplicitDependencyGeneratePcm x86_64 /Users/kris/Epilogue/build/ModuleCache.noindex/ptrauth-BVU3SQLQ0GSS5BUCMIADEK3JH.pcm

SwiftExplicitDependencyGeneratePcm x86_64 /Users/kris/Epilogue/build/ModuleCache.noindex/ptrcheck-BRXP6LLVZ6LGTQ3KG98R1MODG.pcm

SwiftExplicitDependencyGeneratePcm x86_64 /Users/kris/Epilogue/build/ModuleCache.noindex/_Builtin_stdarg-9IXP2KMFIB5W2V5182ZXK506O.pcm

SwiftExplicitDependencyGeneratePcm x86_64 /Users/kris/Epilogue/build/ModuleCache.noindex/_AvailabilityInternal-9FBXEAQEZ6B7PW6VAIYH5TGM9.pcm

SwiftExplicitDependencyGeneratePcm x86_64 /Users/kris/Epilogue/build/ModuleCache.noindex/SwiftShims-C1UJITYPECQIZ4YJQLZYTK2T3.pcm

SwiftExplicitDependencyGeneratePcm x86_64 /Users/kris/Epilogue/build/ModuleCache.noindex/_SwiftConcurrencyShims-1ODHLOZ394CC1YRHABINCHOQ4.pcm

SwiftExplicitDependencyGeneratePcm x86_64 /Users/kris/Epilogue/build/ModuleCache.noindex/DeveloperToolsSupport-CXHZGBWI0JOEGGHU0WB3AJ0NB.pcm

SwiftExplicitDependencyGeneratePcm arm64 /Users/kris/Epilogue/build/ModuleCache.noindex/ptrauth-1MBPI5YLXEPX05GCHMGSB7E0I.pcm

SwiftExplicitDependencyGeneratePcm arm64 /Users/kris/Epilogue/build/ModuleCache.noindex/_SwiftConcurrencyShims-C74TVR0JWJD4LCNBVO6I9O7PS.pcm

SwiftExplicitDependencyGeneratePcm arm64 /Users/kris/Epilogue/build/ModuleCache.noindex/_Builtin_float-5LRMR8H7AZA47FPQHTXH9O3D0.pcm

SwiftExplicitDependencyGeneratePcm arm64 /Users/kris/Epilogue/build/ModuleCache.noindex/SwiftShims-54RTJW8KTCS8UZOP2SOHNVLPI.pcm

SwiftExplicitDependencyGeneratePcm arm64 /Users/kris/Epilogue/build/ModuleCache.noindex/_Builtin_stdarg-4EGOWOH1NZOPXP84EBAV9BL61.pcm

SwiftExplicitDependencyGeneratePcm arm64 /Users/kris/Epilogue/build/ModuleCache.noindex/_Builtin_stdbool-6KISPJRE4IGW99Y01INFCCXSJ.pcm

SwiftExplicitDependencyGeneratePcm arm64 /Users/kris/Epilogue/build/ModuleCache.noindex/_Builtin_stddef-8J8SOE8QBEDJ11WRSZTFB63I2.pcm

SwiftExplicitDependencyGeneratePcm arm64 /Users/kris/Epilogue/build/ModuleCache.noindex/DeveloperToolsSupport-2ALD0HQMIP0PQQ2C503L2V6PV.pcm

SwiftExplicitDependencyGeneratePcm arm64 /Users/kris/Epilogue/build/ModuleCache.noindex/_AvailabilityInternal-CDVDV7GY8WA3SKICR87PILOIB.pcm

SwiftExplicitDependencyGeneratePcm arm64 /Users/kris/Epilogue/build/ModuleCache.noindex/ptrcheck-74FOGXSRCDKRCVGW1QSDZ77E2.pcm

SwiftExplicitDependencyGeneratePcm x86_64 /Users/kris/Epilogue/build/ModuleCache.noindex/_DarwinFoundation1-4ZR42VWEB4S0ZMFHT50G55K0N.pcm

CreateUniversalBinary /Users/kris/Epilogue/build/Build/Products/Debug-iphonesimulator/PackageFrameworks/WhisperKit.framework/WhisperKit normal arm64\ x86_64 (in target 'WhisperKit' from project 'whisperkit')
    cd /Users/kris/Epilogue/build/SourcePackages/checkouts/WhisperKit
    /Applications/Xcode-beta.app/Contents/Developer/Toolchains/XcodeDefault.xctoolchain/usr/bin/lipo -create /Users/kris/Epilogue/build/Build/Intermediates.noindex/whisperkit.build/Debug-iphonesimulator/WhisperKit.build/Objects-normal/arm64/Binary/WhisperKit /Users/kris/Epilogue/build/Build/Intermediates.noindex/whisperkit.build/Debug-iphonesimulator/WhisperKit.build/Objects-normal/x86_64/Binary/WhisperKit -output /Users/kris/Epilogue/build/Build/Products/Debug-iphonesimulator/PackageFrameworks/WhisperKit.framework/WhisperKit

LinkAssetCatalog /Users/kris/Epilogue/Epilogue/Epilogue/Assets.xcassets (in target 'Epilogue' from project 'Epilogue')
    cd /Users/kris/Epilogue/Epilogue
    builtin-linkAssetCatalog --thinned /Users/kris/Epilogue/build/Build/Intermediates.noindex/Epilogue.build/Debug-iphonesimulator/Epilogue.build/assetcatalog_output/thinned --thinned-dependencies /Users/kris/Epilogue/build/Build/Intermediates.noindex/Epilogue.build/Debug-iphonesimulator/Epilogue.build/assetcatalog_dependencies_thinned --thinned-info-plist-content /Users/kris/Epilogue/build/Build/Intermediates.noindex/Epilogue.build/Debug-iphonesimulator/Epilogue.build/assetcatalog_generated_info.plist_thinned --unthinned /Users/kris/Epilogue/build/Build/Intermediates.noindex/Epilogue.build/Debug-iphonesimulator/Epilogue.build/assetcatalog_output/unthinned --unthinned-dependencies /Users/kris/Epilogue/build/Build/Intermediates.noindex/Epilogue.build/Debug-iphonesimulator/Epilogue.build/assetcatalog_dependencies_unthinned --unthinned-info-plist-content /Users/kris/Epilogue/build/Build/Intermediates.noindex/Epilogue.build/Debug-iphonesimulator/Epilogue.build/assetcatalog_generated_info.plist_unthinned --output /Users/kris/Epilogue/build/Build/Products/Debug-iphonesimulator/Epilogue.app --plist-output /Users/kris/Epilogue/build/Build/Intermediates.noindex/Epilogue.build/Debug-iphonesimulator/Epilogue.build/assetcatalog_generated_info.plist
note: Emplaced /Users/kris/Epilogue/build/Build/Products/Debug-iphonesimulator/Epilogue.app/Assets.car (in target 'Epilogue' from project 'Epilogue')

ExtractAppIntentsMetadata (in target 'WhisperKit' from project 'whisperkit')
    cd /Users/kris/Epilogue/build/SourcePackages/checkouts/WhisperKit
    /Applications/Xcode-beta.app/Contents/Developer/Toolchains/XcodeDefault.xctoolchain/usr/bin/appintentsmetadataprocessor --toolchain-dir /var/run/com.apple.security.cryptexd/mnt/com.apple.MobileAsset.MetalToolchain-v17.1.5285.9.RYKCRc/Metal.xctoolchain --module-name WhisperKit --sdk-root /Applications/Xcode-beta.app/Contents/Developer/Platforms/iPhoneSimulator.platform/Developer/SDKs/iPhoneSimulator26.0.sdk --xcode-version 17A5285i --platform-family iOS --deployment-target 16.0 --bundle-identifier whisperkit.WhisperKit --output /Users/kris/Epilogue/build/Build/Products/Debug-iphonesimulator/PackageFrameworks/WhisperKit.framework --target-triple arm64-apple-ios16.0-simulator --target-triple x86_64-apple-ios16.0-simulator --binary-file /Users/kris/Epilogue/build/Build/Products/Debug-iphonesimulator/PackageFrameworks/WhisperKit.framework/WhisperKit --dependency-file /Users/kris/Epilogue/build/Build/Intermediates.noindex/whisperkit.build/Debug-iphonesimulator/WhisperKit.build/Objects-normal/arm64/WhisperKit_dependency_info.dat --dependency-file /Users/kris/Epilogue/build/Build/Intermediates.noindex/whisperkit.build/Debug-iphonesimulator/WhisperKit.build/Objects-normal/x86_64/WhisperKit_dependency_info.dat --stringsdata-file /Users/kris/Epilogue/build/Build/Intermediates.noindex/whisperkit.build/Debug-iphonesimulator/WhisperKit.build/Objects-normal/arm64/ExtractedAppShortcutsMetadata.stringsdata --stringsdata-file /Users/kris/Epilogue/build/Build/Intermediates.noindex/whisperkit.build/Debug-iphonesimulator/WhisperKit.build/Objects-normal/x86_64/ExtractedAppShortcutsMetadata.stringsdata --source-file-list /Users/kris/Epilogue/build/Build/Intermediates.noindex/whisperkit.build/Debug-iphonesimulator/WhisperKit.build/Objects-normal/arm64/WhisperKit.SwiftFileList --source-file-list /Users/kris/Epilogue/build/Build/Intermediates.noindex/whisperkit.build/Debug-iphonesimulator/WhisperKit.build/Objects-normal/x86_64/WhisperKit.SwiftFileList --metadata-file-list /Users/kris/Epilogue/build/Build/Intermediates.noindex/whisperkit.build/Debug-iphonesimulator/WhisperKit.build/WhisperKit.DependencyMetadataFileList --static-metadata-file-list /Users/kris/Epilogue/build/Build/Intermediates.noindex/whisperkit.build/Debug-iphonesimulator/WhisperKit.build/WhisperKit.DependencyStaticMetadataFileList --swift-const-vals-list /Users/kris/Epilogue/build/Build/Intermediates.noindex/whisperkit.build/Debug-iphonesimulator/WhisperKit.build/Objects-normal/arm64/WhisperKit.SwiftConstValuesFileList --swift-const-vals-list /Users/kris/Epilogue/build/Build/Intermediates.noindex/whisperkit.build/Debug-iphonesimulator/WhisperKit.build/Objects-normal/x86_64/WhisperKit.SwiftConstValuesFileList --compile-time-extraction --deployment-aware-processing --validate-assistant-intents --no-app-shortcuts-localization
2025-07-29 08:25:55.078 appintentsmetadataprocessor[96353:46762453] Starting appintentsmetadataprocessor export
2025-07-29 08:25:55.080 appintentsmetadataprocessor[96353:46762453] warning: Metadata extraction skipped. No AppIntents.framework dependency found.

SwiftExplicitDependencyGeneratePcm arm64 /Users/kris/Epilogue/build/ModuleCache.noindex/_DarwinFoundation1-927XBJY68QZ6AHNE72CTP6H2W.pcm

SwiftExplicitDependencyGeneratePcm x86_64 /Users/kris/Epilogue/build/ModuleCache.noindex/_Builtin_limits-3Y3I0RDOZTHE8PY38YA48BX2V.pcm

SwiftExplicitDependencyGeneratePcm x86_64 /Users/kris/Epilogue/build/ModuleCache.noindex/_DarwinFoundation2-8PUJWM56ZROBILRHLN753N12R.pcm

AppIntentsSSUTraining (in target 'WhisperKit' from project 'whisperkit')
    cd /Users/kris/Epilogue/build/SourcePackages/checkouts/WhisperKit
    /Applications/Xcode-beta.app/Contents/Developer/Toolchains/XcodeDefault.xctoolchain/usr/bin/appintentsnltrainingprocessor --infoplist-path /Users/kris/Epilogue/build/Build/Products/Debug-iphonesimulator/PackageFrameworks/WhisperKit.framework/Info.plist --temp-dir-path /Users/kris/Epilogue/build/Build/Intermediates.noindex/whisperkit.build/Debug-iphonesimulator/WhisperKit.build/ssu --bundle-id whisperkit.WhisperKit --product-path /Users/kris/Epilogue/build/Build/Products/Debug-iphonesimulator/PackageFrameworks/WhisperKit.framework --extracted-metadata-path /Users/kris/Epilogue/build/Build/Products/Debug-iphonesimulator/PackageFrameworks/WhisperKit.framework/Metadata.appintents --metadata-file-list /Users/kris/Epilogue/build/Build/Intermediates.noindex/whisperkit.build/Debug-iphonesimulator/WhisperKit.build/WhisperKit.DependencyMetadataFileList --archive-ssu-assets
2025-07-29 08:25:55.099 appintentsnltrainingprocessor[96365:46762472] Parsing options for appintentsnltrainingprocessor
2025-07-29 08:25:55.100 appintentsnltrainingprocessor[96365:46762472] No AppShortcuts found - Skipping.

RegisterExecutionPolicyException /Users/kris/Epilogue/build/Build/Products/Debug-iphonesimulator/PackageFrameworks/WhisperKit.framework (in target 'WhisperKit' from project 'whisperkit')
    cd /Users/kris/Epilogue/build/SourcePackages/checkouts/WhisperKit
    builtin-RegisterExecutionPolicyException /Users/kris/Epilogue/build/Build/Products/Debug-iphonesimulator/PackageFrameworks/WhisperKit.framework

Touch /Users/kris/Epilogue/build/Build/Products/Debug-iphonesimulator/PackageFrameworks/WhisperKit.framework (in target 'WhisperKit' from project 'whisperkit')
    cd /Users/kris/Epilogue/build/SourcePackages/checkouts/WhisperKit
    /usr/bin/touch -c /Users/kris/Epilogue/build/Build/Products/Debug-iphonesimulator/PackageFrameworks/WhisperKit.framework

Ld /Users/kris/Epilogue/build/Build/Intermediates.noindex/whisperkit.build/Debug-iphonesimulator/whisperkit-cli.build/Objects-normal/x86_64/Binary/whisperkit-cli normal x86_64 (in target 'whisperkit-cli' from project 'whisperkit')
    cd /Users/kris/Epilogue/build/SourcePackages/checkouts/WhisperKit
    /Applications/Xcode-beta.app/Contents/Developer/Toolchains/XcodeDefault.xctoolchain/usr/bin/clang -Xlinker -reproducible -target x86_64-apple-ios16.0-simulator -isysroot /Applications/Xcode-beta.app/Contents/Developer/Platforms/iPhoneSimulator.platform/Developer/SDKs/iPhoneSimulator26.0.sdk -O0 -w -L/Users/kris/Epilogue/build/Build/Intermediates.noindex/EagerLinkingTBDs/Debug-iphonesimulator -L/Users/kris/Epilogue/build/Build/Products/Debug-iphonesimulator -L/Applications/Xcode-beta.app/Contents/Developer/Platforms/iPhoneSimulator.platform/Developer/usr/lib -F/Users/kris/Epilogue/build/Build/Intermediates.noindex/EagerLinkingTBDs/Debug-iphonesimulator -F/Users/kris/Epilogue/build/Build/Products/Debug-iphonesimulator/PackageFrameworks -F/Users/kris/Epilogue/build/Build/Products/Debug-iphonesimulator/PackageFrameworks -F/Users/kris/Epilogue/build/Build/Products/Debug-iphonesimulator/PackageFrameworks -F/Users/kris/Epilogue/build/Build/Products/Debug-iphonesimulator/PackageFrameworks -F/Users/kris/Epilogue/build/Build/Products/Debug-iphonesimulator/PackageFrameworks -F/Users/kris/Epilogue/build/Build/Products/Debug-iphonesimulator/PackageFrameworks -F/Users/kris/Epilogue/build/Build/Products/Debug-iphonesimulator/PackageFrameworks -F/Users/kris/Epilogue/build/Build/Products/Debug-iphonesimulator/PackageFrameworks -F/Users/kris/Epilogue/build/Build/Products/Debug-iphonesimulator/PackageFrameworks -F/Users/kris/Epilogue/build/Build/Products/Debug-iphonesimulator/PackageFrameworks -F/Users/kris/Epilogue/build/Build/Products/Debug-iphonesimulator/PackageFrameworks -F/Users/kris/Epilogue/build/Build/Products/Debug-iphonesimulator -iframework /Applications/Xcode-beta.app/Contents/Developer/Platforms/iPhoneSimulator.platform/Developer/Library/Frameworks -iframework /Applications/Xcode-beta.app/Contents/Developer/Platforms/iPhoneSimulator.platform/Developer/SDKs/iPhoneSimulator26.0.sdk/Developer/Library/Frameworks -filelist /Users/kris/Epilogue/build/Build/Intermediates.noindex/whisperkit.build/Debug-iphonesimulator/whisperkit-cli.build/Objects-normal/x86_64/whisperkit-cli.LinkFileList -Xlinker -rpath -Xlinker /usr/lib/swift -Xlinker -rpath -Xlinker /Users/kris/Epilogue/build/Build/Products/Debug-iphonesimulator/PackageFrameworks -dead_strip -Xlinker -object_path_lto -Xlinker /Users/kris/Epilogue/build/Build/Intermediates.noindex/whisperkit.build/Debug-iphonesimulator/whisperkit-cli.build/Objects-normal/x86_64/whisperkit-cli_lto.o -rdynamic -Xlinker -no_deduplicate -Xlinker -objc_abi_version -Xlinker 2 -Xlinker -debug_variant -Xlinker -dependency_info -Xlinker /Users/kris/Epilogue/build/Build/Intermediates.noindex/whisperkit.build/Debug-iphonesimulator/whisperkit-cli.build/Objects-normal/x86_64/whisperkit-cli_dependency_info.dat -fobjc-link-runtime -fprofile-instr-generate -L/Applications/Xcode-beta.app/Contents/Developer/Toolchains/XcodeDefault.xctoolchain/usr/lib/swift/iphonesimulator -L/usr/lib/swift -Xlinker -add_ast_path -Xlinker /Users/kris/Epilogue/build/Build/Intermediates.noindex/whisperkit.build/Debug-iphonesimulator/whisperkit-cli.build/Objects-normal/x86_64/whisperkit_cli.swiftmodule @/Users/kris/Epilogue/build/Build/Intermediates.noindex/whisperkit.build/Debug-iphonesimulator/whisperkit-cli.build/Objects-normal/x86_64/whisperkit_cli-linker-args.resp -Wl,-no_warn_duplicate_libraries -Wl,-no_warn_duplicate_libraries -Wl,-no_warn_duplicate_libraries -Wl,-no_warn_duplicate_libraries -Wl,-no_warn_duplicate_libraries -Wl,-no_warn_duplicate_libraries -Wl,-no_warn_duplicate_libraries -Wl,-no_warn_duplicate_libraries -Wl,-no_warn_duplicate_libraries -Wl,-no_warn_duplicate_libraries -Wl,-no_warn_duplicate_libraries -Xlinker -sectcreate -Xlinker __TEXT -Xlinker __entitlements -Xlinker /Users/kris/Epilogue/build/Build/Intermediates.noindex/whisperkit.build/Debug-iphonesimulator/whisperkit-cli.build/whisperkit-cli-Simulated.xcent -Xlinker -sectcreate -Xlinker __TEXT -Xlinker __ents_der -Xlinker /Users/kris/Epilogue/build/Build/Intermediates.noindex/whisperkit.build/Debug-iphonesimulator/whisperkit-cli.build/whisperkit-cli-Simulated.xcent.der /Users/kris/Epilogue/build/Build/Products/Debug-iphonesimulator/PackageFrameworks/Transformers_79FFCAD726DD9D12_PackageProduct.framework/Transformers_79FFCAD726DD9D12_PackageProduct -framework WhisperKit -Xlinker -no_adhoc_codesign -o /Users/kris/Epilogue/build/Build/Intermediates.noindex/whisperkit.build/Debug-iphonesimulator/whisperkit-cli.build/Objects-normal/x86_64/Binary/whisperkit-cli -Xlinker -add_ast_path -Xlinker /Users/kris/Epilogue/build/Build/Intermediates.noindex/swift-argument-parser.build/Debug-iphonesimulator/ArgumentParser.build/Objects-normal/x86_64/ArgumentParser.swiftmodule @/Users/kris/Epilogue/build/Build/Intermediates.noindex/swift-argument-parser.build/Debug-iphonesimulator/ArgumentParser.build/Objects-normal/x86_64/ArgumentParser-linker-args.resp -Xlinker -add_ast_path -Xlinker /Users/kris/Epilogue/build/Build/Intermediates.noindex/swift-argument-parser.build/Debug-iphonesimulator/ArgumentParserToolInfo.build/Objects-normal/x86_64/ArgumentParserToolInfo.swiftmodule @/Users/kris/Epilogue/build/Build/Intermediates.noindex/swift-argument-parser.build/Debug-iphonesimulator/ArgumentParserToolInfo.build/Objects-normal/x86_64/ArgumentParserToolInfo-linker-args.resp

Ld /Users/kris/Epilogue/build/Build/Intermediates.noindex/whisperkit.build/Debug-iphonesimulator/whisperkit-cli.build/Objects-normal/arm64/Binary/whisperkit-cli normal arm64 (in target 'whisperkit-cli' from project 'whisperkit')
    cd /Users/kris/Epilogue/build/SourcePackages/checkouts/WhisperKit
    /Applications/Xcode-beta.app/Contents/Developer/Toolchains/XcodeDefault.xctoolchain/usr/bin/clang -Xlinker -reproducible -target arm64-apple-ios16.0-simulator -isysroot /Applications/Xcode-beta.app/Contents/Developer/Platforms/iPhoneSimulator.platform/Developer/SDKs/iPhoneSimulator26.0.sdk -O0 -w -L/Users/kris/Epilogue/build/Build/Intermediates.noindex/EagerLinkingTBDs/Debug-iphonesimulator -L/Users/kris/Epilogue/build/Build/Products/Debug-iphonesimulator -L/Applications/Xcode-beta.app/Contents/Developer/Platforms/iPhoneSimulator.platform/Developer/usr/lib -F/Users/kris/Epilogue/build/Build/Intermediates.noindex/EagerLinkingTBDs/Debug-iphonesimulator -F/Users/kris/Epilogue/build/Build/Products/Debug-iphonesimulator/PackageFrameworks -F/Users/kris/Epilogue/build/Build/Products/Debug-iphonesimulator/PackageFrameworks -F/Users/kris/Epilogue/build/Build/Products/Debug-iphonesimulator/PackageFrameworks -F/Users/kris/Epilogue/build/Build/Products/Debug-iphonesimulator/PackageFrameworks -F/Users/kris/Epilogue/build/Build/Products/Debug-iphonesimulator/PackageFrameworks -F/Users/kris/Epilogue/build/Build/Products/Debug-iphonesimulator/PackageFrameworks -F/Users/kris/Epilogue/build/Build/Products/Debug-iphonesimulator/PackageFrameworks -F/Users/kris/Epilogue/build/Build/Products/Debug-iphonesimulator/PackageFrameworks -F/Users/kris/Epilogue/build/Build/Products/Debug-iphonesimulator/PackageFrameworks -F/Users/kris/Epilogue/build/Build/Products/Debug-iphonesimulator/PackageFrameworks -F/Users/kris/Epilogue/build/Build/Products/Debug-iphonesimulator/PackageFrameworks -F/Users/kris/Epilogue/build/Build/Products/Debug-iphonesimulator -iframework /Applications/Xcode-beta.app/Contents/Developer/Platforms/iPhoneSimulator.platform/Developer/Library/Frameworks -iframework /Applications/Xcode-beta.app/Contents/Developer/Platforms/iPhoneSimulator.platform/Developer/SDKs/iPhoneSimulator26.0.sdk/Developer/Library/Frameworks -filelist /Users/kris/Epilogue/build/Build/Intermediates.noindex/whisperkit.build/Debug-iphonesimulator/whisperkit-cli.build/Objects-normal/arm64/whisperkit-cli.LinkFileList -Xlinker -rpath -Xlinker /usr/lib/swift -Xlinker -rpath -Xlinker /Users/kris/Epilogue/build/Build/Products/Debug-iphonesimulator/PackageFrameworks -dead_strip -Xlinker -object_path_lto -Xlinker /Users/kris/Epilogue/build/Build/Intermediates.noindex/whisperkit.build/Debug-iphonesimulator/whisperkit-cli.build/Objects-normal/arm64/whisperkit-cli_lto.o -rdynamic -Xlinker -no_deduplicate -Xlinker -objc_abi_version -Xlinker 2 -Xlinker -debug_variant -Xlinker -dependency_info -Xlinker /Users/kris/Epilogue/build/Build/Intermediates.noindex/whisperkit.build/Debug-iphonesimulator/whisperkit-cli.build/Objects-normal/arm64/whisperkit-cli_dependency_info.dat -fobjc-link-runtime -fprofile-instr-generate -L/Applications/Xcode-beta.app/Contents/Developer/Toolchains/XcodeDefault.xctoolchain/usr/lib/swift/iphonesimulator -L/usr/lib/swift -Xlinker -add_ast_path -Xlinker /Users/kris/Epilogue/build/Build/Intermediates.noindex/whisperkit.build/Debug-iphonesimulator/whisperkit-cli.build/Objects-normal/arm64/whisperkit_cli.swiftmodule @/Users/kris/Epilogue/build/Build/Intermediates.noindex/whisperkit.build/Debug-iphonesimulator/whisperkit-cli.build/Objects-normal/arm64/whisperkit_cli-linker-args.resp -Wl,-no_warn_duplicate_libraries -Wl,-no_warn_duplicate_libraries -Wl,-no_warn_duplicate_libraries -Wl,-no_warn_duplicate_libraries -Wl,-no_warn_duplicate_libraries -Wl,-no_warn_duplicate_libraries -Wl,-no_warn_duplicate_libraries -Wl,-no_warn_duplicate_libraries -Wl,-no_warn_duplicate_libraries -Wl,-no_warn_duplicate_libraries -Wl,-no_warn_duplicate_libraries -Xlinker -sectcreate -Xlinker __TEXT -Xlinker __entitlements -Xlinker /Users/kris/Epilogue/build/Build/Intermediates.noindex/whisperkit.build/Debug-iphonesimulator/whisperkit-cli.build/whisperkit-cli-Simulated.xcent -Xlinker -sectcreate -Xlinker __TEXT -Xlinker __ents_der -Xlinker /Users/kris/Epilogue/build/Build/Intermediates.noindex/whisperkit.build/Debug-iphonesimulator/whisperkit-cli.build/whisperkit-cli-Simulated.xcent.der /Users/kris/Epilogue/build/Build/Products/Debug-iphonesimulator/PackageFrameworks/Transformers_79FFCAD726DD9D12_PackageProduct.framework/Transformers_79FFCAD726DD9D12_PackageProduct -framework WhisperKit -Xlinker -no_adhoc_codesign -o /Users/kris/Epilogue/build/Build/Intermediates.noindex/whisperkit.build/Debug-iphonesimulator/whisperkit-cli.build/Objects-normal/arm64/Binary/whisperkit-cli -Xlinker -add_ast_path -Xlinker /Users/kris/Epilogue/build/Build/Intermediates.noindex/swift-argument-parser.build/Debug-iphonesimulator/ArgumentParser.build/Objects-normal/arm64/ArgumentParser.swiftmodule @/Users/kris/Epilogue/build/Build/Intermediates.noindex/swift-argument-parser.build/Debug-iphonesimulator/ArgumentParser.build/Objects-normal/arm64/ArgumentParser-linker-args.resp -Xlinker -add_ast_path -Xlinker /Users/kris/Epilogue/build/Build/Intermediates.noindex/swift-argument-parser.build/Debug-iphonesimulator/ArgumentParserToolInfo.build/Objects-normal/arm64/ArgumentParserToolInfo.swiftmodule @/Users/kris/Epilogue/build/Build/Intermediates.noindex/swift-argument-parser.build/Debug-iphonesimulator/ArgumentParserToolInfo.build/Objects-normal/arm64/ArgumentParserToolInfo-linker-args.resp

Copy /Users/kris/Epilogue/build/Build/Products/Debug-iphonesimulator/Frameworks/Transformers_79FFCAD726DD9D12_PackageProduct.framework /Users/kris/Epilogue/build/Build/Products/Debug-iphonesimulator/PackageFrameworks/Transformers_79FFCAD726DD9D12_PackageProduct.framework (in target 'whisperkit-cli' from project 'whisperkit')
    cd /Users/kris/Epilogue/build/SourcePackages/checkouts/WhisperKit
    builtin-copy -exclude .DS_Store -exclude CVS -exclude .svn -exclude .git -exclude .hg -resolve-src-symlinks -remove-static-executable /Users/kris/Epilogue/build/Build/Products/Debug-iphonesimulator/PackageFrameworks/Transformers_79FFCAD726DD9D12_PackageProduct.framework /Users/kris/Epilogue/build/Build/Products/Debug-iphonesimulator/Frameworks

Copy /Users/kris/Epilogue/build/Build/Products/Debug-iphonesimulator/Frameworks/Jinja_C5899F34211_PackageProduct.framework /Users/kris/Epilogue/build/Build/Products/Debug-iphonesimulator/PackageFrameworks/Jinja_C5899F34211_PackageProduct.framework (in target 'whisperkit-cli' from project 'whisperkit')
    cd /Users/kris/Epilogue/build/SourcePackages/checkouts/WhisperKit
    builtin-copy -exclude .DS_Store -exclude CVS -exclude .svn -exclude .git -exclude .hg -resolve-src-symlinks -remove-static-executable /Users/kris/Epilogue/build/Build/Products/Debug-iphonesimulator/PackageFrameworks/Jinja_C5899F34211_PackageProduct.framework /Users/kris/Epilogue/build/Build/Products/Debug-iphonesimulator/Frameworks

Copy /Users/kris/Epilogue/build/Build/Products/Debug-iphonesimulator/Frameworks/OrderedCollections_1222128174265B56_PackageProduct.framework /Users/kris/Epilogue/build/Build/Products/Debug-iphonesimulator/PackageFrameworks/OrderedCollections_1222128174265B56_PackageProduct.framework (in target 'whisperkit-cli' from project 'whisperkit')
    cd /Users/kris/Epilogue/build/SourcePackages/checkouts/WhisperKit
    builtin-copy -exclude .DS_Store -exclude CVS -exclude .svn -exclude .git -exclude .hg -resolve-src-symlinks -remove-static-executable /Users/kris/Epilogue/build/Build/Products/Debug-iphonesimulator/PackageFrameworks/OrderedCollections_1222128174265B56_PackageProduct.framework /Users/kris/Epilogue/build/Build/Products/Debug-iphonesimulator/Frameworks

SwiftExplicitDependencyGeneratePcm arm64 /Users/kris/Epilogue/build/ModuleCache.noindex/_DarwinFoundation2-DE7R2OC3AQ1KY4WYCYJVSF5IC.pcm

SwiftExplicitDependencyGeneratePcm arm64 /Users/kris/Epilogue/build/ModuleCache.noindex/_Builtin_limits-49SN2X384WJDQ5Z9KFVM8F2HD.pcm

CodeSign /Users/kris/Epilogue/build/Build/Products/Debug-iphonesimulator/Frameworks/Transformers_79FFCAD726DD9D12_PackageProduct.framework (in target 'whisperkit-cli' from project 'whisperkit')
    cd /Users/kris/Epilogue/build/SourcePackages/checkouts/WhisperKit
    
    Signing Identity:     "Sign to Run Locally"
    
    /usr/bin/codesign --force --sign - --timestamp\=none --preserve-metadata\=identifier,entitlements,flags --generate-entitlement-der /Users/kris/Epilogue/build/Build/Products/Debug-iphonesimulator/Frameworks/Transformers_79FFCAD726DD9D12_PackageProduct.framework
/Users/kris/Epilogue/build/Build/Products/Debug-iphonesimulator/Frameworks/Transformers_79FFCAD726DD9D12_PackageProduct.framework: replacing existing signature

CodeSign /Users/kris/Epilogue/build/Build/Products/Debug-iphonesimulator/Frameworks/OrderedCollections_1222128174265B56_PackageProduct.framework (in target 'whisperkit-cli' from project 'whisperkit')
    cd /Users/kris/Epilogue/build/SourcePackages/checkouts/WhisperKit
    
    Signing Identity:     "Sign to Run Locally"
    
    /usr/bin/codesign --force --sign - --timestamp\=none --preserve-metadata\=identifier,entitlements,flags --generate-entitlement-der /Users/kris/Epilogue/build/Build/Products/Debug-iphonesimulator/Frameworks/OrderedCollections_1222128174265B56_PackageProduct.framework
/Users/kris/Epilogue/build/Build/Products/Debug-iphonesimulator/Frameworks/OrderedCollections_1222128174265B56_PackageProduct.framework: replacing existing signature

CodeSign /Users/kris/Epilogue/build/Build/Products/Debug-iphonesimulator/Frameworks/Jinja_C5899F34211_PackageProduct.framework (in target 'whisperkit-cli' from project 'whisperkit')
    cd /Users/kris/Epilogue/build/SourcePackages/checkouts/WhisperKit
    
    Signing Identity:     "Sign to Run Locally"
    
    /usr/bin/codesign --force --sign - --timestamp\=none --preserve-metadata\=identifier,entitlements,flags --generate-entitlement-der /Users/kris/Epilogue/build/Build/Products/Debug-iphonesimulator/Frameworks/Jinja_C5899F34211_PackageProduct.framework
/Users/kris/Epilogue/build/Build/Products/Debug-iphonesimulator/Frameworks/Jinja_C5899F34211_PackageProduct.framework: replacing existing signature

SwiftExplicitDependencyGeneratePcm x86_64 /Users/kris/Epilogue/build/ModuleCache.noindex/sys_types-ACFYT9YC35YDDLARLYOZBLEW5.pcm

SwiftExplicitDependencyGeneratePcm x86_64 /Users/kris/Epilogue/build/ModuleCache.noindex/_Builtin_stdint-25XYO5LH5JIOWNEBMG1V645FL.pcm

SwiftExplicitDependencyGeneratePcm x86_64 /Users/kris/Epilogue/build/ModuleCache.noindex/_Builtin_tgmath-D3D6K3JC47R9FF6UNHUFI1BS8.pcm

SwiftExplicitDependencyGeneratePcm x86_64 /Users/kris/Epilogue/build/ModuleCache.noindex/_Builtin_stdatomic-D0KKTY1XIM6BXZOI7NVQZ7P70.pcm

SwiftExplicitDependencyGeneratePcm x86_64 /Users/kris/Epilogue/build/ModuleCache.noindex/_DarwinFoundation3-3A4NKX2VPQFO4NAU251DB8WSM.pcm

SwiftExplicitDependencyGeneratePcm arm64 /Users/kris/Epilogue/build/ModuleCache.noindex/sys_types-1IO26BVKFDMW25SB7VOFP5V56.pcm

SwiftExplicitDependencyGeneratePcm arm64 /Users/kris/Epilogue/build/ModuleCache.noindex/_Builtin_stdint-8U4FPFL84V56BZYAQ9UI84JH2.pcm

SwiftExplicitDependencyGeneratePcm arm64 /Users/kris/Epilogue/build/ModuleCache.noindex/_Builtin_tgmath-AJXT09ZTYYQ8JZW634B6VI2AP.pcm

SwiftExplicitDependencyGeneratePcm arm64 /Users/kris/Epilogue/build/ModuleCache.noindex/_Builtin_intrinsics-3LDDMC5UCWWLR4LSQI53V2FCW.pcm

SwiftExplicitDependencyGeneratePcm arm64 /Users/kris/Epilogue/build/ModuleCache.noindex/_Builtin_stdatomic-5W9OX377DKGCJRI1Z6640ADXB.pcm

SwiftExplicitDependencyGeneratePcm arm64 /Users/kris/Epilogue/build/ModuleCache.noindex/_DarwinFoundation3-8QQTTZ75CHFFMZVK5CAZKI0WJ.pcm

SwiftExplicitDependencyGeneratePcm x86_64 /Users/kris/Epilogue/build/ModuleCache.noindex/_Builtin_intrinsics-9DVAQJCJH47M020WX4513LEGG.pcm

SwiftExplicitDependencyGeneratePcm x86_64 /Users/kris/Epilogue/build/ModuleCache.noindex/_Builtin_inttypes-D2ONBHDBGACAHOT5FNCY36VTZ.pcm

SwiftExplicitDependencyGeneratePcm x86_64 /Users/kris/Epilogue/build/ModuleCache.noindex/Darwin-3T39X9GHSO66TAQQSP7ARSYBF.pcm

SwiftExplicitDependencyGeneratePcm arm64 /Users/kris/Epilogue/build/ModuleCache.noindex/_Builtin_inttypes-1HQ5A6NO9L2Q1HR7GK7MCEPHM.pcm

CreateUniversalBinary /Users/kris/Epilogue/build/Build/Products/Debug-iphonesimulator/whisperkit-cli normal arm64\ x86_64 (in target 'whisperkit-cli' from project 'whisperkit')
    cd /Users/kris/Epilogue/build/SourcePackages/checkouts/WhisperKit
    /Applications/Xcode-beta.app/Contents/Developer/Toolchains/XcodeDefault.xctoolchain/usr/bin/lipo -create /Users/kris/Epilogue/build/Build/Intermediates.noindex/whisperkit.build/Debug-iphonesimulator/whisperkit-cli.build/Objects-normal/arm64/Binary/whisperkit-cli /Users/kris/Epilogue/build/Build/Intermediates.noindex/whisperkit.build/Debug-iphonesimulator/whisperkit-cli.build/Objects-normal/x86_64/Binary/whisperkit-cli -output /Users/kris/Epilogue/build/Build/Products/Debug-iphonesimulator/whisperkit-cli

CodeSign /Users/kris/Epilogue/build/Build/Products/Debug-iphonesimulator/whisperkit-cli (in target 'whisperkit-cli' from project 'whisperkit')
    cd /Users/kris/Epilogue/build/SourcePackages/checkouts/WhisperKit
    
    Signing Identity:     "Sign to Run Locally"
    
    /usr/bin/codesign --force --sign - --timestamp\=none --generate-entitlement-der /Users/kris/Epilogue/build/Build/Products/Debug-iphonesimulator/whisperkit-cli

SwiftExplicitDependencyGeneratePcm arm64 /Users/kris/Epilogue/build/ModuleCache.noindex/Darwin-8UXNGYRTN0PNOC4P64YYFB6QQ.pcm

RegisterExecutionPolicyException /Users/kris/Epilogue/build/Build/Products/Debug-iphonesimulator/whisperkit-cli (in target 'whisperkit-cli' from project 'whisperkit')
    cd /Users/kris/Epilogue/build/SourcePackages/checkouts/WhisperKit
    builtin-RegisterExecutionPolicyException /Users/kris/Epilogue/build/Build/Products/Debug-iphonesimulator/whisperkit-cli

Copy /Users/kris/Epilogue/build/Build/Products/Debug-iphonesimulator/Epilogue.app/swift-transformers_Hub.bundle /Users/kris/Epilogue/build/Build/Products/Debug-iphonesimulator/swift-transformers_Hub.bundle (in target 'Epilogue' from project 'Epilogue')
    cd /Users/kris/Epilogue/Epilogue
    builtin-copy -exclude .DS_Store -exclude CVS -exclude .svn -exclude .git -exclude .hg -resolve-src-symlinks /Users/kris/Epilogue/build/Build/Products/Debug-iphonesimulator/swift-transformers_Hub.bundle /Users/kris/Epilogue/build/Build/Products/Debug-iphonesimulator/Epilogue.app

CpResource /Users/kris/Epilogue/build/Build/Products/Debug-iphonesimulator/Epilogue.app/Config.xcconfig /Users/kris/Epilogue/Epilogue/Config.xcconfig (in target 'Epilogue' from project 'Epilogue')
    cd /Users/kris/Epilogue/Epilogue
    builtin-copy -exclude .DS_Store -exclude CVS -exclude .svn -exclude .git -exclude .hg -resolve-src-symlinks /Users/kris/Epilogue/Epilogue/Config.xcconfig /Users/kris/Epilogue/build/Build/Products/Debug-iphonesimulator/Epilogue.app

Copy /Users/kris/Epilogue/build/Build/Products/Debug-iphonesimulator/Epilogue.app/Frameworks/libXCTestSwiftSupport.dylib /Applications/Xcode-beta.app/Contents/Developer/Platforms/iPhoneSimulator.platform/Developer/usr/lib/libXCTestSwiftSupport.dylib (in target 'Epilogue' from project 'Epilogue')
    cd /Users/kris/Epilogue/Epilogue
    builtin-copy -exclude .DS_Store -exclude CVS -exclude .svn -exclude .git -exclude .hg -exclude Headers -exclude PrivateHeaders -exclude Modules -exclude \*.tbd -resolve-src-symlinks /Applications/Xcode-beta.app/Contents/Developer/Platforms/iPhoneSimulator.platform/Developer/usr/lib/libXCTestSwiftSupport.dylib /Users/kris/Epilogue/build/Build/Products/Debug-iphonesimulator/Epilogue.app/Frameworks

Copy /Users/kris/Epilogue/build/Build/Products/Debug-iphonesimulator/Epilogue.app/Frameworks/libXCTestBundleInject.dylib /Applications/Xcode-beta.app/Contents/Developer/Platforms/iPhoneSimulator.platform/Developer/usr/lib/libXCTestBundleInject.dylib (in target 'Epilogue' from project 'Epilogue')
    cd /Users/kris/Epilogue/Epilogue
    builtin-copy -exclude .DS_Store -exclude CVS -exclude .svn -exclude .git -exclude .hg -exclude Headers -exclude PrivateHeaders -exclude Modules -exclude \*.tbd -resolve-src-symlinks /Applications/Xcode-beta.app/Contents/Developer/Platforms/iPhoneSimulator.platform/Developer/usr/lib/libXCTestBundleInject.dylib /Users/kris/Epilogue/build/Build/Products/Debug-iphonesimulator/Epilogue.app/Frameworks

Copy /Users/kris/Epilogue/build/Build/Products/Debug-iphonesimulator/Epilogue.app/Frameworks/XCUIAutomation.framework /Applications/Xcode-beta.app/Contents/Developer/Platforms/iPhoneSimulator.platform/Developer/Library/Frameworks/XCUIAutomation.framework (in target 'Epilogue' from project 'Epilogue')
    cd /Users/kris/Epilogue/Epilogue
    builtin-copy -exclude .DS_Store -exclude CVS -exclude .svn -exclude .git -exclude .hg -exclude Headers -exclude PrivateHeaders -exclude Modules -exclude \*.tbd -resolve-src-symlinks /Applications/Xcode-beta.app/Contents/Developer/Platforms/iPhoneSimulator.platform/Developer/Library/Frameworks/XCUIAutomation.framework /Users/kris/Epilogue/build/Build/Products/Debug-iphonesimulator/Epilogue.app/Frameworks

Copy /Users/kris/Epilogue/build/Build/Products/Debug-iphonesimulator/Epilogue.app/Frameworks/XCUnit.framework /Applications/Xcode-beta.app/Contents/Developer/Platforms/iPhoneSimulator.platform/Developer/Library/PrivateFrameworks/XCUnit.framework (in target 'Epilogue' from project 'Epilogue')
    cd /Users/kris/Epilogue/Epilogue
    builtin-copy -exclude .DS_Store -exclude CVS -exclude .svn -exclude .git -exclude .hg -exclude Headers -exclude PrivateHeaders -exclude Modules -exclude \*.tbd -resolve-src-symlinks /Applications/Xcode-beta.app/Contents/Developer/Platforms/iPhoneSimulator.platform/Developer/Library/PrivateFrameworks/XCUnit.framework /Users/kris/Epilogue/build/Build/Products/Debug-iphonesimulator/Epilogue.app/Frameworks

Ld /Users/kris/Epilogue/build/Build/Intermediates.noindex/Epilogue.build/Debug-iphonesimulator/Epilogue.build/Objects-normal/arm64/Binary/__preview.dylib normal arm64 (in target 'Epilogue' from project 'Epilogue')
    cd /Users/kris/Epilogue/Epilogue
    /Applications/Xcode-beta.app/Contents/Developer/Toolchains/XcodeDefault.xctoolchain/usr/bin/clang -Xlinker -reproducible -target arm64-apple-ios26.0-simulator -dynamiclib -isysroot /Applications/Xcode-beta.app/Contents/Developer/Platforms/iPhoneSimulator.platform/Developer/SDKs/iPhoneSimulator26.0.sdk -O0 -L/Users/kris/Epilogue/build/Build/Products/Debug-iphonesimulator -F/Users/kris/Epilogue/build/Build/Products/Debug-iphonesimulator/PackageFrameworks -F/Users/kris/Epilogue/build/Build/Products/Debug-iphonesimulator/PackageFrameworks -F/Users/kris/Epilogue/build/Build/Products/Debug-iphonesimulator/PackageFrameworks -F/Users/kris/Epilogue/build/Build/Products/Debug-iphonesimulator/PackageFrameworks -F/Users/kris/Epilogue/build/Build/Products/Debug-iphonesimulator/PackageFrameworks -F/Users/kris/Epilogue/build/Build/Products/Debug-iphonesimulator/PackageFrameworks -F/Users/kris/Epilogue/build/Build/Products/Debug-iphonesimulator/PackageFrameworks -F/Users/kris/Epilogue/build/Build/Products/Debug-iphonesimulator/PackageFrameworks -F/Users/kris/Epilogue/build/Build/Products/Debug-iphonesimulator/PackageFrameworks -F/Users/kris/Epilogue/build/Build/Products/Debug-iphonesimulator/PackageFrameworks -F/Users/kris/Epilogue/build/Build/Products/Debug-iphonesimulator/PackageFrameworks -F/Users/kris/Epilogue/build/Build/Products/Debug-iphonesimulator/PackageFrameworks -F/Users/kris/Epilogue/build/Build/Products/Debug-iphonesimulator -install_name @rpath/Epilogue.debug.dylib -dead_strip -rdynamic -Xlinker -no_deduplicate -Xlinker -objc_abi_version -Xlinker 2 -Xlinker -debug_variant -Xlinker -dependency_info -Xlinker /Users/kris/Epilogue/build/Build/Intermediates.noindex/Epilogue.build/Debug-iphonesimulator/Epilogue.build/Objects-normal/arm64/Epilogue_dependency_info.dat -Xlinker -sectcreate -Xlinker __TEXT -Xlinker __entitlements -Xlinker /Users/kris/Epilogue/build/Build/Intermediates.noindex/Epilogue.build/Debug-iphonesimulator/Epilogue.build/Epilogue.app-Simulated.xcent -Xlinker -sectcreate -Xlinker __TEXT -Xlinker __ents_der -Xlinker /Users/kris/Epilogue/build/Build/Intermediates.noindex/Epilogue.build/Debug-iphonesimulator/Epilogue.build/Epilogue.app-Simulated.xcent.der -Xlinker -no_adhoc_codesign -o /Users/kris/Epilogue/build/Build/Intermediates.noindex/Epilogue.build/Debug-iphonesimulator/Epilogue.build/Objects-normal/arm64/Binary/__preview.dylib

Ld /Users/kris/Epilogue/build/Build/Intermediates.noindex/Epilogue.build/Debug-iphonesimulator/Epilogue.build/Objects-normal/x86_64/Binary/__preview.dylib normal x86_64 (in target 'Epilogue' from project 'Epilogue')
    cd /Users/kris/Epilogue/Epilogue
    /Applications/Xcode-beta.app/Contents/Developer/Toolchains/XcodeDefault.xctoolchain/usr/bin/clang -Xlinker -reproducible -target x86_64-apple-ios26.0-simulator -dynamiclib -isysroot /Applications/Xcode-beta.app/Contents/Developer/Platforms/iPhoneSimulator.platform/Developer/SDKs/iPhoneSimulator26.0.sdk -O0 -L/Users/kris/Epilogue/build/Build/Products/Debug-iphonesimulator -F/Users/kris/Epilogue/build/Build/Products/Debug-iphonesimulator/PackageFrameworks -F/Users/kris/Epilogue/build/Build/Products/Debug-iphonesimulator/PackageFrameworks -F/Users/kris/Epilogue/build/Build/Products/Debug-iphonesimulator/PackageFrameworks -F/Users/kris/Epilogue/build/Build/Products/Debug-iphonesimulator/PackageFrameworks -F/Users/kris/Epilogue/build/Build/Products/Debug-iphonesimulator/PackageFrameworks -F/Users/kris/Epilogue/build/Build/Products/Debug-iphonesimulator/PackageFrameworks -F/Users/kris/Epilogue/build/Build/Products/Debug-iphonesimulator/PackageFrameworks -F/Users/kris/Epilogue/build/Build/Products/Debug-iphonesimulator/PackageFrameworks -F/Users/kris/Epilogue/build/Build/Products/Debug-iphonesimulator/PackageFrameworks -F/Users/kris/Epilogue/build/Build/Products/Debug-iphonesimulator/PackageFrameworks -F/Users/kris/Epilogue/build/Build/Products/Debug-iphonesimulator/PackageFrameworks -F/Users/kris/Epilogue/build/Build/Products/Debug-iphonesimulator/PackageFrameworks -F/Users/kris/Epilogue/build/Build/Products/Debug-iphonesimulator -install_name @rpath/Epilogue.debug.dylib -dead_strip -rdynamic -Xlinker -no_deduplicate -Xlinker -objc_abi_version -Xlinker 2 -Xlinker -debug_variant -Xlinker -dependency_info -Xlinker /Users/kris/Epilogue/build/Build/Intermediates.noindex/Epilogue.build/Debug-iphonesimulator/Epilogue.build/Objects-normal/x86_64/Epilogue_dependency_info.dat -Xlinker -sectcreate -Xlinker __TEXT -Xlinker __entitlements -Xlinker /Users/kris/Epilogue/build/Build/Intermediates.noindex/Epilogue.build/Debug-iphonesimulator/Epilogue.build/Epilogue.app-Simulated.xcent -Xlinker -sectcreate -Xlinker __TEXT -Xlinker __ents_der -Xlinker /Users/kris/Epilogue/build/Build/Intermediates.noindex/Epilogue.build/Debug-iphonesimulator/Epilogue.build/Epilogue.app-Simulated.xcent.der -Xlinker -no_adhoc_codesign -o /Users/kris/Epilogue/build/Build/Intermediates.noindex/Epilogue.build/Debug-iphonesimulator/Epilogue.build/Objects-normal/x86_64/Binary/__preview.dylib

Copy /Users/kris/Epilogue/build/Build/Products/Debug-iphonesimulator/Epilogue.app/Frameworks/XCTestSupport.framework /Applications/Xcode-beta.app/Contents/Developer/Platforms/iPhoneSimulator.platform/Developer/Library/PrivateFrameworks/XCTestSupport.framework (in target 'Epilogue' from project 'Epilogue')
    cd /Users/kris/Epilogue/Epilogue
    builtin-copy -exclude .DS_Store -exclude CVS -exclude .svn -exclude .git -exclude .hg -exclude Headers -exclude PrivateHeaders -exclude Modules -exclude \*.tbd -resolve-src-symlinks /Applications/Xcode-beta.app/Contents/Developer/Platforms/iPhoneSimulator.platform/Developer/Library/PrivateFrameworks/XCTestSupport.framework /Users/kris/Epilogue/build/Build/Products/Debug-iphonesimulator/Epilogue.app/Frameworks

Copy /Users/kris/Epilogue/build/Build/Products/Debug-iphonesimulator/Epilogue.app/Frameworks/XCTestCore.framework /Applications/Xcode-beta.app/Contents/Developer/Platforms/iPhoneSimulator.platform/Developer/Library/PrivateFrameworks/XCTestCore.framework (in target 'Epilogue' from project 'Epilogue')
    cd /Users/kris/Epilogue/Epilogue
    builtin-copy -exclude .DS_Store -exclude CVS -exclude .svn -exclude .git -exclude .hg -exclude Headers -exclude PrivateHeaders -exclude Modules -exclude \*.tbd -resolve-src-symlinks /Applications/Xcode-beta.app/Contents/Developer/Platforms/iPhoneSimulator.platform/Developer/Library/PrivateFrameworks/XCTestCore.framework /Users/kris/Epilogue/build/Build/Products/Debug-iphonesimulator/Epilogue.app/Frameworks

Copy /Users/kris/Epilogue/build/Build/Products/Debug-iphonesimulator/Epilogue.app/Frameworks/XCTest.framework /Applications/Xcode-beta.app/Contents/Developer/Platforms/iPhoneSimulator.platform/Developer/Library/Frameworks/XCTest.framework (in target 'Epilogue' from project 'Epilogue')
    cd /Users/kris/Epilogue/Epilogue
    builtin-copy -exclude .DS_Store -exclude CVS -exclude .svn -exclude .git -exclude .hg -exclude Headers -exclude PrivateHeaders -exclude Modules -exclude \*.tbd -resolve-src-symlinks /Applications/Xcode-beta.app/Contents/Developer/Platforms/iPhoneSimulator.platform/Developer/Library/Frameworks/XCTest.framework /Users/kris/Epilogue/build/Build/Products/Debug-iphonesimulator/Epilogue.app/Frameworks

Copy /Users/kris/Epilogue/build/Build/Products/Debug-iphonesimulator/Epilogue.app/Frameworks/XCTAutomationSupport.framework /Applications/Xcode-beta.app/Contents/Developer/Platforms/iPhoneSimulator.platform/Developer/Library/PrivateFrameworks/XCTAutomationSupport.framework (in target 'Epilogue' from project 'Epilogue')
    cd /Users/kris/Epilogue/Epilogue
    builtin-copy -exclude .DS_Store -exclude CVS -exclude .svn -exclude .git -exclude .hg -exclude Headers -exclude PrivateHeaders -exclude Modules -exclude \*.tbd -resolve-src-symlinks /Applications/Xcode-beta.app/Contents/Developer/Platforms/iPhoneSimulator.platform/Developer/Library/PrivateFrameworks/XCTAutomationSupport.framework /Users/kris/Epilogue/build/Build/Products/Debug-iphonesimulator/Epilogue.app/Frameworks

Copy /Users/kris/Epilogue/build/Build/Products/Debug-iphonesimulator/Epilogue.app/Frameworks/WhisperKit.framework /Users/kris/Epilogue/build/Build/Products/Debug-iphonesimulator/PackageFrameworks/WhisperKit.framework (in target 'Epilogue' from project 'Epilogue')
    cd /Users/kris/Epilogue/Epilogue
    builtin-copy -exclude .DS_Store -exclude CVS -exclude .svn -exclude .git -exclude .hg -resolve-src-symlinks -remove-static-executable /Users/kris/Epilogue/build/Build/Products/Debug-iphonesimulator/PackageFrameworks/WhisperKit.framework /Users/kris/Epilogue/build/Build/Products/Debug-iphonesimulator/Epilogue.app/Frameworks

Copy /Users/kris/Epilogue/build/Build/Products/Debug-iphonesimulator/Epilogue.app/Frameworks/Testing.framework /Applications/Xcode-beta.app/Contents/Developer/Platforms/iPhoneSimulator.platform/Developer/Library/Frameworks/Testing.framework (in target 'Epilogue' from project 'Epilogue')
    cd /Users/kris/Epilogue/Epilogue
    builtin-copy -exclude .DS_Store -exclude CVS -exclude .svn -exclude .git -exclude .hg -exclude Headers -exclude PrivateHeaders -exclude Modules -exclude \*.tbd -resolve-src-symlinks /Applications/Xcode-beta.app/Contents/Developer/Platforms/iPhoneSimulator.platform/Developer/Library/Frameworks/Testing.framework /Users/kris/Epilogue/build/Build/Products/Debug-iphonesimulator/Epilogue.app/Frameworks

Copy /Users/kris/Epilogue/build/Build/Products/Debug-iphonesimulator/Epilogue.app/Frameworks/Transformers_79FFCAD726DD9D12_PackageProduct.framework /Users/kris/Epilogue/build/Build/Products/Debug-iphonesimulator/PackageFrameworks/Transformers_79FFCAD726DD9D12_PackageProduct.framework (in target 'Epilogue' from project 'Epilogue')
    cd /Users/kris/Epilogue/Epilogue
    builtin-copy -exclude .DS_Store -exclude CVS -exclude .svn -exclude .git -exclude .hg -resolve-src-symlinks -remove-static-executable /Users/kris/Epilogue/build/Build/Products/Debug-iphonesimulator/PackageFrameworks/Transformers_79FFCAD726DD9D12_PackageProduct.framework /Users/kris/Epilogue/build/Build/Products/Debug-iphonesimulator/Epilogue.app/Frameworks

Copy /Users/kris/Epilogue/build/Build/Products/Debug-iphonesimulator/Epilogue.app/Frameworks/OrderedCollections_1222128174265B56_PackageProduct.framework /Users/kris/Epilogue/build/Build/Products/Debug-iphonesimulator/PackageFrameworks/OrderedCollections_1222128174265B56_PackageProduct.framework (in target 'Epilogue' from project 'Epilogue')
    cd /Users/kris/Epilogue/Epilogue
    builtin-copy -exclude .DS_Store -exclude CVS -exclude .svn -exclude .git -exclude .hg -resolve-src-symlinks -remove-static-executable /Users/kris/Epilogue/build/Build/Products/Debug-iphonesimulator/PackageFrameworks/OrderedCollections_1222128174265B56_PackageProduct.framework /Users/kris/Epilogue/build/Build/Products/Debug-iphonesimulator/Epilogue.app/Frameworks

Copy /Users/kris/Epilogue/build/Build/Products/Debug-iphonesimulator/Epilogue.app/Frameworks/Jinja_C5899F34211_PackageProduct.framework /Users/kris/Epilogue/build/Build/Products/Debug-iphonesimulator/PackageFrameworks/Jinja_C5899F34211_PackageProduct.framework (in target 'Epilogue' from project 'Epilogue')
    cd /Users/kris/Epilogue/Epilogue
    builtin-copy -exclude .DS_Store -exclude CVS -exclude .svn -exclude .git -exclude .hg -resolve-src-symlinks -remove-static-executable /Users/kris/Epilogue/build/Build/Products/Debug-iphonesimulator/PackageFrameworks/Jinja_C5899F34211_PackageProduct.framework /Users/kris/Epilogue/build/Build/Products/Debug-iphonesimulator/Epilogue.app/Frameworks

CodeSign /Users/kris/Epilogue/build/Build/Products/Debug-iphonesimulator/Epilogue.app/Frameworks/OrderedCollections_1222128174265B56_PackageProduct.framework (in target 'Epilogue' from project 'Epilogue')
    cd /Users/kris/Epilogue/Epilogue
    
    Signing Identity:     "Sign to Run Locally"
    
    /usr/bin/codesign --force --sign - --timestamp\=none --preserve-metadata\=identifier,entitlements,flags --generate-entitlement-der /Users/kris/Epilogue/build/Build/Products/Debug-iphonesimulator/Epilogue.app/Frameworks/OrderedCollections_1222128174265B56_PackageProduct.framework
/Users/kris/Epilogue/build/Build/Products/Debug-iphonesimulator/Epilogue.app/Frameworks/OrderedCollections_1222128174265B56_PackageProduct.framework: replacing existing signature

CodeSign /Users/kris/Epilogue/build/Build/Products/Debug-iphonesimulator/Epilogue.app/Frameworks/Transformers_79FFCAD726DD9D12_PackageProduct.framework (in target 'Epilogue' from project 'Epilogue')
    cd /Users/kris/Epilogue/Epilogue
    
    Signing Identity:     "Sign to Run Locally"
    
    /usr/bin/codesign --force --sign - --timestamp\=none --preserve-metadata\=identifier,entitlements,flags --generate-entitlement-der /Users/kris/Epilogue/build/Build/Products/Debug-iphonesimulator/Epilogue.app/Frameworks/Transformers_79FFCAD726DD9D12_PackageProduct.framework
/Users/kris/Epilogue/build/Build/Products/Debug-iphonesimulator/Epilogue.app/Frameworks/Transformers_79FFCAD726DD9D12_PackageProduct.framework: replacing existing signature

CodeSign /Users/kris/Epilogue/build/Build/Products/Debug-iphonesimulator/Epilogue.app/Frameworks/Jinja_C5899F34211_PackageProduct.framework (in target 'Epilogue' from project 'Epilogue')
    cd /Users/kris/Epilogue/Epilogue
    
    Signing Identity:     "Sign to Run Locally"
    
    /usr/bin/codesign --force --sign - --timestamp\=none --preserve-metadata\=identifier,entitlements,flags --generate-entitlement-der /Users/kris/Epilogue/build/Build/Products/Debug-iphonesimulator/Epilogue.app/Frameworks/Jinja_C5899F34211_PackageProduct.framework
/Users/kris/Epilogue/build/Build/Products/Debug-iphonesimulator/Epilogue.app/Frameworks/Jinja_C5899F34211_PackageProduct.framework: replacing existing signature

CodeSign /Users/kris/Epilogue/build/Build/Products/Debug-iphonesimulator/Epilogue.app/Frameworks/WhisperKit.framework (in target 'Epilogue' from project 'Epilogue')
    cd /Users/kris/Epilogue/Epilogue
    
    Signing Identity:     "Sign to Run Locally"
    
    /usr/bin/codesign --force --sign - --timestamp\=none --preserve-metadata\=identifier,entitlements,flags --generate-entitlement-der /Users/kris/Epilogue/build/Build/Products/Debug-iphonesimulator/Epilogue.app/Frameworks/WhisperKit.framework
/Users/kris/Epilogue/build/Build/Products/Debug-iphonesimulator/Epilogue.app/Frameworks/WhisperKit.framework: replacing existing signature

ProcessInfoPlistFile /Users/kris/Epilogue/build/Build/Products/Debug-iphonesimulator/Epilogue.app/Info.plist /Users/kris/Epilogue/Epilogue/Epilogue/Info.plist (in target 'Epilogue' from project 'Epilogue')
    cd /Users/kris/Epilogue/Epilogue
    builtin-infoPlistUtility /Users/kris/Epilogue/Epilogue/Epilogue/Info.plist -producttype com.apple.product-type.application -genpkginfo /Users/kris/Epilogue/build/Build/Products/Debug-iphonesimulator/Epilogue.app/PkgInfo -expandbuildsettings -format binary -platform iphonesimulator -additionalcontentfile /Users/kris/Epilogue/build/Build/Intermediates.noindex/Epilogue.build/Debug-iphonesimulator/Epilogue.build/assetcatalog_generated_info.plist -scanforprivacyfile /Users/kris/Epilogue/build/Build/Products/Debug-iphonesimulator/Epilogue.app/Frameworks/Jinja_C5899F34211_PackageProduct.framework -scanforprivacyfile /Users/kris/Epilogue/build/Build/Products/Debug-iphonesimulator/Epilogue.app/Frameworks/OrderedCollections_1222128174265B56_PackageProduct.framework -scanforprivacyfile /Users/kris/Epilogue/build/Build/Products/Debug-iphonesimulator/Epilogue.app/Frameworks/Transformers_79FFCAD726DD9D12_PackageProduct.framework -scanforprivacyfile /Users/kris/Epilogue/build/Build/Products/Debug-iphonesimulator/Epilogue.app/Frameworks/WhisperKit.framework -scanforprivacyfile /Users/kris/Epilogue/build/Build/Products/Debug-iphonesimulator/Epilogue.app/swift-transformers_Hub.bundle -o /Users/kris/Epilogue/build/Build/Products/Debug-iphonesimulator/Epilogue.app/Info.plist

CreateUniversalBinary /Users/kris/Epilogue/build/Build/Products/Debug-iphonesimulator/Epilogue.app/__preview.dylib normal arm64\ x86_64 (in target 'Epilogue' from project 'Epilogue')
    cd /Users/kris/Epilogue/Epilogue
    /Applications/Xcode-beta.app/Contents/Developer/Toolchains/XcodeDefault.xctoolchain/usr/bin/lipo -create /Users/kris/Epilogue/build/Build/Intermediates.noindex/Epilogue.build/Debug-iphonesimulator/Epilogue.build/Objects-normal/arm64/Binary/__preview.dylib /Users/kris/Epilogue/build/Build/Intermediates.noindex/Epilogue.build/Debug-iphonesimulator/Epilogue.build/Objects-normal/x86_64/Binary/__preview.dylib -output /Users/kris/Epilogue/build/Build/Products/Debug-iphonesimulator/Epilogue.app/__preview.dylib

SwiftExplicitDependencyGeneratePcm arm64 /Users/kris/Epilogue/build/ModuleCache.noindex/simd-4MSGJSS88M8IRFHF8I8BPF220.pcm

SwiftExplicitDependencyGeneratePcm x86_64 /Users/kris/Epilogue/build/ModuleCache.noindex/ObjectiveC-ED6CZ1YP0FY48Y914CIJSRT6I.pcm

SwiftExplicitDependencyGeneratePcm x86_64 /Users/kris/Epilogue/build/ModuleCache.noindex/MachO-B8AFZNCP4A9ZI2WBUV6WREHBE.pcm

SwiftExplicitDependencyGeneratePcm x86_64 /Users/kris/Epilogue/build/ModuleCache.noindex/simd-180SS7WJQYBXWU3TKQDTXB1C4.pcm

SwiftExplicitDependencyGeneratePcm x86_64 /Users/kris/Epilogue/build/ModuleCache.noindex/os_object-8SYE2UYUZP66A0BR18X8TQK8H.pcm

SwiftExplicitDependencyGeneratePcm arm64 /Users/kris/Epilogue/build/ModuleCache.noindex/ObjectiveC-BX18AUNV5GOVPZ2VSVQAUR0J1.pcm

SwiftExplicitDependencyGeneratePcm arm64 /Users/kris/Epilogue/build/ModuleCache.noindex/MachO-8JO5YMQX94IMY0SP5T50R9NWA.pcm

SwiftExplicitDependencyGeneratePcm x86_64 /Users/kris/Epilogue/build/ModuleCache.noindex/os_workgroup-EVPEJBL1FVS91W29MTKQIOWZJ.pcm

SwiftExplicitDependencyGeneratePcm arm64 /Users/kris/Epilogue/build/ModuleCache.noindex/os_object-CCBW0MEVZ1N3JGKMBJNYW9X4U.pcm

SwiftExplicitDependencyGeneratePcm x86_64 /Users/kris/Epilogue/build/ModuleCache.noindex/Dispatch-AZTOT89AZFJHXZMAU9TMFQITJ.pcm

SwiftExplicitDependencyGeneratePcm arm64 /Users/kris/Epilogue/build/ModuleCache.noindex/os_workgroup-5JUHLVMD90LKMXJUN784C40WH.pcm

SwiftExplicitDependencyGeneratePcm x86_64 /Users/kris/Epilogue/build/ModuleCache.noindex/CoreFoundation-23PY2D0E7INFWQN4MRDXGT5IA.pcm

SwiftExplicitDependencyGeneratePcm x86_64 /Users/kris/Epilogue/build/ModuleCache.noindex/XPC-WFHBUBOKA50TH2CDLT85BMN2.pcm

SwiftExplicitDependencyGeneratePcm x86_64 /Users/kris/Epilogue/build/ModuleCache.noindex/dnssd-E4NO6M83D9265JMFNANIG5KQR.pcm

SwiftExplicitDependencyGeneratePcm arm64 /Users/kris/Epilogue/build/ModuleCache.noindex/Dispatch-1CHZN49IHFPF1VB4R0FK8GOD6.pcm

SwiftExplicitDependencyGeneratePcm arm64 /Users/kris/Epilogue/build/ModuleCache.noindex/Spatial-9VDCDO76UDHMC49HSMHZ76F5.pcm

SwiftExplicitDependencyGeneratePcm x86_64 /Users/kris/Epilogue/build/ModuleCache.noindex/os-F2X3TDH6GH5QNDBS5JPF6U4VP.pcm

SwiftExplicitDependencyGeneratePcm arm64 /Users/kris/Epilogue/build/ModuleCache.noindex/CoreFoundation-F1TPRSXV4MQJ54LIID9PBKTV3.pcm

SwiftExplicitDependencyGeneratePcm arm64 /Users/kris/Epilogue/build/ModuleCache.noindex/XPC-AWZMQR1NAI452NI1FB9690AEC.pcm

SwiftExplicitDependencyGeneratePcm arm64 /Users/kris/Epilogue/build/ModuleCache.noindex/dnssd-CQFRNJ1GI52SUANSZ9MV9G7UI.pcm

SwiftExplicitDependencyGeneratePcm x86_64 /Users/kris/Epilogue/build/ModuleCache.noindex/Security-26K70Y09I187EW8TNLHVX6HZG.pcm

SwiftExplicitDependencyGeneratePcm x86_64 /Users/kris/Epilogue/build/ModuleCache.noindex/CoreAudioTypes-9O4M2J9D5S5S6TLV2H9SGDK01.pcm

SwiftExplicitDependencyGeneratePcm x86_64 /Users/kris/Epilogue/build/ModuleCache.noindex/CFNetwork-7KWG78TWGXAFS451CFDQJRI0O.pcm

SwiftExplicitDependencyGeneratePcm x86_64 /Users/kris/Epilogue/build/ModuleCache.noindex/CoreGraphics-M5T15Y7YCR9M4I3LV9I48NUA.pcm

SwiftExplicitDependencyGeneratePcm arm64 /Users/kris/Epilogue/build/ModuleCache.noindex/os-E9R5D1O2MKZO13SA79R3GZE5F.pcm

SwiftExplicitDependencyGeneratePcm x86_64 /Users/kris/Epilogue/build/ModuleCache.noindex/Spatial-ANXS9QBTUYWQ20A2GBM9SBE25.pcm

SwiftExplicitDependencyGeneratePcm x86_64 /Users/kris/Epilogue/build/ModuleCache.noindex/CoreAudio-5ZRKFWKG2CV4RAAJ5D6OOS26S.pcm

SwiftExplicitDependencyGeneratePcm x86_64 /Users/kris/Epilogue/build/ModuleCache.noindex/Foundation-O6OIBXN0UBGL5P5P5BL7KSXI.pcm

SwiftExplicitDependencyGeneratePcm arm64 /Users/kris/Epilogue/build/ModuleCache.noindex/CoreAudioTypes-6QLLAF5YT6KTJBXZSQKUMCXU9.pcm

SwiftExplicitDependencyGeneratePcm arm64 /Users/kris/Epilogue/build/ModuleCache.noindex/CoreGraphics-1B181D63NIC1T6X6W9GNU0H07.pcm

SwiftExplicitDependencyGeneratePcm arm64 /Users/kris/Epilogue/build/ModuleCache.noindex/CFNetwork-DQQN96K8WHCI6SDC53110MT7Y.pcm

SwiftExplicitDependencyGeneratePcm arm64 /Users/kris/Epilogue/build/ModuleCache.noindex/Security-2EAK17PRMF37OWT80K6KREAN1.pcm

SwiftExplicitDependencyGeneratePcm x86_64 /Users/kris/Epilogue/build/ModuleCache.noindex/CoreText-7424YJN9QV3TBF1EG8COKQIFQ.pcm

SwiftExplicitDependencyGeneratePcm x86_64 /Users/kris/Epilogue/build/ModuleCache.noindex/ImageIO-6X4SFWPLPUHAFPGNU8EI49RBM.pcm

SwiftExplicitDependencyGeneratePcm arm64 /Users/kris/Epilogue/build/ModuleCache.noindex/CoreAudio-6NN00RSB8AFK3VZHT0HJRM1R6.pcm

SwiftExplicitDependencyGeneratePcm arm64 /Users/kris/Epilogue/build/ModuleCache.noindex/Foundation-9BMQXP0QMLQTP1ZRSFQU2KG6F.pcm

SwiftExplicitDependencyGeneratePcm arm64 /Users/kris/Epilogue/build/ModuleCache.noindex/CoreText-7CO1RMND8ZELBW622EM89EEOY.pcm

SwiftExplicitDependencyGeneratePcm arm64 /Users/kris/Epilogue/build/ModuleCache.noindex/ImageIO-9HHZCIYQKB0OP4T4RN6SABKXI.pcm

SwiftExplicitDependencyGeneratePcm x86_64 /Users/kris/Epilogue/build/ModuleCache.noindex/NaturalLanguage-B4ZBUPZAMTTSH6FRV1K6C6SN8.pcm

SwiftExplicitDependencyGeneratePcm x86_64 /Users/kris/Epilogue/build/ModuleCache.noindex/Symbols-ECZ4QO45O4UCD2H7HCLRROZA3.pcm

SwiftExplicitDependencyGeneratePcm x86_64 /Users/kris/Epilogue/build/ModuleCache.noindex/Accessibility-7OC0ZNRSX13QXH15K67947Z0S.pcm

SwiftExplicitDependencyGeneratePcm x86_64 /Users/kris/Epilogue/build/ModuleCache.noindex/UserNotifications-2E1CGS73VPLJXRXXUTB1P1SJ4.pcm

SwiftExplicitDependencyGeneratePcm x86_64 /Users/kris/Epilogue/build/ModuleCache.noindex/FileProvider-4RLLSHOXHG0CCB1CQN1KUSW4G.pcm

SwiftExplicitDependencyGeneratePcm x86_64 /Users/kris/Epilogue/build/ModuleCache.noindex/CoreData-1NEKKE9I5J6KSJPJ670EVX5WV.pcm

SwiftExplicitDependencyGeneratePcm x86_64 /Users/kris/Epilogue/build/ModuleCache.noindex/Network-AK38NE36MB9LNT66B4P6XUWLH.pcm

SwiftExplicitDependencyGeneratePcm x86_64 /Users/kris/Epilogue/build/ModuleCache.noindex/OSLog-90FACWG1AM3J7ZW5ZUKC9AYXB.pcm

SwiftExplicitDependencyGeneratePcm x86_64 /Users/kris/Epilogue/build/ModuleCache.noindex/UIUtilities-4BEQ3P0CHJMKN5I0D6E7FEQ9X.pcm

SwiftExplicitDependencyGeneratePcm x86_64 /Users/kris/Epilogue/build/ModuleCache.noindex/LocalAuthentication-9UPA9H2GY71V8TT7HDA47PCGV.pcm

SwiftExplicitDependencyGeneratePcm x86_64 /Users/kris/Epilogue/build/ModuleCache.noindex/UniformTypeIdentifiers-1N9FYJJPWEAO7ZVNFA3NMBO08.pcm

SwiftExplicitDependencyGeneratePcm x86_64 /Users/kris/Epilogue/build/ModuleCache.noindex/CoreTransferable-1BFM77CMI40BB7KBD7BGQDED4.pcm

SwiftExplicitDependencyGeneratePcm x86_64 /Users/kris/Epilogue/build/ModuleCache.noindex/OpenGLES-CE13IABXMLCK5MEODM5DMPZWL.pcm

SwiftExplicitDependencyGeneratePcm x86_64 /Users/kris/Epilogue/build/ModuleCache.noindex/CoreMIDI-8FAXMTCT2X65NTELT8ZABM976.pcm

SwiftExplicitDependencyGeneratePcm x86_64 /Users/kris/Epilogue/build/ModuleCache.noindex/DataDetection-CIBQYU13GXJN31JUEH03SFZ24.pcm

SwiftExplicitDependencyGeneratePcm x86_64 /Users/kris/Epilogue/build/ModuleCache.noindex/_LocationEssentials-BQA0CAHS07M1O0MBO6WJTRWBE.pcm

SwiftExplicitDependencyGeneratePcm x86_64 /Users/kris/Epilogue/build/ModuleCache.noindex/IOSurface-D3XOWKS8FHGGIW5BP3H8MR00Y.pcm

SwiftExplicitDependencyGeneratePcm x86_64 /Users/kris/Epilogue/build/ModuleCache.noindex/AVRouting-7C3LI29ABEGCHX6M8M637D6H9.pcm

SwiftExplicitDependencyGeneratePcm arm64 /Users/kris/Epilogue/build/ModuleCache.noindex/Symbols-8NPAH0FG46ODETVQIM5KJ5A4B.pcm

SwiftExplicitDependencyGeneratePcm arm64 /Users/kris/Epilogue/build/ModuleCache.noindex/Accessibility-8XLUU60UOKSNDVB6IUH05PN8H.pcm

SwiftExplicitDependencyGeneratePcm arm64 /Users/kris/Epilogue/build/ModuleCache.noindex/CoreData-CJ34J3R5XF3F8NHAO5FY8RDB7.pcm

SwiftExplicitDependencyGeneratePcm arm64 /Users/kris/Epilogue/build/ModuleCache.noindex/CoreMIDI-41O91LRFXSSZSMCNIKKYYYFF2.pcm

SwiftExplicitDependencyGeneratePcm arm64 /Users/kris/Epilogue/build/ModuleCache.noindex/UserNotifications-WGRBSAHJKZBJL100M15Z4H6A.pcm

SwiftExplicitDependencyGeneratePcm arm64 /Users/kris/Epilogue/build/ModuleCache.noindex/OSLog-58GBXLTYHI2J9VV02L0NST1FX.pcm

SwiftExplicitDependencyGeneratePcm arm64 /Users/kris/Epilogue/build/ModuleCache.noindex/NaturalLanguage-6QDDQXFIE8JRLA9W9P1QYM86A.pcm

SwiftExplicitDependencyGeneratePcm x86_64 /Users/kris/Epilogue/build/ModuleCache.noindex/CoreLocation-6K9B7X8SKNJG3OXFFOSUZTMBC.pcm

SwiftExplicitDependencyGeneratePcm arm64 /Users/kris/Epilogue/build/ModuleCache.noindex/OpenGLES-5RNKNNDUV6NRATJ16B5C88XB0.pcm

SwiftExplicitDependencyGeneratePcm arm64 /Users/kris/Epilogue/build/ModuleCache.noindex/FileProvider-5J6E7C50QLDQD6XQM9LNP071G.pcm

SwiftExplicitDependencyGeneratePcm arm64 /Users/kris/Epilogue/build/ModuleCache.noindex/UniformTypeIdentifiers-CR6UVCHLT8HY57NDX1EEJW8OG.pcm

SwiftExplicitDependencyGeneratePcm arm64 /Users/kris/Epilogue/build/ModuleCache.noindex/LocalAuthentication-D3NPXFTYWY716DWEHHGTEMKS6.pcm

SwiftExplicitDependencyGeneratePcm arm64 /Users/kris/Epilogue/build/ModuleCache.noindex/UIUtilities-8PW29JA3FM8MRXS9WZIQ8M2VH.pcm

SwiftExplicitDependencyGeneratePcm x86_64 /Users/kris/Epilogue/build/ModuleCache.noindex/AudioToolbox-AWDB414N4JNJEXZL7JR38YNRI.pcm

SwiftExplicitDependencyGeneratePcm arm64 /Users/kris/Epilogue/build/ModuleCache.noindex/IOSurface-CWEDF973LEJB7S2CB0XWN4TD7.pcm

SwiftExplicitDependencyGeneratePcm arm64 /Users/kris/Epilogue/build/ModuleCache.noindex/CoreTransferable-2BCE7372F26E2CXSUDTAUBCQJ.pcm

SwiftExplicitDependencyGeneratePcm arm64 /Users/kris/Epilogue/build/ModuleCache.noindex/_LocationEssentials-9UUQF6EFN9ZSH25FCC855A3TB.pcm

SwiftExplicitDependencyGeneratePcm x86_64 /Users/kris/Epilogue/build/ModuleCache.noindex/CoreMotion-4HAGFB1XI3AL99JQVWV3SYUS.pcm

SwiftExplicitDependencyGeneratePcm arm64 /Users/kris/Epilogue/build/ModuleCache.noindex/DataDetection-F5ETNT8DNKMEWW5NE8U8Q3HEJ.pcm

SwiftExplicitDependencyGeneratePcm arm64 /Users/kris/Epilogue/build/ModuleCache.noindex/AudioToolbox-BC7BVY4K4AM7Q7QCH93NKUOL0.pcm

SwiftExplicitDependencyGeneratePcm arm64 /Users/kris/Epilogue/build/ModuleCache.noindex/Network-ENN7DBZTWVYY0GC9GBLIZTT52.pcm

SwiftExplicitDependencyGeneratePcm x86_64 /Users/kris/Epilogue/build/ModuleCache.noindex/Metal-ESYLQU99RBBK23BF4J296TLR4.pcm

SwiftExplicitDependencyGeneratePcm arm64 /Users/kris/Epilogue/build/ModuleCache.noindex/Metal-7ZCZQH8ABXDSLCTOFMMJTXQKO.pcm

SwiftExplicitDependencyGeneratePcm arm64 /Users/kris/Epilogue/build/ModuleCache.noindex/CoreLocation-2FVWEASOHDYOFXQOM64T3VC6M.pcm

SwiftExplicitDependencyGeneratePcm arm64 /Users/kris/Epilogue/build/ModuleCache.noindex/AVRouting-3MWC3L4445G20BRKGKIB1Y30Z.pcm

SwiftExplicitDependencyGeneratePcm arm64 /Users/kris/Epilogue/build/ModuleCache.noindex/CoreMotion-1DT0223FISRT0SUR2XAE2WU6F.pcm

SwiftExplicitDependencyGeneratePcm x86_64 /Users/kris/Epilogue/build/ModuleCache.noindex/CoreVideo-2NZQT6RPU5T5TDM8TWNWGL32L.pcm

SwiftExplicitDependencyGeneratePcm arm64 /Users/kris/Epilogue/build/ModuleCache.noindex/CoreVideo-527BAEROUAFPOVJY7DDRBJS9Z.pcm

SwiftExplicitDependencyGeneratePcm x86_64 /Users/kris/Epilogue/build/ModuleCache.noindex/CoreMedia-9NCSM37OTEFC2HLFA2TRIYBGX.pcm

SwiftExplicitDependencyGeneratePcm x86_64 /Users/kris/Epilogue/build/ModuleCache.noindex/QuartzCore-BEG67DI9L1XFUD3EYJ4K2DPKH.pcm

SwiftExplicitDependencyGeneratePcm x86_64 /Users/kris/Epilogue/build/ModuleCache.noindex/CoreML-BK63N1PC2VNUF8G024AXCE17C.pcm

SwiftExplicitDependencyGeneratePcm x86_64 /Users/kris/Epilogue/build/ModuleCache.noindex/CoreImage-MTKD6Y0HOCYKAZOZEVJQUK5R.pcm

SwiftExplicitDependencyGeneratePcm x86_64 /Users/kris/Epilogue/build/ModuleCache.noindex/Accelerate-8OMLNGFWAJ6I678DUWLBH68MM.pcm

SwiftExplicitDependencyGeneratePcm arm64 /Users/kris/Epilogue/build/ModuleCache.noindex/QuartzCore-34GKE77AQJRZZ0M54XLLLIIW0.pcm

SwiftExplicitDependencyGeneratePcm arm64 /Users/kris/Epilogue/build/ModuleCache.noindex/CoreMedia-7VQZIIJIUYA8HOYT4C7N8T4EY.pcm

SwiftExplicitDependencyGeneratePcm arm64 /Users/kris/Epilogue/build/ModuleCache.noindex/CoreML-3T4XL19GDG3RGM4CC42PILTCS.pcm

SwiftExplicitDependencyGeneratePcm arm64 /Users/kris/Epilogue/build/ModuleCache.noindex/Accelerate-EEJDUV9G64I0EZG69NPQVNN2I.pcm

SwiftExplicitDependencyGeneratePcm arm64 /Users/kris/Epilogue/build/ModuleCache.noindex/CoreImage-50HPXUUF6URHOSL3671MSDANP.pcm

SwiftExplicitDependencyGeneratePcm x86_64 /Users/kris/Epilogue/build/ModuleCache.noindex/SwiftUICore-E23D2XT4J352KD3KBBE3NK3OD.pcm

SwiftExplicitDependencyGeneratePcm arm64 /Users/kris/Epilogue/build/ModuleCache.noindex/SwiftUICore-7NH0HG0EQ0VF2FFVYPP4XMYNM.pcm

SwiftExplicitDependencyGeneratePcm x86_64 /Users/kris/Epilogue/build/ModuleCache.noindex/Vision-5CESDI4ZZ5UYX8NJQ2JR7WEL3.pcm

SwiftExplicitDependencyGeneratePcm x86_64 /Users/kris/Epilogue/build/ModuleCache.noindex/MediaToolbox-7DZMRDKJPOK2X8SQYNNFPS00O.pcm

SwiftExplicitDependencyGeneratePcm x86_64 /Users/kris/Epilogue/build/ModuleCache.noindex/AVFAudio-CNZ2Q2N0FDN5A5HEEPWK3W65S.pcm

SwiftExplicitDependencyGeneratePcm x86_64 /Users/kris/Epilogue/build/ModuleCache.noindex/UIKit-ECTG3NU2BY485KIKQAAJ0MA67.pcm

SwiftExplicitDependencyGeneratePcm arm64 /Users/kris/Epilogue/build/ModuleCache.noindex/AVFAudio-126XITOFAZTJ0LC2LKYYPCF1N.pcm

SwiftExplicitDependencyGeneratePcm arm64 /Users/kris/Epilogue/build/ModuleCache.noindex/MediaToolbox-9G8CCG8OJG1EMR6IS2UHAY1IM.pcm

SwiftExplicitDependencyGeneratePcm arm64 /Users/kris/Epilogue/build/ModuleCache.noindex/Vision-DCCZMR6NJVGJVY843NGF9J4Z8.pcm

SwiftExplicitDependencyGeneratePcm arm64 /Users/kris/Epilogue/build/ModuleCache.noindex/UIKit-BF2QVHRG3IBSN7JG2IZP9B5IL.pcm

SwiftExplicitDependencyGeneratePcm x86_64 /Users/kris/Epilogue/build/ModuleCache.noindex/AVFoundation-78IAKF2T540U2DES3N7HFLN3F.pcm

SwiftExplicitDependencyGeneratePcm x86_64 /Users/kris/Epilogue/build/ModuleCache.noindex/SoundAnalysis-5N83LXZXG085XIA8QKTABT547.pcm

SwiftExplicitDependencyGeneratePcm arm64 /Users/kris/Epilogue/build/ModuleCache.noindex/SoundAnalysis-EW9K5TENQ0CVJWF05J9WSSTG6.pcm

SwiftExplicitDependencyGeneratePcm arm64 /Users/kris/Epilogue/build/ModuleCache.noindex/AVFoundation-6V81VUQKTA8LQQUMTK8LFB2MP.pcm

SwiftExplicitDependencyGeneratePcm x86_64 /Users/kris/Epilogue/build/ModuleCache.noindex/Speech-D5Z8ZPS5N91U8JBV93C5N3WE5.pcm

SwiftExplicitDependencyGeneratePcm x86_64 /Users/kris/Epilogue/build/ModuleCache.noindex/Photos-80J3F2DWNEO8P5SWTLZI03RKS.pcm

SwiftExplicitDependencyGeneratePcm arm64 /Users/kris/Epilogue/build/ModuleCache.noindex/Photos-DU173II5KA8OT6HEVYLU5XTRZ.pcm

SwiftExplicitDependencyGeneratePcm arm64 /Users/kris/Epilogue/build/ModuleCache.noindex/Speech-7J1M1CLBZU9GIBYXIORQX156E.pcm

SwiftExplicitDependencyGeneratePcm x86_64 /Users/kris/Epilogue/build/ModuleCache.noindex/SwiftUI-3L9M4SLZDXFXL0CGK3OGZ1RNW.pcm

SwiftExplicitDependencyGeneratePcm arm64 /Users/kris/Epilogue/build/ModuleCache.noindex/SwiftUI-BSZ68918DYLJSBZQXIR6G4OTB.pcm

SwiftEmitModule normal x86_64 Emitting\ module\ for\ Epilogue (in target 'Epilogue' from project 'Epilogue')

EmitSwiftModule normal x86_64 (in target 'Epilogue' from project 'Epilogue')
    cd /Users/kris/Epilogue/Epilogue
    
/Users/kris/Epilogue/Epilogue/Epilogue/Views/Chat/Components/ChatBookPickerSheet.swift:8:57: error: type 'ReadingStatus' has no member 'reading'
    @State private var selectedFilter: ReadingStatus = .reading
                                                       ~^~~~~~~
/Users/kris/Epilogue/Epilogue/Epilogue/Views/Chat/Components/ChatBookPickerSheet.swift:141:8: error: invalid redeclaration of 'FilterPill'
struct FilterPill: View {
       ^
/Users/kris/Epilogue/Epilogue/Epilogue/Views/Notes/NotesView.swift:203:8: note: 'FilterPill' previously declared here
struct FilterPill: View {
       ^
/Users/kris/Epilogue/Epilogue/Epilogue/Views/Notes/NotesView.swift:203:8: note: 'FilterPill' previously declared here
struct FilterPill: View {
       ^

Failed frontend command:
/Applications/Xcode-beta.app/Contents/Developer/Toolchains/XcodeDefault.xctoolchain/usr/bin/swift-frontend -frontend -emit-module -experimental-skip-non-inlinable-function-bodies-without-types /Users/kris/Epilogue/Epilogue/Epilogue/Ambient/AmbientBookView.swift /Users/kris/Epilogue/Epilogue/Epilogue/Ambient/ColorIntelligenceEngine.swift /Users/kris/Epilogue/Epilogue/Epilogue/Ambient/SimpleColorExtractor.swift /Users/kris/Epilogue/Epilogue/Epilogue/Core/Background/BookAtmosphericGradientView.swift /Users/kris/Epilogue/Epilogue/Epilogue/Core/Background/BookCoverBackgroundView.swift /Users/kris/Epilogue/Epilogue/Epilogue/Core/Cache/ResponseCache.swift /Users/kris/Epilogue/Epilogue/Epilogue/Core/Colors/ColorExtractionDebugView.swift /Users/kris/Epilogue/Epilogue/Epilogue/Core/Colors/ColorExtractionDiagnostic.swift /Users/kris/Epilogue/Epilogue/Epilogue/Core/Colors/ColorPaletteCache.swift /Users/kris/Epilogue/Epilogue/Epilogue/Core/Colors/DisplayColorScheme.swift /Users/kris/Epilogue/Epilogue/Epilogue/Core/Colors/ImprovedColorExtraction.swift /Users/kris/Epilogue/Epilogue/Epilogue/Core/Colors/OKLABColorExtractor.swift /Users/kris/Epilogue/Epilogue/Epilogue/Core/Extensions/ColorExtensions.swift /Users/kris/Epilogue/Epilogue/Epilogue/Core/Haptics/HapticManager.swift /Users/kris/Epilogue/Epilogue/Epilogue/Core/Images/SharedBookCoverManager.swift /Users/kris/Epilogue/Epilogue/Epilogue/Core/Utilities/WhisperManager.swift /Users/kris/Epilogue/Epilogue/Epilogue/Models/AmbientSessionModels.swift /Users/kris/Epilogue/Epilogue/Epilogue/Models/BookModel.swift /Users/kris/Epilogue/Epilogue/Epilogue/Models/ChatThread.swift /Users/kris/Epilogue/Epilogue/Epilogue/Models/CommandIntent.swift /Users/kris/Epilogue/Epilogue/Epilogue/Models/GoogleBooksAPI.swift /Users/kris/Epilogue/Epilogue/Epilogue/Models/LiteraryQuotes.swift /Users/kris/Epilogue/Epilogue/Epilogue/Models/Note.swift /Users/kris/Epilogue/Epilogue/Epilogue/Navigation/NavigationCoordinator.swift /Users/kris/Epilogue/Epilogue/Epilogue/Services/AICompanionService.swift /Users/kris/Epilogue/Epilogue/Epilogue/Utilities/MotionManager.swift /Users/kris/Epilogue/Epilogue/Epilogue/Utilities/SmartAccentColorExtractor.swift /Users/kris/Epilogue/Epilogue/Epilogue/Views/Chat/Components/BookContextPill.swift /Users/kris/Epilogue/Epilogue/Epilogue/Views/Chat/Components/BookContextPillModifier.swift /Users/kris/Epilogue/Epilogue/Epilogue/Views/Chat/Components/ChatBookPickerSheet.swift /Users/kris/Epilogue/Epilogue/Epilogue/Views/Chat/Components/ChatCommandPalette.swift /Users/kris/Epilogue/Epilogue/Epilogue/Views/Chat/Components/ChatMessageView.swift /Users/kris/Epilogue/Epilogue/Epilogue/Views/Chat/Components/CommandPaletteView.swift /Users/kris/Epilogue/Epilogue/Epilogue/Views/Chat/Components/MiniNoteCard.swift /Users/kris/Epilogue/Epilogue/Epilogue/Views/Chat/Components/NoteMessageView.swift /Users/kris/Epilogue/Epilogue/Epilogue/Views/Chat/Components/QuoteMessageView.swift /Users/kris/Epilogue/Epilogue/Epilogue/Views/Chat/Components/UnifiedChatInputBar.swift /Users/kris/Epilogue/Epilogue/Epilogue/Views/Chat/Services/ChatMessageProcessor.swift /Users/kris/Epilogue/Epilogue/Epilogue/Views/Chat/AmbientChatOverlay.swift /Users/kris/Epilogue/Epilogue/Epilogue/Views/Chat/AmbientOrbButton.swift /Users/kris/Epilogue/Epilogue/Epilogue/Views/Chat/AmbientSessionSummaryView.swift /Users/kris/Epilogue/Epilogue/Epilogue/Views/Chat/ChatConversationView.swift /Users/kris/Epilogue/Epilogue/Epilogue/Views/Chat/ChatInputBar.swift /Users/kris/Epilogue/Epilogue/Epilogue/Views/Chat/ChatThreadListView.swift /Users/kris/Epilogue/Epilogue/Epilogue/Views/Chat/ChatView.swift /Users/kris/Epilogue/Epilogue/Epilogue/Views/Chat/ProgressiveSessionSummaryView.swift /Users/kris/Epilogue/Epilogue/Epilogue/Views/Chat/SessionContentCardsView.swift /Users/kris/Epilogue/Epilogue/Epilogue/Views/Chat/SessionSummaryView.swift /Users/kris/Epilogue/Epilogue/Epilogue/Views/Chat/SwipeableChatCard.swift /Users/kris/Epilogue/Epilogue/Epilogue/Views/Chat/SwipeableSessionRow.swift /Users/kris/Epilogue/Epilogue/Epilogue/Views/Chat/UnifiedChatView.swift /Users/kris/Epilogue/Epilogue/Epilogue/Views/Chat/VoiceModeOverlay.swift /Users/kris/Epilogue/Epilogue/Epilogue/Views/Components/AIShimmerView.swift /Users/kris/Epilogue/Epilogue/Epilogue/Views/Components/AmbientBackground.swift /Users/kris/Epilogue/Epilogue/Epilogue/Views/Components/AmbientChatBackground.swift /Users/kris/Epilogue/Epilogue/Epilogue/Views/Components/CognitivePatternVisualizer.swift /Users/kris/Epilogue/Epilogue/Epilogue/Views/Components/CollapsedNavigationHeader.swift /Users/kris/Epilogue/Epilogue/Epilogue/Views/Components/CommandSuggestionsView.swift /Users/kris/Epilogue/Epilogue/Epilogue/Views/Components/FeatherIcon.swift /Users/kris/Epilogue/Epilogue/Epilogue/Views/Components/GlassSuccessToast.swift /Users/kris/Epilogue/Epilogue/Epilogue/Views/Components/HeroTransitionView.swift /Users/kris/Epilogue/Epilogue/Epilogue/Views/Components/LiquidCommandPalette.swift /Users/kris/Epilogue/Epilogue/Epilogue/Views/Components/LiquidEditSheet.swift /Users/kris/Epilogue/Epilogue/Epilogue/Views/Components/MarkdownText.swift /Users/kris/Epilogue/Epilogue/Epilogue/Views/Components/NavigationIcons.swift /Users/kris/Epilogue/Epilogue/Epilogue/Views/Components/OrganicGradientView.swift /Users/kris/Epilogue/Epilogue/Epilogue/Views/Components/PerplexityService.swift /Users/kris/Epilogue/Epilogue/Epilogue/Views/Components/PrivacyIndicator.swift /Users/kris/Epilogue/Epilogue/Epilogue/Views/Components/ShimmerEffect.swift /Users/kris/Epilogue/Epilogue/Epilogue/Views/Library/BookCard.swift /Users/kris/Epilogue/Epilogue/Epilogue/Views/Library/BookDetailView.swift /Users/kris/Epilogue/Epilogue/Epilogue/Views/Library/BookPickerSheet.swift /Users/kris/Epilogue/Epilogue/Epilogue/Views/Library/BookSearchSheet.swift /Users/kris/Epilogue/Epilogue/Epilogue/Views/Library/EditBookSheet.swift /Users/kris/Epilogue/Epilogue/Epilogue/Views/Library/LibraryView.swift /Users/kris/Epilogue/Epilogue/Epilogue/Views/Library/LiteraryLoadingView.swift /Users/kris/Epilogue/Epilogue/Epilogue/Views/Library/MenuBookCoverView.swift /Users/kris/Epilogue/Epilogue/Epilogue/Views/Library/ReadingProgressIndicator.swift /Users/kris/Epilogue/Epilogue/Epilogue/Views/Library/SharedBookCoverView.swift /Users/kris/Epilogue/Epilogue/Epilogue/Views/Notes/NoteCardComponents.swift /Users/kris/Epilogue/Epilogue/Epilogue/Views/Notes/NoteContextMenu.swift /Users/kris/Epilogue/Epilogue/Epilogue/Views/Notes/NoteEditSheet.swift /Users/kris/Epilogue/Epilogue/Epilogue/Views/Notes/NotesView.swift /Users/kris/Epilogue/Epilogue/Epilogue/Views/Notes/SwiftDataNotesView.swift /Users/kris/Epilogue/Epilogue/Epilogue/Views/Settings/AISettingsView.swift /Users/kris/Epilogue/Epilogue/Epilogue/Views/AmbientReadingView.swift /Users/kris/Epilogue/Epilogue/Epilogue/Voice/Intelligence/AdaptiveQualityManager.swift /Users/kris/Epilogue/Epilogue/Epilogue/Voice/Intelligence/AmbientIntelligence.swift /Users/kris/Epilogue/Epilogue/Epilogue/Voice/Intelligence/AmbientIntelligencePipeline.swift /Users/kris/Epilogue/Epilogue/Epilogue/Voice/Intelligence/FoundationModelsProcessor.swift /Users/kris/Epilogue/Epilogue/Epilogue/Voice/Intelligence/NaturalReactionDetector.swift /Users/kris/Epilogue/Epilogue/Epilogue/Voice/Processing/AudioPreprocessor.swift /Users/kris/Epilogue/Epilogue/Epilogue/Voice/Processing/IntentProcessor.swift /Users/kris/Epilogue/Epilogue/Epilogue/Voice/Recognition/CognitivePatternRecognizer.swift /Users/kris/Epilogue/Epilogue/Epilogue/Voice/Recognition/VoiceRecognitionManager.swift /Users/kris/Epilogue/Epilogue/Epilogue/Voice/Recognition/WakeWordDetector.swift /Users/kris/Epilogue/Epilogue/Epilogue/Voice/Response/ResponseOrchestrator.swift /Users/kris/Epilogue/Epilogue/Epilogue/Voice/Response/VoiceSynthesizer.swift /Users/kris/Epilogue/Epilogue/Epilogue/Voice/UI/AmbientOrbView.swift /Users/kris/Epilogue/Epilogue/Epilogue/Voice/UI/AmbientVoiceView.swift /Users/kris/Epilogue/Epilogue/Epilogue/Voice/WhisperKit/EpilogueWhisperKit.swift /Users/kris/Epilogue/Epilogue/Epilogue/Voice/WhisperKit/OptimizedWhisperProcessor.swift /Users/kris/Epilogue/Epilogue/Epilogue/ContentView.swift /Users/kris/Epilogue/Epilogue/Epilogue/EpilogueApp.swift /Users/kris/Epilogue/Epilogue/Epilogue/Item.swift /Users/kris/Epilogue/Epilogue/Epilogue/Typography.swift /Users/kris/Epilogue/build/Build/Intermediates.noindex/Epilogue.build/Debug-iphonesimulator/Epilogue.build/DerivedSources/GeneratedAssetSymbols.swift -target x86_64-apple-ios26.0-simulator -module-can-import-version DeveloperToolsSupport 23.0.4 23.0.4 -module-can-import-version SwiftUI 7.0.79.1 7.0.79 -module-can-import-version UIKit 9083.2.103 9083.2.103 -disable-cross-import-overlay-search -swift-module-cross-import SwiftData /Applications/Xcode-beta.app/Contents/Developer/Platforms/iPhoneSimulator.platform/Developer/SDKs/iPhoneSimulator26.0.sdk/System/Library/Frameworks/SwiftData.framework/Modules/SwiftData.swiftcrossimport/CoreData.swiftoverlay -swift-module-cross-import SwiftData /Applications/Xcode-beta.app/Contents/Developer/Platforms/iPhoneSimulator.platform/Developer/SDKs/iPhoneSimulator26.0.sdk/System/Library/Frameworks/SwiftData.framework/Modules/SwiftData.swiftcrossimport/SwiftUI.swiftoverlay -load-resolved-plugin /Applications/Xcode-beta.app/Contents/Developer/Platforms/iPhoneOS.platform/Developer/usr/lib/swift/host/plugins/libFoundationMacros.dylib\#/Applications/Xcode-beta.app/Contents/Developer/Platforms/iPhoneOS.platform/Developer/usr/bin/swift-plugin-server\#FoundationMacros -load-resolved-plugin /Applications/Xcode-beta.app/Contents/Developer/Platforms/iPhoneOS.platform/Developer/usr/lib/swift/host/plugins/libObservationMacros.dylib\#/Applications/Xcode-beta.app/Contents/Developer/Platforms/iPhoneOS.platform/Developer/usr/bin/swift-plugin-server\#ObservationMacros -load-resolved-plugin /Applications/Xcode-beta.app/Contents/Developer/Platforms/iPhoneOS.platform/Developer/usr/lib/swift/host/plugins/libPreviewsMacros.dylib\#/Applications/Xcode-beta.app/Contents/Developer/Platforms/iPhoneOS.platform/Developer/usr/bin/swift-plugin-server\#PreviewsMacros -load-resolved-plugin /Applications/Xcode-beta.app/Contents/Developer/Platforms/iPhoneOS.platform/Developer/usr/lib/swift/host/plugins/libSwiftDataMacros.dylib\#/Applications/Xcode-beta.app/Contents/Developer/Platforms/iPhoneOS.platform/Developer/usr/bin/swift-plugin-server\#SwiftDataMacros -load-resolved-plugin /Applications/Xcode-beta.app/Contents/Developer/Platforms/iPhoneOS.platform/Developer/usr/lib/swift/host/plugins/libSwiftMacros.dylib\#/Applications/Xcode-beta.app/Contents/Developer/Platforms/iPhoneOS.platform/Developer/usr/bin/swift-plugin-server\#SwiftMacros -load-resolved-plugin /Applications/Xcode-beta.app/Contents/Developer/Platforms/iPhoneOS.platform/Developer/usr/lib/swift/host/plugins/libSwiftUIMacros.dylib\#/Applications/Xcode-beta.app/Contents/Developer/Platforms/iPhoneOS.platform/Developer/usr/bin/swift-plugin-server\#SwiftUIMacros -disable-implicit-swift-modules -Xcc -fno-implicit-modules -Xcc -fno-implicit-module-maps -explicit-swift-module-map-file /Users/kris/Epilogue/build/Build/Intermediates.noindex/Epilogue.build/Debug-iphonesimulator/Epilogue.build/Objects-normal/x86_64/Epilogue-dependencies-1.json -enable-objc-interop -sdk /Applications/Xcode-beta.app/Contents/Developer/Platforms/iPhoneSimulator.platform/Developer/SDKs/iPhoneSimulator26.0.sdk -I /Users/kris/Epilogue/build/Build/Products/Debug-iphonesimulator -F /Users/kris/Epilogue/build/Build/Products/Debug-iphonesimulator/PackageFrameworks -F /Users/kris/Epilogue/build/Build/Products/Debug-iphonesimulator/PackageFrameworks -F /Users/kris/Epilogue/build/Build/Products/Debug-iphonesimulator/PackageFrameworks -F /Users/kris/Epilogue/build/Build/Products/Debug-iphonesimulator/PackageFrameworks -F /Users/kris/Epilogue/build/Build/Products/Debug-iphonesimulator/PackageFrameworks -F /Users/kris/Epilogue/build/Build/Products/Debug-iphonesimulator/PackageFrameworks -F /Users/kris/Epilogue/build/Build/Products/Debug-iphonesimulator/PackageFrameworks -F /Users/kris/Epilogue/build/Build/Products/Debug-iphonesimulator/PackageFrameworks -F /Users/kris/Epilogue/build/Build/Products/Debug-iphonesimulator/PackageFrameworks -F /Users/kris/Epilogue/build/Build/Products/Debug-iphonesimulator/PackageFrameworks -F /Users/kris/Epilogue/build/Build/Products/Debug-iphonesimulator/PackageFrameworks -F /Users/kris/Epilogue/build/Build/Products/Debug-iphonesimulator/PackageFrameworks -F /Users/kris/Epilogue/build/Build/Products/Debug-iphonesimulator -no-color-diagnostics -Xcc -fno-color-diagnostics -enable-testing -g -debug-info-format\=dwarf -dwarf-version\=5 -module-cache-path /Users/kris/Epilogue/build/Build/Intermediates.noindex/SwiftExplicitPrecompiledModules -profile-generate -profile-coverage-mapping -swift-version 5 -enforce-exclusivity\=checked -Onone -D DEBUG -serialize-debugging-options -const-gather-protocols-file /Users/kris/Epilogue/build/Build/Intermediates.noindex/Epilogue.build/Debug-iphonesimulator/Epilogue.build/Objects-normal/x86_64/Epilogue_const_extract_protocols.json -enable-upcoming-feature DisableOutwardActorInference -enable-upcoming-feature InferSendableFromCaptures -enable-upcoming-feature GlobalActorIsolatedTypesUsability -enable-upcoming-feature MemberImportVisibility -enable-upcoming-feature InferIsolatedConformances -enable-upcoming-feature NonisolatedNonsendingByDefault -enable-experimental-feature DebugDescriptionMacro -enable-bare-slash-regex -default-isolation\=MainActor -empty-abi-descriptor -validate-clang-modules-once -clang-build-session-file /Users/kris/Epilogue/build/ModuleCache.noindex/Session.modulevalidation -Xcc -working-directory -Xcc /Users/kris/Epilogue/Epilogue -enable-anonymous-context-mangled-names -file-compilation-dir /Users/kris/Epilogue/Epilogue -Xcc -D_LIBCPP_HARDENING_MODE\=_LIBCPP_HARDENING_MODE_DEBUG -Xcc -ivfsstatcache -Xcc /Users/kris/Epilogue/build/SDKStatCaches.noindex/iphonesimulator26.0-23A5297f-3885c01c3e6b6a337905948deab2002efc862078e33f881139a9d2f83bd1a9d0.sdkstatcache -Xcc -I/Users/kris/Epilogue/build/Build/Intermediates.noindex/Epilogue.build/Debug-iphonesimulator/Epilogue.build/swift-overrides.hmap -Xcc -iquote -Xcc /Users/kris/Epilogue/build/Build/Intermediates.noindex/Epilogue.build/Debug-iphonesimulator/Epilogue.build/Epilogue-generated-files.hmap -Xcc -I/Users/kris/Epilogue/build/Build/Intermediates.noindex/Epilogue.build/Debug-iphonesimulator/Epilogue.build/Epilogue-own-target-headers.hmap -Xcc -I/Users/kris/Epilogue/build/Build/Intermediates.noindex/Epilogue.build/Debug-iphonesimulator/Epilogue.build/Epilogue-all-non-framework-target-headers.hmap -Xcc -ivfsoverlay -Xcc /Users/kris/Epilogue/build/Build/Intermediates.noindex/Epilogue.build/Debug-iphonesimulator/Epilogue-3b24a753582e4251dda95b228d36f769-VFS-iphonesimulator/all-product-headers.yaml -Xcc -iquote -Xcc /Users/kris/Epilogue/build/Build/Intermediates.noindex/Epilogue.build/Debug-iphonesimulator/Epilogue.build/Epilogue-project-headers.hmap -Xcc -I/Users/kris/Epilogue/build/Build/Products/Debug-iphonesimulator/include -Xcc -I/Users/kris/Epilogue/build/Build/Intermediates.noindex/Epilogue.build/Debug-iphonesimulator/Epilogue.build/DerivedSources-normal/x86_64 -Xcc -I/Users/kris/Epilogue/build/Build/Intermediates.noindex/Epilogue.build/Debug-iphonesimulator/Epilogue.build/DerivedSources/x86_64 -Xcc -I/Users/kris/Epilogue/build/Build/Intermediates.noindex/Epilogue.build/Debug-iphonesimulator/Epilogue.build/DerivedSources -Xcc -DDEBUG\=1 -no-auto-bridging-header-chaining -module-name Epilogue -frontend-parseable-output -disable-clang-spi -target-sdk-version 26.0 -target-sdk-name iphonesimulator26.0 -clang-target x86_64-apple-ios26.0-simulator -emit-module-doc-path /Users/kris/Epilogue/build/Build/Intermediates.noindex/Epilogue.build/Debug-iphonesimulator/Epilogue.build/Objects-normal/x86_64/Epilogue.swiftdoc -emit-module-source-info-path /Users/kris/Epilogue/build/Build/Intermediates.noindex/Epilogue.build/Debug-iphonesimulator/Epilogue.build/Objects-normal/x86_64/Epilogue.swiftsourceinfo -emit-objc-header-path /Users/kris/Epilogue/build/Build/Intermediates.noindex/Epilogue.build/Debug-iphonesimulator/Epilogue.build/Objects-normal/x86_64/Epilogue-Swift.h -serialize-diagnostics-path /Users/kris/Epilogue/build/Build/Intermediates.noindex/Epilogue.build/Debug-iphonesimulator/Epilogue.build/Objects-normal/x86_64/Epilogue-primary-emit-module.dia -emit-dependencies-path /Users/kris/Epilogue/build/Build/Intermediates.noindex/Epilogue.build/Debug-iphonesimulator/Epilogue.build/Objects-normal/x86_64/Epilogue-primary-emit-module.d -o /Users/kris/Epilogue/build/Build/Intermediates.noindex/Epilogue.build/Debug-iphonesimulator/Epilogue.build/Objects-normal/x86_64/Epilogue.swiftmodule -emit-abi-descriptor-path /Users/kris/Epilogue/build/Build/Intermediates.noindex/Epilogue.build/Debug-iphonesimulator/Epilogue.build/Objects-normal/x86_64/Epilogue.abi.json
SwiftCompile normal x86_64 Compiling\ AmbientVoiceView.swift,\ EpilogueWhisperKit.swift,\ OptimizedWhisperProcessor.swift,\ ContentView.swift,\ EpilogueApp.swift,\ Item.swift,\ Typography.swift,\ GeneratedAssetSymbols.swift /Users/kris/Epilogue/Epilogue/Epilogue/Voice/UI/AmbientVoiceView.swift /Users/kris/Epilogue/Epilogue/Epilogue/Voice/WhisperKit/EpilogueWhisperKit.swift /Users/kris/Epilogue/Epilogue/Epilogue/Voice/WhisperKit/OptimizedWhisperProcessor.swift /Users/kris/Epilogue/Epilogue/Epilogue/ContentView.swift /Users/kris/Epilogue/Epilogue/Epilogue/EpilogueApp.swift /Users/kris/Epilogue/Epilogue/Epilogue/Item.swift /Users/kris/Epilogue/Epilogue/Epilogue/Typography.swift /Users/kris/Epilogue/build/Build/Intermediates.noindex/Epilogue.build/Debug-iphonesimulator/Epilogue.build/DerivedSources/GeneratedAssetSymbols.swift (in target 'Epilogue' from project 'Epilogue')
SwiftCompile normal x86_64 /Users/kris/Epilogue/Epilogue/Epilogue/Voice/UI/AmbientVoiceView.swift (in target 'Epilogue' from project 'Epilogue')
    cd /Users/kris/Epilogue/Epilogue
    

SwiftCompile normal x86_64 /Users/kris/Epilogue/Epilogue/Epilogue/Voice/WhisperKit/EpilogueWhisperKit.swift (in target 'Epilogue' from project 'Epilogue')
    cd /Users/kris/Epilogue/Epilogue
    

SwiftCompile normal x86_64 /Users/kris/Epilogue/Epilogue/Epilogue/Voice/WhisperKit/OptimizedWhisperProcessor.swift (in target 'Epilogue' from project 'Epilogue')
    cd /Users/kris/Epilogue/Epilogue
    

SwiftCompile normal x86_64 /Users/kris/Epilogue/Epilogue/Epilogue/ContentView.swift (in target 'Epilogue' from project 'Epilogue')
    cd /Users/kris/Epilogue/Epilogue
    

SwiftCompile normal x86_64 /Users/kris/Epilogue/Epilogue/Epilogue/EpilogueApp.swift (in target 'Epilogue' from project 'Epilogue')
    cd /Users/kris/Epilogue/Epilogue
    

SwiftCompile normal x86_64 /Users/kris/Epilogue/Epilogue/Epilogue/Item.swift (in target 'Epilogue' from project 'Epilogue')
    cd /Users/kris/Epilogue/Epilogue
    

SwiftCompile normal x86_64 /Users/kris/Epilogue/Epilogue/Epilogue/Typography.swift (in target 'Epilogue' from project 'Epilogue')
    cd /Users/kris/Epilogue/Epilogue
    

SwiftCompile normal x86_64 /Users/kris/Epilogue/build/Build/Intermediates.noindex/Epilogue.build/Debug-iphonesimulator/Epilogue.build/DerivedSources/GeneratedAssetSymbols.swift (in target 'Epilogue' from project 'Epilogue')
    cd /Users/kris/Epilogue/Epilogue
    

SwiftCompile normal x86_64 Compiling\ NoteEditSheet.swift,\ NotesView.swift,\ SwiftDataNotesView.swift,\ AISettingsView.swift,\ AmbientReadingView.swift,\ AdaptiveQualityManager.swift,\ AmbientIntelligence.swift,\ AmbientIntelligencePipeline.swift,\ FoundationModelsProcessor.swift /Users/kris/Epilogue/Epilogue/Epilogue/Views/Notes/NoteEditSheet.swift /Users/kris/Epilogue/Epilogue/Epilogue/Views/Notes/NotesView.swift /Users/kris/Epilogue/Epilogue/Epilogue/Views/Notes/SwiftDataNotesView.swift /Users/kris/Epilogue/Epilogue/Epilogue/Views/Settings/AISettingsView.swift /Users/kris/Epilogue/Epilogue/Epilogue/Views/AmbientReadingView.swift /Users/kris/Epilogue/Epilogue/Epilogue/Voice/Intelligence/AdaptiveQualityManager.swift /Users/kris/Epilogue/Epilogue/Epilogue/Voice/Intelligence/AmbientIntelligence.swift /Users/kris/Epilogue/Epilogue/Epilogue/Voice/Intelligence/AmbientIntelligencePipeline.swift /Users/kris/Epilogue/Epilogue/Epilogue/Voice/Intelligence/FoundationModelsProcessor.swift (in target 'Epilogue' from project 'Epilogue')
SwiftCompile normal x86_64 /Users/kris/Epilogue/Epilogue/Epilogue/Views/Notes/NoteEditSheet.swift (in target 'Epilogue' from project 'Epilogue')
    cd /Users/kris/Epilogue/Epilogue
    

SwiftCompile normal x86_64 /Users/kris/Epilogue/Epilogue/Epilogue/Views/Notes/NotesView.swift (in target 'Epilogue' from project 'Epilogue')
    cd /Users/kris/Epilogue/Epilogue
    

SwiftCompile normal x86_64 /Users/kris/Epilogue/Epilogue/Epilogue/Views/Notes/SwiftDataNotesView.swift (in target 'Epilogue' from project 'Epilogue')
    cd /Users/kris/Epilogue/Epilogue
    

SwiftCompile normal x86_64 /Users/kris/Epilogue/Epilogue/Epilogue/Views/Settings/AISettingsView.swift (in target 'Epilogue' from project 'Epilogue')
    cd /Users/kris/Epilogue/Epilogue
    

SwiftCompile normal x86_64 /Users/kris/Epilogue/Epilogue/Epilogue/Views/AmbientReadingView.swift (in target 'Epilogue' from project 'Epilogue')
    cd /Users/kris/Epilogue/Epilogue
    

SwiftCompile normal x86_64 /Users/kris/Epilogue/Epilogue/Epilogue/Voice/Intelligence/AdaptiveQualityManager.swift (in target 'Epilogue' from project 'Epilogue')
    cd /Users/kris/Epilogue/Epilogue
    

SwiftCompile normal x86_64 /Users/kris/Epilogue/Epilogue/Epilogue/Voice/Intelligence/AmbientIntelligence.swift (in target 'Epilogue' from project 'Epilogue')
    cd /Users/kris/Epilogue/Epilogue
    

SwiftCompile normal x86_64 /Users/kris/Epilogue/Epilogue/Epilogue/Voice/Intelligence/AmbientIntelligencePipeline.swift (in target 'Epilogue' from project 'Epilogue')
    cd /Users/kris/Epilogue/Epilogue
    

SwiftCompile normal x86_64 /Users/kris/Epilogue/Epilogue/Epilogue/Voice/Intelligence/FoundationModelsProcessor.swift (in target 'Epilogue' from project 'Epilogue')
    cd /Users/kris/Epilogue/Epilogue
    

SwiftCompile normal x86_64 Compiling\ AmbientChatBackground.swift,\ CognitivePatternVisualizer.swift,\ CollapsedNavigationHeader.swift,\ CommandSuggestionsView.swift,\ FeatherIcon.swift,\ GlassSuccessToast.swift,\ HeroTransitionView.swift,\ LiquidCommandPalette.swift,\ LiquidEditSheet.swift /Users/kris/Epilogue/Epilogue/Epilogue/Views/Components/AmbientChatBackground.swift /Users/kris/Epilogue/Epilogue/Epilogue/Views/Components/CognitivePatternVisualizer.swift /Users/kris/Epilogue/Epilogue/Epilogue/Views/Components/CollapsedNavigationHeader.swift /Users/kris/Epilogue/Epilogue/Epilogue/Views/Components/CommandSuggestionsView.swift /Users/kris/Epilogue/Epilogue/Epilogue/Views/Components/FeatherIcon.swift /Users/kris/Epilogue/Epilogue/Epilogue/Views/Components/GlassSuccessToast.swift /Users/kris/Epilogue/Epilogue/Epilogue/Views/Components/HeroTransitionView.swift /Users/kris/Epilogue/Epilogue/Epilogue/Views/Components/LiquidCommandPalette.swift /Users/kris/Epilogue/Epilogue/Epilogue/Views/Components/LiquidEditSheet.swift (in target 'Epilogue' from project 'Epilogue')

SwiftCompile normal x86_64 /Users/kris/Epilogue/Epilogue/Epilogue/Views/Components/AmbientChatBackground.swift (in target 'Epilogue' from project 'Epilogue')
    cd /Users/kris/Epilogue/Epilogue
    

SwiftCompile normal x86_64 /Users/kris/Epilogue/Epilogue/Epilogue/Views/Components/CognitivePatternVisualizer.swift (in target 'Epilogue' from project 'Epilogue')
    cd /Users/kris/Epilogue/Epilogue
    

SwiftCompile normal x86_64 /Users/kris/Epilogue/Epilogue/Epilogue/Views/Components/CollapsedNavigationHeader.swift (in target 'Epilogue' from project 'Epilogue')
    cd /Users/kris/Epilogue/Epilogue
    

SwiftCompile normal x86_64 /Users/kris/Epilogue/Epilogue/Epilogue/Views/Components/CommandSuggestionsView.swift (in target 'Epilogue' from project 'Epilogue')
    cd /Users/kris/Epilogue/Epilogue
    

SwiftCompile normal x86_64 /Users/kris/Epilogue/Epilogue/Epilogue/Views/Components/FeatherIcon.swift (in target 'Epilogue' from project 'Epilogue')
    cd /Users/kris/Epilogue/Epilogue
    

SwiftCompile normal x86_64 /Users/kris/Epilogue/Epilogue/Epilogue/Views/Components/GlassSuccessToast.swift (in target 'Epilogue' from project 'Epilogue')
    cd /Users/kris/Epilogue/Epilogue
    

SwiftCompile normal x86_64 /Users/kris/Epilogue/Epilogue/Epilogue/Views/Components/HeroTransitionView.swift (in target 'Epilogue' from project 'Epilogue')
    cd /Users/kris/Epilogue/Epilogue
    

SwiftCompile normal x86_64 /Users/kris/Epilogue/Epilogue/Epilogue/Views/Components/LiquidCommandPalette.swift (in target 'Epilogue' from project 'Epilogue')
    cd /Users/kris/Epilogue/Epilogue
    

SwiftCompile normal x86_64 /Users/kris/Epilogue/Epilogue/Epilogue/Views/Components/LiquidEditSheet.swift (in target 'Epilogue' from project 'Epilogue')
    cd /Users/kris/Epilogue/Epilogue
    

SwiftCompile normal x86_64 Compiling\ BookContextPill.swift,\ BookContextPillModifier.swift,\ ChatBookPickerSheet.swift,\ ChatCommandPalette.swift,\ ChatMessageView.swift,\ CommandPaletteView.swift,\ MiniNoteCard.swift,\ NoteMessageView.swift,\ QuoteMessageView.swift /Users/kris/Epilogue/Epilogue/Epilogue/Views/Chat/Components/BookContextPill.swift /Users/kris/Epilogue/Epilogue/Epilogue/Views/Chat/Components/BookContextPillModifier.swift /Users/kris/Epilogue/Epilogue/Epilogue/Views/Chat/Components/ChatBookPickerSheet.swift /Users/kris/Epilogue/Epilogue/Epilogue/Views/Chat/Components/ChatCommandPalette.swift /Users/kris/Epilogue/Epilogue/Epilogue/Views/Chat/Components/ChatMessageView.swift /Users/kris/Epilogue/Epilogue/Epilogue/Views/Chat/Components/CommandPaletteView.swift /Users/kris/Epilogue/Epilogue/Epilogue/Views/Chat/Components/MiniNoteCard.swift /Users/kris/Epilogue/Epilogue/Epilogue/Views/Chat/Components/NoteMessageView.swift /Users/kris/Epilogue/Epilogue/Epilogue/Views/Chat/Components/QuoteMessageView.swift (in target 'Epilogue' from project 'Epilogue')

SwiftCompile normal x86_64 /Users/kris/Epilogue/Epilogue/Epilogue/Views/Chat/Components/BookContextPill.swift (in target 'Epilogue' from project 'Epilogue')
    cd /Users/kris/Epilogue/Epilogue
    

SwiftCompile normal x86_64 /Users/kris/Epilogue/Epilogue/Epilogue/Views/Chat/Components/BookContextPillModifier.swift (in target 'Epilogue' from project 'Epilogue')
    cd /Users/kris/Epilogue/Epilogue
    

SwiftCompile normal x86_64 /Users/kris/Epilogue/Epilogue/Epilogue/Views/Chat/Components/ChatBookPickerSheet.swift (in target 'Epilogue' from project 'Epilogue')
    cd /Users/kris/Epilogue/Epilogue
    

SwiftCompile normal x86_64 /Users/kris/Epilogue/Epilogue/Epilogue/Views/Chat/Components/ChatCommandPalette.swift (in target 'Epilogue' from project 'Epilogue')
    cd /Users/kris/Epilogue/Epilogue
    

SwiftCompile normal x86_64 /Users/kris/Epilogue/Epilogue/Epilogue/Views/Chat/Components/ChatMessageView.swift (in target 'Epilogue' from project 'Epilogue')
    cd /Users/kris/Epilogue/Epilogue
    

SwiftCompile normal x86_64 /Users/kris/Epilogue/Epilogue/Epilogue/Views/Chat/Components/CommandPaletteView.swift (in target 'Epilogue' from project 'Epilogue')
    cd /Users/kris/Epilogue/Epilogue
    

SwiftCompile normal x86_64 /Users/kris/Epilogue/Epilogue/Epilogue/Views/Chat/Components/MiniNoteCard.swift (in target 'Epilogue' from project 'Epilogue')
    cd /Users/kris/Epilogue/Epilogue
    

SwiftCompile normal x86_64 /Users/kris/Epilogue/Epilogue/Epilogue/Views/Chat/Components/NoteMessageView.swift (in target 'Epilogue' from project 'Epilogue')
    cd /Users/kris/Epilogue/Epilogue
    

SwiftCompile normal x86_64 /Users/kris/Epilogue/Epilogue/Epilogue/Views/Chat/Components/QuoteMessageView.swift (in target 'Epilogue' from project 'Epilogue')
    cd /Users/kris/Epilogue/Epilogue
    

SwiftCompile normal x86_64 Compiling\ DisplayColorScheme.swift,\ ImprovedColorExtraction.swift,\ OKLABColorExtractor.swift,\ ColorExtensions.swift,\ HapticManager.swift,\ SharedBookCoverManager.swift,\ WhisperManager.swift,\ AmbientSessionModels.swift,\ BookModel.swift /Users/kris/Epilogue/Epilogue/Epilogue/Core/Colors/DisplayColorScheme.swift /Users/kris/Epilogue/Epilogue/Epilogue/Core/Colors/ImprovedColorExtraction.swift /Users/kris/Epilogue/Epilogue/Epilogue/Core/Colors/OKLABColorExtractor.swift /Users/kris/Epilogue/Epilogue/Epilogue/Core/Extensions/ColorExtensions.swift /Users/kris/Epilogue/Epilogue/Epilogue/Core/Haptics/HapticManager.swift /Users/kris/Epilogue/Epilogue/Epilogue/Core/Images/SharedBookCoverManager.swift /Users/kris/Epilogue/Epilogue/Epilogue/Core/Utilities/WhisperManager.swift /Users/kris/Epilogue/Epilogue/Epilogue/Models/AmbientSessionModels.swift /Users/kris/Epilogue/Epilogue/Epilogue/Models/BookModel.swift (in target 'Epilogue' from project 'Epilogue')

SwiftCompile normal x86_64 /Users/kris/Epilogue/Epilogue/Epilogue/Core/Colors/DisplayColorScheme.swift (in target 'Epilogue' from project 'Epilogue')
    cd /Users/kris/Epilogue/Epilogue
    

SwiftCompile normal x86_64 /Users/kris/Epilogue/Epilogue/Epilogue/Core/Colors/ImprovedColorExtraction.swift (in target 'Epilogue' from project 'Epilogue')
    cd /Users/kris/Epilogue/Epilogue
    

SwiftCompile normal x86_64 /Users/kris/Epilogue/Epilogue/Epilogue/Core/Colors/OKLABColorExtractor.swift (in target 'Epilogue' from project 'Epilogue')
    cd /Users/kris/Epilogue/Epilogue
    

SwiftCompile normal x86_64 /Users/kris/Epilogue/Epilogue/Epilogue/Core/Extensions/ColorExtensions.swift (in target 'Epilogue' from project 'Epilogue')
    cd /Users/kris/Epilogue/Epilogue
    

SwiftCompile normal x86_64 /Users/kris/Epilogue/Epilogue/Epilogue/Core/Haptics/HapticManager.swift (in target 'Epilogue' from project 'Epilogue')
    cd /Users/kris/Epilogue/Epilogue
    

SwiftCompile normal x86_64 /Users/kris/Epilogue/Epilogue/Epilogue/Core/Images/SharedBookCoverManager.swift (in target 'Epilogue' from project 'Epilogue')
    cd /Users/kris/Epilogue/Epilogue
    

SwiftCompile normal x86_64 /Users/kris/Epilogue/Epilogue/Epilogue/Core/Utilities/WhisperManager.swift (in target 'Epilogue' from project 'Epilogue')
    cd /Users/kris/Epilogue/Epilogue
    

SwiftCompile normal x86_64 /Users/kris/Epilogue/Epilogue/Epilogue/Models/AmbientSessionModels.swift (in target 'Epilogue' from project 'Epilogue')
    cd /Users/kris/Epilogue/Epilogue
    

SwiftCompile normal x86_64 /Users/kris/Epilogue/Epilogue/Epilogue/Models/BookModel.swift (in target 'Epilogue' from project 'Epilogue')
    cd /Users/kris/Epilogue/Epilogue
    

SwiftCompile normal x86_64 Compiling\ AmbientBookView.swift,\ ColorIntelligenceEngine.swift,\ SimpleColorExtractor.swift,\ BookAtmosphericGradientView.swift,\ BookCoverBackgroundView.swift,\ ResponseCache.swift,\ ColorExtractionDebugView.swift,\ ColorExtractionDiagnostic.swift,\ ColorPaletteCache.swift /Users/kris/Epilogue/Epilogue/Epilogue/Ambient/AmbientBookView.swift /Users/kris/Epilogue/Epilogue/Epilogue/Ambient/ColorIntelligenceEngine.swift /Users/kris/Epilogue/Epilogue/Epilogue/Ambient/SimpleColorExtractor.swift /Users/kris/Epilogue/Epilogue/Epilogue/Core/Background/BookAtmosphericGradientView.swift /Users/kris/Epilogue/Epilogue/Epilogue/Core/Background/BookCoverBackgroundView.swift /Users/kris/Epilogue/Epilogue/Epilogue/Core/Cache/ResponseCache.swift /Users/kris/Epilogue/Epilogue/Epilogue/Core/Colors/ColorExtractionDebugView.swift /Users/kris/Epilogue/Epilogue/Epilogue/Core/Colors/ColorExtractionDiagnostic.swift /Users/kris/Epilogue/Epilogue/Epilogue/Core/Colors/ColorPaletteCache.swift (in target 'Epilogue' from project 'Epilogue')

SwiftCompile normal x86_64 /Users/kris/Epilogue/Epilogue/Epilogue/Ambient/AmbientBookView.swift (in target 'Epilogue' from project 'Epilogue')
    cd /Users/kris/Epilogue/Epilogue
    

SwiftCompile normal x86_64 /Users/kris/Epilogue/Epilogue/Epilogue/Ambient/ColorIntelligenceEngine.swift (in target 'Epilogue' from project 'Epilogue')
    cd /Users/kris/Epilogue/Epilogue
    

SwiftCompile normal x86_64 /Users/kris/Epilogue/Epilogue/Epilogue/Ambient/SimpleColorExtractor.swift (in target 'Epilogue' from project 'Epilogue')
    cd /Users/kris/Epilogue/Epilogue
    

SwiftCompile normal x86_64 /Users/kris/Epilogue/Epilogue/Epilogue/Core/Background/BookAtmosphericGradientView.swift (in target 'Epilogue' from project 'Epilogue')
    cd /Users/kris/Epilogue/Epilogue
    

SwiftCompile normal x86_64 /Users/kris/Epilogue/Epilogue/Epilogue/Core/Background/BookCoverBackgroundView.swift (in target 'Epilogue' from project 'Epilogue')
    cd /Users/kris/Epilogue/Epilogue
    

SwiftCompile normal x86_64 /Users/kris/Epilogue/Epilogue/Epilogue/Core/Cache/ResponseCache.swift (in target 'Epilogue' from project 'Epilogue')
    cd /Users/kris/Epilogue/Epilogue
    

SwiftCompile normal x86_64 /Users/kris/Epilogue/Epilogue/Epilogue/Core/Colors/ColorExtractionDebugView.swift (in target 'Epilogue' from project 'Epilogue')
    cd /Users/kris/Epilogue/Epilogue
    

SwiftCompile normal x86_64 /Users/kris/Epilogue/Epilogue/Epilogue/Core/Colors/ColorExtractionDiagnostic.swift (in target 'Epilogue' from project 'Epilogue')
    cd /Users/kris/Epilogue/Epilogue
    

SwiftCompile normal x86_64 /Users/kris/Epilogue/Epilogue/Epilogue/Core/Colors/ColorPaletteCache.swift (in target 'Epilogue' from project 'Epilogue')
    cd /Users/kris/Epilogue/Epilogue
    

SwiftCompile normal x86_64 Compiling\ MarkdownText.swift,\ NavigationIcons.swift,\ OrganicGradientView.swift,\ PerplexityService.swift,\ PrivacyIndicator.swift,\ ShimmerEffect.swift,\ BookCard.swift,\ BookDetailView.swift,\ BookPickerSheet.swift /Users/kris/Epilogue/Epilogue/Epilogue/Views/Components/MarkdownText.swift /Users/kris/Epilogue/Epilogue/Epilogue/Views/Components/NavigationIcons.swift /Users/kris/Epilogue/Epilogue/Epilogue/Views/Components/OrganicGradientView.swift /Users/kris/Epilogue/Epilogue/Epilogue/Views/Components/PerplexityService.swift /Users/kris/Epilogue/Epilogue/Epilogue/Views/Components/PrivacyIndicator.swift /Users/kris/Epilogue/Epilogue/Epilogue/Views/Components/ShimmerEffect.swift /Users/kris/Epilogue/Epilogue/Epilogue/Views/Library/BookCard.swift /Users/kris/Epilogue/Epilogue/Epilogue/Views/Library/BookDetailView.swift /Users/kris/Epilogue/Epilogue/Epilogue/Views/Library/BookPickerSheet.swift (in target 'Epilogue' from project 'Epilogue')

SwiftCompile normal x86_64 /Users/kris/Epilogue/Epilogue/Epilogue/Views/Components/MarkdownText.swift (in target 'Epilogue' from project 'Epilogue')
    cd /Users/kris/Epilogue/Epilogue
    

SwiftCompile normal x86_64 /Users/kris/Epilogue/Epilogue/Epilogue/Views/Components/NavigationIcons.swift (in target 'Epilogue' from project 'Epilogue')
    cd /Users/kris/Epilogue/Epilogue
    

SwiftCompile normal x86_64 /Users/kris/Epilogue/Epilogue/Epilogue/Views/Components/OrganicGradientView.swift (in target 'Epilogue' from project 'Epilogue')
    cd /Users/kris/Epilogue/Epilogue
    

SwiftCompile normal x86_64 /Users/kris/Epilogue/Epilogue/Epilogue/Views/Components/PerplexityService.swift (in target 'Epilogue' from project 'Epilogue')
    cd /Users/kris/Epilogue/Epilogue
    

SwiftCompile normal x86_64 /Users/kris/Epilogue/Epilogue/Epilogue/Views/Components/PrivacyIndicator.swift (in target 'Epilogue' from project 'Epilogue')
    cd /Users/kris/Epilogue/Epilogue
    

SwiftCompile normal x86_64 /Users/kris/Epilogue/Epilogue/Epilogue/Views/Components/ShimmerEffect.swift (in target 'Epilogue' from project 'Epilogue')
    cd /Users/kris/Epilogue/Epilogue
    

SwiftCompile normal x86_64 /Users/kris/Epilogue/Epilogue/Epilogue/Views/Library/BookCard.swift (in target 'Epilogue' from project 'Epilogue')
    cd /Users/kris/Epilogue/Epilogue
    

SwiftCompile normal x86_64 /Users/kris/Epilogue/Epilogue/Epilogue/Views/Library/BookDetailView.swift (in target 'Epilogue' from project 'Epilogue')
    cd /Users/kris/Epilogue/Epilogue
    

SwiftCompile normal x86_64 /Users/kris/Epilogue/Epilogue/Epilogue/Views/Library/BookPickerSheet.swift (in target 'Epilogue' from project 'Epilogue')
    cd /Users/kris/Epilogue/Epilogue
    

SwiftCompile normal x86_64 Compiling\ ProgressiveSessionSummaryView.swift,\ SessionContentCardsView.swift,\ SessionSummaryView.swift,\ SwipeableChatCard.swift,\ SwipeableSessionRow.swift,\ UnifiedChatView.swift,\ VoiceModeOverlay.swift,\ AIShimmerView.swift,\ AmbientBackground.swift /Users/kris/Epilogue/Epilogue/Epilogue/Views/Chat/ProgressiveSessionSummaryView.swift /Users/kris/Epilogue/Epilogue/Epilogue/Views/Chat/SessionContentCardsView.swift /Users/kris/Epilogue/Epilogue/Epilogue/Views/Chat/SessionSummaryView.swift /Users/kris/Epilogue/Epilogue/Epilogue/Views/Chat/SwipeableChatCard.swift /Users/kris/Epilogue/Epilogue/Epilogue/Views/Chat/SwipeableSessionRow.swift /Users/kris/Epilogue/Epilogue/Epilogue/Views/Chat/UnifiedChatView.swift /Users/kris/Epilogue/Epilogue/Epilogue/Views/Chat/VoiceModeOverlay.swift /Users/kris/Epilogue/Epilogue/Epilogue/Views/Components/AIShimmerView.swift /Users/kris/Epilogue/Epilogue/Epilogue/Views/Components/AmbientBackground.swift (in target 'Epilogue' from project 'Epilogue')

SwiftCompile normal x86_64 /Users/kris/Epilogue/Epilogue/Epilogue/Views/Chat/ProgressiveSessionSummaryView.swift (in target 'Epilogue' from project 'Epilogue')
    cd /Users/kris/Epilogue/Epilogue
    

SwiftCompile normal x86_64 /Users/kris/Epilogue/Epilogue/Epilogue/Views/Chat/SessionContentCardsView.swift (in target 'Epilogue' from project 'Epilogue')
    cd /Users/kris/Epilogue/Epilogue
    

SwiftCompile normal x86_64 /Users/kris/Epilogue/Epilogue/Epilogue/Views/Chat/SessionSummaryView.swift (in target 'Epilogue' from project 'Epilogue')
    cd /Users/kris/Epilogue/Epilogue
    

SwiftCompile normal x86_64 /Users/kris/Epilogue/Epilogue/Epilogue/Views/Chat/SwipeableChatCard.swift (in target 'Epilogue' from project 'Epilogue')
    cd /Users/kris/Epilogue/Epilogue
    

SwiftCompile normal x86_64 /Users/kris/Epilogue/Epilogue/Epilogue/Views/Chat/SwipeableSessionRow.swift (in target 'Epilogue' from project 'Epilogue')
    cd /Users/kris/Epilogue/Epilogue
    

SwiftCompile normal x86_64 /Users/kris/Epilogue/Epilogue/Epilogue/Views/Chat/UnifiedChatView.swift (in target 'Epilogue' from project 'Epilogue')
    cd /Users/kris/Epilogue/Epilogue
    

SwiftCompile normal x86_64 /Users/kris/Epilogue/Epilogue/Epilogue/Views/Chat/VoiceModeOverlay.swift (in target 'Epilogue' from project 'Epilogue')
    cd /Users/kris/Epilogue/Epilogue
    

SwiftCompile normal x86_64 /Users/kris/Epilogue/Epilogue/Epilogue/Views/Components/AIShimmerView.swift (in target 'Epilogue' from project 'Epilogue')
    cd /Users/kris/Epilogue/Epilogue
    

SwiftCompile normal x86_64 /Users/kris/Epilogue/Epilogue/Epilogue/Views/Components/AmbientBackground.swift (in target 'Epilogue' from project 'Epilogue')
    cd /Users/kris/Epilogue/Epilogue
    

SwiftCompile normal x86_64 Compiling\ ChatThread.swift,\ CommandIntent.swift,\ GoogleBooksAPI.swift,\ LiteraryQuotes.swift,\ Note.swift,\ NavigationCoordinator.swift,\ AICompanionService.swift,\ MotionManager.swift,\ SmartAccentColorExtractor.swift /Users/kris/Epilogue/Epilogue/Epilogue/Models/ChatThread.swift /Users/kris/Epilogue/Epilogue/Epilogue/Models/CommandIntent.swift /Users/kris/Epilogue/Epilogue/Epilogue/Models/GoogleBooksAPI.swift /Users/kris/Epilogue/Epilogue/Epilogue/Models/LiteraryQuotes.swift /Users/kris/Epilogue/Epilogue/Epilogue/Models/Note.swift /Users/kris/Epilogue/Epilogue/Epilogue/Navigation/NavigationCoordinator.swift /Users/kris/Epilogue/Epilogue/Epilogue/Services/AICompanionService.swift /Users/kris/Epilogue/Epilogue/Epilogue/Utilities/MotionManager.swift /Users/kris/Epilogue/Epilogue/Epilogue/Utilities/SmartAccentColorExtractor.swift (in target 'Epilogue' from project 'Epilogue')
SwiftCompile normal x86_64 /Users/kris/Epilogue/Epilogue/Epilogue/Models/ChatThread.swift (in target 'Epilogue' from project 'Epilogue')
    cd /Users/kris/Epilogue/Epilogue
    

SwiftCompile normal x86_64 /Users/kris/Epilogue/Epilogue/Epilogue/Models/CommandIntent.swift (in target 'Epilogue' from project 'Epilogue')
    cd /Users/kris/Epilogue/Epilogue
    

SwiftCompile normal x86_64 /Users/kris/Epilogue/Epilogue/Epilogue/Models/GoogleBooksAPI.swift (in target 'Epilogue' from project 'Epilogue')
    cd /Users/kris/Epilogue/Epilogue
    

SwiftCompile normal x86_64 /Users/kris/Epilogue/Epilogue/Epilogue/Models/LiteraryQuotes.swift (in target 'Epilogue' from project 'Epilogue')
    cd /Users/kris/Epilogue/Epilogue
    

SwiftCompile normal x86_64 /Users/kris/Epilogue/Epilogue/Epilogue/Models/Note.swift (in target 'Epilogue' from project 'Epilogue')
    cd /Users/kris/Epilogue/Epilogue
    

SwiftCompile normal x86_64 /Users/kris/Epilogue/Epilogue/Epilogue/Navigation/NavigationCoordinator.swift (in target 'Epilogue' from project 'Epilogue')
    cd /Users/kris/Epilogue/Epilogue
    

SwiftCompile normal x86_64 /Users/kris/Epilogue/Epilogue/Epilogue/Services/AICompanionService.swift (in target 'Epilogue' from project 'Epilogue')
    cd /Users/kris/Epilogue/Epilogue
    

SwiftCompile normal x86_64 /Users/kris/Epilogue/Epilogue/Epilogue/Utilities/MotionManager.swift (in target 'Epilogue' from project 'Epilogue')
    cd /Users/kris/Epilogue/Epilogue
    

SwiftCompile normal x86_64 /Users/kris/Epilogue/Epilogue/Epilogue/Utilities/SmartAccentColorExtractor.swift (in target 'Epilogue' from project 'Epilogue')
    cd /Users/kris/Epilogue/Epilogue
    

SwiftCompile normal x86_64 Compiling\ NaturalReactionDetector.swift,\ AudioPreprocessor.swift,\ IntentProcessor.swift,\ CognitivePatternRecognizer.swift,\ VoiceRecognitionManager.swift,\ WakeWordDetector.swift,\ ResponseOrchestrator.swift,\ VoiceSynthesizer.swift,\ AmbientOrbView.swift /Users/kris/Epilogue/Epilogue/Epilogue/Voice/Intelligence/NaturalReactionDetector.swift /Users/kris/Epilogue/Epilogue/Epilogue/Voice/Processing/AudioPreprocessor.swift /Users/kris/Epilogue/Epilogue/Epilogue/Voice/Processing/IntentProcessor.swift /Users/kris/Epilogue/Epilogue/Epilogue/Voice/Recognition/CognitivePatternRecognizer.swift /Users/kris/Epilogue/Epilogue/Epilogue/Voice/Recognition/VoiceRecognitionManager.swift /Users/kris/Epilogue/Epilogue/Epilogue/Voice/Recognition/WakeWordDetector.swift /Users/kris/Epilogue/Epilogue/Epilogue/Voice/Response/ResponseOrchestrator.swift /Users/kris/Epilogue/Epilogue/Epilogue/Voice/Response/VoiceSynthesizer.swift /Users/kris/Epilogue/Epilogue/Epilogue/Voice/UI/AmbientOrbView.swift (in target 'Epilogue' from project 'Epilogue')

SwiftCompile normal x86_64 /Users/kris/Epilogue/Epilogue/Epilogue/Voice/Intelligence/NaturalReactionDetector.swift (in target 'Epilogue' from project 'Epilogue')
    cd /Users/kris/Epilogue/Epilogue
    

SwiftCompile normal x86_64 /Users/kris/Epilogue/Epilogue/Epilogue/Voice/Processing/AudioPreprocessor.swift (in target 'Epilogue' from project 'Epilogue')
    cd /Users/kris/Epilogue/Epilogue
    

SwiftCompile normal x86_64 /Users/kris/Epilogue/Epilogue/Epilogue/Voice/Processing/IntentProcessor.swift (in target 'Epilogue' from project 'Epilogue')
    cd /Users/kris/Epilogue/Epilogue
    

SwiftCompile normal x86_64 /Users/kris/Epilogue/Epilogue/Epilogue/Voice/Recognition/CognitivePatternRecognizer.swift (in target 'Epilogue' from project 'Epilogue')
    cd /Users/kris/Epilogue/Epilogue
    

SwiftCompile normal x86_64 /Users/kris/Epilogue/Epilogue/Epilogue/Voice/Recognition/VoiceRecognitionManager.swift (in target 'Epilogue' from project 'Epilogue')
    cd /Users/kris/Epilogue/Epilogue
    

SwiftCompile normal x86_64 /Users/kris/Epilogue/Epilogue/Epilogue/Voice/Recognition/WakeWordDetector.swift (in target 'Epilogue' from project 'Epilogue')
    cd /Users/kris/Epilogue/Epilogue
    

SwiftCompile normal x86_64 /Users/kris/Epilogue/Epilogue/Epilogue/Voice/Response/ResponseOrchestrator.swift (in target 'Epilogue' from project 'Epilogue')
    cd /Users/kris/Epilogue/Epilogue
    

SwiftCompile normal x86_64 /Users/kris/Epilogue/Epilogue/Epilogue/Voice/Response/VoiceSynthesizer.swift (in target 'Epilogue' from project 'Epilogue')
    cd /Users/kris/Epilogue/Epilogue
    

SwiftCompile normal x86_64 /Users/kris/Epilogue/Epilogue/Epilogue/Voice/UI/AmbientOrbView.swift (in target 'Epilogue' from project 'Epilogue')
    cd /Users/kris/Epilogue/Epilogue
    

SwiftCompile normal x86_64 Compiling\ BookSearchSheet.swift,\ EditBookSheet.swift,\ LibraryView.swift,\ LiteraryLoadingView.swift,\ MenuBookCoverView.swift,\ ReadingProgressIndicator.swift,\ SharedBookCoverView.swift,\ NoteCardComponents.swift,\ NoteContextMenu.swift /Users/kris/Epilogue/Epilogue/Epilogue/Views/Library/BookSearchSheet.swift /Users/kris/Epilogue/Epilogue/Epilogue/Views/Library/EditBookSheet.swift /Users/kris/Epilogue/Epilogue/Epilogue/Views/Library/LibraryView.swift /Users/kris/Epilogue/Epilogue/Epilogue/Views/Library/LiteraryLoadingView.swift /Users/kris/Epilogue/Epilogue/Epilogue/Views/Library/MenuBookCoverView.swift /Users/kris/Epilogue/Epilogue/Epilogue/Views/Library/ReadingProgressIndicator.swift /Users/kris/Epilogue/Epilogue/Epilogue/Views/Library/SharedBookCoverView.swift /Users/kris/Epilogue/Epilogue/Epilogue/Views/Notes/NoteCardComponents.swift /Users/kris/Epilogue/Epilogue/Epilogue/Views/Notes/NoteContextMenu.swift (in target 'Epilogue' from project 'Epilogue')

SwiftCompile normal x86_64 /Users/kris/Epilogue/Epilogue/Epilogue/Views/Library/BookSearchSheet.swift (in target 'Epilogue' from project 'Epilogue')
    cd /Users/kris/Epilogue/Epilogue
    

SwiftCompile normal x86_64 /Users/kris/Epilogue/Epilogue/Epilogue/Views/Library/EditBookSheet.swift (in target 'Epilogue' from project 'Epilogue')
    cd /Users/kris/Epilogue/Epilogue
    

SwiftCompile normal x86_64 /Users/kris/Epilogue/Epilogue/Epilogue/Views/Library/LibraryView.swift (in target 'Epilogue' from project 'Epilogue')
    cd /Users/kris/Epilogue/Epilogue
    

SwiftCompile normal x86_64 /Users/kris/Epilogue/Epilogue/Epilogue/Views/Library/LiteraryLoadingView.swift (in target 'Epilogue' from project 'Epilogue')
    cd /Users/kris/Epilogue/Epilogue
    

SwiftCompile normal x86_64 /Users/kris/Epilogue/Epilogue/Epilogue/Views/Library/MenuBookCoverView.swift (in target 'Epilogue' from project 'Epilogue')
    cd /Users/kris/Epilogue/Epilogue
    

SwiftCompile normal x86_64 /Users/kris/Epilogue/Epilogue/Epilogue/Views/Library/ReadingProgressIndicator.swift (in target 'Epilogue' from project 'Epilogue')
    cd /Users/kris/Epilogue/Epilogue
    

SwiftCompile normal x86_64 /Users/kris/Epilogue/Epilogue/Epilogue/Views/Library/SharedBookCoverView.swift (in target 'Epilogue' from project 'Epilogue')
    cd /Users/kris/Epilogue/Epilogue
    

SwiftCompile normal x86_64 /Users/kris/Epilogue/Epilogue/Epilogue/Views/Notes/NoteCardComponents.swift (in target 'Epilogue' from project 'Epilogue')
    cd /Users/kris/Epilogue/Epilogue
    

SwiftCompile normal x86_64 /Users/kris/Epilogue/Epilogue/Epilogue/Views/Notes/NoteContextMenu.swift (in target 'Epilogue' from project 'Epilogue')
    cd /Users/kris/Epilogue/Epilogue
    

warning: 'WhisperKit' is missing a dependency on 'TensorUtils' because dependency scan of Swift module 'WhisperKit' discovered a dependency on 'TensorUtils'
warning: 'WhisperKit' is missing a dependency on 'Tokenizers' because dependency scan of Swift module 'WhisperKit' discovered a dependency on 'Tokenizers'
warning: 'WhisperKit' is missing a dependency on 'OrderedCollections' because dependency scan of Swift module 'WhisperKit' discovered a dependency on 'OrderedCollections'
warning: 'WhisperKit' is missing a dependency on 'InternalCollectionsUtilities' because dependency scan of Swift module 'WhisperKit' discovered a dependency on 'InternalCollectionsUtilities'
warning: 'WhisperKit' is missing a dependency on 'Hub' because dependency scan of Swift module 'WhisperKit' discovered a dependency on 'Hub'
warning: 'WhisperKit' is missing a dependency on 'Hub' because dependency scan of Swift module 'WhisperKit' discovered a dependency on 'Hub'
warning: 'WhisperKit' is missing a dependency on 'Tokenizers' because dependency scan of Swift module 'WhisperKit' discovered a dependency on 'Tokenizers'
warning: 'WhisperKit' is missing a dependency on 'Jinja' because dependency scan of Swift module 'WhisperKit' discovered a dependency on 'Jinja'
warning: 'WhisperKit' is missing a dependency on 'InternalCollectionsUtilities' because dependency scan of Swift module 'WhisperKit' discovered a dependency on 'InternalCollectionsUtilities'
warning: 'WhisperKit' is missing a dependency on 'TensorUtils' because dependency scan of Swift module 'WhisperKit' discovered a dependency on 'TensorUtils'
warning: 'WhisperKit' is missing a dependency on 'Jinja' because dependency scan of Swift module 'WhisperKit' discovered a dependency on 'Jinja'
warning: 'WhisperKit' is missing a dependency on 'OrderedCollections' because dependency scan of Swift module 'WhisperKit' discovered a dependency on 'OrderedCollections'
** TEST BUILD FAILED **


The following build commands failed:
	EmitSwiftModule normal x86_64 (in target 'Epilogue' from project 'Epilogue')
	SwiftEmitModule normal x86_64 Emitting\ module\ for\ Epilogue (in target 'Epilogue' from project 'Epilogue')
	Building project Epilogue for testing with scheme Epilogue
(3 failures)
